--------- beginning of main
11-10 14:35:19.012 13030 13126 I ExpoModulesCore: ✅ Constants were exported
11-10 14:35:19.176 13030 13126 D nativeloader: Load /data/app/~~x3ZIR9AoOM5KhqutKO6K4A==/com.tuapp.seguritacapp-z0yd6R6zSp6VYGfcB_C0sg==/base.apk!/lib/x86_64/librnscreens.so using class loader ns clns-9 (caller=/data/app/~~x3ZIR9AoOM5KhqutKO6K4A==/com.tuapp.seguritacapp-z0yd6R6zSp6VYGfcB_C0sg==/base.apk!classes2.dex): ok
11-10 14:35:19.234 13030 13126 D nativeloader: Load /data/app/~~x3ZIR9AoOM5KhqutKO6K4A==/com.tuapp.seguritacapp-z0yd6R6zSp6VYGfcB_C0sg==/base.apk!/lib/x86_64/libworklets.so using class loader ns clns-9 (caller=/data/app/~~x3ZIR9AoOM5KhqutKO6K4A==/com.tuapp.seguritacapp-z0yd6R6zSp6VYGfcB_C0sg==/base.apk!classes5.dex): ok
11-10 14:35:19.242 13030 13126 D nativeloader: Load /data/app/~~x3ZIR9AoOM5KhqutKO6K4A==/com.tuapp.seguritacapp-z0yd6R6zSp6VYGfcB_C0sg==/base.apk!/lib/x86_64/libreanimated.so using class loader ns clns-9 (caller=/data/app/~~x3ZIR9AoOM5KhqutKO6K4A==/com.tuapp.seguritacapp-z0yd6R6zSp6VYGfcB_C0sg==/base.apk!classes5.dex): ok
11-10 14:35:19.247 13030 13126 W pp.seguritacapp: CheckJNI: method to register "installJSIBindings" not in the given class. This is slow, consider changing your RegisterNatives calls.
11-10 14:35:19.262 13030 13126 W BridgelessReactContext: [WARNING] Bridgeless doesn't support CatalystInstance. Accessing an API that's not part of the new architecture is not encouraged usage.
11-10 14:35:19.679 13030 13126 W ReactNativeJS: '[2025-11-10T14:35:19.675Z]  @firebase/auth:', 'Auth (11.9.0): \nYou are initializing Firebase Auth for React Native without providing\nAsyncStorage. Auth state will default to memory persistence and will not\npersist between sessions. In order to persist auth state, install the package\n"@react-native-async-storage/async-storage" and provide it to\ninitializeAuth:\n\nimport { initializeAuth, getReactNativePersistence } from \'firebase/auth\';\nimport ReactNativeAsyncStorage from \'@react-native-async-storage/async-storage\';\nconst auth = initializeAuth(app, {\n  persistence: getReactNativePersistence(ReactNativeAsyncStorage)\n});\n'
11-10 14:35:19.695 13030 13126 I ReactNativeJS: ✅ Firestore inicializado con configuración básica
11-10 14:35:19.698 13030 13126 I ReactNativeJS: ✅ Firebase inicializado correctamente
11-10 14:35:19.699 13030 13126 I ReactNativeJS: '📱 Proyecto:', 'seguritacapp'
11-10 14:35:19.707 13030 13126 V AsyncStorageExpoMigration: No scoped database found
11-10 14:35:19.776 13030 13092 D DetoxWSClient: Received action 'invoke' (ID #1, params={"target":{"type":"Class","value":"com.wix.detox.Detox"},"method":"startActivityFromUrl","args":["exp+seguridadciudadanaapp:\/\/login"]})
11-10 14:35:19.777 13030 13088 I DetoxDispatcher: Handling action 'invoke' (ID #1)...
11-10 14:35:19.786 13030 13088 D Detox   : class com.wix.detox.Detox, startActivityFromUrl, [exp+seguridadciudadanaapp://login]
11-10 14:35:19.799 13030 13088 W ActivityTestRule: Activity wasn't created yet or already stopped
11-10 14:35:19.799 13030 13088 I DetoxActionHandlers: Test exception
11-10 14:35:19.799 13030 13088 I DetoxActionHandlers: java.lang.reflect.InvocationTargetException
11-10 14:35:19.799 13030 13088 I DetoxActionHandlers: 	at java.lang.reflect.Method.invoke(Native Method)
11-10 14:35:19.799 13030 13088 I DetoxActionHandlers: 	at org.apache.commons.lang3.reflect.MethodUtils.invokeStaticMethod(MethodUtils.java:443)
11-10 14:35:19.799 13030 13088 I DetoxActionHandlers: 	at org.apache.commons.lang3.reflect.MethodUtils.invokeStaticMethod(MethodUtils.java:405)
11-10 14:35:19.799 13030 13088 I DetoxActionHandlers: 	at com.wix.invoke.types.ClassTarget.execute(ClassTarget.java:23)
11-10 14:35:19.799 13030 13088 I DetoxActionHandlers: 	at com.wix.invoke.types.Target.invoke(Target.java:59)
11-10 14:35:19.799 13030 13088 I DetoxActionHandlers: 	at com.wix.invoke.MethodInvocation.invoke(MethodInvocation.java:35)
11-10 14:35:19.799 13030 13088 I DetoxActionHandlers: 	at com.wix.invoke.MethodInvocation.invoke(MethodInvocation.java:26)
11-10 14:35:19.799 13030 13088 I DetoxActionHandlers: 	at com.wix.invoke.MethodInvocation.invoke(MethodInvocation.java:20)
11-10 14:35:19.799 13030 13088 I DetoxActionHandlers: 	at com.wix.detox.adapters.server.InvokeActionHandler.handle(DetoxActionHandlers.kt:54)
11-10 14:35:19.799 13030 13088 I DetoxActionHandlers: 	at com.wix.detox.adapters.server.ActionsExecutor.executeAction$lambda$2$lambda$1(DetoxActionsDispatcher.kt:76)
11-10 14:35:19.799 13030 13088 I DetoxActionHandlers: 	at com.wix.detox.adapters.server.ActionsExecutor.$r8$lambda$GVbB7LHtBHxNHGbgYnHJ6YrwCqs(Unknown Source:0)
11-10 14:35:19.799 13030 13088 I DetoxActionHandlers: 	at com.wix.detox.adapters.server.ActionsExecutor$$ExternalSyntheticLambda0.run(D8$$SyntheticClass:0)
11-10 14:35:19.799 13030 13088 I DetoxActionHandlers: 	at android.os.Handler.handleCallback(Handler.java:995)
11-10 14:35:19.799 13030 13088 I DetoxActionHandlers: 	at android.os.Handler.dispatchMessage(Handler.java:103)
11-10 14:35:19.799 13030 13088 I DetoxActionHandlers: 	at android.os.Looper.loopOnce(Looper.java:248)
11-10 14:35:19.799 13030 13088 I DetoxActionHandlers: 	at android.os.Looper.loop(Looper.java:338)
11-10 14:35:19.799 13030 13088 I DetoxActionHandlers: 	at com.wix.detox.adapters.server.ActionsExecutor._init_$lambda$0(DetoxActionsDispatcher.kt:62)
11-10 14:35:19.799 13030 13088 I DetoxActionHandlers: 	at com.wix.detox.adapters.server.ActionsExecutor.$r8$lambda$xlgL0CQim6vNM0wWEqM8JIDgZUE(Unknown Source:0)
11-10 14:35:19.799 13030 13088 I DetoxActionHandlers: 	at com.wix.detox.adapters.server.ActionsExecutor$$ExternalSyntheticLambda1.run(D8$$SyntheticClass:0)
11-10 14:35:19.799 13030 13088 I DetoxActionHandlers: 	at java.lang.Thread.run(Thread.java:1119)
11-10 14:35:19.799 13030 13088 I DetoxActionHandlers: Caused by: java.lang.NullPointerException: Attempt to invoke virtual method 'java.lang.Class java.lang.Object.getClass()' on a null object reference
11-10 14:35:19.799 13030 13088 I DetoxActionHandlers: 	at com.wix.detox.ActivityLaunchHelper.launchActivitySync(ActivityLaunchHelper.kt:62)
11-10 14:35:19.799 13030 13088 I DetoxActionHandlers: 	at com.wix.detox.ActivityLaunchHelper.startActivityFromUrl(ActivityLaunchHelper.kt:27)
11-10 14:35:19.799 13030 13088 I DetoxActionHandlers: 	at com.wix.detox.Detox.startActivityFromUrl(Detox.java:135)
11-10 14:35:19.799 13030 13088 I DetoxActionHandlers: 	... 20 more
11-10 14:35:19.799 13030 13088 I DetoxWSClient: Sending out action 'testFailed' (ID #1)
11-10 14:35:19.799 13030 13088 I DetoxDispatcher: Done with action 'invoke'
11-10 14:35:20.501 13030 13092 D DetoxWSClient: Received action 'invoke' (ID #2, params={"target":{"type":"Class","value":"com.wix.detox.espresso.DetoxAssertion"},"method":"waitForAssertMatcher","args":[{"type":"Invocation","value":{"target":{"type":"Class","value":"androidx.test.espresso.Espresso"},"method":"onView","args":[{"type":"Invocation","value":{"target":{"type":"Class","value":"com.wix.detox.espresso.DetoxMatcher"},"method":"matcherForShallowAccessibilityLabel","args":["login-email-input",{"type":"boolean","value":false}]}}]}},{"type":"Invocation","value":{"target":{"type":"Class","value":"com.wix.detox.espresso.DetoxMatcher"},"method":"matcherForSufficientlyVisible","args":[{"type":"Integer","value":75}]}},{"type":"Double","value":8}]})
11-10 14:35:20.504 13030 13088 I DetoxDispatcher: Handling action 'invoke' (ID #2)...
11-10 14:35:20.509 13030 13088 D Detox   : class com.wix.detox.espresso.DetoxMatcher, matcherForShallowAccessibilityLabel, [login-email-input, false]
11-10 14:35:20.533 13030 13088 D Detox   : class androidx.test.espresso.Espresso, onView, [((view.getContentDescription() is "login-email-input" or an instance of android.widget.TextView and view.getText() with or without transformation to match: is "login-email-input") and view has effective visibility <VISIBLE>)]
11-10 14:35:20.533 13030 13088 D CompatChangeReporter: Compat change id reported: 247079863; UID 10225; state: ENABLED
11-10 14:35:20.535 13030 13088 D Detox   : class com.wix.detox.espresso.DetoxMatcher, matcherForSufficientlyVisible, [75]
11-10 14:35:20.543 13030 13088 D Detox   : class com.wix.detox.espresso.DetoxAssertion, waitForAssertMatcher, [androidx.test.espresso.ViewInteraction@bdaa90e, (view has effective visibility <VISIBLE> and view.getGlobalVisibleRect() covers at least <75> percent of the view's area), 8.0]
11-10 14:35:20.718 13030 13035 I pp.seguritacapp: NativeAlloc concurrent mark compact GC freed 2810KB AllocSpace bytes, 14(504KB) LOS objects, 49% free, 13MB/27MB, paused 1.708ms,2.504ms total 159.389ms
11-10 14:35:20.783 13030 13030 I ViewInteraction: Checking 'MatchesViewAssertion(Detox){viewMatcher=(view has effective visibility <VISIBLE> and view.getGlobalVisibleRect() covers at least <75> percent of the view's area)}' assertion on view ((view.getContentDescription() is "login-email-input" or an instance of android.widget.TextView and view.getText() with or without transformation to match: is "login-email-input") and view has effective visibility <VISIBLE>)
11-10 14:35:20.828 13030 13030 I ViewInteraction: Checking 'MatchesViewAssertion(Detox){viewMatcher=(view has effective visibility <VISIBLE> and view.getGlobalVisibleRect() covers at least <75> percent of the view's area)}' assertion on view ((view.getContentDescription() is "login-email-input" or an instance of android.widget.TextView and view.getText() with or without transformation to match: is "login-email-input") and view has effective visibility <VISIBLE>)
11-10 14:35:20.883 13030 13030 I ViewInteraction: Checking 'MatchesViewAssertion(Detox){viewMatcher=(view has effective visibility <VISIBLE> and view.getGlobalVisibleRect() covers at least <75> percent of the view's area)}' assertion on view ((view.getContentDescription() is "login-email-input" or an instance of android.widget.TextView and view.getText() with or without transformation to match: is "login-email-input") and view has effective visibility <VISIBLE>)
11-10 14:35:20.926 13030 13030 I ViewInteraction: Checking 'MatchesViewAssertion(Detox){viewMatcher=(view has effective visibility <VISIBLE> and view.getGlobalVisibleRect() covers at least <75> percent of the view's area)}' assertion on view ((view.getContentDescription() is "login-email-input" or an instance of android.widget.TextView and view.getText() with or without transformation to match: is "login-email-input") and view has effective visibility <VISIBLE>)
11-10 14:35:20.962 13030 13030 I ViewInteraction: Checking 'MatchesViewAssertion(Detox){viewMatcher=(view has effective visibility <VISIBLE> and view.getGlobalVisibleRect() covers at least <75> percent of the view's area)}' assertion on view ((view.getContentDescription() is "login-email-input" or an instance of android.widget.TextView and view.getText() with or without transformation to match: is "login-email-input") and view has effective visibility <VISIBLE>)
11-10 14:35:20.993 13030 13126 D Detox.RNMarker: RUN_JS_BUNDLE_END (/index.ts.bundle?platform=android&dev=true&hot=false&transform.engine=hermes&transform.bytecode=1&transform.routerRoot=app&unstable_transformProfile=hermes-stable)
11-10 14:35:20.994 13030 13126 W ReactNativeJS: [Reanimated] Reduced motion setting is enabled on this device. This warning is visible only in the development mode. Some animations will be disabled by default. You can override the behavior for individual animations, see https://docs.swmansion.com/react-native-reanimated/docs/guides/troubleshooting#reduced-motion-setting-is-enabled-on-this-device.
11-10 14:35:21.000 13030 13126 I ReactNativeJS: Running "main" with {"rootTag":11,"initialProps":{},"fabric":true}
11-10 14:35:21.002 13030 13030 I ViewInteraction: Checking 'MatchesViewAssertion(Detox){viewMatcher=(view has effective visibility <VISIBLE> and view.getGlobalVisibleRect() covers at least <75> percent of the view's area)}' assertion on view ((view.getContentDescription() is "login-email-input" or an instance of android.widget.TextView and view.getText() with or without transformation to match: is "login-email-input") and view has effective visibility <VISIBLE>)
11-10 14:35:21.048 13030 13030 I ViewInteraction: Checking 'MatchesViewAssertion(Detox){viewMatcher=(view has effective visibility <VISIBLE> and view.getGlobalVisibleRect() covers at least <75> percent of the view's area)}' assertion on view ((view.getContentDescription() is "login-email-input" or an instance of android.widget.TextView and view.getText() with or without transformation to match: is "login-email-input") and view has effective visibility <VISIBLE>)
11-10 14:35:21.090 13030 13030 I ViewInteraction: Checking 'MatchesViewAssertion(Detox){viewMatcher=(view has effective visibility <VISIBLE> and view.getGlobalVisibleRect() covers at least <75> percent of the view's area)}' assertion on view ((view.getContentDescription() is "login-email-input" or an instance of android.widget.TextView and view.getText() with or without transformation to match: is "login-email-input") and view has effective visibility <VISIBLE>)
11-10 14:35:21.143 13030 13030 I ViewInteraction: Checking 'MatchesViewAssertion(Detox){viewMatcher=(view has effective visibility <VISIBLE> and view.getGlobalVisibleRect() covers at least <75> percent of the view's area)}' assertion on view ((view.getContentDescription() is "login-email-input" or an instance of android.widget.TextView and view.getText() with or without transformation to match: is "login-email-input") and view has effective visibility <VISIBLE>)
11-10 14:35:21.166 13030 13035 I pp.seguritacapp: NativeAlloc concurrent mark compact GC freed 9028KB AllocSpace bytes, 38(1424KB) LOS objects, 49% free, 15MB/31MB, paused 3.207ms,4.339ms total 116.572ms
11-10 14:35:21.187 13030 13030 I ViewInteraction: Checking 'MatchesViewAssertion(Detox){viewMatcher=(view has effective visibility <VISIBLE> and view.getGlobalVisibleRect() covers at least <75> percent of the view's area)}' assertion on view ((view.getContentDescription() is "login-email-input" or an instance of android.widget.TextView and view.getText() with or without transformation to match: is "login-email-input") and view has effective visibility <VISIBLE>)
11-10 14:35:21.232 13030 13030 I ViewInteraction: Checking 'MatchesViewAssertion(Detox){viewMatcher=(view has effective visibility <VISIBLE> and view.getGlobalVisibleRect() covers at least <75> percent of the view's area)}' assertion on view ((view.getContentDescription() is "login-email-input" or an instance of android.widget.TextView and view.getText() with or without transformation to match: is "login-email-input") and view has effective visibility <VISIBLE>)
11-10 14:35:21.267 13030 13030 I ViewInteraction: Checking 'MatchesViewAssertion(Detox){viewMatcher=(view has effective visibility <VISIBLE> and view.getGlobalVisibleRect() covers at least <75> percent of the view's area)}' assertion on view ((view.getContentDescription() is "login-email-input" or an instance of android.widget.TextView and view.getText() with or without transformation to match: is "login-email-input") and view has effective visibility <VISIBLE>)
11-10 14:35:21.302 13030 13030 I ViewInteraction: Checking 'MatchesViewAssertion(Detox){viewMatcher=(view has effective visibility <VISIBLE> and view.getGlobalVisibleRect() covers at least <75> percent of the view's area)}' assertion on view ((view.getContentDescription() is "login-email-input" or an instance of android.widget.TextView and view.getText() with or without transformation to match: is "login-email-input") and view has effective visibility <VISIBLE>)
11-10 14:35:21.335 13030 13030 I ViewInteraction: Checking 'MatchesViewAssertion(Detox){viewMatcher=(view has effective visibility <VISIBLE> and view.getGlobalVisibleRect() covers at least <75> percent of the view's area)}' assertion on view ((view.getContentDescription() is "login-email-input" or an instance of android.widget.TextView and view.getText() with or without transformation to match: is "login-email-input") and view has effective visibility <VISIBLE>)
11-10 14:35:21.370 13030 13030 I ViewInteraction: Checking 'MatchesViewAssertion(Detox){viewMatcher=(view has effective visibility <VISIBLE> and view.getGlobalVisibleRect() covers at least <75> percent of the view's area)}' assertion on view ((view.getContentDescription() is "login-email-input" or an instance of android.widget.TextView and view.getText() with or without transformation to match: is "login-email-input") and view has effective visibility <VISIBLE>)
11-10 14:35:21.389 13030 13126 W HWUI    : Image decoding logging dropped!
11-10 14:35:21.389 13030 13126 W HWUI    : Image decoding logging dropped!
11-10 14:35:21.405 13030 13030 I ViewInteraction: Checking 'MatchesViewAssertion(Detox){viewMatcher=(view has effective visibility <VISIBLE> and view.getGlobalVisibleRect() covers at least <75> percent of the view's area)}' assertion on view ((view.getContentDescription() is "login-email-input" or an instance of android.widget.TextView and view.getText() with or without transformation to match: is "login-email-input") and view has effective visibility <VISIBLE>)
11-10 14:35:21.444 13030 13030 I ViewInteraction: Checking 'MatchesViewAssertion(Detox){viewMatcher=(view has effective visibility <VISIBLE> and view.getGlobalVisibleRect() covers at least <75> percent of the view's area)}' assertion on view ((view.getContentDescription() is "login-email-input" or an instance of android.widget.TextView and view.getText() with or without transformation to match: is "login-email-input") and view has effective visibility <VISIBLE>)
11-10 14:35:21.478 13030 13030 I ViewInteraction: Checking 'MatchesViewAssertion(Detox){viewMatcher=(view has effective visibility <VISIBLE> and view.getGlobalVisibleRect() covers at least <75> percent of the view's area)}' assertion on view ((view.getContentDescription() is "login-email-input" or an instance of android.widget.TextView and view.getText() with or without transformation to match: is "login-email-input") and view has effective visibility <VISIBLE>)
11-10 14:35:21.510 13030 13030 I ViewInteraction: Checking 'MatchesViewAssertion(Detox){viewMatcher=(view has effective visibility <VISIBLE> and view.getGlobalVisibleRect() covers at least <75> percent of the view's area)}' assertion on view ((view.getContentDescription() is "login-email-input" or an instance of android.widget.TextView and view.getText() with or without transformation to match: is "login-email-input") and view has effective visibility <VISIBLE>)
11-10 14:35:21.542 13030 13030 I ViewInteraction: Checking 'MatchesViewAssertion(Detox){viewMatcher=(view has effective visibility <VISIBLE> and view.getGlobalVisibleRect() covers at least <75> percent of the view's area)}' assertion on view ((view.getContentDescription() is "login-email-input" or an instance of android.widget.TextView and view.getText() with or without transformation to match: is "login-email-input") and view has effective visibility <VISIBLE>)
11-10 14:35:21.631 13030 13030 W HWUI    : Image decoding logging dropped!
11-10 14:35:21.632 13030 13030 W HWUI    : Image decoding logging dropped!
11-10 14:35:21.633 13030 13030 W HWUI    : Image decoding logging dropped!
11-10 14:35:21.660 13030 13030 W [RNScreens]: backTitleFontFamily prop is not available on Android
11-10 14:35:21.660 13030 13030 W [RNScreens]: disableBackButtonMenu prop is not available on Android
11-10 14:35:21.660 13030 13030 W [RNScreens]: backTitleVisible prop is not available on Android
11-10 14:35:21.660 13030 13030 W [RNScreens]: largeTitleHideShadow prop is not available on Android
11-10 14:35:21.660 13030 13030 W [RNScreens]: largeTitleFontWeight prop is not available on Android
11-10 14:35:21.660 13030 13030 W [RNScreens]: largeTitleFontFamily prop is not available on Android
11-10 14:35:21.775 13030 13030 D Detox.RNMarker: CONTENT_APPEARED (main)
11-10 14:35:21.782 13030 13035 I pp.seguritacapp: Background concurrent mark compact GC freed 13MB AllocSpace bytes, 65(2396KB) LOS objects, 49% free, 14MB/28MB, paused 5.090ms,1.979ms total 77.107ms
11-10 14:35:22.035 13030 13030 I ViewInteraction: Checking 'MatchesViewAssertion(Detox){viewMatcher=(view has effective visibility <VISIBLE> and view.getGlobalVisibleRect() covers at least <75> percent of the view's area)}' assertion on view ((view.getContentDescription() is "login-email-input" or an instance of android.widget.TextView and view.getText() with or without transformation to match: is "login-email-input") and view has effective visibility <VISIBLE>)
11-10 14:35:22.102 13030 13030 I ViewInteraction: Checking 'MatchesViewAssertion(Detox){viewMatcher=(view has effective visibility <VISIBLE> and view.getGlobalVisibleRect() covers at least <75> percent of the view's area)}' assertion on view ((view.getContentDescription() is "login-email-input" or an instance of android.widget.TextView and view.getText() with or without transformation to match: is "login-email-input") and view has effective visibility <VISIBLE>)
11-10 14:35:22.165 13030 13030 I ViewInteraction: Checking 'MatchesViewAssertion(Detox){viewMatcher=(view has effective visibility <VISIBLE> and view.getGlobalVisibleRect() covers at least <75> percent of the view's area)}' assertion on view ((view.getContentDescription() is "login-email-input" or an instance of android.widget.TextView and view.getText() with or without transformation to match: is "login-email-input") and view has effective visibility <VISIBLE>)
11-10 14:35:22.221 13030 13030 I ViewInteraction: Checking 'MatchesViewAssertion(Detox){viewMatcher=(view has effective visibility <VISIBLE> and view.getGlobalVisibleRect() covers at least <75> percent of the view's area)}' assertion on view ((view.getContentDescription() is "login-email-input" or an instance of android.widget.TextView and view.getText() with or without transformation to match: is "login-email-input") and view has effective visibility <VISIBLE>)
11-10 14:35:22.271 13030 13030 I ViewInteraction: Checking 'MatchesViewAssertion(Detox){viewMatcher=(view has effective visibility <VISIBLE> and view.getGlobalVisibleRect() covers at least <75> percent of the view's area)}' assertion on view ((view.getContentDescription() is "login-email-input" or an instance of android.widget.TextView and view.getText() with or without transformation to match: is "login-email-input") and view has effective visibility <VISIBLE>)
11-10 14:35:22.319 13030 13030 I ViewInteraction: Checking 'MatchesViewAssertion(Detox){viewMatcher=(view has effective visibility <VISIBLE> and view.getGlobalVisibleRect() covers at least <75> percent of the view's area)}' assertion on view ((view.getContentDescription() is "login-email-input" or an instance of android.widget.TextView and view.getText() with or without transformation to match: is "login-email-input") and view has effective visibility <VISIBLE>)
11-10 14:35:22.321 13030 13126 I ReactNativeJS: [METRIC] navigation_ready_ms=1330ms {"initialRoute":"AuthLoading"}
11-10 14:35:22.355 13030 13126 I ReactNativeJS: [METRIC] cold_start_first_render_ms=1345ms {"platform":"android"}
11-10 14:35:22.388 13030 13030 I ViewInteraction: Checking 'MatchesViewAssertion(Detox){viewMatcher=(view has effective visibility <VISIBLE> and view.getGlobalVisibleRect() covers at least <75> percent of the view's area)}' assertion on view ((view.getContentDescription() is "login-email-input" or an instance of android.widget.TextView and view.getText() with or without transformation to match: is "login-email-input") and view has effective visibility <VISIBLE>)
11-10 14:35:22.448 13030 13030 I ViewInteraction: Checking 'MatchesViewAssertion(Detox){viewMatcher=(view has effective visibility <VISIBLE> and view.getGlobalVisibleRect() covers at least <75> percent of the view's area)}' assertion on view ((view.getContentDescription() is "login-email-input" or an instance of android.widget.TextView and view.getText() with or without transformation to match: is "login-email-input") and view has effective visibility <VISIBLE>)
11-10 14:35:22.462 13030 13160 W HWUI    : Image decoding logging dropped!
11-10 14:35:22.637 13030 13126 I ReactNativeJS: 📱 Dispositivo conectado - sincronizando datos
11-10 14:35:22.669 13030 13126 I ReactNativeJS: ✅ Red de Firestore habilitada
11-10 14:35:22.670 13030 13126 I ReactNativeJS: ✅ Red de Firestore habilitada
11-10 14:35:22.670 13030 13126 I ReactNativeJS: 📱 Dispositivo conectado - sincronizando datos
11-10 14:35:22.671 13030 13126 I ReactNativeJS: 📱 Dispositivo conectado - sincronizando datos
11-10 14:35:22.671 13030 13126 I ReactNativeJS: ✅ Red de Firestore habilitada
11-10 14:35:22.672 13030 13126 I ReactNativeJS: ✅ Red de Firestore habilitada
11-10 14:35:22.672 13030 13126 I ReactNativeJS: ✅ Red de Firestore habilitada
11-10 14:35:22.673 13030 13126 I ReactNativeJS: ✅ Red de Firestore habilitada
11-10 14:35:22.741 13030 13126 D Detox.RNMarker: REACT_BRIDGELESS_LOADING_END (null)
11-10 14:35:22.818 13030 13030 I ViewInteraction: Checking 'MatchesViewAssertion(Detox){viewMatcher=(view has effective visibility <VISIBLE> and view.getGlobalVisibleRect() covers at least <75> percent of the view's area)}' assertion on view ((view.getContentDescription() is "login-email-input" or an instance of android.widget.TextView and view.getText() with or without transformation to match: is "login-email-input") and view has effective visibility <VISIBLE>)
11-10 14:35:22.851 13030 13030 I ViewInteraction: Checking 'MatchesViewAssertion(Detox){viewMatcher=(view has effective visibility <VISIBLE> and view.getGlobalVisibleRect() covers at least <75> percent of the view's area)}' assertion on view ((view.getContentDescription() is "login-email-input" or an instance of android.widget.TextView and view.getText() with or without transformation to match: is "login-email-input") and view has effective visibility <VISIBLE>)
11-10 14:35:22.896 13030 13030 I ViewInteraction: Checking 'MatchesViewAssertion(Detox){viewMatcher=(view has effective visibility <VISIBLE> and view.getGlobalVisibleRect() covers at least <75> percent of the view's area)}' assertion on view ((view.getContentDescription() is "login-email-input" or an instance of android.widget.TextView and view.getText() with or without transformation to match: is "login-email-input") and view has effective visibility <VISIBLE>)
11-10 14:35:22.918 13030 13035 I pp.seguritacapp: Background concurrent mark compact GC freed 12MB AllocSpace bytes, 50(1860KB) LOS objects, 49% free, 15MB/31MB, paused 6.440ms,5.941ms total 66.804ms
11-10 14:35:22.931 13030 13030 I ViewInteraction: Checking 'MatchesViewAssertion(Detox){viewMatcher=(view has effective visibility <VISIBLE> and view.getGlobalVisibleRect() covers at least <75> percent of the view's area)}' assertion on view ((view.getContentDescription() is "login-email-input" or an instance of android.widget.TextView and view.getText() with or without transformation to match: is "login-email-input") and view has effective visibility <VISIBLE>)
11-10 14:35:22.963 13030 13030 I ViewInteraction: Checking 'MatchesViewAssertion(Detox){viewMatcher=(view has effective visibility <VISIBLE> and view.getGlobalVisibleRect() covers at least <75> percent of the view's area)}' assertion on view ((view.getContentDescription() is "login-email-input" or an instance of android.widget.TextView and view.getText() with or without transformation to match: is "login-email-input") and view has effective visibility <VISIBLE>)
11-10 14:35:22.993 13030 13030 I ViewInteraction: Checking 'MatchesViewAssertion(Detox){viewMatcher=(view has effective visibility <VISIBLE> and view.getGlobalVisibleRect() covers at least <75> percent of the view's area)}' assertion on view ((view.getContentDescription() is "login-email-input" or an instance of android.widget.TextView and view.getText() with or without transformation to match: is "login-email-input") and view has effective visibility <VISIBLE>)
11-10 14:35:23.027 13030 13030 I ViewInteraction: Checking 'MatchesViewAssertion(Detox){viewMatcher=(view has effective visibility <VISIBLE> and view.getGlobalVisibleRect() covers at least <75> percent of the view's area)}' assertion on view ((view.getContentDescription() is "login-email-input" or an instance of android.widget.TextView and view.getText() with or without transformation to match: is "login-email-input") and view has effective visibility <VISIBLE>)
11-10 14:35:23.058 13030 13030 I ViewInteraction: Checking 'MatchesViewAssertion(Detox){viewMatcher=(view has effective visibility <VISIBLE> and view.getGlobalVisibleRect() covers at least <75> percent of the view's area)}' assertion on view ((view.getContentDescription() is "login-email-input" or an instance of android.widget.TextView and view.getText() with or without transformation to match: is "login-email-input") and view has effective visibility <VISIBLE>)
11-10 14:35:23.087 13030 13030 I ViewInteraction: Checking 'MatchesViewAssertion(Detox){viewMatcher=(view has effective visibility <VISIBLE> and view.getGlobalVisibleRect() covers at least <75> percent of the view's area)}' assertion on view ((view.getContentDescription() is "login-email-input" or an instance of android.widget.TextView and view.getText() with or without transformation to match: is "login-email-input") and view has effective visibility <VISIBLE>)
11-10 14:35:23.118 13030 13030 I ViewInteraction: Checking 'MatchesViewAssertion(Detox){viewMatcher=(view has effective visibility <VISIBLE> and view.getGlobalVisibleRect() covers at least <75> percent of the view's area)}' assertion on view ((view.getContentDescription() is "login-email-input" or an instance of android.widget.TextView and view.getText() with or without transformation to match: is "login-email-input") and view has effective visibility <VISIBLE>)
11-10 14:35:23.148 13030 13030 I ViewInteraction: Checking 'MatchesViewAssertion(Detox){viewMatcher=(view has effective visibility <VISIBLE> and view.getGlobalVisibleRect() covers at least <75> percent of the view's area)}' assertion on view ((view.getContentDescription() is "login-email-input" or an instance of android.widget.TextView and view.getText() with or without transformation to match: is "login-email-input") and view has effective visibility <VISIBLE>)
11-10 14:35:23.180 13030 13030 I ViewInteraction: Checking 'MatchesViewAssertion(Detox){viewMatcher=(view has effective visibility <VISIBLE> and view.getGlobalVisibleRect() covers at least <75> percent of the view's area)}' assertion on view ((view.getContentDescription() is "login-email-input" or an instance of android.widget.TextView and view.getText() with or without transformation to match: is "login-email-input") and view has effective visibility <VISIBLE>)
11-10 14:35:23.209 13030 13030 I ViewInteraction: Checking 'MatchesViewAssertion(Detox){viewMatcher=(view has effective visibility <VISIBLE> and view.getGlobalVisibleRect() covers at least <75> percent of the view's area)}' assertion on view ((view.getContentDescription() is "login-email-input" or an instance of android.widget.TextView and view.getText() with or without transformation to match: is "login-email-input") and view has effective visibility <VISIBLE>)
11-10 14:35:23.241 13030 13030 I ViewInteraction: Checking 'MatchesViewAssertion(Detox){viewMatcher=(view has effective visibility <VISIBLE> and view.getGlobalVisibleRect() covers at least <75> percent of the view's area)}' assertion on view ((view.getContentDescription() is "login-email-input" or an instance of android.widget.TextView and view.getText() with or without transformation to match: is "login-email-input") and view has effective visibility <VISIBLE>)
11-10 14:35:23.272 13030 13030 I ViewInteraction: Checking 'MatchesViewAssertion(Detox){viewMatcher=(view has effective visibility <VISIBLE> and view.getGlobalVisibleRect() covers at least <75> percent of the view's area)}' assertion on view ((view.getContentDescription() is "login-email-input" or an instance of android.widget.TextView and view.getText() with or without transformation to match: is "login-email-input") and view has effective visibility <VISIBLE>)
11-10 14:35:23.316 13030 13030 I ViewInteraction: Checking 'MatchesViewAssertion(Detox){viewMatcher=(view has effective visibility <VISIBLE> and view.getGlobalVisibleRect() covers at least <75> percent of the view's area)}' assertion on view ((view.getContentDescription() is "login-email-input" or an instance of android.widget.TextView and view.getText() with or without transformation to match: is "login-email-input") and view has effective visibility <VISIBLE>)
11-10 14:35:23.348 13030 13030 I ViewInteraction: Checking 'MatchesViewAssertion(Detox){viewMatcher=(view has effective visibility <VISIBLE> and view.getGlobalVisibleRect() covers at least <75> percent of the view's area)}' assertion on view ((view.getContentDescription() is "login-email-input" or an instance of android.widget.TextView and view.getText() with or without transformation to match: is "login-email-input") and view has effective visibility <VISIBLE>)
11-10 14:35:23.381 13030 13030 I ViewInteraction: Checking 'MatchesViewAssertion(Detox){viewMatcher=(view has effective visibility <VISIBLE> and view.getGlobalVisibleRect() covers at least <75> percent of the view's area)}' assertion on view ((view.getContentDescription() is "login-email-input" or an instance of android.widget.TextView and view.getText() with or without transformation to match: is "login-email-input") and view has effective visibility <VISIBLE>)
11-10 14:35:23.414 13030 13030 I ViewInteraction: Checking 'MatchesViewAssertion(Detox){viewMatcher=(view has effective visibility <VISIBLE> and view.getGlobalVisibleRect() covers at least <75> percent of the view's area)}' assertion on view ((view.getContentDescription() is "login-email-input" or an instance of android.widget.TextView and view.getText() with or without transformation to match: is "login-email-input") and view has effective visibility <VISIBLE>)
11-10 14:35:23.449 13030 13030 I ViewInteraction: Checking 'MatchesViewAssertion(Detox){viewMatcher=(view has effective visibility <VISIBLE> and view.getGlobalVisibleRect() covers at least <75> percent of the view's area)}' assertion on view ((view.getContentDescription() is "login-email-input" or an instance of android.widget.TextView and view.getText() with or without transformation to match: is "login-email-input") and view has effective visibility <VISIBLE>)
11-10 14:35:23.481 13030 13030 I ViewInteraction: Checking 'MatchesViewAssertion(Detox){viewMatcher=(view has effective visibility <VISIBLE> and view.getGlobalVisibleRect() covers at least <75> percent of the view's area)}' assertion on view ((view.getContentDescription() is "login-email-input" or an instance of android.widget.TextView and view.getText() with or without transformation to match: is "login-email-input") and view has effective visibility <VISIBLE>)
11-10 14:35:23.511 13030 13030 I ViewInteraction: Checking 'MatchesViewAssertion(Detox){viewMatcher=(view has effective visibility <VISIBLE> and view.getGlobalVisibleRect() covers at least <75> percent of the view's area)}' assertion on view ((view.getContentDescription() is "login-email-input" or an instance of android.widget.TextView and view.getText() with or without transformation to match: is "login-email-input") and view has effective visibility <VISIBLE>)
11-10 14:35:23.556 13030 13030 I ViewInteraction: Checking 'MatchesViewAssertion(Detox){viewMatcher=(view has effective visibility <VISIBLE> and view.getGlobalVisibleRect() covers at least <75> percent of the view's area)}' assertion on view ((view.getContentDescription() is "login-email-input" or an instance of android.widget.TextView and view.getText() with or without transformation to match: is "login-email-input") and view has effective visibility <VISIBLE>)
11-10 14:35:23.587 13030 13030 I ViewInteraction: Checking 'MatchesViewAssertion(Detox){viewMatcher=(view has effective visibility <VISIBLE> and view.getGlobalVisibleRect() covers at least <75> percent of the view's area)}' assertion on view ((view.getContentDescription() is "login-email-input" or an instance of android.widget.TextView and view.getText() with or without transformation to match: is "login-email-input") and view has effective visibility <VISIBLE>)
11-10 14:35:23.618 13030 13030 I ViewInteraction: Checking 'MatchesViewAssertion(Detox){viewMatcher=(view has effective visibility <VISIBLE> and view.getGlobalVisibleRect() covers at least <75> percent of the view's area)}' assertion on view ((view.getContentDescription() is "login-email-input" or an instance of android.widget.TextView and view.getText() with or without transformation to match: is "login-email-input") and view has effective visibility <VISIBLE>)
11-10 14:35:23.647 13030 13030 I ViewInteraction: Checking 'MatchesViewAssertion(Detox){viewMatcher=(view has effective visibility <VISIBLE> and view.getGlobalVisibleRect() covers at least <75> percent of the view's area)}' assertion on view ((view.getContentDescription() is "login-email-input" or an instance of android.widget.TextView and view.getText() with or without transformation to match: is "login-email-input") and view has effective visibility <VISIBLE>)
11-10 14:35:23.678 13030 13030 I ViewInteraction: Checking 'MatchesViewAssertion(Detox){viewMatcher=(view has effective visibility <VISIBLE> and view.getGlobalVisibleRect() covers at least <75> percent of the view's area)}' assertion on view ((view.getContentDescription() is "login-email-input" or an instance of android.widget.TextView and view.getText() with or without transformation to match: is "login-email-input") and view has effective visibility <VISIBLE>)
11-10 14:35:23.708 13030 13030 I ViewInteraction: Checking 'MatchesViewAssertion(Detox){viewMatcher=(view has effective visibility <VISIBLE> and view.getGlobalVisibleRect() covers at least <75> percent of the view's area)}' assertion on view ((view.getContentDescription() is "login-email-input" or an instance of android.widget.TextView and view.getText() with or without transformation to match: is "login-email-input") and view has effective visibility <VISIBLE>)
11-10 14:35:23.750 13030 13030 I ViewInteraction: Checking 'MatchesViewAssertion(Detox){viewMatcher=(view has effective visibility <VISIBLE> and view.getGlobalVisibleRect() covers at least <75> percent of the view's area)}' assertion on view ((view.getContentDescription() is "login-email-input" or an instance of android.widget.TextView and view.getText() with or without transformation to match: is "login-email-input") and view has effective visibility <VISIBLE>)
11-10 14:35:23.781 13030 13030 I ViewInteraction: Checking 'MatchesViewAssertion(Detox){viewMatcher=(view has effective visibility <VISIBLE> and view.getGlobalVisibleRect() covers at least <75> percent of the view's area)}' assertion on view ((view.getContentDescription() is "login-email-input" or an instance of android.widget.TextView and view.getText() with or without transformation to match: is "login-email-input") and view has effective visibility <VISIBLE>)
11-10 14:35:23.811 13030 13030 I ViewInteraction: Checking 'MatchesViewAssertion(Detox){viewMatcher=(view has effective visibility <VISIBLE> and view.getGlobalVisibleRect() covers at least <75> percent of the view's area)}' assertion on view ((view.getContentDescription() is "login-email-input" or an instance of android.widget.TextView and view.getText() with or without transformation to match: is "login-email-input") and view has effective visibility <VISIBLE>)
11-10 14:35:23.841 13030 13030 I ViewInteraction: Checking 'MatchesViewAssertion(Detox){viewMatcher=(view has effective visibility <VISIBLE> and view.getGlobalVisibleRect() covers at least <75> percent of the view's area)}' assertion on view ((view.getContentDescription() is "login-email-input" or an instance of android.widget.TextView and view.getText() with or without transformation to match: is "login-email-input") and view has effective visibility <VISIBLE>)
11-10 14:35:23.872 13030 13030 I ViewInteraction: Checking 'MatchesViewAssertion(Detox){viewMatcher=(view has effective visibility <VISIBLE> and view.getGlobalVisibleRect() covers at least <75> percent of the view's area)}' assertion on view ((view.getContentDescription() is "login-email-input" or an instance of android.widget.TextView and view.getText() with or without transformation to match: is "login-email-input") and view has effective visibility <VISIBLE>)
11-10 14:35:23.902 13030 13030 I ViewInteraction: Checking 'MatchesViewAssertion(Detox){viewMatcher=(view has effective visibility <VISIBLE> and view.getGlobalVisibleRect() covers at least <75> percent of the view's area)}' assertion on view ((view.getContentDescription() is "login-email-input" or an instance of android.widget.TextView and view.getText() with or without transformation to match: is "login-email-input") and view has effective visibility <VISIBLE>)
11-10 14:35:23.933 13030 13030 I ViewInteraction: Checking 'MatchesViewAssertion(Detox){viewMatcher=(view has effective visibility <VISIBLE> and view.getGlobalVisibleRect() covers at least <75> percent of the view's area)}' assertion on view ((view.getContentDescription() is "login-email-input" or an instance of android.widget.TextView and view.getText() with or without transformation to match: is "login-email-input") and view has effective visibility <VISIBLE>)
11-10 14:35:23.964 13030 13030 I ViewInteraction: Checking 'MatchesViewAssertion(Detox){viewMatcher=(view has effective visibility <VISIBLE> and view.getGlobalVisibleRect() covers at least <75> percent of the view's area)}' assertion on view ((view.getContentDescription() is "login-email-input" or an instance of android.widget.TextView and view.getText() with or without transformation to match: is "login-email-input") and view has effective visibility <VISIBLE>)
11-10 14:35:23.995 13030 13030 I ViewInteraction: Checking 'MatchesViewAssertion(Detox){viewMatcher=(view has effective visibility <VISIBLE> and view.getGlobalVisibleRect() covers at least <75> percent of the view's area)}' assertion on view ((view.getContentDescription() is "login-email-input" or an instance of android.widget.TextView and view.getText() with or without transformation to match: is "login-email-input") and view has effective visibility <VISIBLE>)
11-10 14:35:24.026 13030 13030 I ViewInteraction: Checking 'MatchesViewAssertion(Detox){viewMatcher=(view has effective visibility <VISIBLE> and view.getGlobalVisibleRect() covers at least <75> percent of the view's area)}' assertion on view ((view.getContentDescription() is "login-email-input" or an instance of android.widget.TextView and view.getText() with or without transformation to match: is "login-email-input") and view has effective visibility <VISIBLE>)
11-10 14:35:24.056 13030 13030 I ViewInteraction: Checking 'MatchesViewAssertion(Detox){viewMatcher=(view has effective visibility <VISIBLE> and view.getGlobalVisibleRect() covers at least <75> percent of the view's area)}' assertion on view ((view.getContentDescription() is "login-email-input" or an instance of android.widget.TextView and view.getText() with or without transformation to match: is "login-email-input") and view has effective visibility <VISIBLE>)
11-10 14:35:24.085 13030 13030 I ViewInteraction: Checking 'MatchesViewAssertion(Detox){viewMatcher=(view has effective visibility <VISIBLE> and view.getGlobalVisibleRect() covers at least <75> percent of the view's area)}' assertion on view ((view.getContentDescription() is "login-email-input" or an instance of android.widget.TextView and view.getText() with or without transformation to match: is "login-email-input") and view has effective visibility <VISIBLE>)
11-10 14:35:24.115 13030 13030 I ViewInteraction: Checking 'MatchesViewAssertion(Detox){viewMatcher=(view has effective visibility <VISIBLE> and view.getGlobalVisibleRect() covers at least <75> percent of the view's area)}' assertion on view ((view.getContentDescription() is "login-email-input" or an instance of android.widget.TextView and view.getText() with or without transformation to match: is "login-email-input") and view has effective visibility <VISIBLE>)
11-10 14:35:24.153 13030 13030 I ViewInteraction: Checking 'MatchesViewAssertion(Detox){viewMatcher=(view has effective visibility <VISIBLE> and view.getGlobalVisibleRect() covers at least <75> percent of the view's area)}' assertion on view ((view.getContentDescription() is "login-email-input" or an instance of android.widget.TextView and view.getText() with or without transformation to match: is "login-email-input") and view has effective visibility <VISIBLE>)
11-10 14:35:24.188 13030 13030 I ViewInteraction: Checking 'MatchesViewAssertion(Detox){viewMatcher=(view has effective visibility <VISIBLE> and view.getGlobalVisibleRect() covers at least <75> percent of the view's area)}' assertion on view ((view.getContentDescription() is "login-email-input" or an instance of android.widget.TextView and view.getText() with or without transformation to match: is "login-email-input") and view has effective visibility <VISIBLE>)
11-10 14:35:24.218 13030 13030 I ViewInteraction: Checking 'MatchesViewAssertion(Detox){viewMatcher=(view has effective visibility <VISIBLE> and view.getGlobalVisibleRect() covers at least <75> percent of the view's area)}' assertion on view ((view.getContentDescription() is "login-email-input" or an instance of android.widget.TextView and view.getText() with or without transformation to match: is "login-email-input") and view has effective visibility <VISIBLE>)
11-10 14:35:24.247 13030 13030 I ViewInteraction: Checking 'MatchesViewAssertion(Detox){viewMatcher=(view has effective visibility <VISIBLE> and view.getGlobalVisibleRect() covers at least <75> percent of the view's area)}' assertion on view ((view.getContentDescription() is "login-email-input" or an instance of android.widget.TextView and view.getText() with or without transformation to match: is "login-email-input") and view has effective visibility <VISIBLE>)
11-10 14:35:24.277 13030 13030 I ViewInteraction: Checking 'MatchesViewAssertion(Detox){viewMatcher=(view has effective visibility <VISIBLE> and view.getGlobalVisibleRect() covers at least <75> percent of the view's area)}' assertion on view ((view.getContentDescription() is "login-email-input" or an instance of android.widget.TextView and view.getText() with or without transformation to match: is "login-email-input") and view has effective visibility <VISIBLE>)
11-10 14:35:24.307 13030 13030 I ViewInteraction: Checking 'MatchesViewAssertion(Detox){viewMatcher=(view has effective visibility <VISIBLE> and view.getGlobalVisibleRect() covers at least <75> percent of the view's area)}' assertion on view ((view.getContentDescription() is "login-email-input" or an instance of android.widget.TextView and view.getText() with or without transformation to match: is "login-email-input") and view has effective visibility <VISIBLE>)
11-10 14:35:24.339 13030 13030 I ViewInteraction: Checking 'MatchesViewAssertion(Detox){viewMatcher=(view has effective visibility <VISIBLE> and view.getGlobalVisibleRect() covers at least <75> percent of the view's area)}' assertion on view ((view.getContentDescription() is "login-email-input" or an instance of android.widget.TextView and view.getText() with or without transformation to match: is "login-email-input") and view has effective visibility <VISIBLE>)
11-10 14:35:24.369 13030 13030 I ViewInteraction: Checking 'MatchesViewAssertion(Detox){viewMatcher=(view has effective visibility <VISIBLE> and view.getGlobalVisibleRect() covers at least <75> percent of the view's area)}' assertion on view ((view.getContentDescription() is "login-email-input" or an instance of android.widget.TextView and view.getText() with or without transformation to match: is "login-email-input") and view has effective visibility <VISIBLE>)
11-10 14:35:24.400 13030 13030 I ViewInteraction: Checking 'MatchesViewAssertion(Detox){viewMatcher=(view has effective visibility <VISIBLE> and view.getGlobalVisibleRect() covers at least <75> percent of the view's area)}' assertion on view ((view.getContentDescription() is "login-email-input" or an instance of android.widget.TextView and view.getText() with or without transformation to match: is "login-email-input") and view has effective visibility <VISIBLE>)
11-10 14:35:24.429 13030 13030 I ViewInteraction: Checking 'MatchesViewAssertion(Detox){viewMatcher=(view has effective visibility <VISIBLE> and view.getGlobalVisibleRect() covers at least <75> percent of the view's area)}' assertion on view ((view.getContentDescription() is "login-email-input" or an instance of android.widget.TextView and view.getText() with or without transformation to match: is "login-email-input") and view has effective visibility <VISIBLE>)
11-10 14:35:24.459 13030 13030 I ViewInteraction: Checking 'MatchesViewAssertion(Detox){viewMatcher=(view has effective visibility <VISIBLE> and view.getGlobalVisibleRect() covers at least <75> percent of the view's area)}' assertion on view ((view.getContentDescription() is "login-email-input" or an instance of android.widget.TextView and view.getText() with or without transformation to match: is "login-email-input") and view has effective visibility <VISIBLE>)
