--------- beginning of main
11-10 14:37:15.151 13683 13735 D DetoxWSClient: Received action 'invoke' (ID #1, params={"target":{"type":"Class","value":"com.wix.detox.Detox"},"method":"startActivityFromUrl","args":["exp+seguridadciudadanaapp:\/\/login"]})
11-10 14:37:15.152 13683 13730 I DetoxDispatcher: Handling action 'invoke' (ID #1)...
11-10 14:37:15.164 13683 13730 D Detox   : class com.wix.detox.Detox, startActivityFromUrl, [exp+seguridadciudadanaapp://login]
11-10 14:37:15.172 13683 13764 W ReactNativeJS: '[2025-11-10T14:37:15.167Z]  @firebase/auth:', 'Auth (11.9.0): \nYou are initializing Firebase Auth for React Native without providing\nAsyncStorage. Auth state will default to memory persistence and will not\npersist between sessions. In order to persist auth state, install the package\n"@react-native-async-storage/async-storage" and provide it to\ninitializeAuth:\n\nimport { initializeAuth, getReactNativePersistence } from \'firebase/auth\';\nimport ReactNativeAsyncStorage from \'@react-native-async-storage/async-storage\';\nconst auth = initializeAuth(app, {\n  persistence: getReactNativePersistence(ReactNativeAsyncStorage)\n});\n'
11-10 14:37:15.183 13683 13730 W ActivityTestRule: Activity wasn't created yet or already stopped
11-10 14:37:15.184 13683 13730 I DetoxActionHandlers: Test exception
11-10 14:37:15.184 13683 13730 I DetoxActionHandlers: java.lang.reflect.InvocationTargetException
11-10 14:37:15.184 13683 13730 I DetoxActionHandlers: 	at java.lang.reflect.Method.invoke(Native Method)
11-10 14:37:15.184 13683 13730 I DetoxActionHandlers: 	at org.apache.commons.lang3.reflect.MethodUtils.invokeStaticMethod(MethodUtils.java:443)
11-10 14:37:15.184 13683 13730 I DetoxActionHandlers: 	at org.apache.commons.lang3.reflect.MethodUtils.invokeStaticMethod(MethodUtils.java:405)
11-10 14:37:15.184 13683 13730 I DetoxActionHandlers: 	at com.wix.invoke.types.ClassTarget.execute(ClassTarget.java:23)
11-10 14:37:15.184 13683 13730 I DetoxActionHandlers: 	at com.wix.invoke.types.Target.invoke(Target.java:59)
11-10 14:37:15.184 13683 13730 I DetoxActionHandlers: 	at com.wix.invoke.MethodInvocation.invoke(MethodInvocation.java:35)
11-10 14:37:15.184 13683 13730 I DetoxActionHandlers: 	at com.wix.invoke.MethodInvocation.invoke(MethodInvocation.java:26)
11-10 14:37:15.184 13683 13730 I DetoxActionHandlers: 	at com.wix.invoke.MethodInvocation.invoke(MethodInvocation.java:20)
11-10 14:37:15.184 13683 13730 I DetoxActionHandlers: 	at com.wix.detox.adapters.server.InvokeActionHandler.handle(DetoxActionHandlers.kt:54)
11-10 14:37:15.184 13683 13730 I DetoxActionHandlers: 	at com.wix.detox.adapters.server.ActionsExecutor.executeAction$lambda$2$lambda$1(DetoxActionsDispatcher.kt:76)
11-10 14:37:15.184 13683 13730 I DetoxActionHandlers: 	at com.wix.detox.adapters.server.ActionsExecutor.$r8$lambda$GVbB7LHtBHxNHGbgYnHJ6YrwCqs(Unknown Source:0)
11-10 14:37:15.184 13683 13730 I DetoxActionHandlers: 	at com.wix.detox.adapters.server.ActionsExecutor$$ExternalSyntheticLambda0.run(D8$$SyntheticClass:0)
11-10 14:37:15.184 13683 13730 I DetoxActionHandlers: 	at android.os.Handler.handleCallback(Handler.java:995)
11-10 14:37:15.184 13683 13730 I DetoxActionHandlers: 	at android.os.Handler.dispatchMessage(Handler.java:103)
11-10 14:37:15.184 13683 13730 I DetoxActionHandlers: 	at android.os.Looper.loopOnce(Looper.java:248)
11-10 14:37:15.184 13683 13730 I DetoxActionHandlers: 	at android.os.Looper.loop(Looper.java:338)
11-10 14:37:15.184 13683 13730 I DetoxActionHandlers: 	at com.wix.detox.adapters.server.ActionsExecutor._init_$lambda$0(DetoxActionsDispatcher.kt:62)
11-10 14:37:15.184 13683 13730 I DetoxActionHandlers: 	at com.wix.detox.adapters.server.ActionsExecutor.$r8$lambda$xlgL0CQim6vNM0wWEqM8JIDgZUE(Unknown Source:0)
11-10 14:37:15.184 13683 13730 I DetoxActionHandlers: 	at com.wix.detox.adapters.server.ActionsExecutor$$ExternalSyntheticLambda1.run(D8$$SyntheticClass:0)
11-10 14:37:15.184 13683 13730 I DetoxActionHandlers: 	at java.lang.Thread.run(Thread.java:1119)
11-10 14:37:15.184 13683 13730 I DetoxActionHandlers: Caused by: java.lang.NullPointerException: Attempt to invoke virtual method 'java.lang.Class java.lang.Object.getClass()' on a null object reference
11-10 14:37:15.184 13683 13730 I DetoxActionHandlers: 	at com.wix.detox.ActivityLaunchHelper.launchActivitySync(ActivityLaunchHelper.kt:62)
11-10 14:37:15.184 13683 13730 I DetoxActionHandlers: 	at com.wix.detox.ActivityLaunchHelper.startActivityFromUrl(ActivityLaunchHelper.kt:27)
11-10 14:37:15.184 13683 13730 I DetoxActionHandlers: 	at com.wix.detox.Detox.startActivityFromUrl(Detox.java:135)
11-10 14:37:15.184 13683 13730 I DetoxActionHandlers: 	... 20 more
11-10 14:37:15.184 13683 13730 I DetoxWSClient: Sending out action 'testFailed' (ID #1)
11-10 14:37:15.185 13683 13730 I DetoxDispatcher: Done with action 'invoke'
11-10 14:37:15.193 13683 13764 I ReactNativeJS: ✅ Firestore inicializado con configuración básica
11-10 14:37:15.196 13683 13764 I ReactNativeJS: ✅ Firebase inicializado correctamente
11-10 14:37:15.196 13683 13764 I ReactNativeJS: '📱 Proyecto:', 'seguritacapp'
11-10 14:37:15.206 13683 13764 V AsyncStorageExpoMigration: No scoped database found
11-10 14:37:16.399 13683 13764 D Detox.RNMarker: RUN_JS_BUNDLE_END (/index.ts.bundle?platform=android&dev=true&hot=false&transform.engine=hermes&transform.bytecode=1&transform.routerRoot=app&unstable_transformProfile=hermes-stable)
11-10 14:37:16.400 13683 13764 W ReactNativeJS: [Reanimated] Reduced motion setting is enabled on this device. This warning is visible only in the development mode. Some animations will be disabled by default. You can override the behavior for individual animations, see https://docs.swmansion.com/react-native-reanimated/docs/guides/troubleshooting#reduced-motion-setting-is-enabled-on-this-device.
11-10 14:37:16.403 13683 13764 I ReactNativeJS: Running "main" with {"rootTag":11,"initialProps":{},"fabric":true}
11-10 14:37:16.601 13683 13735 D DetoxWSClient: Received action 'invoke' (ID #2, params={"target":{"type":"Class","value":"com.wix.detox.espresso.DetoxAssertion"},"method":"waitForAssertMatcher","args":[{"type":"Invocation","value":{"target":{"type":"Class","value":"androidx.test.espresso.Espresso"},"method":"onView","args":[{"type":"Invocation","value":{"target":{"type":"Class","value":"com.wix.detox.espresso.DetoxMatcher"},"method":"matcherForTestId","args":["login-submit",{"type":"boolean","value":false}]}}]}},{"type":"Invocation","value":{"target":{"type":"Class","value":"com.wix.detox.espresso.DetoxMatcher"},"method":"matcherForSufficientlyVisible","args":[{"type":"Integer","value":75}]}},{"type":"Double","value":12}]})
11-10 14:37:16.601 13683 13730 I DetoxDispatcher: Handling action 'invoke' (ID #2)...
11-10 14:37:16.602 13683 13730 D Detox   : class com.wix.detox.espresso.DetoxMatcher, matcherForTestId, [login-submit, false]
11-10 14:37:16.605 13683 13730 D Detox   : class androidx.test.espresso.Espresso, onView, [(view.getTag() is "login-submit" and view has effective visibility <VISIBLE>)]
11-10 14:37:16.606 13683 13730 D CompatChangeReporter: Compat change id reported: 247079863; UID 10227; state: ENABLED
11-10 14:37:16.607 13683 13730 D Detox   : class com.wix.detox.espresso.DetoxMatcher, matcherForSufficientlyVisible, [75]
11-10 14:37:16.610 13683 13730 D Detox   : class com.wix.detox.espresso.DetoxAssertion, waitForAssertMatcher, [androidx.test.espresso.ViewInteraction@f484b62, (view has effective visibility <VISIBLE> and view.getGlobalVisibleRect() covers at least <75> percent of the view's area), 12.0]
11-10 14:37:16.665 13683 13764 W HWUI    : Image decoding logging dropped!
11-10 14:37:16.665 13683 13764 W HWUI    : Image decoding logging dropped!
11-10 14:37:16.697 13683 13683 I ViewInteraction: Checking 'MatchesViewAssertion(Detox){viewMatcher=(view has effective visibility <VISIBLE> and view.getGlobalVisibleRect() covers at least <75> percent of the view's area)}' assertion on view (view.getTag() is "login-submit" and view has effective visibility <VISIBLE>)
11-10 14:37:16.765 13683 13683 I ViewInteraction: Checking 'MatchesViewAssertion(Detox){viewMatcher=(view has effective visibility <VISIBLE> and view.getGlobalVisibleRect() covers at least <75> percent of the view's area)}' assertion on view (view.getTag() is "login-submit" and view has effective visibility <VISIBLE>)
11-10 14:37:16.814 13683 13683 I ViewInteraction: Checking 'MatchesViewAssertion(Detox){viewMatcher=(view has effective visibility <VISIBLE> and view.getGlobalVisibleRect() covers at least <75> percent of the view's area)}' assertion on view (view.getTag() is "login-submit" and view has effective visibility <VISIBLE>)
11-10 14:37:16.864 13683 13683 I ViewInteraction: Checking 'MatchesViewAssertion(Detox){viewMatcher=(view has effective visibility <VISIBLE> and view.getGlobalVisibleRect() covers at least <75> percent of the view's area)}' assertion on view (view.getTag() is "login-submit" and view has effective visibility <VISIBLE>)
11-10 14:37:16.900 13683 13683 I ViewInteraction: Checking 'MatchesViewAssertion(Detox){viewMatcher=(view has effective visibility <VISIBLE> and view.getGlobalVisibleRect() covers at least <75> percent of the view's area)}' assertion on view (view.getTag() is "login-submit" and view has effective visibility <VISIBLE>)
11-10 14:37:16.947 13683 13683 W HWUI    : Image decoding logging dropped!
11-10 14:37:16.948 13683 13683 W HWUI    : Image decoding logging dropped!
11-10 14:37:16.950 13683 13683 W HWUI    : Image decoding logging dropped!
11-10 14:37:16.976 13683 13683 W [RNScreens]: backTitleFontFamily prop is not available on Android
11-10 14:37:16.976 13683 13683 W [RNScreens]: disableBackButtonMenu prop is not available on Android
11-10 14:37:16.976 13683 13683 W [RNScreens]: backTitleVisible prop is not available on Android
11-10 14:37:16.977 13683 13683 W [RNScreens]: largeTitleHideShadow prop is not available on Android
11-10 14:37:16.977 13683 13683 W [RNScreens]: largeTitleFontWeight prop is not available on Android
11-10 14:37:16.977 13683 13683 W [RNScreens]: largeTitleFontFamily prop is not available on Android
11-10 14:37:17.070 13683 13683 D Detox.RNMarker: CONTENT_APPEARED (main)
11-10 14:37:17.243 13683 13683 I ViewInteraction: Checking 'MatchesViewAssertion(Detox){viewMatcher=(view has effective visibility <VISIBLE> and view.getGlobalVisibleRect() covers at least <75> percent of the view's area)}' assertion on view (view.getTag() is "login-submit" and view has effective visibility <VISIBLE>)
11-10 14:37:17.286 13683 13683 I ViewInteraction: Checking 'MatchesViewAssertion(Detox){viewMatcher=(view has effective visibility <VISIBLE> and view.getGlobalVisibleRect() covers at least <75> percent of the view's area)}' assertion on view (view.getTag() is "login-submit" and view has effective visibility <VISIBLE>)
11-10 14:37:17.335 13683 13683 I ViewInteraction: Checking 'MatchesViewAssertion(Detox){viewMatcher=(view has effective visibility <VISIBLE> and view.getGlobalVisibleRect() covers at least <75> percent of the view's area)}' assertion on view (view.getTag() is "login-submit" and view has effective visibility <VISIBLE>)
11-10 14:37:17.404 13683 13683 I ViewInteraction: Checking 'MatchesViewAssertion(Detox){viewMatcher=(view has effective visibility <VISIBLE> and view.getGlobalVisibleRect() covers at least <75> percent of the view's area)}' assertion on view (view.getTag() is "login-submit" and view has effective visibility <VISIBLE>)
11-10 14:37:17.474 13683 13683 I ViewInteraction: Checking 'MatchesViewAssertion(Detox){viewMatcher=(view has effective visibility <VISIBLE> and view.getGlobalVisibleRect() covers at least <75> percent of the view's area)}' assertion on view (view.getTag() is "login-submit" and view has effective visibility <VISIBLE>)
11-10 14:37:17.519 13683 13683 I ViewInteraction: Checking 'MatchesViewAssertion(Detox){viewMatcher=(view has effective visibility <VISIBLE> and view.getGlobalVisibleRect() covers at least <75> percent of the view's area)}' assertion on view (view.getTag() is "login-submit" and view has effective visibility <VISIBLE>)
11-10 14:37:17.572 13683 13683 I ViewInteraction: Checking 'MatchesViewAssertion(Detox){viewMatcher=(view has effective visibility <VISIBLE> and view.getGlobalVisibleRect() covers at least <75> percent of the view's area)}' assertion on view (view.getTag() is "login-submit" and view has effective visibility <VISIBLE>)
11-10 14:37:17.625 13683 13683 I ViewInteraction: Checking 'MatchesViewAssertion(Detox){viewMatcher=(view has effective visibility <VISIBLE> and view.getGlobalVisibleRect() covers at least <75> percent of the view's area)}' assertion on view (view.getTag() is "login-submit" and view has effective visibility <VISIBLE>)
11-10 14:37:17.648 13683 13764 I ReactNativeJS: [METRIC] navigation_ready_ms=1246ms {"initialRoute":"AuthLoading"}
11-10 14:37:17.670 13683 13683 I ViewInteraction: Checking 'MatchesViewAssertion(Detox){viewMatcher=(view has effective visibility <VISIBLE> and view.getGlobalVisibleRect() covers at least <75> percent of the view's area)}' assertion on view (view.getTag() is "login-submit" and view has effective visibility <VISIBLE>)
11-10 14:37:17.673 13683 13796 W HWUI    : Image decoding logging dropped!
11-10 14:37:17.675 13683 13764 I ReactNativeJS: [METRIC] cold_start_first_render_ms=1278ms {"platform":"android"}
11-10 14:37:17.772 13683 13688 I pp.seguritacapp: Background concurrent mark compact GC freed 15MB AllocSpace bytes, 71(2604KB) LOS objects, 49% free, 14MB/28MB, paused 1.736ms,11.665ms total 253.024ms
11-10 14:37:18.000 13683 13683 I ViewInteraction: Checking 'MatchesViewAssertion(Detox){viewMatcher=(view has effective visibility <VISIBLE> and view.getGlobalVisibleRect() covers at least <75> percent of the view's area)}' assertion on view (view.getTag() is "login-submit" and view has effective visibility <VISIBLE>)
11-10 14:37:18.039 13683 13683 I ViewInteraction: Checking 'MatchesViewAssertion(Detox){viewMatcher=(view has effective visibility <VISIBLE> and view.getGlobalVisibleRect() covers at least <75> percent of the view's area)}' assertion on view (view.getTag() is "login-submit" and view has effective visibility <VISIBLE>)
11-10 14:37:18.053 13683 13764 I ReactNativeJS: 📱 Dispositivo conectado - sincronizando datos
11-10 14:37:18.070 13683 13683 I ViewInteraction: Checking 'MatchesViewAssertion(Detox){viewMatcher=(view has effective visibility <VISIBLE> and view.getGlobalVisibleRect() covers at least <75> percent of the view's area)}' assertion on view (view.getTag() is "login-submit" and view has effective visibility <VISIBLE>)
11-10 14:37:18.091 13683 13764 I ReactNativeJS: ✅ Red de Firestore habilitada
11-10 14:37:18.091 13683 13764 I ReactNativeJS: ✅ Red de Firestore habilitada
11-10 14:37:18.092 13683 13764 I ReactNativeJS: 📱 Dispositivo conectado - sincronizando datos
11-10 14:37:18.092 13683 13764 I ReactNativeJS: 📱 Dispositivo conectado - sincronizando datos
11-10 14:37:18.093 13683 13764 I ReactNativeJS: ✅ Red de Firestore habilitada
11-10 14:37:18.093 13683 13764 I ReactNativeJS: ✅ Red de Firestore habilitada
11-10 14:37:18.093 13683 13764 I ReactNativeJS: ✅ Red de Firestore habilitada
11-10 14:37:18.096 13683 13764 I ReactNativeJS: ✅ Red de Firestore habilitada
11-10 14:37:18.105 13683 13683 I ViewInteraction: Checking 'MatchesViewAssertion(Detox){viewMatcher=(view has effective visibility <VISIBLE> and view.getGlobalVisibleRect() covers at least <75> percent of the view's area)}' assertion on view (view.getTag() is "login-submit" and view has effective visibility <VISIBLE>)
11-10 14:37:18.138 13683 13683 I ViewInteraction: Checking 'MatchesViewAssertion(Detox){viewMatcher=(view has effective visibility <VISIBLE> and view.getGlobalVisibleRect() covers at least <75> percent of the view's area)}' assertion on view (view.getTag() is "login-submit" and view has effective visibility <VISIBLE>)
11-10 14:37:18.173 13683 13683 I ViewInteraction: Checking 'MatchesViewAssertion(Detox){viewMatcher=(view has effective visibility <VISIBLE> and view.getGlobalVisibleRect() covers at least <75> percent of the view's area)}' assertion on view (view.getTag() is "login-submit" and view has effective visibility <VISIBLE>)
11-10 14:37:18.210 13683 13683 I ViewInteraction: Checking 'MatchesViewAssertion(Detox){viewMatcher=(view has effective visibility <VISIBLE> and view.getGlobalVisibleRect() covers at least <75> percent of the view's area)}' assertion on view (view.getTag() is "login-submit" and view has effective visibility <VISIBLE>)
11-10 14:37:18.242 13683 13683 I ViewInteraction: Checking 'MatchesViewAssertion(Detox){viewMatcher=(view has effective visibility <VISIBLE> and view.getGlobalVisibleRect() covers at least <75> percent of the view's area)}' assertion on view (view.getTag() is "login-submit" and view has effective visibility <VISIBLE>)
11-10 14:37:18.274 13683 13683 I ViewInteraction: Checking 'MatchesViewAssertion(Detox){viewMatcher=(view has effective visibility <VISIBLE> and view.getGlobalVisibleRect() covers at least <75> percent of the view's area)}' assertion on view (view.getTag() is "login-submit" and view has effective visibility <VISIBLE>)
11-10 14:37:18.304 13683 13683 I ViewInteraction: Checking 'MatchesViewAssertion(Detox){viewMatcher=(view has effective visibility <VISIBLE> and view.getGlobalVisibleRect() covers at least <75> percent of the view's area)}' assertion on view (view.getTag() is "login-submit" and view has effective visibility <VISIBLE>)
11-10 14:37:18.338 13683 13683 I ViewInteraction: Checking 'MatchesViewAssertion(Detox){viewMatcher=(view has effective visibility <VISIBLE> and view.getGlobalVisibleRect() covers at least <75> percent of the view's area)}' assertion on view (view.getTag() is "login-submit" and view has effective visibility <VISIBLE>)
11-10 14:37:18.374 13683 13683 I ViewInteraction: Checking 'MatchesViewAssertion(Detox){viewMatcher=(view has effective visibility <VISIBLE> and view.getGlobalVisibleRect() covers at least <75> percent of the view's area)}' assertion on view (view.getTag() is "login-submit" and view has effective visibility <VISIBLE>)
11-10 14:37:18.407 13683 13683 I ViewInteraction: Checking 'MatchesViewAssertion(Detox){viewMatcher=(view has effective visibility <VISIBLE> and view.getGlobalVisibleRect() covers at least <75> percent of the view's area)}' assertion on view (view.getTag() is "login-submit" and view has effective visibility <VISIBLE>)
11-10 14:37:18.440 13683 13683 I ViewInteraction: Checking 'MatchesViewAssertion(Detox){viewMatcher=(view has effective visibility <VISIBLE> and view.getGlobalVisibleRect() covers at least <75> percent of the view's area)}' assertion on view (view.getTag() is "login-submit" and view has effective visibility <VISIBLE>)
11-10 14:37:18.474 13683 13683 I ViewInteraction: Checking 'MatchesViewAssertion(Detox){viewMatcher=(view has effective visibility <VISIBLE> and view.getGlobalVisibleRect() covers at least <75> percent of the view's area)}' assertion on view (view.getTag() is "login-submit" and view has effective visibility <VISIBLE>)
11-10 14:37:18.506 13683 13683 I ViewInteraction: Checking 'MatchesViewAssertion(Detox){viewMatcher=(view has effective visibility <VISIBLE> and view.getGlobalVisibleRect() covers at least <75> percent of the view's area)}' assertion on view (view.getTag() is "login-submit" and view has effective visibility <VISIBLE>)
11-10 14:37:18.537 13683 13683 I ViewInteraction: Checking 'MatchesViewAssertion(Detox){viewMatcher=(view has effective visibility <VISIBLE> and view.getGlobalVisibleRect() covers at least <75> percent of the view's area)}' assertion on view (view.getTag() is "login-submit" and view has effective visibility <VISIBLE>)
11-10 14:37:18.567 13683 13683 I ViewInteraction: Checking 'MatchesViewAssertion(Detox){viewMatcher=(view has effective visibility <VISIBLE> and view.getGlobalVisibleRect() covers at least <75> percent of the view's area)}' assertion on view (view.getTag() is "login-submit" and view has effective visibility <VISIBLE>)
11-10 14:37:18.601 13683 13683 I ViewInteraction: Checking 'MatchesViewAssertion(Detox){viewMatcher=(view has effective visibility <VISIBLE> and view.getGlobalVisibleRect() covers at least <75> percent of the view's area)}' assertion on view (view.getTag() is "login-submit" and view has effective visibility <VISIBLE>)
11-10 14:37:18.640 13683 13683 I ViewInteraction: Checking 'MatchesViewAssertion(Detox){viewMatcher=(view has effective visibility <VISIBLE> and view.getGlobalVisibleRect() covers at least <75> percent of the view's area)}' assertion on view (view.getTag() is "login-submit" and view has effective visibility <VISIBLE>)
11-10 14:37:18.673 13683 13683 I ViewInteraction: Checking 'MatchesViewAssertion(Detox){viewMatcher=(view has effective visibility <VISIBLE> and view.getGlobalVisibleRect() covers at least <75> percent of the view's area)}' assertion on view (view.getTag() is "login-submit" and view has effective visibility <VISIBLE>)
11-10 14:37:18.706 13683 13683 I ViewInteraction: Checking 'MatchesViewAssertion(Detox){viewMatcher=(view has effective visibility <VISIBLE> and view.getGlobalVisibleRect() covers at least <75> percent of the view's area)}' assertion on view (view.getTag() is "login-submit" and view has effective visibility <VISIBLE>)
11-10 14:37:18.743 13683 13683 I ViewInteraction: Checking 'MatchesViewAssertion(Detox){viewMatcher=(view has effective visibility <VISIBLE> and view.getGlobalVisibleRect() covers at least <75> percent of the view's area)}' assertion on view (view.getTag() is "login-submit" and view has effective visibility <VISIBLE>)
11-10 14:37:18.776 13683 13683 I ViewInteraction: Checking 'MatchesViewAssertion(Detox){viewMatcher=(view has effective visibility <VISIBLE> and view.getGlobalVisibleRect() covers at least <75> percent of the view's area)}' assertion on view (view.getTag() is "login-submit" and view has effective visibility <VISIBLE>)
11-10 14:37:18.822 13683 13683 I ViewInteraction: Checking 'MatchesViewAssertion(Detox){viewMatcher=(view has effective visibility <VISIBLE> and view.getGlobalVisibleRect() covers at least <75> percent of the view's area)}' assertion on view (view.getTag() is "login-submit" and view has effective visibility <VISIBLE>)
11-10 14:37:18.855 13683 13683 I ViewInteraction: Checking 'MatchesViewAssertion(Detox){viewMatcher=(view has effective visibility <VISIBLE> and view.getGlobalVisibleRect() covers at least <75> percent of the view's area)}' assertion on view (view.getTag() is "login-submit" and view has effective visibility <VISIBLE>)
11-10 14:37:18.887 13683 13683 I ViewInteraction: Checking 'MatchesViewAssertion(Detox){viewMatcher=(view has effective visibility <VISIBLE> and view.getGlobalVisibleRect() covers at least <75> percent of the view's area)}' assertion on view (view.getTag() is "login-submit" and view has effective visibility <VISIBLE>)
11-10 14:37:18.921 13683 13683 I ViewInteraction: Checking 'MatchesViewAssertion(Detox){viewMatcher=(view has effective visibility <VISIBLE> and view.getGlobalVisibleRect() covers at least <75> percent of the view's area)}' assertion on view (view.getTag() is "login-submit" and view has effective visibility <VISIBLE>)
11-10 14:37:18.953 13683 13683 I ViewInteraction: Checking 'MatchesViewAssertion(Detox){viewMatcher=(view has effective visibility <VISIBLE> and view.getGlobalVisibleRect() covers at least <75> percent of the view's area)}' assertion on view (view.getTag() is "login-submit" and view has effective visibility <VISIBLE>)
11-10 14:37:18.983 13683 13683 I ViewInteraction: Checking 'MatchesViewAssertion(Detox){viewMatcher=(view has effective visibility <VISIBLE> and view.getGlobalVisibleRect() covers at least <75> percent of the view's area)}' assertion on view (view.getTag() is "login-submit" and view has effective visibility <VISIBLE>)
11-10 14:37:19.016 13683 13683 I ViewInteraction: Checking 'MatchesViewAssertion(Detox){viewMatcher=(view has effective visibility <VISIBLE> and view.getGlobalVisibleRect() covers at least <75> percent of the view's area)}' assertion on view (view.getTag() is "login-submit" and view has effective visibility <VISIBLE>)
11-10 14:37:19.046 13683 13683 I ViewInteraction: Checking 'MatchesViewAssertion(Detox){viewMatcher=(view has effective visibility <VISIBLE> and view.getGlobalVisibleRect() covers at least <75> percent of the view's area)}' assertion on view (view.getTag() is "login-submit" and view has effective visibility <VISIBLE>)
11-10 14:37:19.080 13683 13683 I ViewInteraction: Checking 'MatchesViewAssertion(Detox){viewMatcher=(view has effective visibility <VISIBLE> and view.getGlobalVisibleRect() covers at least <75> percent of the view's area)}' assertion on view (view.getTag() is "login-submit" and view has effective visibility <VISIBLE>)
11-10 14:37:19.110 13683 13683 I ViewInteraction: Checking 'MatchesViewAssertion(Detox){viewMatcher=(view has effective visibility <VISIBLE> and view.getGlobalVisibleRect() covers at least <75> percent of the view's area)}' assertion on view (view.getTag() is "login-submit" and view has effective visibility <VISIBLE>)
11-10 14:37:19.138 13683 13683 I ViewInteraction: Checking 'MatchesViewAssertion(Detox){viewMatcher=(view has effective visibility <VISIBLE> and view.getGlobalVisibleRect() covers at least <75> percent of the view's area)}' assertion on view (view.getTag() is "login-submit" and view has effective visibility <VISIBLE>)
11-10 14:37:19.167 13683 13683 I ViewInteraction: Checking 'MatchesViewAssertion(Detox){viewMatcher=(view has effective visibility <VISIBLE> and view.getGlobalVisibleRect() covers at least <75> percent of the view's area)}' assertion on view (view.getTag() is "login-submit" and view has effective visibility <VISIBLE>)
11-10 14:37:19.198 13683 13683 I ViewInteraction: Checking 'MatchesViewAssertion(Detox){viewMatcher=(view has effective visibility <VISIBLE> and view.getGlobalVisibleRect() covers at least <75> percent of the view's area)}' assertion on view (view.getTag() is "login-submit" and view has effective visibility <VISIBLE>)
11-10 14:37:19.234 13683 13683 I ViewInteraction: Checking 'MatchesViewAssertion(Detox){viewMatcher=(view has effective visibility <VISIBLE> and view.getGlobalVisibleRect() covers at least <75> percent of the view's area)}' assertion on view (view.getTag() is "login-submit" and view has effective visibility <VISIBLE>)
11-10 14:37:19.273 13683 13683 I ViewInteraction: Checking 'MatchesViewAssertion(Detox){viewMatcher=(view has effective visibility <VISIBLE> and view.getGlobalVisibleRect() covers at least <75> percent of the view's area)}' assertion on view (view.getTag() is "login-submit" and view has effective visibility <VISIBLE>)
11-10 14:37:19.303 13683 13683 I ViewInteraction: Checking 'MatchesViewAssertion(Detox){viewMatcher=(view has effective visibility <VISIBLE> and view.getGlobalVisibleRect() covers at least <75> percent of the view's area)}' assertion on view (view.getTag() is "login-submit" and view has effective visibility <VISIBLE>)
11-10 14:37:19.334 13683 13683 I ViewInteraction: Checking 'MatchesViewAssertion(Detox){viewMatcher=(view has effective visibility <VISIBLE> and view.getGlobalVisibleRect() covers at least <75> percent of the view's area)}' assertion on view (view.getTag() is "login-submit" and view has effective visibility <VISIBLE>)
11-10 14:37:19.365 13683 13683 I ViewInteraction: Checking 'MatchesViewAssertion(Detox){viewMatcher=(view has effective visibility <VISIBLE> and view.getGlobalVisibleRect() covers at least <75> percent of the view's area)}' assertion on view (view.getTag() is "login-submit" and view has effective visibility <VISIBLE>)
11-10 14:37:19.395 13683 13683 I ViewInteraction: Checking 'MatchesViewAssertion(Detox){viewMatcher=(view has effective visibility <VISIBLE> and view.getGlobalVisibleRect() covers at least <75> percent of the view's area)}' assertion on view (view.getTag() is "login-submit" and view has effective visibility <VISIBLE>)
11-10 14:37:19.425 13683 13683 I ViewInteraction: Checking 'MatchesViewAssertion(Detox){viewMatcher=(view has effective visibility <VISIBLE> and view.getGlobalVisibleRect() covers at least <75> percent of the view's area)}' assertion on view (view.getTag() is "login-submit" and view has effective visibility <VISIBLE>)
11-10 14:37:19.456 13683 13683 I ViewInteraction: Checking 'MatchesViewAssertion(Detox){viewMatcher=(view has effective visibility <VISIBLE> and view.getGlobalVisibleRect() covers at least <75> percent of the view's area)}' assertion on view (view.getTag() is "login-submit" and view has effective visibility <VISIBLE>)
11-10 14:37:19.485 13683 13683 I ViewInteraction: Checking 'MatchesViewAssertion(Detox){viewMatcher=(view has effective visibility <VISIBLE> and view.getGlobalVisibleRect() covers at least <75> percent of the view's area)}' assertion on view (view.getTag() is "login-submit" and view has effective visibility <VISIBLE>)
11-10 14:37:19.516 13683 13683 I ViewInteraction: Checking 'MatchesViewAssertion(Detox){viewMatcher=(view has effective visibility <VISIBLE> and view.getGlobalVisibleRect() covers at least <75> percent of the view's area)}' assertion on view (view.getTag() is "login-submit" and view has effective visibility <VISIBLE>)
11-10 14:37:19.546 13683 13683 I ViewInteraction: Checking 'MatchesViewAssertion(Detox){viewMatcher=(view has effective visibility <VISIBLE> and view.getGlobalVisibleRect() covers at least <75> percent of the view's area)}' assertion on view (view.getTag() is "login-submit" and view has effective visibility <VISIBLE>)
11-10 14:37:19.576 13683 13683 I ViewInteraction: Checking 'MatchesViewAssertion(Detox){viewMatcher=(view has effective visibility <VISIBLE> and view.getGlobalVisibleRect() covers at least <75> percent of the view's area)}' assertion on view (view.getTag() is "login-submit" and view has effective visibility <VISIBLE>)
11-10 14:37:19.605 13683 13683 I ViewInteraction: Checking 'MatchesViewAssertion(Detox){viewMatcher=(view has effective visibility <VISIBLE> and view.getGlobalVisibleRect() covers at least <75> percent of the view's area)}' assertion on view (view.getTag() is "login-submit" and view has effective visibility <VISIBLE>)
11-10 14:37:19.636 13683 13683 I ViewInteraction: Checking 'MatchesViewAssertion(Detox){viewMatcher=(view has effective visibility <VISIBLE> and view.getGlobalVisibleRect() covers at least <75> percent of the view's area)}' assertion on view (view.getTag() is "login-submit" and view has effective visibility <VISIBLE>)
11-10 14:37:19.670 13683 13683 I ViewInteraction: Checking 'MatchesViewAssertion(Detox){viewMatcher=(view has effective visibility <VISIBLE> and view.getGlobalVisibleRect() covers at least <75> percent of the view's area)}' assertion on view (view.getTag() is "login-submit" and view has effective visibility <VISIBLE>)
11-10 14:37:19.714 13683 13683 I ViewInteraction: Checking 'MatchesViewAssertion(Detox){viewMatcher=(view has effective visibility <VISIBLE> and view.getGlobalVisibleRect() covers at least <75> percent of the view's area)}' assertion on view (view.getTag() is "login-submit" and view has effective visibility <VISIBLE>)
11-10 14:37:19.746 13683 13683 I ViewInteraction: Checking 'MatchesViewAssertion(Detox){viewMatcher=(view has effective visibility <VISIBLE> and view.getGlobalVisibleRect() covers at least <75> percent of the view's area)}' assertion on view (view.getTag() is "login-submit" and view has effective visibility <VISIBLE>)
11-10 14:37:19.773 13683 13683 I ViewInteraction: Checking 'MatchesViewAssertion(Detox){viewMatcher=(view has effective visibility <VISIBLE> and view.getGlobalVisibleRect() covers at least <75> percent of the view's area)}' assertion on view (view.getTag() is "login-submit" and view has effective visibility <VISIBLE>)
11-10 14:37:19.804 13683 13683 I ViewInteraction: Checking 'MatchesViewAssertion(Detox){viewMatcher=(view has effective visibility <VISIBLE> and view.getGlobalVisibleRect() covers at least <75> percent of the view's area)}' assertion on view (view.getTag() is "login-submit" and view has effective visibility <VISIBLE>)
11-10 14:37:19.835 13683 13683 I ViewInteraction: Checking 'MatchesViewAssertion(Detox){viewMatcher=(view has effective visibility <VISIBLE> and view.getGlobalVisibleRect() covers at least <75> percent of the view's area)}' assertion on view (view.getTag() is "login-submit" and view has effective visibility <VISIBLE>)
11-10 14:37:19.864 13683 13683 I ViewInteraction: Checking 'MatchesViewAssertion(Detox){viewMatcher=(view has effective visibility <VISIBLE> and view.getGlobalVisibleRect() covers at least <75> percent of the view's area)}' assertion on view (view.getTag() is "login-submit" and view has effective visibility <VISIBLE>)
11-10 14:37:19.893 13683 13683 I ViewInteraction: Checking 'MatchesViewAssertion(Detox){viewMatcher=(view has effective visibility <VISIBLE> and view.getGlobalVisibleRect() covers at least <75> percent of the view's area)}' assertion on view (view.getTag() is "login-submit" and view has effective visibility <VISIBLE>)
11-10 14:37:19.923 13683 13683 I ViewInteraction: Checking 'MatchesViewAssertion(Detox){viewMatcher=(view has effective visibility <VISIBLE> and view.getGlobalVisibleRect() covers at least <75> percent of the view's area)}' assertion on view (view.getTag() is "login-submit" and view has effective visibility <VISIBLE>)
11-10 14:37:19.953 13683 13683 I ViewInteraction: Checking 'MatchesViewAssertion(Detox){viewMatcher=(view has effective visibility <VISIBLE> and view.getGlobalVisibleRect() covers at least <75> percent of the view's area)}' assertion on view (view.getTag() is "login-submit" and view has effective visibility <VISIBLE>)
11-10 14:37:19.983 13683 13683 I ViewInteraction: Checking 'MatchesViewAssertion(Detox){viewMatcher=(view has effective visibility <VISIBLE> and view.getGlobalVisibleRect() covers at least <75> percent of the view's area)}' assertion on view (view.getTag() is "login-submit" and view has effective visibility <VISIBLE>)
11-10 14:37:20.012 13683 13683 I ViewInteraction: Checking 'MatchesViewAssertion(Detox){viewMatcher=(view has effective visibility <VISIBLE> and view.getGlobalVisibleRect() covers at least <75> percent of the view's area)}' assertion on view (view.getTag() is "login-submit" and view has effective visibility <VISIBLE>)
11-10 14:37:20.042 13683 13683 I ViewInteraction: Checking 'MatchesViewAssertion(Detox){viewMatcher=(view has effective visibility <VISIBLE> and view.getGlobalVisibleRect() covers at least <75> percent of the view's area)}' assertion on view (view.getTag() is "login-submit" and view has effective visibility <VISIBLE>)
11-10 14:37:20.071 13683 13683 I ViewInteraction: Checking 'MatchesViewAssertion(Detox){viewMatcher=(view has effective visibility <VISIBLE> and view.getGlobalVisibleRect() covers at least <75> percent of the view's area)}' assertion on view (view.getTag() is "login-submit" and view has effective visibility <VISIBLE>)
11-10 14:37:20.107 13683 13683 I ViewInteraction: Checking 'MatchesViewAssertion(Detox){viewMatcher=(view has effective visibility <VISIBLE> and view.getGlobalVisibleRect() covers at least <75> percent of the view's area)}' assertion on view (view.getTag() is "login-submit" and view has effective visibility <VISIBLE>)
11-10 14:37:20.151 13683 13683 I ViewInteraction: Checking 'MatchesViewAssertion(Detox){viewMatcher=(view has effective visibility <VISIBLE> and view.getGlobalVisibleRect() covers at least <75> percent of the view's area)}' assertion on view (view.getTag() is "login-submit" and view has effective visibility <VISIBLE>)
11-10 14:37:20.180 13683 13683 I ViewInteraction: Checking 'MatchesViewAssertion(Detox){viewMatcher=(view has effective visibility <VISIBLE> and view.getGlobalVisibleRect() covers at least <75> percent of the view's area)}' assertion on view (view.getTag() is "login-submit" and view has effective visibility <VISIBLE>)
11-10 14:37:20.210 13683 13683 I ViewInteraction: Checking 'MatchesViewAssertion(Detox){viewMatcher=(view has effective visibility <VISIBLE> and view.getGlobalVisibleRect() covers at least <75> percent of the view's area)}' assertion on view (view.getTag() is "login-submit" and view has effective visibility <VISIBLE>)
11-10 14:37:20.240 13683 13683 I ViewInteraction: Checking 'MatchesViewAssertion(Detox){viewMatcher=(view has effective visibility <VISIBLE> and view.getGlobalVisibleRect() covers at least <75> percent of the view's area)}' assertion on view (view.getTag() is "login-submit" and view has effective visibility <VISIBLE>)
11-10 14:37:20.270 13683 13683 I ViewInteraction: Checking 'MatchesViewAssertion(Detox){viewMatcher=(view has effective visibility <VISIBLE> and view.getGlobalVisibleRect() covers at least <75> percent of the view's area)}' assertion on view (view.getTag() is "login-submit" and view has effective visibility <VISIBLE>)
11-10 14:37:20.300 13683 13683 I ViewInteraction: Checking 'MatchesViewAssertion(Detox){viewMatcher=(view has effective visibility <VISIBLE> and view.getGlobalVisibleRect() covers at least <75> percent of the view's area)}' assertion on view (view.getTag() is "login-submit" and view has effective visibility <VISIBLE>)
11-10 14:37:20.331 13683 13683 I ViewInteraction: Checking 'MatchesViewAssertion(Detox){viewMatcher=(view has effective visibility <VISIBLE> and view.getGlobalVisibleRect() covers at least <75> percent of the view's area)}' assertion on view (view.getTag() is "login-submit" and view has effective visibility <VISIBLE>)
11-10 14:37:20.361 13683 13683 I ViewInteraction: Checking 'MatchesViewAssertion(Detox){viewMatcher=(view has effective visibility <VISIBLE> and view.getGlobalVisibleRect() covers at least <75> percent of the view's area)}' assertion on view (view.getTag() is "login-submit" and view has effective visibility <VISIBLE>)
11-10 14:37:20.390 13683 13683 I ViewInteraction: Checking 'MatchesViewAssertion(Detox){viewMatcher=(view has effective visibility <VISIBLE> and view.getGlobalVisibleRect() covers at least <75> percent of the view's area)}' assertion on view (view.getTag() is "login-submit" and view has effective visibility <VISIBLE>)
11-10 14:37:20.421 13683 13683 I ViewInteraction: Checking 'MatchesViewAssertion(Detox){viewMatcher=(view has effective visibility <VISIBLE> and view.getGlobalVisibleRect() covers at least <75> percent of the view's area)}' assertion on view (view.getTag() is "login-submit" and view has effective visibility <VISIBLE>)
11-10 14:37:20.451 13683 13683 I ViewInteraction: Checking 'MatchesViewAssertion(Detox){viewMatcher=(view has effective visibility <VISIBLE> and view.getGlobalVisibleRect() covers at least <75> percent of the view's area)}' assertion on view (view.getTag() is "login-submit" and view has effective visibility <VISIBLE>)
11-10 14:37:20.480 13683 13683 I ViewInteraction: Checking 'MatchesViewAssertion(Detox){viewMatcher=(view has effective visibility <VISIBLE> and view.getGlobalVisibleRect() covers at least <75> percent of the view's area)}' assertion on view (view.getTag() is "login-submit" and view has effective visibility <VISIBLE>)
11-10 14:37:20.510 13683 13683 I ViewInteraction: Checking 'MatchesViewAssertion(Detox){viewMatcher=(view has effective visibility <VISIBLE> and view.getGlobalVisibleRect() covers at least <75> percent of the view's area)}' assertion on view (view.getTag() is "login-submit" and view has effective visibility <VISIBLE>)
11-10 14:37:20.543 13683 13683 I ViewInteraction: Checking 'MatchesViewAssertion(Detox){viewMatcher=(view has effective visibility <VISIBLE> and view.getGlobalVisibleRect() covers at least <75> percent of the view's area)}' assertion on view (view.getTag() is "login-submit" and view has effective visibility <VISIBLE>)
11-10 14:37:20.580 13683 13683 I ViewInteraction: Checking 'MatchesViewAssertion(Detox){viewMatcher=(view has effective visibility <VISIBLE> and view.getGlobalVisibleRect() covers at least <75> percent of the view's area)}' assertion on view (view.getTag() is "login-submit" and view has effective visibility <VISIBLE>)
11-10 14:37:20.610 13683 13683 I ViewInteraction: Checking 'MatchesViewAssertion(Detox){viewMatcher=(view has effective visibility <VISIBLE> and view.getGlobalVisibleRect() covers at least <75> percent of the view's area)}' assertion on view (view.getTag() is "login-submit" and view has effective visibility <VISIBLE>)
11-10 14:37:20.639 13683 13683 I ViewInteraction: Checking 'MatchesViewAssertion(Detox){viewMatcher=(view has effective visibility <VISIBLE> and view.getGlobalVisibleRect() covers at least <75> percent of the view's area)}' assertion on view (view.getTag() is "login-submit" and view has effective visibility <VISIBLE>)
11-10 14:37:20.669 13683 13683 I ViewInteraction: Checking 'MatchesViewAssertion(Detox){viewMatcher=(view has effective visibility <VISIBLE> and view.getGlobalVisibleRect() covers at least <75> percent of the view's area)}' assertion on view (view.getTag() is "login-submit" and view has effective visibility <VISIBLE>)
11-10 14:37:20.699 13683 13683 I ViewInteraction: Checking 'MatchesViewAssertion(Detox){viewMatcher=(view has effective visibility <VISIBLE> and view.getGlobalVisibleRect() covers at least <75> percent of the view's area)}' assertion on view (view.getTag() is "login-submit" and view has effective visibility <VISIBLE>)
11-10 14:37:20.727 13683 13683 I ViewInteraction: Checking 'MatchesViewAssertion(Detox){viewMatcher=(view has effective visibility <VISIBLE> and view.getGlobalVisibleRect() covers at least <75> percent of the view's area)}' assertion on view (view.getTag() is "login-submit" and view has effective visibility <VISIBLE>)
11-10 14:37:20.757 13683 13683 I ViewInteraction: Checking 'MatchesViewAssertion(Detox){viewMatcher=(view has effective visibility <VISIBLE> and view.getGlobalVisibleRect() covers at least <75> percent of the view's area)}' assertion on view (view.getTag() is "login-submit" and view has effective visibility <VISIBLE>)
11-10 14:37:20.786 13683 13683 I ViewInteraction: Checking 'MatchesViewAssertion(Detox){viewMatcher=(view has effective visibility <VISIBLE> and view.getGlobalVisibleRect() covers at least <75> percent of the view's area)}' assertion on view (view.getTag() is "login-submit" and view has effective visibility <VISIBLE>)
11-10 14:37:20.815 13683 13683 I ViewInteraction: Checking 'MatchesViewAssertion(Detox){viewMatcher=(view has effective visibility <VISIBLE> and view.getGlobalVisibleRect() covers at least <75> percent of the view's area)}' assertion on view (view.getTag() is "login-submit" and view has effective visibility <VISIBLE>)
11-10 14:37:20.845 13683 13683 I ViewInteraction: Checking 'MatchesViewAssertion(Detox){viewMatcher=(view has effective visibility <VISIBLE> and view.getGlobalVisibleRect() covers at least <75> percent of the view's area)}' assertion on view (view.getTag() is "login-submit" and view has effective visibility <VISIBLE>)
11-10 14:37:20.874 13683 13683 I ViewInteraction: Checking 'MatchesViewAssertion(Detox){viewMatcher=(view has effective visibility <VISIBLE> and view.getGlobalVisibleRect() covers at least <75> percent of the view's area)}' assertion on view (view.getTag() is "login-submit" and view has effective visibility <VISIBLE>)
11-10 14:37:20.902 13683 13683 I ViewInteraction: Checking 'MatchesViewAssertion(Detox){viewMatcher=(view has effective visibility <VISIBLE> and view.getGlobalVisibleRect() covers at least <75> percent of the view's area)}' assertion on view (view.getTag() is "login-submit" and view has effective visibility <VISIBLE>)
11-10 14:37:20.932 13683 13683 I ViewInteraction: Checking 'MatchesViewAssertion(Detox){viewMatcher=(view has effective visibility <VISIBLE> and view.getGlobalVisibleRect() covers at least <75> percent of the view's area)}' assertion on view (view.getTag() is "login-submit" and view has effective visibility <VISIBLE>)
11-10 14:37:20.969 13683 13683 I ViewInteraction: Checking 'MatchesViewAssertion(Detox){viewMatcher=(view has effective visibility <VISIBLE> and view.getGlobalVisibleRect() covers at least <75> percent of the view's area)}' assertion on view (view.getTag() is "login-submit" and view has effective visibility <VISIBLE>)
11-10 14:37:21.009 13683 13683 I ViewInteraction: Checking 'MatchesViewAssertion(Detox){viewMatcher=(view has effective visibility <VISIBLE> and view.getGlobalVisibleRect() covers at least <75> percent of the view's area)}' assertion on view (view.getTag() is "login-submit" and view has effective visibility <VISIBLE>)
11-10 14:37:21.040 13683 13683 I ViewInteraction: Checking 'MatchesViewAssertion(Detox){viewMatcher=(view has effective visibility <VISIBLE> and view.getGlobalVisibleRect() covers at least <75> percent of the view's area)}' assertion on view (view.getTag() is "login-submit" and view has effective visibility <VISIBLE>)
11-10 14:37:21.070 13683 13683 I ViewInteraction: Checking 'MatchesViewAssertion(Detox){viewMatcher=(view has effective visibility <VISIBLE> and view.getGlobalVisibleRect() covers at least <75> percent of the view's area)}' assertion on view (view.getTag() is "login-submit" and view has effective visibility <VISIBLE>)
11-10 14:37:21.099 13683 13683 I ViewInteraction: Checking 'MatchesViewAssertion(Detox){viewMatcher=(view has effective visibility <VISIBLE> and view.getGlobalVisibleRect() covers at least <75> percent of the view's area)}' assertion on view (view.getTag() is "login-submit" and view has effective visibility <VISIBLE>)
11-10 14:37:21.128 13683 13683 I ViewInteraction: Checking 'MatchesViewAssertion(Detox){viewMatcher=(view has effective visibility <VISIBLE> and view.getGlobalVisibleRect() covers at least <75> percent of the view's area)}' assertion on view (view.getTag() is "login-submit" and view has effective visibility <VISIBLE>)
11-10 14:37:21.157 13683 13683 I ViewInteraction: Checking 'MatchesViewAssertion(Detox){viewMatcher=(view has effective visibility <VISIBLE> and view.getGlobalVisibleRect() covers at least <75> percent of the view's area)}' assertion on view (view.getTag() is "login-submit" and view has effective visibility <VISIBLE>)
11-10 14:37:21.186 13683 13683 I ViewInteraction: Checking 'MatchesViewAssertion(Detox){viewMatcher=(view has effective visibility <VISIBLE> and view.getGlobalVisibleRect() covers at least <75> percent of the view's area)}' assertion on view (view.getTag() is "login-submit" and view has effective visibility <VISIBLE>)
11-10 14:37:21.217 13683 13683 I ViewInteraction: Checking 'MatchesViewAssertion(Detox){viewMatcher=(view has effective visibility <VISIBLE> and view.getGlobalVisibleRect() covers at least <75> percent of the view's area)}' assertion on view (view.getTag() is "login-submit" and view has effective visibility <VISIBLE>)
11-10 14:37:21.246 13683 13683 I ViewInteraction: Checking 'MatchesViewAssertion(Detox){viewMatcher=(view has effective visibility <VISIBLE> and view.getGlobalVisibleRect() covers at least <75> percent of the view's area)}' assertion on view (view.getTag() is "login-submit" and view has effective visibility <VISIBLE>)
11-10 14:37:21.274 13683 13683 I ViewInteraction: Checking 'MatchesViewAssertion(Detox){viewMatcher=(view has effective visibility <VISIBLE> and view.getGlobalVisibleRect() covers at least <75> percent of the view's area)}' assertion on view (view.getTag() is "login-submit" and view has effective visibility <VISIBLE>)
11-10 14:37:21.304 13683 13683 I ViewInteraction: Checking 'MatchesViewAssertion(Detox){viewMatcher=(view has effective visibility <VISIBLE> and view.getGlobalVisibleRect() covers at least <75> percent of the view's area)}' assertion on view (view.getTag() is "login-submit" and view has effective visibility <VISIBLE>)
11-10 14:37:21.334 13683 13683 I ViewInteraction: Checking 'MatchesViewAssertion(Detox){viewMatcher=(view has effective visibility <VISIBLE> and view.getGlobalVisibleRect() covers at least <75> percent of the view's area)}' assertion on view (view.getTag() is "login-submit" and view has effective visibility <VISIBLE>)
11-10 14:37:21.363 13683 13683 I ViewInteraction: Checking 'MatchesViewAssertion(Detox){viewMatcher=(view has effective visibility <VISIBLE> and view.getGlobalVisibleRect() covers at least <75> percent of the view's area)}' assertion on view (view.getTag() is "login-submit" and view has effective visibility <VISIBLE>)
11-10 14:37:21.395 13683 13683 I ViewInteraction: Checking 'MatchesViewAssertion(Detox){viewMatcher=(view has effective visibility <VISIBLE> and view.getGlobalVisibleRect() covers at least <75> percent of the view's area)}' assertion on view (view.getTag() is "login-submit" and view has effective visibility <VISIBLE>)
11-10 14:37:21.423 13683 13683 I ViewInteraction: Checking 'MatchesViewAssertion(Detox){viewMatcher=(view has effective visibility <VISIBLE> and view.getGlobalVisibleRect() covers at least <75> percent of the view's area)}' assertion on view (view.getTag() is "login-submit" and view has effective visibility <VISIBLE>)
11-10 14:37:21.462 13683 13683 I ViewInteraction: Checking 'MatchesViewAssertion(Detox){viewMatcher=(view has effective visibility <VISIBLE> and view.getGlobalVisibleRect() covers at least <75> percent of the view's area)}' assertion on view (view.getTag() is "login-submit" and view has effective visibility <VISIBLE>)
11-10 14:37:21.494 13683 13683 I ViewInteraction: Checking 'MatchesViewAssertion(Detox){viewMatcher=(view has effective visibility <VISIBLE> and view.getGlobalVisibleRect() covers at least <75> percent of the view's area)}' assertion on view (view.getTag() is "login-submit" and view has effective visibility <VISIBLE>)
