11-10 14:37:25.598 13683 13764 W ReactNativeJS:     in SafeAreaProviderCompat (created by NativeStackView)
11-10 14:37:25.598 13683 13764 W ReactNativeJS:     in NativeStackView (created by NativeStackNavigator)
11-10 14:37:25.598 13683 13764 W ReactNativeJS:     in PreventRemoveProvider (created by NavigationContent)
11-10 14:37:25.598 13683 13764 W ReactNativeJS:     in NavigationStateListenerProvider (created by NavigationContent)
11-10 14:37:25.598 13683 13764 W ReactNativeJS:     in NavigationContent
11-10 14:37:25.598 13683 13764 W ReactNativeJS:     in Unknown (created by NativeStackNavigator)
11-10 14:37:25.598 13683 13764 W ReactNativeJS:     in NativeStackNavigator (created by AppNavigator)
11-10 14:37:25.598 13683 13764 W ReactNativeJS:     in ThemeProvider
11-10 14:37:25.598 13683 13764 W ReactNativeJS:     in EnsureSingleNavigator
11-10 14:37:25.598 13683 13764 W ReactNativeJS:     in BaseNavigationContainer
11-10 14:37:25.598 13683 13764 W ReactNativeJS:     in NavigationContainerInner (created by AppNavigator)
11-10 14:37:25.598 13683 13764 W ReactNativeJS:     in AppNavigator (created by App)
11-10 14:37:25.598 13683 13764 W ReactNativeJS:     in ThemeProvider (created by PaperProvider)
11-10 14:37:25.598 13683 13764 W ReactNativeJS:     in RCTView (created by View)
11-10 14:37:25.598 13683 13764 W ReactNativeJS:     in View (created by Portal.Host)
11-10 14:37:25.598 13683 13764 W ReactNativeJS:     in Portal.Host (created by PaperProvider)
11-10 14:37:25.598 13683 13764 W ReactNativeJS:     in RNCSafeAreaProvider (created by SafeAreaProvider)
11-10 14:37:25.598 13683 13764 W ReactNativeJS:     in SafeAreaProvider (created by SafeAreaInsetsContext)
11-10 14:37:25.598 13683 13764 W ReactNativeJS:     in SafeAreaProviderCompat (created by PaperProvider)
11-10 14:37:25.598 13683 13764 W ReactNativeJS:     in PaperProvider (created by App)
11-10 14:37:25.598 13683 13764 W ReactNativeJS:     in App (created by withDevTools(App))
11-10 14:37:25.598 13683 13764 W ReactNativeJS:     in withDevTools(App)
11-10 14:37:25.598 13683 13764 W ReactNativeJS:     in RCTView (created by View)
11-10 14:37:25.598 13683 13764 W ReactNativeJS:     in View (created by AppContainer)
11-10 14:37:25.598 13683 13764 W ReactNativeJS:     in RCTView (created by View)
11-10 14:37:25.598 13683 13764 W ReactNativeJS:     in View (created by AppContainer)
11-10 14:37:25.598 13683 13764 W ReactNativeJS:     in AppContainer
11-10 14:37:25.598 13683 13764 W ReactNativeJS:     in main(RootComponent)
11-10 14:37:25.622 13683 13683 I ViewInteraction: Checking 'MatchesViewAssertion(Detox){viewMatcher=(view has effective visibility <VISIBLE> and view.getGlobalVisibleRect() covers at least <75> percent of the view's area)}' assertion on view (view.getTag() is "login-submit" and view has effective visibility <VISIBLE>)
11-10 14:37:25.650 13683 13683 I ViewInteraction: Checking 'MatchesViewAssertion(Detox){viewMatcher=(view has effective visibility <VISIBLE> and view.getGlobalVisibleRect() covers at least <75> percent of the view's area)}' assertion on view (view.getTag() is "login-submit" and view has effective visibility <VISIBLE>)
11-10 14:37:25.678 13683 13683 I ViewInteraction: Checking 'MatchesViewAssertion(Detox){viewMatcher=(view has effective visibility <VISIBLE> and view.getGlobalVisibleRect() covers at least <75> percent of the view's area)}' assertion on view (view.getTag() is "login-submit" and view has effective visibility <VISIBLE>)
11-10 14:37:25.707 13683 13683 I ViewInteraction: Checking 'MatchesViewAssertion(Detox){viewMatcher=(view has effective visibility <VISIBLE> and view.getGlobalVisibleRect() covers at least <75> percent of the view's area)}' assertion on view (view.getTag() is "login-submit" and view has effective visibility <VISIBLE>)
11-10 14:37:25.735 13683 13683 I ViewInteraction: Checking 'MatchesViewAssertion(Detox){viewMatcher=(view has effective visibility <VISIBLE> and view.getGlobalVisibleRect() covers at least <75> percent of the view's area)}' assertion on view (view.getTag() is "login-submit" and view has effective visibility <VISIBLE>)
11-10 14:37:25.764 13683 13683 I ViewInteraction: Checking 'MatchesViewAssertion(Detox){viewMatcher=(view has effective visibility <VISIBLE> and view.getGlobalVisibleRect() covers at least <75> percent of the view's area)}' assertion on view (view.getTag() is "login-submit" and view has effective visibility <VISIBLE>)
11-10 14:37:25.793 13683 13683 I ViewInteraction: Checking 'MatchesViewAssertion(Detox){viewMatcher=(view has effective visibility <VISIBLE> and view.getGlobalVisibleRect() covers at least <75> percent of the view's area)}' assertion on view (view.getTag() is "login-submit" and view has effective visibility <VISIBLE>)
11-10 14:37:25.825 13683 13683 I ViewInteraction: Checking 'MatchesViewAssertion(Detox){viewMatcher=(view has effective visibility <VISIBLE> and view.getGlobalVisibleRect() covers at least <75> percent of the view's area)}' assertion on view (view.getTag() is "login-submit" and view has effective visibility <VISIBLE>)
11-10 14:37:25.855 13683 13683 I ViewInteraction: Checking 'MatchesViewAssertion(Detox){viewMatcher=(view has effective visibility <VISIBLE> and view.getGlobalVisibleRect() covers at least <75> percent of the view's area)}' assertion on view (view.getTag() is "login-submit" and view has effective visibility <VISIBLE>)
11-10 14:37:25.886 13683 13683 I ViewInteraction: Checking 'MatchesViewAssertion(Detox){viewMatcher=(view has effective visibility <VISIBLE> and view.getGlobalVisibleRect() covers at least <75> percent of the view's area)}' assertion on view (view.getTag() is "login-submit" and view has effective visibility <VISIBLE>)
11-10 14:37:25.922 13683 13683 I ViewInteraction: Checking 'MatchesViewAssertion(Detox){viewMatcher=(view has effective visibility <VISIBLE> and view.getGlobalVisibleRect() covers at least <75> percent of the view's area)}' assertion on view (view.getTag() is "login-submit" and view has effective visibility <VISIBLE>)
11-10 14:37:25.956 13683 13683 I ViewInteraction: Checking 'MatchesViewAssertion(Detox){viewMatcher=(view has effective visibility <VISIBLE> and view.getGlobalVisibleRect() covers at least <75> percent of the view's area)}' assertion on view (view.getTag() is "login-submit" and view has effective visibility <VISIBLE>)
11-10 14:37:25.998 13683 13683 I ViewInteraction: Checking 'MatchesViewAssertion(Detox){viewMatcher=(view has effective visibility <VISIBLE> and view.getGlobalVisibleRect() covers at least <75> percent of the view's area)}' assertion on view (view.getTag() is "login-submit" and view has effective visibility <VISIBLE>)
11-10 14:37:26.000 13683 13688 I pp.seguritacapp: Background concurrent mark compact GC freed 18MB AllocSpace bytes, 84(3156KB) LOS objects, 49% free, 17MB/35MB, paused 3.391ms,3.284ms total 114.363ms
11-10 14:37:26.030 13683 13683 I ViewInteraction: Checking 'MatchesViewAssertion(Detox){viewMatcher=(view has effective visibility <VISIBLE> and view.getGlobalVisibleRect() covers at least <75> percent of the view's area)}' assertion on view (view.getTag() is "login-submit" and view has effective visibility <VISIBLE>)
11-10 14:37:26.063 13683 13683 I ViewInteraction: Checking 'MatchesViewAssertion(Detox){viewMatcher=(view has effective visibility <VISIBLE> and view.getGlobalVisibleRect() covers at least <75> percent of the view's area)}' assertion on view (view.getTag() is "login-submit" and view has effective visibility <VISIBLE>)
11-10 14:37:26.093 13683 13683 I ViewInteraction: Checking 'MatchesViewAssertion(Detox){viewMatcher=(view has effective visibility <VISIBLE> and view.getGlobalVisibleRect() covers at least <75> percent of the view's area)}' assertion on view (view.getTag() is "login-submit" and view has effective visibility <VISIBLE>)
11-10 14:37:26.124 13683 13683 I ViewInteraction: Checking 'MatchesViewAssertion(Detox){viewMatcher=(view has effective visibility <VISIBLE> and view.getGlobalVisibleRect() covers at least <75> percent of the view's area)}' assertion on view (view.getTag() is "login-submit" and view has effective visibility <VISIBLE>)
11-10 14:37:26.174 13683 13683 I ViewInteraction: Checking 'MatchesViewAssertion(Detox){viewMatcher=(view has effective visibility <VISIBLE> and view.getGlobalVisibleRect() covers at least <75> percent of the view's area)}' assertion on view (view.getTag() is "login-submit" and view has effective visibility <VISIBLE>)
11-10 14:37:26.213 13683 13683 I ViewInteraction: Checking 'MatchesViewAssertion(Detox){viewMatcher=(view has effective visibility <VISIBLE> and view.getGlobalVisibleRect() covers at least <75> percent of the view's area)}' assertion on view (view.getTag() is "login-submit" and view has effective visibility <VISIBLE>)
11-10 14:37:26.254 13683 13683 I ViewInteraction: Checking 'MatchesViewAssertion(Detox){viewMatcher=(view has effective visibility <VISIBLE> and view.getGlobalVisibleRect() covers at least <75> percent of the view's area)}' assertion on view (view.getTag() is "login-submit" and view has effective visibility <VISIBLE>)
11-10 14:37:26.292 13683 13683 I ViewInteraction: Checking 'MatchesViewAssertion(Detox){viewMatcher=(view has effective visibility <VISIBLE> and view.getGlobalVisibleRect() covers at least <75> percent of the view's area)}' assertion on view (view.getTag() is "login-submit" and view has effective visibility <VISIBLE>)
11-10 14:37:26.333 13683 13683 I ViewInteraction: Checking 'MatchesViewAssertion(Detox){viewMatcher=(view has effective visibility <VISIBLE> and view.getGlobalVisibleRect() covers at least <75> percent of the view's area)}' assertion on view (view.getTag() is "login-submit" and view has effective visibility <VISIBLE>)
11-10 14:37:26.362 13683 13683 I ViewInteraction: Checking 'MatchesViewAssertion(Detox){viewMatcher=(view has effective visibility <VISIBLE> and view.getGlobalVisibleRect() covers at least <75> percent of the view's area)}' assertion on view (view.getTag() is "login-submit" and view has effective visibility <VISIBLE>)
11-10 14:37:26.391 13683 13683 I ViewInteraction: Checking 'MatchesViewAssertion(Detox){viewMatcher=(view has effective visibility <VISIBLE> and view.getGlobalVisibleRect() covers at least <75> percent of the view's area)}' assertion on view (view.getTag() is "login-submit" and view has effective visibility <VISIBLE>)
11-10 14:37:26.421 13683 13683 I ViewInteraction: Checking 'MatchesViewAssertion(Detox){viewMatcher=(view has effective visibility <VISIBLE> and view.getGlobalVisibleRect() covers at least <75> percent of the view's area)}' assertion on view (view.getTag() is "login-submit" and view has effective visibility <VISIBLE>)
11-10 14:37:26.450 13683 13683 I ViewInteraction: Checking 'MatchesViewAssertion(Detox){viewMatcher=(view has effective visibility <VISIBLE> and view.getGlobalVisibleRect() covers at least <75> percent of the view's area)}' assertion on view (view.getTag() is "login-submit" and view has effective visibility <VISIBLE>)
11-10 14:37:26.479 13683 13683 I ViewInteraction: Checking 'MatchesViewAssertion(Detox){viewMatcher=(view has effective visibility <VISIBLE> and view.getGlobalVisibleRect() covers at least <75> percent of the view's area)}' assertion on view (view.getTag() is "login-submit" and view has effective visibility <VISIBLE>)
11-10 14:37:26.514 13683 13683 I ViewInteraction: Checking 'MatchesViewAssertion(Detox){viewMatcher=(view has effective visibility <VISIBLE> and view.getGlobalVisibleRect() covers at least <75> percent of the view's area)}' assertion on view (view.getTag() is "login-submit" and view has effective visibility <VISIBLE>)
11-10 14:37:26.547 13683 13683 I ViewInteraction: Checking 'MatchesViewAssertion(Detox){viewMatcher=(view has effective visibility <VISIBLE> and view.getGlobalVisibleRect() covers at least <75> percent of the view's area)}' assertion on view (view.getTag() is "login-submit" and view has effective visibility <VISIBLE>)
11-10 14:37:26.583 13683 13683 I ViewInteraction: Checking 'MatchesViewAssertion(Detox){viewMatcher=(view has effective visibility <VISIBLE> and view.getGlobalVisibleRect() covers at least <75> percent of the view's area)}' assertion on view (view.getTag() is "login-submit" and view has effective visibility <VISIBLE>)
11-10 14:37:26.609 13683 13735 D DetoxWSClient: Received action 'currentStatus' (ID #3, params={})
11-10 14:37:26.612 13683 13731 I DetoxDispatcher: Handling action 'currentStatus' (ID #3)...
11-10 14:37:26.617 13683 13683 I ViewInteraction: Checking 'MatchesViewAssertion(Detox){viewMatcher=(view has effective visibility <VISIBLE> and view.getGlobalVisibleRect() covers at least <75> percent of the view's area)}' assertion on view (view.getTag() is "login-submit" and view has effective visibility <VISIBLE>)
11-10 14:37:26.622 13683 13731 I DetoxWSClient: Sending out action 'currentStatusResult' (ID #3)
11-10 14:37:26.623 13683 13731 I DetoxDispatcher: Done with action 'currentStatus'
11-10 14:37:26.647 13683 13683 I ViewInteraction: Checking 'MatchesViewAssertion(Detox){viewMatcher=(view has effective visibility <VISIBLE> and view.getGlobalVisibleRect() covers at least <75> percent of the view's area)}' assertion on view (view.getTag() is "login-submit" and view has effective visibility <VISIBLE>)
11-10 14:37:26.685 13683 13683 I ViewInteraction: Checking 'MatchesViewAssertion(Detox){viewMatcher=(view has effective visibility <VISIBLE> and view.getGlobalVisibleRect() covers at least <75> percent of the view's area)}' assertion on view (view.getTag() is "login-submit" and view has effective visibility <VISIBLE>)
11-10 14:37:26.715 13683 13683 I ViewInteraction: Checking 'MatchesViewAssertion(Detox){viewMatcher=(view has effective visibility <VISIBLE> and view.getGlobalVisibleRect() covers at least <75> percent of the view's area)}' assertion on view (view.getTag() is "login-submit" and view has effective visibility <VISIBLE>)
11-10 14:37:26.744 13683 13683 I ViewInteraction: Checking 'MatchesViewAssertion(Detox){viewMatcher=(view has effective visibility <VISIBLE> and view.getGlobalVisibleRect() covers at least <75> percent of the view's area)}' assertion on view (view.getTag() is "login-submit" and view has effective visibility <VISIBLE>)
11-10 14:37:26.774 13683 13683 I ViewInteraction: Checking 'MatchesViewAssertion(Detox){viewMatcher=(view has effective visibility <VISIBLE> and view.getGlobalVisibleRect() covers at least <75> percent of the view's area)}' assertion on view (view.getTag() is "login-submit" and view has effective visibility <VISIBLE>)
11-10 14:37:26.821 13683 13683 I ViewInteraction: Checking 'MatchesViewAssertion(Detox){viewMatcher=(view has effective visibility <VISIBLE> and view.getGlobalVisibleRect() covers at least <75> percent of the view's area)}' assertion on view (view.getTag() is "login-submit" and view has effective visibility <VISIBLE>)
11-10 14:37:26.859 13683 13683 I ViewInteraction: Checking 'MatchesViewAssertion(Detox){viewMatcher=(view has effective visibility <VISIBLE> and view.getGlobalVisibleRect() covers at least <75> percent of the view's area)}' assertion on view (view.getTag() is "login-submit" and view has effective visibility <VISIBLE>)
11-10 14:37:26.898 13683 13683 I ViewInteraction: Checking 'MatchesViewAssertion(Detox){viewMatcher=(view has effective visibility <VISIBLE> and view.getGlobalVisibleRect() covers at least <75> percent of the view's area)}' assertion on view (view.getTag() is "login-submit" and view has effective visibility <VISIBLE>)
11-10 14:37:26.938 13683 13683 I ViewInteraction: Checking 'MatchesViewAssertion(Detox){viewMatcher=(view has effective visibility <VISIBLE> and view.getGlobalVisibleRect() covers at least <75> percent of the view's area)}' assertion on view (view.getTag() is "login-submit" and view has effective visibility <VISIBLE>)
11-10 14:37:26.979 13683 13683 I ViewInteraction: Checking 'MatchesViewAssertion(Detox){viewMatcher=(view has effective visibility <VISIBLE> and view.getGlobalVisibleRect() covers at least <75> percent of the view's area)}' assertion on view (view.getTag() is "login-submit" and view has effective visibility <VISIBLE>)
11-10 14:37:27.018 13683 13683 I ViewInteraction: Checking 'MatchesViewAssertion(Detox){viewMatcher=(view has effective visibility <VISIBLE> and view.getGlobalVisibleRect() covers at least <75> percent of the view's area)}' assertion on view (view.getTag() is "login-submit" and view has effective visibility <VISIBLE>)
11-10 14:37:27.057 13683 13683 I ViewInteraction: Checking 'MatchesViewAssertion(Detox){viewMatcher=(view has effective visibility <VISIBLE> and view.getGlobalVisibleRect() covers at least <75> percent of the view's area)}' assertion on view (view.getTag() is "login-submit" and view has effective visibility <VISIBLE>)
11-10 14:37:27.104 13683 13683 I ViewInteraction: Checking 'MatchesViewAssertion(Detox){viewMatcher=(view has effective visibility <VISIBLE> and view.getGlobalVisibleRect() covers at least <75> percent of the view's area)}' assertion on view (view.getTag() is "login-submit" and view has effective visibility <VISIBLE>)
11-10 14:37:27.158 13683 13683 I ViewInteraction: Checking 'MatchesViewAssertion(Detox){viewMatcher=(view has effective visibility <VISIBLE> and view.getGlobalVisibleRect() covers at least <75> percent of the view's area)}' assertion on view (view.getTag() is "login-submit" and view has effective visibility <VISIBLE>)
11-10 14:37:27.171 13683 13688 I pp.seguritacapp: Background concurrent mark compact GC freed 17MB AllocSpace bytes, 78(2928KB) LOS objects, 49% free, 18MB/36MB, paused 3.923ms,4.022ms total 112.994ms
11-10 14:37:27.193 13683 13683 I ViewInteraction: Checking 'MatchesViewAssertion(Detox){viewMatcher=(view has effective visibility <VISIBLE> and view.getGlobalVisibleRect() covers at least <75> percent of the view's area)}' assertion on view (view.getTag() is "login-submit" and view has effective visibility <VISIBLE>)
11-10 14:37:27.230 13683 13683 I ViewInteraction: Checking 'MatchesViewAssertion(Detox){viewMatcher=(view has effective visibility <VISIBLE> and view.getGlobalVisibleRect() covers at least <75> percent of the view's area)}' assertion on view (view.getTag() is "login-submit" and view has effective visibility <VISIBLE>)
11-10 14:37:27.270 13683 13683 I ViewInteraction: Checking 'MatchesViewAssertion(Detox){viewMatcher=(view has effective visibility <VISIBLE> and view.getGlobalVisibleRect() covers at least <75> percent of the view's area)}' assertion on view (view.getTag() is "login-submit" and view has effective visibility <VISIBLE>)
11-10 14:37:27.308 13683 13683 I ViewInteraction: Checking 'MatchesViewAssertion(Detox){viewMatcher=(view has effective visibility <VISIBLE> and view.getGlobalVisibleRect() covers at least <75> percent of the view's area)}' assertion on view (view.getTag() is "login-submit" and view has effective visibility <VISIBLE>)
11-10 14:37:27.346 13683 13683 I ViewInteraction: Checking 'MatchesViewAssertion(Detox){viewMatcher=(view has effective visibility <VISIBLE> and view.getGlobalVisibleRect() covers at least <75> percent of the view's area)}' assertion on view (view.getTag() is "login-submit" and view has effective visibility <VISIBLE>)
11-10 14:37:27.389 13683 13683 I ViewInteraction: Checking 'MatchesViewAssertion(Detox){viewMatcher=(view has effective visibility <VISIBLE> and view.getGlobalVisibleRect() covers at least <75> percent of the view's area)}' assertion on view (view.getTag() is "login-submit" and view has effective visibility <VISIBLE>)
11-10 14:37:27.429 13683 13683 I ViewInteraction: Checking 'MatchesViewAssertion(Detox){viewMatcher=(view has effective visibility <VISIBLE> and view.getGlobalVisibleRect() covers at least <75> percent of the view's area)}' assertion on view (view.getTag() is "login-submit" and view has effective visibility <VISIBLE>)
11-10 14:37:27.467 13683 13683 I ViewInteraction: Checking 'MatchesViewAssertion(Detox){viewMatcher=(view has effective visibility <VISIBLE> and view.getGlobalVisibleRect() covers at least <75> percent of the view's area)}' assertion on view (view.getTag() is "login-submit" and view has effective visibility <VISIBLE>)
11-10 14:37:27.511 13683 13683 I ViewInteraction: Checking 'MatchesViewAssertion(Detox){viewMatcher=(view has effective visibility <VISIBLE> and view.getGlobalVisibleRect() covers at least <75> percent of the view's area)}' assertion on view (view.getTag() is "login-submit" and view has effective visibility <VISIBLE>)
11-10 14:37:27.551 13683 13683 I ViewInteraction: Checking 'MatchesViewAssertion(Detox){viewMatcher=(view has effective visibility <VISIBLE> and view.getGlobalVisibleRect() covers at least <75> percent of the view's area)}' assertion on view (view.getTag() is "login-submit" and view has effective visibility <VISIBLE>)
11-10 14:37:27.592 13683 13683 I ViewInteraction: Checking 'MatchesViewAssertion(Detox){viewMatcher=(view has effective visibility <VISIBLE> and view.getGlobalVisibleRect() covers at least <75> percent of the view's area)}' assertion on view (view.getTag() is "login-submit" and view has effective visibility <VISIBLE>)
11-10 14:37:27.633 13683 13683 I ViewInteraction: Checking 'MatchesViewAssertion(Detox){viewMatcher=(view has effective visibility <VISIBLE> and view.getGlobalVisibleRect() covers at least <75> percent of the view's area)}' assertion on view (view.getTag() is "login-submit" and view has effective visibility <VISIBLE>)
11-10 14:37:27.672 13683 13683 I ViewInteraction: Checking 'MatchesViewAssertion(Detox){viewMatcher=(view has effective visibility <VISIBLE> and view.getGlobalVisibleRect() covers at least <75> percent of the view's area)}' assertion on view (view.getTag() is "login-submit" and view has effective visibility <VISIBLE>)
11-10 14:37:27.715 13683 13683 I ViewInteraction: Checking 'MatchesViewAssertion(Detox){viewMatcher=(view has effective visibility <VISIBLE> and view.getGlobalVisibleRect() covers at least <75> percent of the view's area)}' assertion on view (view.getTag() is "login-submit" and view has effective visibility <VISIBLE>)
11-10 14:37:27.765 13683 13683 I ViewInteraction: Checking 'MatchesViewAssertion(Detox){viewMatcher=(view has effective visibility <VISIBLE> and view.getGlobalVisibleRect() covers at least <75> percent of the view's area)}' assertion on view (view.getTag() is "login-submit" and view has effective visibility <VISIBLE>)
11-10 14:37:27.822 13683 13683 I ViewInteraction: Checking 'MatchesViewAssertion(Detox){viewMatcher=(view has effective visibility <VISIBLE> and view.getGlobalVisibleRect() covers at least <75> percent of the view's area)}' assertion on view (view.getTag() is "login-submit" and view has effective visibility <VISIBLE>)
11-10 14:37:27.828 13683 13688 I pp.seguritacapp: Background concurrent mark compact GC freed 17MB AllocSpace bytes, 79(2968KB) LOS objects, 49% free, 18MB/36MB, paused 2.636ms,5.270ms total 113.369ms
11-10 14:37:27.855 13683 13683 I ViewInteraction: Checking 'MatchesViewAssertion(Detox){viewMatcher=(view has effective visibility <VISIBLE> and view.getGlobalVisibleRect() covers at least <75> percent of the view's area)}' assertion on view (view.getTag() is "login-submit" and view has effective visibility <VISIBLE>)
11-10 14:37:27.883 13683 13683 I ViewInteraction: Checking 'MatchesViewAssertion(Detox){viewMatcher=(view has effective visibility <VISIBLE> and view.getGlobalVisibleRect() covers at least <75> percent of the view's area)}' assertion on view (view.getTag() is "login-submit" and view has effective visibility <VISIBLE>)
11-10 14:37:27.911 13683 13683 I ViewInteraction: Checking 'MatchesViewAssertion(Detox){viewMatcher=(view has effective visibility <VISIBLE> and view.getGlobalVisibleRect() covers at least <75> percent of the view's area)}' assertion on view (view.getTag() is "login-submit" and view has effective visibility <VISIBLE>)
11-10 14:37:27.951 13683 13683 I ViewInteraction: Checking 'MatchesViewAssertion(Detox){viewMatcher=(view has effective visibility <VISIBLE> and view.getGlobalVisibleRect() covers at least <75> percent of the view's area)}' assertion on view (view.getTag() is "login-submit" and view has effective visibility <VISIBLE>)
11-10 14:37:27.982 13683 13683 I ViewInteraction: Checking 'MatchesViewAssertion(Detox){viewMatcher=(view has effective visibility <VISIBLE> and view.getGlobalVisibleRect() covers at least <75> percent of the view's area)}' assertion on view (view.getTag() is "login-submit" and view has effective visibility <VISIBLE>)
11-10 14:37:28.012 13683 13683 I ViewInteraction: Checking 'MatchesViewAssertion(Detox){viewMatcher=(view has effective visibility <VISIBLE> and view.getGlobalVisibleRect() covers at least <75> percent of the view's area)}' assertion on view (view.getTag() is "login-submit" and view has effective visibility <VISIBLE>)
11-10 14:37:28.043 13683 13683 I ViewInteraction: Checking 'MatchesViewAssertion(Detox){viewMatcher=(view has effective visibility <VISIBLE> and view.getGlobalVisibleRect() covers at least <75> percent of the view's area)}' assertion on view (view.getTag() is "login-submit" and view has effective visibility <VISIBLE>)
11-10 14:37:28.075 13683 13683 I ViewInteraction: Checking 'MatchesViewAssertion(Detox){viewMatcher=(view has effective visibility <VISIBLE> and view.getGlobalVisibleRect() covers at least <75> percent of the view's area)}' assertion on view (view.getTag() is "login-submit" and view has effective visibility <VISIBLE>)
11-10 14:37:28.105 13683 13683 I ViewInteraction: Checking 'MatchesViewAssertion(Detox){viewMatcher=(view has effective visibility <VISIBLE> and view.getGlobalVisibleRect() covers at least <75> percent of the view's area)}' assertion on view (view.getTag() is "login-submit" and view has effective visibility <VISIBLE>)
11-10 14:37:28.135 13683 13683 I ViewInteraction: Checking 'MatchesViewAssertion(Detox){viewMatcher=(view has effective visibility <VISIBLE> and view.getGlobalVisibleRect() covers at least <75> percent of the view's area)}' assertion on view (view.getTag() is "login-submit" and view has effective visibility <VISIBLE>)
11-10 14:37:28.164 13683 13683 I ViewInteraction: Checking 'MatchesViewAssertion(Detox){viewMatcher=(view has effective visibility <VISIBLE> and view.getGlobalVisibleRect() covers at least <75> percent of the view's area)}' assertion on view (view.getTag() is "login-submit" and view has effective visibility <VISIBLE>)
11-10 14:37:28.202 13683 13683 I ViewInteraction: Checking 'MatchesViewAssertion(Detox){viewMatcher=(view has effective visibility <VISIBLE> and view.getGlobalVisibleRect() covers at least <75> percent of the view's area)}' assertion on view (view.getTag() is "login-submit" and view has effective visibility <VISIBLE>)
11-10 14:37:28.242 13683 13683 I ViewInteraction: Checking 'MatchesViewAssertion(Detox){viewMatcher=(view has effective visibility <VISIBLE> and view.getGlobalVisibleRect() covers at least <75> percent of the view's area)}' assertion on view (view.getTag() is "login-submit" and view has effective visibility <VISIBLE>)
11-10 14:37:28.284 13683 13683 I ViewInteraction: Checking 'MatchesViewAssertion(Detox){viewMatcher=(view has effective visibility <VISIBLE> and view.getGlobalVisibleRect() covers at least <75> percent of the view's area)}' assertion on view (view.getTag() is "login-submit" and view has effective visibility <VISIBLE>)
11-10 14:37:28.330 13683 13683 I ViewInteraction: Checking 'MatchesViewAssertion(Detox){viewMatcher=(view has effective visibility <VISIBLE> and view.getGlobalVisibleRect() covers at least <75> percent of the view's area)}' assertion on view (view.getTag() is "login-submit" and view has effective visibility <VISIBLE>)
11-10 14:37:28.369 13683 13683 I ViewInteraction: Checking 'MatchesViewAssertion(Detox){viewMatcher=(view has effective visibility <VISIBLE> and view.getGlobalVisibleRect() covers at least <75> percent of the view's area)}' assertion on view (view.getTag() is "login-submit" and view has effective visibility <VISIBLE>)
11-10 14:37:28.384 13683 13688 I pp.seguritacapp: Background concurrent mark compact GC freed 17MB AllocSpace bytes, 82(3088KB) LOS objects, 49% free, 18MB/36MB, paused 2.221ms,3.486ms total 100.485ms
11-10 14:37:28.398 13683 13683 I ViewInteraction: Checking 'MatchesViewAssertion(Detox){viewMatcher=(view has effective visibility <VISIBLE> and view.getGlobalVisibleRect() covers at least <75> percent of the view's area)}' assertion on view (view.getTag() is "login-submit" and view has effective visibility <VISIBLE>)
11-10 14:37:28.427 13683 13683 I ViewInteraction: Checking 'MatchesViewAssertion(Detox){viewMatcher=(view has effective visibility <VISIBLE> and view.getGlobalVisibleRect() covers at least <75> percent of the view's area)}' assertion on view (view.getTag() is "login-submit" and view has effective visibility <VISIBLE>)
11-10 14:37:28.455 13683 13683 I ViewInteraction: Checking 'MatchesViewAssertion(Detox){viewMatcher=(view has effective visibility <VISIBLE> and view.getGlobalVisibleRect() covers at least <75> percent of the view's area)}' assertion on view (view.getTag() is "login-submit" and view has effective visibility <VISIBLE>)
11-10 14:37:28.484 13683 13683 I ViewInteraction: Checking 'MatchesViewAssertion(Detox){viewMatcher=(view has effective visibility <VISIBLE> and view.getGlobalVisibleRect() covers at least <75> percent of the view's area)}' assertion on view (view.getTag() is "login-submit" and view has effective visibility <VISIBLE>)
11-10 14:37:28.512 13683 13683 I ViewInteraction: Checking 'MatchesViewAssertion(Detox){viewMatcher=(view has effective visibility <VISIBLE> and view.getGlobalVisibleRect() covers at least <75> percent of the view's area)}' assertion on view (view.getTag() is "login-submit" and view has effective visibility <VISIBLE>)
11-10 14:37:28.539 13683 13683 I ViewInteraction: Checking 'MatchesViewAssertion(Detox){viewMatcher=(view has effective visibility <VISIBLE> and view.getGlobalVisibleRect() covers at least <75> percent of the view's area)}' assertion on view (view.getTag() is "login-submit" and view has effective visibility <VISIBLE>)
11-10 14:37:28.568 13683 13683 I ViewInteraction: Checking 'MatchesViewAssertion(Detox){viewMatcher=(view has effective visibility <VISIBLE> and view.getGlobalVisibleRect() covers at least <75> percent of the view's area)}' assertion on view (view.getTag() is "login-submit" and view has effective visibility <VISIBLE>)
11-10 14:37:28.605 13683 13683 I ViewInteraction: Checking 'MatchesViewAssertion(Detox){viewMatcher=(view has effective visibility <VISIBLE> and view.getGlobalVisibleRect() covers at least <75> percent of the view's area)}' assertion on view (view.getTag() is "login-submit" and view has effective visibility <VISIBLE>)
11-10 14:37:28.629 13683 13730 I DetoxActionHandlers: Test exception
11-10 14:37:28.629 13683 13730 I DetoxActionHandlers: java.lang.reflect.InvocationTargetException
11-10 14:37:28.629 13683 13730 I DetoxActionHandlers: 	at java.lang.reflect.Method.invoke(Native Method)
11-10 14:37:28.629 13683 13730 I DetoxActionHandlers