11-14 17:19:09.082  3805  4649 W unknown:ViewManagerPropertyUpdater: Could not find generated setter for class com.horcrux.svg.RenderableViewManager$TextViewManager
11-14 17:19:09.088  3805  4649 W unknown:ViewManagerPropertyUpdater: Could not find generated setter for class com.horcrux.svg.RenderableViewManager$ImageViewManager
11-14 17:19:09.098  3805  4649 W unknown:ViewManagerPropertyUpdater: Could not find generated setter for class com.horcrux.svg.RenderableViewManager$RadialGradientManager
11-14 17:19:09.105  3805  4649 W unknown:ViewManagerPropertyUpdater: Could not find generated setter for class com.horcrux.svg.RenderableViewManager$MaskManager
11-14 17:19:09.108  3805  4649 W unknown:ViewManagerPropertyUpdater: Could not find generated setter for class com.horcrux.svg.RenderableViewManager$RectViewManager
11-14 17:19:09.115  3805  4649 W unknown:ViewManagerPropertyUpdater: Could not find generated setter for class com.horcrux.svg.RenderableViewManager$TextPathViewManager
11-14 17:19:09.119  3805  4649 W unknown:ViewManagerPropertyUpdater: Could not find generated setter for class com.horcrux.svg.RenderableViewManager$FeOffsetManager
11-14 17:19:09.121  3805  4649 W unknown:ViewManagerPropertyUpdater: Could not find generated setter for class com.horcrux.svg.RenderableViewManager$PathViewManager
11-14 17:19:09.129  3805  4649 W unknown:ViewManagerPropertyUpdater: Could not find generated setter for class com.reactnativecommunity.webview.RNCWebViewManager
11-14 17:19:09.194  3805  4649 D Detox.RNMarker: CREATE_MODULE_END (UIManager)
11-14 17:19:09.341  3805  4649 D Detox.RNMarker: REACT_BRIDGE_LOADING_END (null)
11-14 17:19:09.352  3805  3805 I ExpoDevMenu: Delegate's context was loaded.
11-14 17:19:09.401  3805  3805 D Detox.RNMarker: CREATE_MODULE_START (Appearance)
11-14 17:19:09.402  3805  3805 D Detox.RNMarker: CREATE_MODULE_END (Appearance)
11-14 17:19:09.403  3805  3805 W DevLauncher: java.lang.NoSuchFieldException: No field mOverrideColorScheme in class Lcom/facebook/react/modules/appearance/AppearanceModule; (declaration of 'com.facebook.react.modules.appearance.AppearanceModule' appears in /data/app/~~6LBaDbuEp7HwHgtm9ZzEbw==/com.tuapp.seguritacapp-DO3IxEo68l8onzMLIh-Gkg==/base.apk!classes5.dex)
11-14 17:19:09.403  3805  3805 W DevLauncher: 	at java.lang.Class.getDeclaredField(Native Method)
11-14 17:19:09.403  3805  3805 W DevLauncher: 	at expo.modules.devlauncher.helpers.DevLauncherReflectionExtensionsKt.setProtectedDeclaredField(DevLauncherReflectionExtensions.kt:21)
11-14 17:19:09.403  3805  3805 W DevLauncher: 	at expo.modules.devlauncher.launcher.loaders.DevLauncherExpoAppLoader.applyUserInterfaceStyle(DevLauncherExpoAppLoader.kt:51)
11-14 17:19:09.403  3805  3805 W DevLauncher: 	at expo.modules.devlauncher.launcher.loaders.DevLauncherExpoAppLoader.onReactContext(DevLauncherExpoAppLoader.kt:39)
11-14 17:19:09.403  3805  3805 W DevLauncher: 	at expo.modules.devlauncher.launcher.loaders.DevLauncherAppLoader$createOnDelegateWillBeCreatedListener$1$2.onReactContextInitialized(DevLauncherAppLoader.kt:57)
11-14 17:19:09.403  3805  3805 W DevLauncher: 	at com.facebook.react.ReactInstanceManager.lambda$setupReactContext$3(ReactInstanceManager.java:1291)
11-14 17:19:09.403  3805  3805 W DevLauncher: 	at com.facebook.react.ReactInstanceManager.$r8$lambda$pu7uI5W8XB5vLxNQmijLRH5XPtQ(Unknown Source:0)
11-14 17:19:09.403  3805  3805 W DevLauncher: 	at com.facebook.react.ReactInstanceManager$$ExternalSyntheticLambda4.run(D8$$SyntheticClass:0)
11-14 17:19:09.403  3805  3805 W DevLauncher: 	at android.os.Handler.handleCallback(Handler.java:958)
11-14 17:19:09.403  3805  3805 W DevLauncher: 	at android.os.Handler.dispatchMessage(Handler.java:99)
11-14 17:19:09.403  3805  3805 W DevLauncher: 	at android.os.Looper.loopOnce(Looper.java:205)
11-14 17:19:09.403  3805  3805 W DevLauncher: 	at android.os.Looper.loop(Looper.java:294)
11-14 17:19:09.403  3805  3805 W DevLauncher: 	at android.app.ActivityThread.main(ActivityThread.java:8177)
11-14 17:19:09.403  3805  3805 W DevLauncher: 	at java.lang.reflect.Method.invoke(Native Method)
11-14 17:19:09.403  3805  3805 W DevLauncher: 	at com.android.internal.os.RuntimeInit$MethodAndArgsCaller.run(RuntimeInit.java:552)
11-14 17:19:09.403  3805  3805 W DevLauncher: 	at com.android.internal.os.ZygoteInit.main(ZygoteInit.java:971)
11-14 17:19:09.404  3805  3805 I DetoxRNLoading: Got new RN-context directly through listener
11-14 17:19:09.404  3805  3805 D Detox.RNMarker: BUILD_REACT_INSTANCE_MANAGER_START (null)
11-14 17:19:09.405  3805  3805 W SoLoader: SoLoader already initialized
11-14 17:19:09.416  3805  3805 D Detox.RNMarker: BUILD_REACT_INSTANCE_MANAGER_END (null)
11-14 17:19:09.417  3805  3805 W SoLoader: SoLoader already initialized
11-14 17:19:09.425  3805  3805 D Detox.RNMarker: REACT_BRIDGE_LOADING_START (null)
11-14 17:19:09.441  3805  4785 D Detox.RNMarker: CREATE_REACT_CONTEXT_START (HermesExecutorDebug)
11-14 17:19:09.441  3805  4785 D Detox.RNMarker: PROCESS_PACKAGES_START (null)
11-14 17:19:09.457  3805  4785 D Detox.RNMarker: CREATE_MODULE_START (FrescoModule)
11-14 17:19:09.458  3805  4785 D Detox.RNMarker: CREATE_MODULE_END (FrescoModule)
11-14 17:19:09.484  3805  4785 I ExpoModulesCore: âœ… AppContext was initialized
11-14 17:19:09.485  3805  4785 D Detox.RNMarker: PROCESS_PACKAGES_END (null)
11-14 17:19:09.485  3805  4785 D Detox.RNMarker: CREATE_CATALYST_INSTANCE_START (null)
11-14 17:19:09.489  3805  4784 D TrafficStats: tagSocket(141) with statsTag=0xffffffff, statsUid=-1
11-14 17:19:09.601  3805  4785 D Detox.RNMarker: CREATE_CATALYST_INSTANCE_END (null)
11-14 17:19:09.601  3805  4785 D Detox.RNMarker: PRE_RUN_JS_BUNDLE_START (null)
11-14 17:19:09.602  3805  4790 D Detox.RNMarker: CREATE_REACT_CONTEXT_END (null)
11-14 17:19:09.631  3805  4790 D Detox.RNMarker: RUN_JS_BUNDLE_START (EXDevMenuApp.android.js)
11-14 17:19:09.631  3805  4791 D Detox.RNMarker: REACT_BRIDGE_LOADING_END (null)
11-14 17:19:09.636  3805  4791 W unknown:Fresco: Fresco has already been initialized! `Fresco.initialize(...)` should only be called 1 single time to avoid memory leaks!
11-14 17:19:09.641  3805  4791 W unknown:ImagePipelineFactory: ImagePipelineFactory has already been initialized! `ImagePipelineFactory.initialize(...)` should only be called once to avoid unexpected behavior.
11-14 17:19:09.644  3805  3805 D LifecycleMonitor: Lifecycle status change: com.tuapp.seguritacapp.MainActivity@fe3172c in: PAUSED
11-14 17:19:09.710  3805  3805 D LifecycleMonitor: Lifecycle status change: expo.modules.devmenu.DevMenuActivity@d5f7e62 in: PRE_ON_CREATE
11-14 17:19:09.736  3805  4648 D Detox.RNMarker: NATIVE_MODULE_SETUP_END (UIManager)
11-14 17:19:09.886  3805  3805 D LifecycleMonitor: Lifecycle status change: expo.modules.devmenu.DevMenuActivity@d5f7e62 in: CREATED
11-14 17:19:09.903  3805  4648 D Detox.RNMarker: NATIVE_MODULE_SETUP_START (SoundManager)
11-14 17:19:09.903  3805  4648 D Detox.RNMarker: CREATE_MODULE_START (SoundManager)
11-14 17:19:09.904  3805  4648 D Detox.RNMarker: CREATE_MODULE_END (SoundManager)
11-14 17:19:09.904  3805  4648 D Detox.RNMarker: NATIVE_MODULE_SETUP_END (SoundManager)
11-14 17:19:09.928  3805  4790 D Detox.RNMarker: NATIVE_MODULE_SETUP_START (NativePerformanceCxx)
11-14 17:19:09.933  3805  4648 D Detox.RNMarker: NATIVE_MODULE_SETUP_START (ImageLoader)
11-14 17:19:09.933  3805  4648 D Detox.RNMarker: CREATE_MODULE_START (ImageLoader)
11-14 17:19:09.937  3805  4648 D Detox.RNMarker: CREATE_MODULE_END (ImageLoader)
11-14 17:19:09.938  3805  4648 D Detox.RNMarker: NATIVE_MODULE_SETUP_END (ImageLoader)
11-14 17:19:09.943  3805  4790 D Detox.RNMarker: NATIVE_MODULE_SETUP_START (NativeReactNativeFeatureFlagsCxx)
11-14 17:19:09.945  3805  4648 D Detox.RNMarker: NATIVE_MODULE_SETUP_START (IntentAndroid)
11-14 17:19:09.945  3805  4648 D Detox.RNMarker: CREATE_MODULE_START (IntentAndroid)
11-14 17:19:09.946  3805  4648 D Detox.RNMarker: CREATE_MODULE_END (IntentAndroid)
11-14 17:19:09.947  3805  4790 D Detox.RNMarker: NATIVE_MODULE_SETUP_START (RedBox)
11-14 17:19:09.949  3805  4790 D Detox.RNMarker: NATIVE_MODULE_SETUP_START (BugReporting)
11-14 17:19:09.950  3805  4648 D Detox.RNMarker: NATIVE_MODULE_SETUP_END (IntentAndroid)
11-14 17:19:09.952  3805  4790 D Detox.RNMarker: NATIVE_MODULE_SETUP_START (HeadlessJsTaskSupport)
11-14 17:19:09.952  3805  4790 D Detox.RNMarker: CREATE_MODULE_START (HeadlessJsTaskSupport)
11-14 17:19:09.952  3805  4790 D Detox.RNMarker: CREATE_MODULE_END (HeadlessJsTaskSupport)
11-14 17:19:09.953  3805  4648 D Detox.RNMarker: NATIVE_MODULE_SETUP_START (LinkingManager)
11-14 17:19:09.954  3805  4790 D Detox.RNMarker: NATIVE_MODULE_SETUP_END (HeadlessJsTaskSupport)
11-14 17:19:09.961  3805  4790 D Detox.RNMarker: NATIVE_MODULE_SETUP_START (PlatformConstants)
11-14 17:19:09.961  3805  4790 D Detox.RNMarker: CREATE_MODULE_START (PlatformConstants)
11-14 17:19:09.961  3805  4790 D Detox.RNMarker: CREATE_MODULE_END (PlatformConstants)
11-14 17:19:09.965  3805  4790 D Detox.RNMarker: NATIVE_MODULE_SETUP_END (PlatformConstants)
11-14 17:19:09.970  3805  4790 D Detox.RNMarker: NATIVE_MODULE_SETUP_START (SourceCode)
11-14 17:19:09.971  3805  4790 D Detox.RNMarker: CREATE_MODULE_START (SourceCode)
11-14 17:19:09.971  3805  4790 D Detox.RNMarker: CREATE_MODULE_END (SourceCode)
11-14 17:19:09.972  3805  4648 D Detox.RNMarker: NATIVE_MODULE_SETUP_START (DeviceEventManager)
11-14 17:19:09.972  3805  4790 D Detox.RNMarker: NATIVE_MODULE_SETUP_END (SourceCode)
11-14 17:19:09.972  3805  4648 D Detox.RNMarker: CREATE_MODULE_START (DeviceEventManager)
11-14 17:19:09.974  3805  4790 D Detox.RNMarker: NATIVE_MODULE_SETUP_START (DeviceInfo)
11-14 17:19:09.974  3805  4790 D Detox.RNMarker: CREATE_MODULE_START (DeviceInfo)
11-14 17:19:09.975  3805  4790 D Detox.RNMarker: CREATE_MODULE_END (DeviceInfo)
11-14 17:19:09.976  3805  4648 D Detox.RNMarker: CREATE_MODULE_END (DeviceEventManager)
11-14 17:19:09.977  3805  4790 D Detox.RNMarker: NATIVE_MODULE_SETUP_END (DeviceInfo)
11-14 17:19:09.978  3805  4648 D Detox.RNMarker: NATIVE_MODULE_SETUP_END (DeviceEventManager)
11-14 17:19:09.982  3805  4790 D Detox.RNMarker: NATIVE_MODULE_SETUP_START (UIManager)
11-14 17:19:09.982  3805  4790 D Detox.RNMarker: CREATE_MODULE_START (UIManager)
11-14 17:19:09.996  3805  4790 D Detox.RNMarker: CREATE_MODULE_END (UIManager)
11-14 17:19:10.025  3805  4648 D Detox.RNMarker: NATIVE_MODULE_SETUP_START (ReanimatedModule)
11-14 17:19:10.025  3805  4648 D Detox.RNMarker: CREATE_MODULE_START (ReanimatedModule)
11-14 17:19:10.029  3805  4648 D Detox.RNMarker: CREATE_MODULE_END (ReanimatedModule)
11-14 17:19:10.030  3805  4648 D Detox.RNMarker: NATIVE_MODULE_SETUP_END (ReanimatedModule)
11-14 17:19:10.060  3805  4790 D Detox.RNMarker: NATIVE_MODULE_SETUP_END (UIManager)
11-14 17:19:10.072  3805  4790 D Detox.RNMarker: NATIVE_MODULE_SETUP_START (DeviceEventManager)
11-14 17:19:10.072  3805  4790 D Detox.RNMarker: CREATE_MODULE_START (DeviceEventManager)
11-14 17:19:10.073  3805  4790 D Detox.RNMarker: CREATE_MODULE_END (DeviceEventManager)
11-14 17:19:10.073  3805  4790 D Detox.RNMarker: NATIVE_MODULE_SETUP_END (DeviceEventManager)
11-14 17:19:10.080  3805  3805 D LifecycleMonitor: Lifecycle status change: expo.modules.devmenu.DevMenuActivity@d5f7e62 in: STARTED
11-14 17:19:10.082  3805  4790 D Detox.RNMarker: NATIVE_MODULE_SETUP_START (RNSModule)
11-14 17:19:10.084  3805  3805 D LifecycleMonitor: Lifecycle status change: expo.modules.devmenu.DevMenuActivity@d5f7e62 in: RESUMED
11-14 17:19:10.091  3805  4790 D Detox.RNMarker: NATIVE_MODULE_SETUP_START (NativeAnimatedModule)
11-14 17:19:10.091  3805  4790 D Detox.RNMarker: CREATE_MODULE_START (NativeAnimatedModule)
11-14 17:19:10.101  3805  4790 D Detox.RNMarker: CREATE_MODULE_END (NativeAnimatedModule)
11-14 17:19:10.125  3805  4790 D Detox.RNMarker: NATIVE_MODULE_SETUP_END (NativeAnimatedModule)
11-14 17:19:10.132  3805  4825 D TrafficStats: tagSocket(148) with statsTag=0xffffffff, statsUid=-1
11-14 17:19:10.195  3805  3816 I pp.seguritacapp: NativeAlloc concurrent copying GC freed 154111(27MB) AllocSpace objects, 5(228KB) LOS objects, 49% free, 11MB/23MB, paused 1.395ms,229us total 396.391ms
11-14 17:19:10.207  3805  4649 I WebViewFactory: Loading com.google.android.webview version 113.0.5672.136 (code 567263637)
11-14 17:19:10.208  3805  4131 E OpenGLRenderer: Unable to match the desired swap behavior.
11-14 17:19:10.233  3805  4648 W pp.seguritacapp: CheckJNI: method to register "installJSIBindings" not in the given class. This is slow, consider changing your RegisterNatives calls.
11-14 17:19:10.235  3805  4649 W ziparchive: Unable to open '/data/app/~~fmgNedJyHvubhq7NodBlsA==/com.google.android.trichromelibrary_567263637-tFTwnlotnRf56F7V1w-MoA==/TrichromeLibrary.dm': No such file or directory
11-14 17:19:10.235  3805  4649 W ziparchive: Unable to open '/data/app/~~fmgNedJyHvubhq7NodBlsA==/com.google.android.trichromelibrary_567263637-tFTwnlotnRf56F7V1w-MoA==/TrichromeLibrary.dm': No such file or directory
11-14 17:19:10.236  3805  4649 W pp.seguritacapp: Entry not found
11-14 17:19:10.248  3805  4649 D nativeloader: Configuring clns-10 for other apk /data/app/~~fmgNedJyHvubhq7NodBlsA==/com.google.android.trichromelibrary_567263637-tFTwnlotnRf56F7V1w-MoA==/TrichromeLibrary.apk. target_sdk_version=34, uses_libraries=ALL, library_path=/data/app/~~7vUJou8m605njuqXJ0jZ0A==/com.google.android.webview-uTcw3rJhQxaaGQ9zXM9-Hg==/lib/x86_64:/data/app/~~7vUJou8m605njuqXJ0jZ0A==/com.google.android.webview-uTcw3rJhQxaaGQ9zXM9-Hg==/WebViewGoogle.apk!/lib/x86_64:/data/app/~~fmgNedJyHvubhq7NodBlsA==/com.google.android.trichromelibrary_567263637-tFTwnlotnRf56F7V1w-MoA==/TrichromeLibrary.apk!/lib/x86_64, permitted_path=/data:/mnt/expand
11-14 17:19:10.266  3805  4649 D nativeloader: Configuring clns-11 for other apk /data/app/~~7vUJou8m605njuqXJ0jZ0A==/com.google.android.webview-uTcw3rJhQxaaGQ9zXM9-Hg==/WebViewGoogle.apk. target_sdk_version=34, uses_libraries=, library_path=/data/app/~~7vUJou8m605njuqXJ0jZ0A==/com.google.android.webview-uTcw3rJhQxaaGQ9zXM9-Hg==/lib/x86_64:/data/app/~~7vUJou8m605njuqXJ0jZ0A==/com.google.android.webview-uTcw3rJhQxaaGQ9zXM9-Hg==/WebViewGoogle.apk!/lib/x86_64:/data/app/~~fmgNedJyHvubhq7NodBlsA==/com.google.android.trichromelibrary_567263637-tFTwnlotnRf56F7V1w-MoA==/TrichromeLibrary.apk!/lib/x86_64, permitted_path=/data:/mnt/expand
11-14 17:19:10.287  3805  4648 D Detox.RNMarker: CREATE_MODULE_START (RNGestureHandlerModule)
11-14 17:19:10.357  3805  4648 D Detox.RNMarker: CREATE_MODULE_END (RNGestureHandlerModule)
11-14 17:19:10.515  3805  4649 W pp.seguritacapp: Accessing hidden method Landroid/os/Trace;->isTagEnabled(J)Z (unsupported, reflection, allowed)
11-14 17:19:10.515  3805  4649 W pp.seguritacapp: Accessing hidden method Landroid/os/Trace;->traceBegin(JLjava/lang/String;)V (unsupported, reflection, allowed)
11-14 17:19:10.515  3805  4649 W pp.seguritacapp: Accessing hidden method Landroid/os/Trace;->traceEnd(J)V (unsupported, reflection, allowed)
11-14 17:19:10.515  3805  4649 W pp.seguritacapp: Accessing hidden method Landroid/os/Trace;->asyncTraceBegin(JLjava/lang/String;I)V (unsupported, reflection, allowed)
11-14 17:19:10.516  3805  4649 W pp.seguritacapp: Accessing hidden method Landroid/os/Trace;->asyncTraceEnd(JLjava/lang/String;I)V (unsupported, reflection, allowed)
11-14 17:19:10.529  3805  4790 D Detox.RNMarker: NATIVE_MODULE_SETUP_START (SoundManager)
11-14 17:19:10.530  3805  4790 D Detox.RNMarker: CREATE_MODULE_START (SoundManager)
11-14 17:19:10.533  3805  4790 D Detox.RNMarker: CREATE_MODULE_END (SoundManager)
11-14 17:19:10.534  3805  4790 D Detox.RNMarker: NATIVE_MODULE_SETUP_END (SoundManager)
11-14 17:19:10.655  3805  4649 I cr_WVCFactoryProvider: Loaded version=113.0.5672.136 minSdkVersion=29 isBundle=false multiprocess=true packageId=2
11-14 17:19:10.771  3805  4790 D Detox.RNMarker: NATIVE_MODULE_SETUP_START (ImageLoader)
11-14 17:19:10.771  3805  4790 D Detox.RNMarker: CREATE_MODULE_START (ImageLoader)
11-14 17:19:10.777  3805  4790 D Detox.RNMarker: CREATE_MODULE_END (ImageLoader)
11-14 17:19:10.778  3805  4790 D Detox.RNMarker: NATIVE_MODULE_SETUP_END (ImageLoader)
11-14 17:19:10.794  3805  4840 I cr_VariationsUtils: Failed reading seed file "/data/user/0/com.tuapp.seguritacapp/app_webview/variations_seed_new"
11-14 17:19:10.795  3805  4840 I cr_VariationsUtils: Failed reading seed file "/data/user/0/com.tuapp.seguritacapp/app_webview/variations_seed"
11-14 17:19:10.795  3805  4840 I cr_VariationsUtils: Requesting new seed from IVariationsSeedServer
11-14 17:19:10.858  3805  4790 D Detox.RNMarker: NATIVE_MODULE_SETUP_START (EXDevLauncherExtension)
11-14 17:19:10.864  3805  4790 D Detox.RNMarker: NATIVE_MODULE_SETUP_END (EXDevLauncherExtension)
11-14 17:19:10.868  3805  4790 D Detox.RNMarker: NATIVE_MODULE_SETUP_START (NativeUnimoduleProxy)
11-14 17:19:10.882  3805  4649 I cr_LibraryLoader: Successfully loaded native library
11-14 17:19:10.907  3805  4649 I cr_CachingUmaRecorder: Flushed 8 samples from 8 histograms.
11-14 17:19:11.007  3805  4648 D Detox.RNMarker: NATIVE_MODULE_SETUP_START (NativeAnimatedModule)
11-14 17:19:11.007  3805  4648 D Detox.RNMarker: CREATE_MODULE_START (NativeAnimatedModule)
11-14 17:19:11.008  3805  4648 D Detox.RNMarker: CREATE_MODULE_END (NativeAnimatedModule)
11-14 17:19:11.010  3805  4648 D Detox.RNMarker: NATIVE_MODULE_SETUP_END (NativeAnimatedModule)
11-14 17:19:11.011  3805  4649 D CompatibilityChangeReporter: Compat change id reported: 289878283; UID 10192; state: ENABLED
11-14 17:19:11.015  3805  4854 D TrafficStats: tagSocket(186) with statsTag=0xffffffff, statsUid=-1
11-14 17:19:11.038  3805  4790 I ExpoModulesCore: âœ… JSI interop was installed
11-14 17:19:11.039  3805  4790 I ExpoModulesCore: âœ… Constants were exported
11-14 17:19:11.040  3805  4790 D Detox.RNMarker: NATIVE_MODULE_SETUP_END (NativeUnimoduleProxy)
11-14 17:19:11.057  3805  4648 D Detox.RNMarker: NATIVE_MODULE_SETUP_START (FrameRateLogger)
11-14 17:19:11.072  3805  4648 D Detox.RNMarker: NATIVE_MODULE_SETUP_START (KeyboardObserver)
11-14 17:19:11.116  3805  4790 D Detox.RNMarker: RUN_JS_BUNDLE_END (EXDevMenuApp.android.js)
11-14 17:19:11.131  3805  4790 I ReactNativeJS: Running "main"
11-14 17:19:11.142  3805  4648 D Detox.RNMarker: NATIVE_MODULE_SETUP_START (ExpoModulesCore)
11-14 17:19:11.143  3805  4648 D Detox.RNMarker: NATIVE_MODULE_SETUP_END (ExpoModulesCore)
11-14 17:19:11.151  3805  4648 I ExpoModulesCore: âœ… JSI interop was installed
11-14 17:19:11.152  3805  4648 D Detox.RNMarker: NATIVE_MODULE_SETUP_START (NativeUnimoduleProxy)
11-14 17:19:11.153  3805  4648 W ExpoModulesCore: âš ï¸ JSI interop was already installed
11-14 17:19:11.209  3805  4790 D Detox.RNMarker: NATIVE_MODULE_SETUP_START (Timing)
11-14 17:19:11.209  3805  4790 D Detox.RNMarker: CREATE_MODULE_START (Timing)
11-14 17:19:11.218  3805  4790 D Detox.RNMarker: CREATE_MODULE_END (Timing)
11-14 17:19:11.219  3805  4790 D Detox.RNMarker: NATIVE_MODULE_SETUP_END (Timing)
11-14 17:19:11.258  3805  4648 I expo-notifications: NotificationsEmitter.onNotificationResponseIntentReceived:
11-14 17:19:11.258  3805  4648 I expo-notifications: actionIdentifier: expo.modules.notifications.actions.DEFAULT
11-14 17:19:11.258  3805  4648 I expo-notifications: notification
11-14 17:19:11.258  3805  4648 I expo-notifications:   date: 0
11-14 17:19:11.258  3805  4648 I expo-notifications:   request
11-14 17:19:11.258  3805  4648 I expo-notifications:     identifier: (null)
11-14 17:19:11.258  3805  4648 I expo-notifications:     trigger
11-14 17:19:11.258  3805  4648 I expo-notifications:       type: push
11-14 17:19:11.258  3805  4648 I expo-notifications:       channelId: (null)
11-14 17:19:11.258  3805  4648 I expo-notifications:     content
11-14 17:19:11.258  3805  4648 I expo-notifications:       data
11-14 17:19:11.258  3805  4648 I expo-notifications:         launchArgs
11-14 17:19:11.258  3805  4648 I expo-notifications:           detoxURLOverride: seguridadciudadanaapp://expo-development-client/?url=http%3A%2F%2F192.168.1.45%3A8081&role=ciudadano&disableBypass=1
11-14 17:19:11.258  3805  4648 I expo-notifications:           detoxServer: ws://localhost:49489
11-14 17:19:11.258  3805  4648 I expo-notifications:           detoxSessionId: 0dae82fb-7f79-db18-9110-690fcfa04131
11-14 17:19:11.258  3805  4648 I expo-notifications:           detoxEnableSynchronization: 0
11-14 17:19:11.258  3805  4648 I expo-notifications:       title: (null)
11-14 17:19:11.345  3805  4648 I ExpoModulesCore: âœ… Constants were exported
11-14 17:19:11.352  3805  4648 D Detox.RNMarker: NATIVE_MODULE_SETUP_END (NativeUnimoduleProxy)
11-14 17:19:11.381  3805  4790 D Detox.RNMarker: NATIVE_MODULE_SETUP_START (Appearance)
11-14 17:19:11.381  3805  4790 D Detox.RNMarker: CREATE_MODULE_START (Appearance)
11-14 17:19:11.381  3805  4790 D Detox.RNMarker: CREATE_MODULE_END (Appearance)
11-14 17:19:11.383  3805  4648 D Detox.RNMarker: NATIVE_MODULE_SETUP_START (EXDevLauncher)
11-14 17:19:11.391  3805  4790 D Detox.RNMarker: NATIVE_MODULE_SETUP_END (Appearance)
11-14 17:19:11.394  3805  4648 D Detox.RNMarker: NATIVE_MODULE_SETUP_END (EXDevLauncher)
11-14 17:19:11.856  3805  3805 D Detox.RNMarker: CONTENT_APPEARED (main)
11-14 17:19:11.860  3805  4648 D Detox.RNMarker: NATIVE_MODULE_SETUP_START (RNCSafeAreaContext)
11-14 17:19:11.860  3805  4648 D Detox.RNMarker: CREATE_MODULE_START (RNCSafeAreaContext)
11-14 17:19:11.862  3805  4648 D Detox.RNMarker: CREATE_MODULE_END (RNCSafeAreaContext)
11-14 17:19:11.865  3805  4648 D Detox.RNMarker: NATIVE_MODULE_SETUP_END (RNCSafeAreaContext)
11-14 17:19:11.880  3805  4131 D EGL_emulation: app_time_stats: avg=144.89ms min=3.04ms max=1257.26ms count=11
11-14 17:19:11.907  3805  4648 D Detox.RNMarker: NATIVE_MODULE_SETUP_START (RNSModule)
11-14 17:19:11.942  3805  4648 D Detox.RNMarker: CREATE_MODULE_START (RNSModule)
11-14 17:19:11.970  3805  4648 D Detox.RNMarker: CREATE_MODULE_END (RNSModule)
11-14 17:19:11.994  3805  4790 D Detox.RNMarker: NATIVE_MODULE_SETUP_START (FrameRateLogger)
11-14 17:19:12.033  3805  4790 D Detox.RNMarker: NATIVE_MODULE_SETUP_START (KeyboardObserver)
11-14 17:19:12.170  3805  3816 I pp.seguritacapp: NativeAlloc concurrent copying GC freed 19929(1309KB) AllocSpace objects, 5(164KB) LOS objects, 49% free, 14MB/28MB, paused 50.453ms,165us total 623.622ms
11-14 17:19:12.777  3805  3805 D CompatibilityChangeReporter: Compat change id reported: 171228096; UID 10192; state: ENABLED
11-14 17:19:12.779  3805  3805 W pp.seguritacapp: Accessing hidden field Landroid/widget/ScrollView;->mScroller:Landroid/widget/OverScroller; (unsupported, reflection, allowed)
11-14 17:19:12.880  3805  4648 D Detox.RNMarker: NATIVE_MODULE_SETUP_START (RNCNetInfo)
11-14 17:19:12.885  3805  4648 D Detox.RNMarker: NATIVE_MODULE_SETUP_END (RNCNetInfo)
11-14 17:19:12.918  3805  4648 W ReactNativeJS: '[2025-11-14T17:19:12.891Z]  @firebase/auth:', 'Auth (11.9.0): \nYou are initializing Firebase Auth for React Native without providing\nAsyncStorage. Auth state will default to memory persistence and will not\npersist between sessions. In order to persist auth state, install the package\n"@react-native-async-storage/async-storage" and provide it to\ninitializeAuth:\n\nimport { initializeAuth, getReactNativePersistence } from \'firebase/auth\';\nimport ReactNativeAsyncStorage from \'@react-native-async-storage/async-storage\';\nconst auth = initializeAuth(app, {\n  persistence: getReactNativePersistence(ReactNativeAsyncStorage)\n});\n'
11-14 17:19:13.010  3805  4918 D OpenGLRenderer: --- Failed to create image decoder with message 'unimplemented'
11-14 17:19:13.021  3805  4918 D OpenGLRenderer: --- Failed to create image decoder with message 'unimplemented'
11-14 17:19:13.058  3805  4918 D OpenGLRenderer: --- Failed to create image decoder with message 'unimplemented'
11-14 17:19:13.059  3805  4648 I ReactNativeJS: âœ… Firestore inicializado con configuraciÃ³n bÃ¡sica
11-14 17:19:13.059  3805  3805 D AutofillManager: notifyViewEnteredForFillDialog:1073741825
11-14 17:19:13.068  3805  4918 D OpenGLRenderer: --- Failed to create image decoder with message 'unimplemented'
11-14 17:19:13.071  3805  4648 I ReactNativeJS: âœ… Firebase inicializado correctamente
11-14 17:19:13.073  3805  4918 D OpenGLRenderer: --- Failed to create image decoder with message 'unimplemented'
11-14 17:19:13.073  3805  4918 D OpenGLRenderer: --- Failed to create image decoder with message 'unimplemented'
11-14 17:19:13.073  3805  4648 I ReactNativeJS: 'ðŸ“± Proyecto:', 'seguritacapp'
11-14 17:19:13.074  3805  4918 D OpenGLRenderer: --- Failed to create image decoder with message 'unimplemented'
11-14 17:19:13.074  3805  4918 D OpenGLRenderer: --- Failed to create image decoder with message 'unimplemented'
11-14 17:19:13.074  3805  4918 D OpenGLRenderer: --- Failed to create image decoder with message 'unimplemented'
11-14 17:19:13.075  3805  4918 D OpenGLRenderer: --- Failed to create image decoder with message 'unimplemented'
11-14 17:19:13.075  3805  4918 D OpenGLRenderer: --- Failed to create image decoder with message 'unimplemented'
11-14 17:19:13.075  3805  4918 D OpenGLRenderer: --- Failed to create image decoder with message 'unimplemented'
11-14 17:19:13.083  3805  4648 D Detox.RNMarker: NATIVE_MODULE_SETUP_START (PlatformLocalStorage)
11-14 17:19:13.083  3805  4648 D Detox.RNMarker: NATIVE_MODULE_SETUP_START (RNC_AsyncSQLiteDBStorage)
11-14 17:19:13.083  3805  4648 D Detox.RNMarker: NATIVE_MODULE_SETUP_START (RNCAsyncStorage)
11-14 17:19:13.083  3805  4648 D Detox.RNMarker: CREATE_MODULE_START (RNCAsyncStorage)
11-14 17:19:13.088  3805  4648 V AsyncStorageExpoMigration: No scoped database found
11-14 17:19:13.094  3805  4648 D Detox.RNMarker: CREATE_MODULE_END (RNCAsyncStorage)
11-14 17:19:13.095  3805  4648 D Detox.RNMarker: NATIVE_MODULE_SETUP_END (RNCAsyncStorage)
11-14 17:19:13.130  3805  4889 D OpenGLRenderer: --- Failed to create image decoder with message 'unimplemented'
11-14 17:19:13.168  3805  4889 D OpenGLRenderer: --- Failed to create image decoder with message 'unimplemented'
11-14 17:19:13.224  3805  4131 D EGL_emulation: app_time_stats: avg=436.66ms min=10.48ms max=1189.89ms count=3
11-14 17:19:13.232  3805  4889 D OpenGLRenderer: --- Failed to create image decoder with message 'unimplemented'
11-14 17:19:13.232  3805  4889 D OpenGLRenderer: --- Failed to create image decoder with message 'unimplemented'
11-14 17:19:13.233  3805  4889 D OpenGLRenderer: --- Failed to create image decoder with message 'unimplemented'
11-14 17:19:13.233  3805  4889 D OpenGLRenderer: --- Failed to create image decoder with message 'unimplemented'
11-14 17:19:13.233  3805  4889 D OpenGLRenderer: --- Failed to create image decoder with message 'unimplemented'
11-14 17:19:13.237  3805  4889 D OpenGLRenderer: --- Failed to create image decoder with message 'unimplemented'
11-14 17:19:13.239  3805  4889 W unknown:ProgressiveDecoder: unknown image format, {uri: res:/2131623938, firstEncodedBytes: 03000800C00100000100, length: 448}
11-14 17:19:13.396  3805  4648 D Detox.RNMarker: NATIVE_MODULE_SETUP_START (RNVectorIconsManager)
11-14 17:19:13.397  3805  4648 D Detox.RNMarker: NATIVE_MODULE_SETUP_START (RNVectorIconsModule)
11-14 17:19:13.407  3805  4648 D Detox.RNMarker: NATIVE_MODULE_SETUP_START (RNVectorIconsManager)
11-14 17:19:13.408  3805  4648 D Detox.RNMarker: NATIVE_MODULE_SETUP_START (RNVectorIconsModule)
11-14 17:19:13.674  3805  4648 D Detox.RNMarker: NATIVE_MODULE_SETUP_START (I18nManager)
11-14 17:19:13.675  3805  4648 D Detox.RNMarker: CREATE_MODULE_START (I18nManager)
11-14 17:19:13.675  3805  4648 D Detox.RNMarker: CREATE_MODULE_END (I18nManager)
11-14 17:19:13.676  3805  4648 D Detox.RNMarker: NATIVE_MODULE_SETUP_END (I18nManager)
11-14 17:19:14.035  3805  4648 D Detox.RNMarker: NATIVE_MODULE_SETUP_START (RNViewShot)
11-14 17:19:14.035  3805  4648 D Detox.RNMarker: CREATE_MODULE_START (RNViewShot)
11-14 17:19:14.037  3805  4648 D Detox.RNMarker: CREATE_MODULE_END (RNViewShot)
11-14 17:19:14.067  3805  4648 D Detox.RNMarker: NATIVE_MODULE_SETUP_END (RNViewShot)
11-14 17:19:14.201  3805  4648 D Detox.RNMarker: NATIVE_MODULE_SETUP_START (RNCWebViewModule)
11-14 17:19:14.202  3805  4648 D Detox.RNMarker: CREATE_MODULE_START (RNCWebViewModule)
11-14 17:19:14.205  3805  4648 D Detox.RNMarker: CREATE_MODULE_END (RNCWebViewModule)
11-14 17:19:14.205  3805  4648 D Detox.RNMarker: NATIVE_MODULE_SETUP_END (RNCWebViewModule)
11-14 17:19:14.506  3805  4131 D EGL_emulation: app_time_stats: avg=319.61ms min=7.30ms max=1220.11ms count=4
11-14 17:19:15.056  3805  4648 W ReactNativeJS: [Reanimated] Reduced motion setting is enabled on this device. This warning is visible only in the development mode. Some animations will be disabled by default. You can override the behavior for individual animations, see https://docs.swmansion.com/react-native-reanimated/docs/guides/troubleshooting#reduced-motion-setting-is-enabled-on-this-device.
11-14 17:19:15.089  3805  4648 D Detox.RNMarker: RUN_JS_BUNDLE_END (/index.ts.bundle?platform=android&dev=true&hot=false&transform.engine=hermes&transform.bytecode=1&transform.routerRoot=app&unstable_transformProfile=hermes-stable)
11-14 17:19:15.115  3805  4648 I ReactNativeJS: Running "main" with {"rootTag":11}
11-14 17:19:15.151  3805  5026 D TrafficStats: tagSocket(138) with statsTag=0xffffffff, statsUid=-1
11-14 17:19:15.315  3805  4648 D Detox.RNMarker: NATIVE_MODULE_SETUP_START (Appearance)
11-14 17:19:15.316  3805  4648 D Detox.RNMarker: NATIVE_MODULE_SETUP_END (Appearance)
11-14 17:19:15.399  3805  4648 D Detox.RNMarker: NATIVE_MODULE_SETUP_START (StatusBarManager)
11-14 17:19:15.399  3805  4648 D Detox.RNMarker: CREATE_MODULE_START (StatusBarManager)
11-14 17:19:15.402  3805  4648 D Detox.RNMarker: CREATE_MODULE_END (StatusBarManager)
11-14 17:19:15.417  3805  4648 D Detox.RNMarker: NATIVE_MODULE_SETUP_END (StatusBarManager)
11-14 17:19:15.778  3805  4649 D AutofillManager: Fill dialog is enabled:false, hints=[]
11-14 17:19:15.881  3805  4649 W unknown:ViewManagerPropertyUpdater: Could not find generated setter for class com.swmansion.rnscreens.ScreenStackHeaderConfigShadowNode
11-14 17:19:15.889  3805  4649 W unknown:ViewManagerPropertyUpdater: Could not find generated setter for class com.swmansion.rnscreens.ScreensShadowNode
11-14 17:19:16.033  3805  4139 D TrafficStats: tagSocket(169) with statsTag=0xffffffff, statsUid=-1
11-14 17:19:16.178  3805  4648 I ReactNativeJS: [METRIC] navigation_ready_ms=1128ms {"initialRoute":"AuthLoading"}
11-14 17:19:16.180  3805  4648 D Detox.RNMarker: NATIVE_MODULE_SETUP_START (AccessibilityInfo)
11-14 17:19:16.181  3805  4648 D Detox.RNMarker: CREATE_MODULE_START (AccessibilityInfo)
11-14 17:19:16.187  3805  4648 D Detox.RNMarker: CREATE_MODULE_END (AccessibilityInfo)
11-14 17:19:16.188  3805  4648 D Detox.RNMarker: NATIVE_MODULE_SETUP_END (AccessibilityInfo)
11-14 17:19:16.190  3805  4648 D Detox.RNMarker: NATIVE_MODULE_SETUP_START (AccessibilityManager)
11-14 17:19:16.192  3805  4648 I ReactNativeJS: [METRIC] cold_start_first_render_ms=1144ms {"platform":"android"}
11-14 17:19:16.521  3805  4648 I ReactNativeJS: ðŸ“± Dispositivo conectado - sincronizando datos
11-14 17:19:16.678  3805  4648 I ReactNativeJS: âœ… Red de Firestore habilitada
11-14 17:19:16.678  3805  4648 I ReactNativeJS: âœ… Red de Firestore habilitada
11-14 17:19:16.679  3805  4648 I ReactNativeJS: ðŸ“± Dispositivo conectado - sincronizando datos
11-14 17:19:16.680  3805  4648 I ReactNativeJS: ðŸ“± Dispositivo conectado - sincronizando datos
11-14 17:19:16.685  3805  4648 I ReactNativeJS: âœ… Red de Firestore habilitada
11-14 17:19:16.686  3805  4648 I ReactNativeJS: âœ… Red de Firestore habilitada
11-14 17:19:16.691  3805  4648 I ReactNativeJS: âœ… Red de Firestore habilitada
11-14 17:19:16.691  3805  4648 I ReactNativeJS: âœ… Red de Firestore habilitada
11-14 17:19:16.705  3805  4649 W unknown:ReactNative: Attemp