--------- beginning of main
11-10 14:35:09.487 13030 13030 I pp.seguritacapp: Late-enabling -Xcheck:jni
11-10 14:35:09.531 13030 13030 I pp.seguritacapp: Using CollectorTypeCMC GC.
11-10 14:35:09.532 13030 13030 W pp.seguritacapp: Unexpected CPU variant for x86: x86_64.
11-10 14:35:09.532 13030 13030 W pp.seguritacapp: Known variants: atom, sandybridge, silvermont, goldmont, goldmont-plus, goldmont-without-sha-xsaves, tremont, kabylake, alderlake, default
11-10 14:35:09.551 13030 13030 D nativeloader: Load libframework-connectivity-tiramisu-jni.so using APEX ns com_android_tethering for caller /apex/com.android.tethering/javalib/framework-connectivity-t.jar: ok
11-10 14:35:09.613 13030 13030 D CompatChangeReporter: Compat change id reported: 242716250; UID 10225; state: ENABLED
--------- beginning of system
11-10 14:35:09.643 13030 13030 W ActivityThread: Package uses different ABI(s) than its instrumentation: package[com.tuapp.seguritacapp]: x86_64, null instrumentation[com.tuapp.seguritacapp.test]: null, null
11-10 14:35:09.646 13030 13030 D ApplicationLoaders: Returning zygote-cached class loader: /system/framework/org.apache.http.legacy.jar
11-10 14:35:09.651 13030 13030 W pp.seguritacapp: ClassLoaderContext shared library size mismatch. Expected=2, found=1 (PCL[]{PCL[/system/framework/android.test.base.jar*2789897741]#PCL[/system/framework/android.test.mock.jar*3361312393]} | PCL[]{PCL[/system/framework/org.apache.http.legacy.jar*4247870504]})
11-10 14:35:09.656 13030 13030 W pp.seguritacapp: ClassLoaderContext classpath size mismatch. expected=0, found=1 (PCL[] | PCL[/system/framework/android.test.runner.jar*895143020]{PCL[/system/framework/org.apache.http.legacy.jar*4247870504]})
11-10 14:35:09.661 13030 13030 W pp.seguritacapp: ClassLoaderContext classpath size mismatch. expected=0, found=2 (PCL[] | PCL[/system/framework/android.test.runner.jar*895143020:/system/framework/android.test.mock.jar*3361312393]{PCL[/system/framework/org.apache.http.legacy.jar*4247870504]})
11-10 14:35:10.114 13030 13030 D nativeloader: Configuring clns-9 for other apk /system/framework/android.test.runner.jar:/system/framework/android.test.mock.jar:/system/framework/android.test.base.jar:/data/app/~~vWMWWmMl7I-aBnw3jBn0wQ==/com.tuapp.seguritacapp.test-wap2QbQklFi4opEtgNwP5g==/base.apk:/data/app/~~x3ZIR9AoOM5KhqutKO6K4A==/com.tuapp.seguritacapp-z0yd6R6zSp6VYGfcB_C0sg==/base.apk. target_sdk_version=34, uses_libraries=, library_path=/data/app/~~vWMWWmMl7I-aBnw3jBn0wQ==/com.tuapp.seguritacapp.test-wap2QbQklFi4opEtgNwP5g==/lib/x86_64:/data/app/~~x3ZIR9AoOM5KhqutKO6K4A==/com.tuapp.seguritacapp-z0yd6R6zSp6VYGfcB_C0sg==/lib/x86_64:/data/app/~~vWMWWmMl7I-aBnw3jBn0wQ==/com.tuapp.seguritacapp.test-wap2QbQklFi4opEtgNwP5g==/base.apk!/lib/x86_64:/data/app/~~x3ZIR9AoOM5KhqutKO6K4A==/com.tuapp.seguritacapp-z0yd6R6zSp6VYGfcB_C0sg==/base.apk!/lib/x86_64, permitted_path=/data:/mnt/expand:/data/user/0/com.tuapp.seguritacapp
11-10 14:35:10.149 13030 13030 I pp.seguritacapp: AssetManager2(0x70d3768a9a18) locale list changing from [] to [en-US]
11-10 14:35:10.165 13030 13030 V GraphicsEnvironment: Currently set values for:
11-10 14:35:10.165 13030 13030 V GraphicsEnvironment:   angle_gl_driver_selection_pkgs=[]
11-10 14:35:10.165 13030 13030 V GraphicsEnvironment:   angle_gl_driver_selection_values=[]
11-10 14:35:10.166 13030 13030 V GraphicsEnvironment: com.tuapp.seguritacapp is not listed in per-application setting
11-10 14:35:10.166 13030 13030 V GraphicsEnvironment: ANGLE allowlist from config: com.dreamgames.royalmatch com.dts.freefiremax com.dxx.firenow com.gramgames.mergedragons com.ludo.king com.mojang.minecraftpe com.my.defense com.nintendo.zaka com.os.airforce com.playrix.fishdomdd.gplay io.teslatech.callbreak jp.konami.prospia net.peakgames.toonblast
11-10 14:35:10.166 13030 13030 V GraphicsEnvironment: com.tuapp.seguritacapp is not listed in ANGLE allowlist or settings, returning default
11-10 14:35:10.166 13030 13030 V GraphicsEnvironment: Neither updatable production driver nor prerelease driver is supported.
11-10 14:35:10.174 13030 13030 D ApplicationLoaders: Returning zygote-cached class loader: /system/framework/android.test.base.jar
11-10 14:35:10.175 13030 13030 D nativeloader: Configuring clns-10 for other apk /system/framework/android.test.mock.jar. target_sdk_version=34, uses_libraries=ALL, library_path=/data/app/~~vWMWWmMl7I-aBnw3jBn0wQ==/com.tuapp.seguritacapp.test-wap2QbQklFi4opEtgNwP5g==/lib/x86_64:/data/app/~~x3ZIR9AoOM5KhqutKO6K4A==/com.tuapp.seguritacapp-z0yd6R6zSp6VYGfcB_C0sg==/lib/x86_64, permitted_path=/data:/mnt/expand
11-10 14:35:10.176 13030 13030 D ApplicationLoaders: Returning zygote-cached class loader: /system/framework/android.test.base.jar
11-10 14:35:10.177 13030 13030 D nativeloader: Configuring clns-11 for other apk /system/framework/android.test.runner.jar. target_sdk_version=34, uses_libraries=ALL, library_path=/data/app/~~vWMWWmMl7I-aBnw3jBn0wQ==/com.tuapp.seguritacapp.test-wap2QbQklFi4opEtgNwP5g==/lib/x86_64:/data/app/~~x3ZIR9AoOM5KhqutKO6K4A==/com.tuapp.seguritacapp-z0yd6R6zSp6VYGfcB_C0sg==/lib/x86_64, permitted_path=/data:/mnt/expand
11-10 14:35:10.179 13030 13030 W pp.seguritacapp: ClassLoaderContext shared library size mismatch. Expected=2, found=3 (PCL[]{PCL[/system/framework/android.test.base.jar*2789897741]#PCL[/system/framework/android.test.mock.jar*3361312393]} | PCL[]{PCL[/system/framework/android.test.base.jar*2789897741]#PCL[/system/framework/android.test.mock.jar*3361312393]#PCL[/system/framework/android.test.runner.jar*895143020]{PCL[/system/framework/android.test.base.jar*2789897741]#PCL[/system/framework/android.test.mock.jar*3361312393]}};PCL[/system/framework/android.test.runner.jar*895143020:/system/framework/android.test.mock.jar*3361312393:/system/framework/android.test.base.jar*2789897741:/data/app/~~vWMWWmMl7I-aBnw3jBn0wQ==/com.tuapp.seguritacapp.test-wap2QbQklFi4opEtgNwP5g==/base.apk*3771997839:/data/app/~~x3ZIR9AoOM5KhqutKO6K4A==/com.tuapp.seguritacapp-z0yd6R6zSp6VYGfcB_C0sg==/base.apk*1520878972]{PCL[/system/framework/org.apache.http.legacy.jar*4247870504]})
11-10 14:35:10.180 13030 13030 W pp.seguritacapp: ClassLoaderContext classpath size mismatch. expected=0, found=1 (PCL[] | PCL[/system/framework/android.test.runner.jar*895143020]{PCL[/system/framework/android.test.base.jar*2789897741]#PCL[/system/framework/android.test.mock.jar*3361312393]#PCL[/system/framework/android.test.runner.jar*895143020]{PCL[/system/framework/android.test.base.jar*2789897741]#PCL[/system/framework/android.test.mock.jar*3361312393]}};PCL[/system/framework/android.test.runner.jar*895143020:/system/framework/android.test.mock.jar*3361312393:/system/framework/android.test.base.jar*2789897741:/data/app/~~vWMWWmMl7I-aBnw3jBn0wQ==/com.tuapp.seguritacapp.test-wap2QbQklFi4opEtgNwP5g==/base.apk*3771997839:/data/app/~~x3ZIR9AoOM5KhqutKO6K4A==/com.tuapp.seguritacapp-z0yd6R6zSp6VYGfcB_C0sg==/base.apk*1520878972]{PCL[/system/framework/org.apache.http.legacy.jar*4247870504]})
11-10 14:35:10.181 13030 13030 W pp.seguritacapp: ClassLoaderContext classpath size mismatch. expected=0, found=2 (PCL[] | PCL[/system/framework/android.test.runner.jar*895143020:/system/framework/android.test.mock.jar*3361312393]{PCL[/system/framework/android.test.base.jar*2789897741]#PCL[/system/framework/android.test.mock.jar*3361312393]#PCL[/system/framework/android.test.runner.jar*895143020]{PCL[/system/framework/android.test.base.jar*2789897741]#PCL[/system/framework/android.test.mock.jar*3361312393]}};PCL[/system/framework/android.test.runner.jar*895143020:/system/framework/android.test.mock.jar*3361312393:/system/framework/android.test.base.jar*2789897741:/data/app/~~vWMWWmMl7I-aBnw3jBn0wQ==/com.tuapp.seguritacapp.test-wap2QbQklFi4opEtgNwP5g==/base.apk*3771997839:/data/app/~~x3ZIR9AoOM5KhqutKO6K4A==/com.tuapp.seguritacapp-z0yd6R6zSp6VYGfcB_C0sg==/base.apk*1520878972]{PCL[/system/framework/org.apache.http.legacy.jar*4247870504]})
11-10 14:35:10.541 13030 13030 I pp.seguritacapp: AssetManager2(0x70d3768b10d8) locale list changing from [] to [en-US]
11-10 14:35:10.559 13030 13030 I AndroidJUnitRunner: newApplication com.tuapp.seguritacapp.MainApplication
11-10 14:35:10.913 13030 13030 I FirebaseApp: Device unlocked: initializing all Firebase APIs for app [DEFAULT]
11-10 14:35:10.951 13030 13030 I FirebaseInitProvider: FirebaseApp initialization successful
11-10 14:35:11.033 13030 13030 D WM-WrkMgrInitializer: Initializing WorkManager with default configuration.
11-10 14:35:11.096 13030 13030 I AndroidJUnitRunner: onCreate Bundle[mParcelledData.dataSize=532]
11-10 14:35:11.098 13030 13030 D AndroidJUnitRunner: Use the raw file system for managing file I/O.
11-10 14:35:11.109 13030 13066 E ashmem  : Pinning is deprecated since Android Q. Please use trim or other methods.
11-10 14:35:11.155 13030 13030 V TestEventClient: No service name argument was given (testDiscoveryService, testRunEventService or orchestratorService)
11-10 14:35:11.155 13030 13067 D AndroidJUnitRunner: onStart is called.
11-10 14:35:11.166 13030 13030 W SoLoader: Initializing SoLoader: 0
11-10 14:35:11.170 13030 13030 W SoLoader: Recording new base apk path: /data/app/~~x3ZIR9AoOM5KhqutKO6K4A==/com.tuapp.seguritacapp-z0yd6R6zSp6VYGfcB_C0sg==/base.apk
11-10 14:35:11.170 13030 13030 W SoLoader: Previously recorded 0 base apk paths.
11-10 14:35:11.173 13030 13030 I SoLoader: Preparing SO source: DirectorySoSource[root = /vendor/lib64 flags = 2]
11-10 14:35:11.173 13030 13030 I SoLoader: Preparing SO source: DirectorySoSource[root = /system/lib64 flags = 2]
11-10 14:35:11.173 13030 13030 I SoLoader: Preparing SO source: DirectApkSoSource[root = [/data/app/~~x3ZIR9AoOM5KhqutKO6K4A==/com.tuapp.seguritacapp-z0yd6R6zSp6VYGfcB_C0sg==/base.apk!/lib/x86_64]]
11-10 14:35:11.224 13030 13030 I SoLoader: Preparing SO source: ApplicationSoSource[DirectorySoSource[root = /data/app/~~x3ZIR9AoOM5KhqutKO6K4A==/com.tuapp.seguritacapp-z0yd6R6zSp6VYGfcB_C0sg==/lib/x86_64 flags = 0]]
11-10 14:35:11.224 13030 13030 I SoLoader: init finish: 4 SO sources prepared
11-10 14:35:11.225 13030 13030 W SoLoader: SoLoader initialized: 8
11-10 14:35:11.285 13030 13030 D nativeloader: Load /data/app/~~x3ZIR9AoOM5KhqutKO6K4A==/com.tuapp.seguritacapp-z0yd6R6zSp6VYGfcB_C0sg==/base.apk!/lib/x86_64/libc++_shared.so using class loader ns clns-9 (caller=/data/app/~~x3ZIR9AoOM5KhqutKO6K4A==/com.tuapp.seguritacapp-z0yd6R6zSp6VYGfcB_C0sg==/base.apk!classes5.dex): ok
11-10 14:35:11.308 13030 13030 D nativeloader: Load /data/app/~~x3ZIR9AoOM5KhqutKO6K4A==/com.tuapp.seguritacapp-z0yd6R6zSp6VYGfcB_C0sg==/base.apk!/lib/x86_64/libjsi.so using class loader ns clns-9 (caller=/data/app/~~x3ZIR9AoOM5KhqutKO6K4A==/com.tuapp.seguritacapp-z0yd6R6zSp6VYGfcB_C0sg==/base.apk!classes5.dex): ok
11-10 14:35:11.321 13030 13030 D nativeloader: Load /data/app/~~x3ZIR9AoOM5KhqutKO6K4A==/com.tuapp.seguritacapp-z0yd6R6zSp6VYGfcB_C0sg==/base.apk!/lib/x86_64/libfbjni.so using class loader ns clns-9 (caller=/data/app/~~x3ZIR9AoOM5KhqutKO6K4A==/com.tuapp.seguritacapp-z0yd6R6zSp6VYGfcB_C0sg==/base.apk!classes5.dex): ok
11-10 14:35:11.375 13030 13030 D nativeloader: Load /data/app/~~x3ZIR9AoOM5KhqutKO6K4A==/com.tuapp.seguritacapp-z0yd6R6zSp6VYGfcB_C0sg==/base.apk!/lib/x86_64/libreactnative.so using class loader ns clns-9 (caller=/data/app/~~x3ZIR9AoOM5KhqutKO6K4A==/com.tuapp.seguritacapp-z0yd6R6zSp6VYGfcB_C0sg==/base.apk!classes5.dex): ok
11-10 14:35:11.375 13030 13030 D jni_lib_merge: Entering merged library JNI_OnLoad.
11-10 14:35:11.376 13030 13030 D jni_lib_merge: Preparing 12 pre-merged libs (including stub)
11-10 14:35:11.376 13030 13030 D jni_lib_merge: Preparing to register libfabricjni_so.  onload_func: 0x70d2df401a60
11-10 14:35:11.376 13030 13030 D jni_lib_merge: Preparing to register libmapbufferjni_so.  onload_func: 0x70d2df4dcbb0
11-10 14:35:11.376 13030 13030 D jni_lib_merge: Preparing to register libreact_devsupportjni_so.  onload_func: 0x70d2df62efe0
11-10 14:35:11.376 13030 13030 D jni_lib_merge: Preparing to register libreact_featureflagsjni_so.  onload_func: 0x70d2df63ab90
11-10 14:35:11.376 13030 13030 D jni_lib_merge: Preparing to register libreact_newarchdefaults_so.  onload_func: 0x70d2df6abb00
11-10 14:35:11.376 13030 13030 D jni_lib_merge: Preparing to register libreactnativeblob_so.  onload_func: 0x70d2df8b6460
11-10 14:35:11.376 13030 13030 D jni_lib_merge: Preparing to register libreactnativejni_so.  onload_func: 0x70d2df912750
11-10 14:35:11.376 13030 13030 D jni_lib_merge: Preparing to register librninstance_so.  onload_func: 0x70d2df95feb0
11-10 14:35:11.376 13030 13030 D jni_lib_merge: Preparing to register libturbomodulejsijni_so.  onload_func: 0x70d2dfa2e410
11-10 14:35:11.376 13030 13030 D jni_lib_merge: Preparing to register libuimanagerjni_so.  onload_func: 0x70d2dfa48bd0
11-10 14:35:11.376 13030 13030 D jni_lib_merge: Preparing to register libyoga_so.  onload_func: 0x70d2dfa56950
11-10 14:35:11.376 13030 13030 D jni_lib_merge: About to register 11 actual methods.
11-10 14:35:11.414 13030 13030 D nativeloader: Load /data/app/~~x3ZIR9AoOM5KhqutKO6K4A==/com.tuapp.seguritacapp-z0yd6R6zSp6VYGfcB_C0sg==/base.apk!/lib/x86_64/libreact_codegen_rnscreens.so using class loader ns clns-9 (caller=/data/app/~~x3ZIR9AoOM5KhqutKO6K4A==/com.tuapp.seguritacapp-z0yd6R6zSp6VYGfcB_C0sg==/base.apk!classes5.dex): ok
11-10 14:35:11.414 13030 13030 D jni_lib_merge: Entering merged library JNI_OnLoad.
11-10 14:35:11.414 13030 13030 D jni_lib_merge: Preparing 12 pre-merged libs (including stub)
11-10 14:35:11.414 13030 13030 D jni_lib_merge: Preparing to register libfabricjni_so.  onload_func: 0x70d2df401a60
11-10 14:35:11.414 13030 13030 D jni_lib_merge: Preparing to register libmapbufferjni_so.  onload_func: 0x70d2df4dcbb0
11-10 14:35:11.414 13030 13030 D jni_lib_merge: Preparing to register libreact_devsupportjni_so.  onload_func: 0x70d2df62efe0
11-10 14:35:11.414 13030 13030 D jni_lib_merge: Preparing to register libreact_featureflagsjni_so.  onload_func: 0x70d2df63ab90
11-10 14:35:11.414 13030 13030 D jni_lib_merge: Preparing to register libreact_newarchdefaults_so.  onload_func: 0x70d2df6abb00
11-10 14:35:11.414 13030 13030 D jni_lib_merge: Preparing to register libreactnativeblob_so.  onload_func: 0x70d2df8b6460
11-10 14:35:11.414 13030 13030 D jni_lib_merge: Preparing to register libreactnativejni_so.  onload_func: 0x70d2df912750
11-10 14:35:11.414 13030 13030 D jni_lib_merge: Preparing to register librninstance_so.  onload_func: 0x70d2df95feb0
11-10 14:35:11.414 13030 13030 D jni_lib_merge: Preparing to register libturbomodulejsijni_so.  onload_func: 0x70d2dfa2e410
11-10 14:35:11.414 13030 13030 D jni_lib_merge: Preparing to register libuimanagerjni_so.  onload_func: 0x70d2dfa48bd0
11-10 14:35:11.414 13030 13030 D jni_lib_merge: Preparing to register libyoga_so.  onload_func: 0x70d2dfa56950
11-10 14:35:11.414 13030 13030 D jni_lib_merge: About to register 11 actual methods.
11-10 14:35:11.435 13030 13030 D nativeloader: Load /data/app/~~x3ZIR9AoOM5KhqutKO6K4A==/com.tuapp.seguritacapp-z0yd6R6zSp6VYGfcB_C0sg==/base.apk!/lib/x86_64/libreact_codegen_rnsvg.so using class loader ns clns-9 (caller=/data/app/~~x3ZIR9AoOM5KhqutKO6K4A==/com.tuapp.seguritacapp-z0yd6R6zSp6VYGfcB_C0sg==/base.apk!classes5.dex): ok
11-10 14:35:11.435 13030 13030 D jni_lib_merge: Entering merged library JNI_OnLoad.
11-10 14:35:11.435 13030 13030 D jni_lib_merge: Preparing 12 pre-merged libs (including stub)
11-10 14:35:11.435 13030 13030 D jni_lib_merge: Preparing to register libfabricjni_so.  onload_func: 0x70d2df401a60
11-10 14:35:11.435 13030 13030 D jni_lib_merge: Preparing to register libmapbufferjni_so.  onload_func: 0x70d2df4dcbb0
11-10 14:35:11.435 13030 13030 D jni_lib_merge: Preparing to register libreact_devsupportjni_so.  onload_func: 0x70d2df62efe0
11-10 14:35:11.435 13030 13030 D jni_lib_merge: Preparing to register libreact_featureflagsjni_so.  onload_func: 0x70d2df63ab90
11-10 14:35:11.435 13030 13030 D jni_lib_merge: Preparing to register libreact_newarchdefaults_so.  onload_func: 0x70d2df6abb00
11-10 14:35:11.435 13030 13030 D jni_lib_merge: Preparing to register libreactnativeblob_so.  onload_func: 0x70d2df8b6460
11-10 14:35:11.435 13030 13030 D jni_lib_merge: Preparing to register libreactnativejni_so.  onload_func: 0x70d2df912750
11-10 14:35:11.435 13030 13030 D jni_lib_merge: Preparing to register librninstance_so.  onload_func: 0x70d2df95feb0
11-10 14:35:11.435 13030 13030 D jni_lib_merge: Preparing to register libturbomodulejsijni_so.  onload_func: 0x70d2dfa2e410
11-10 14:35:11.435 13030 13030 D jni_lib_merge: Preparing to register libuimanagerjni_so.  onload_func: 0x70d2dfa48bd0
11-10 14:35:11.435 13030 13030 D jni_lib_merge: Preparing to register libyoga_so.  onload_func: 0x70d2dfa56950
11-10 14:35:11.435 13030 13030 D jni_lib_merge: About to register 11 actual methods.
11-10 14:35:11.441 13030 13030 D nativeloader: Load /data/app/~~x3ZIR9AoOM5KhqutKO6K4A==/com.tuapp.seguritacapp-z0yd6R6zSp6VYGfcB_C0sg==/base.apk!/lib/x86_64/libreact_codegen_safeareacontext.so using class loader ns clns-9 (caller=/data/app/~~x3ZIR9AoOM5KhqutKO6K4A==/com.tuapp.seguritacapp-z0yd6R6zSp6VYGfcB_C0sg==/base.apk!classes5.dex): ok
11-10 14:35:11.449 13030 13030 D nativeloader: Load /data/app/~~x3ZIR9AoOM5KhqutKO6K4A==/com.tuapp.seguritacapp-z0yd6R6zSp6VYGfcB_C0sg==/base.apk!/lib/x86_64/libreact_codegen_rnpicker.so using class loader ns clns-9 (caller=/data/app/~~x3ZIR9AoOM5KhqutKO6K4A==/com.tuapp.seguritacapp-z0yd6R6zSp6VYGfcB_C0sg==/base.apk!classes5.dex): ok
11-10 14:35:11.449 13030 13030 D jni_lib_merge: Entering merged library JNI_OnLoad.
11-10 14:35:11.449 13030 13030 D jni_lib_merge: Preparing 12 pre-merged libs (including stub)
11-10 14:35:11.449 13030 13030 D jni_lib_merge: Preparing to register libfabricjni_so.  onload_func: 0x70d2df401a60
11-10 14:35:11.449 13030 13030 D jni_lib_merge: Preparing to register libmapbufferjni_so.  onload_func: 0x70d2df4dcbb0
11-10 14:35:11.449 13030 13030 D jni_lib_merge: Preparing to register libreact_devsupportjni_so.  onload_func: 0x70d2df62efe0
11-10 14:35:11.449 13030 13030 D jni_lib_merge: Preparing to register libreact_featureflagsjni_so.  onload_func: 0x70d2df63ab90
11-10 14:35:11.449 13030 13030 D jni_lib_merge: Preparing to register libreact_newarchdefaults_so.  onload_func: 0x70d2df6abb00
11-10 14:35:11.449 13030 13030 D jni_lib_merge: Preparing to register libreactnativeblob_so.  onload_func: 0x70d2df8b6460
11-10 14:35:11.449 13030 13030 D jni_lib_merge: Preparing to register libreactnativejni_so.  onload_func: 0x70d2df912750
11-10 14:35:11.449 13030 13030 D jni_lib_merge: Preparing to register librninstance_so.  onload_func: 0x70d2df95feb0
11-10 14:35:11.449 13030 13030 D jni_lib_merge: Preparing to register libturbomodulejsijni_so.  onload_func: 0x70d2dfa2e410
11-10 14:35:11.449 13030 13030 D jni_lib_merge: Preparing to register libuimanagerjni_so.  onload_func: 0x70d2dfa48bd0
11-10 14:35:11.449 13030 13030 D jni_lib_merge: Preparing to register libyoga_so.  onload_func: 0x70d2dfa56950
11-10 14:35:11.449 13030 13030 D jni_lib_merge: About to register 11 actual methods.
11-10 14:35:11.471 13030 13030 D nativeloader: Load /data/app/~~x3ZIR9AoOM5KhqutKO6K4A==/com.tuapp.seguritacapp-z0yd6R6zSp6VYGfcB_C0sg==/base.apk!/lib/x86_64/libappmodules.so using class loader ns clns-9 (caller=/data/app/~~x3ZIR9AoOM5KhqutKO6K4A==/com.tuapp.seguritacapp-z0yd6R6zSp6VYGfcB_C0sg==/base.apk!classes5.dex): ok
11-10 14:35:11.749 13030 13030 I Choreographer: Skipped 42 frames!  The application may be doing too much work on its main thread.
11-10 14:35:11.774 13030 13067 I InstrConnection: Could not send broadcast or register receiver (isolatedProcess?)
11-10 14:35:11.792 13030 13067 D TestRequestBuilder: Using class path scanning to discover tests
11-10 14:35:11.792 13030 13067 I TestRequestBuilder: Scanning classpath to find tests in paths [/data/app/~~vWMWWmMl7I-aBnw3jBn0wQ==/com.tuapp.seguritacapp.test-wap2QbQklFi4opEtgNwP5g==/base.apk]
11-10 14:35:11.793 13030 13067 W pp.seguritacapp: Opening an oat file without a class loader. Are you using the deprecated DexFile APIs?
11-10 14:35:12.503 13030 13067 I TestRunner: run started: 1 tests
11-10 14:35:12.505 13030 13067 I TestRunner: started: runDetoxTests(com.tuapp.seguritacapp.DetoxTest)
11-10 14:35:12.525 13030 13067 I Detox   : Detox server connection details: url=ws://localhost:49966, sessionId=2c1a7b2b-11ad-088c-4d63-2b2f6812b49e
11-10 14:35:12.545 13030 13067 W FileTestStorage: Output properties is not supported.
11-10 14:35:12.546 13030 13067 I Tracing : Tracer added: class androidx.test.platform.tracing.AndroidXTracer
11-10 14:35:12.569 13030 13067 D EventInjectionStrategy: Creating injection strategy with input manager.
11-10 14:35:12.571 13030 13067 I pp.seguritacapp: hiddenapi: Accessing hidden method Landroid/hardware/input/InputManager;->getInstance()Landroid/hardware/input/InputManager; (runtime_flags=0, domain=platform, api=unsupported) from Landroidx/test/espresso/base/InputManagerEventInjectionStrategy; (domain=app) using reflection: allowed
11-10 14:35:12.572 13030 13067 I pp.seguritacapp: hiddenapi: Accessing hidden method Landroid/hardware/input/InputManager;->injectInputEvent(Landroid/view/InputEvent;I)Z (runtime_flags=0, domain=platform, api=unsupported) from Landroidx/test/espresso/base/InputManagerEventInjectionStrategy; (domain=app) using reflection: allowed
11-10 14:35:12.573 13030 13067 I pp.seguritacapp: hiddenapi: Accessing hidden field Landroid/hardware/input/InputManager;->INJECT_INPUT_EVENT_MODE_WAIT_FOR_FINISH:I (runtime_flags=0, domain=platform, api=unsupported) from Landroidx/test/espresso/base/InputManagerEventInjectionStrategy; (domain=app) using reflection: allowed
11-10 14:35:12.592 13030 13067 I pp.seguritacapp: hiddenapi: Accessing hidden field Ljava/lang/reflect/Field;->accessFlags:I (runtime_flags=0, domain=core-platform, api=unsupported) from Lorg/joor/Reflect; (domain=app) using reflection: allowed
11-10 14:35:12.598 13030 13067 I Detox   : Connecting to server...
11-10 14:35:12.598 13030 13067 I DetoxWSClient: At connectToServer
11-10 14:35:12.605 13030 13092 D DetoxWSClient: At onOpen
11-10 14:35:12.605 13030 13092 I DetoxWSClient: Sending out action 'login' (ID #0)
11-10 14:35:12.606 13030 13092 I Detox   : Connected to server!
11-10 14:35:12.609 13030 13092 D DetoxWSClient: Received action 'loginSuccess' (ID #0, params={"testerConnected":true,"appConnected":true})
11-10 14:35:12.609 13030 13088 I DetoxDispatcher: Handling action 'loginSuccess' (ID #0)...
11-10 14:35:12.609 13030 13088 I DetoxDispatcher: Done with action 'loginSuccess'
11-10 14:35:12.610 13030 13067 I Detox   : Launching the tested activity!
11-10 14:35:12.653 13030 13092 D DetoxWSClient: Received action 'isReady' (ID #-1000, params={})
11-10 14:35:12.653 13030 13088 I DetoxDispatcher: Handling action 'isReady' (ID #-1000)...
11-10 14:35:12.695 13030 13096 I DisplayManager: Choreographer implicitly registered for the refresh rate.
11-10 14:35:12.770 13030 13030 I pp.seguritacapp: AssetManager2(0x70d3768acf38) locale list changing from [] to [en-US]
11-10 14:35:12.813 13030 13096 I EGL_emulation: Opening libGLESv1_CM_emulation.so
11-10 14:35:12.813 13030 13096 I EGL_emulation: Opening libGLESv2_emulation.so
11-10 14:35:12.850 13030 13096 W HWUI    : Failed to choose config with EGL_SWAP_BEHAVIOR_PRESERVED, retrying without...
11-10 14:35:12.850 13030 13096 W HWUI    : Failed to initialize 101010-2 format, error = EGL_SUCCESS
11-10 14:35:12.941 13030 13030 D AppCompatDelegate: Checking for metadata for AppLocalesMetadataHolderService : Service not found
11-10 14:35:12.941 13030 13030 I pp.seguritacapp: AssetManager2(0x70d3768aa058) locale list changing from [] to [en-US]
11-10 14:35:12.957 13030 13030 D LifecycleMonitor: Lifecycle status change: com.tuapp.seguritacapp.MainActivity@e15081c in: PRE_ON_CREATE
11-10 14:35:13.003 13030 13030 D DesktopModeFlags: Toggle override initialized to: OVERRIDE_UNSET
11-10 14:35:13.030 13030 13030 I pp.seguritacapp: hiddenapi: Accessing hidden method Landroid/view/View;->computeFitSystemWindows(Landroid/graphics/Rect;Landroid/graphics/Rect;)Z (runtime_flags=0, domain=platform, api=unsupported) from Landroidx/appcompat/widget/ViewUtils; (domain=app) using reflection: allowed
11-10 14:35:13.031 13030 13030 I pp.seguritacapp: hiddenapi: Accessing hidden method Landroid/view/ViewGroup;->makeOptionalFitsSystemWindows()V (runtime_flags=0, domain=platform, api=unsupported) from Landroidx/appcompat/widget/ViewUtils; (domain=app) using reflection: allowed
11-10 14:35:13.041 13030 13030 W HWUI    : Image decoding logging dropped!
11-10 14:35:13.051 13030 13030 I ExpoDevMenu: Set new dev-menu delegate: class expo.modules.devmenu.DevMenuDefaultDelegate
11-10 14:35:13.058 13030 13030 I expo-notifications: ExpoNotificationLifeCycleListener.onCreate::
11-10 14:35:13.058 13030 13030 I expo-notifications: launchArgs
11-10 14:35:13.058 13030 13030 I expo-notifications:   detoxURLOverride: exp+seguridadciudadanaapp://expo-development-client/?url=http%3A%2F%2F10.0.2.2%3A8081
11-10 14:35:13.058 13030 13030 I expo-notifications:   detoxServer: ws://localhost:49966
11-10 14:35:13.058 13030 13030 I expo-notifications:   detoxSessionId: 2c1a7b2b-11ad-088c-4d63-2b2f6812b49e
11-10 14:35:13.058 13030 13030 I expo-notifications:   detoxEnableSynchronization: 0
11-10 14:35:13.061 13030 13030 D LifecycleMonitor: Lifecycle status change: com.tuapp.seguritacapp.MainActivity@e15081c in: CREATED
11-10 14:35:13.062 13030 13030 D LifecycleMonitor: Lifecycle status change: com.tuapp.seguritacapp.MainActivity@e15081c in: STARTED
11-10 14:35:13.069 13030 13030 D LifecycleMonitor: Lifecycle status change: com.tuapp.seguritacapp.MainActivity@e15081c in: RESUMED
11-10 14:35:13.091 13030 13030 W HWUI    : Unknown dataspace 0
11-10 14:35:13.265 13030 13030 I ExpoDevMenu: Set new dev-menu delegate: class expo.modules.devmenu.DevMenuDefaultDelegate
11-10 14:35:13.281 13030 13030 D InsetsController: hide(ime(), fromIme=false)
11-10 14:35:13.281 13030 13030 I ImeTracker: com.tuapp.seguritacapp:3690a53f: onCancelled at PHASE_CLIENT_ALREADY_HIDDEN
11-10 14:35:13.283 13030 13030 D LifecycleMonitor: Lifecycle status change: com.tuapp.seguritacapp.MainActivity@e15081c in: PAUSED
11-10 14:35:13.301 13030 13030 I pp.seguritacapp: AssetManager2(0x70d3768b42d8) locale list changing from [] to [en-US]
11-10 14:35:13.302 13030 13030 D LifecycleMonitor: Lifecycle status change: com.tuapp.seguritacapp.MainActivity@db8bc3f in: PRE_ON_CREATE
11-10 14:35:13.395 13030 13030 W unknown:BridgelessReact: ReactHost{0}.startSurface(surfaceId = 0): Schedule
11-10 14:35:13.395 13030 13030 W unknown:BridgelessReact: ReactHost{0}.attachSurface(surfaceId = 0)
11-10 14:35:13.410 13030 13113 W unknown:BridgelessReact: ReactHost{0}.getOrCreateReactInstanceTask()
11-10 14:35:13.410 13030 13113 W unknown:BridgelessReact: ReactHost{0}.getOrCreateReactInstanceTask(): Start
11-10 14:35:13.410 13030 13113 D Detox.RNMarker: REACT_BRIDGELESS_LOADING_START (null)
11-10 14:35:13.410 13030 13113 W unknown:BridgelessReact: ReactHost{0}.getJSBundleLoader()
11-10 14:35:13.410 13030 13113 W unknown:BridgelessReact: ReactHost{0}.isMetroRunning()
11-10 14:35:13.416 13030 13030 D LifecycleMonitor: Lifecycle status change: com.tuapp.seguritacapp.MainActivity@db8bc3f in: CREATED
11-10 14:35:13.417 13030 13030 D LifecycleMonitor: Lifecycle status change: com.tuapp.seguritacapp.MainActivity@db8bc3f in: STARTED
11-10 14:35:13.420 13030 13030 W unknown:BridgelessReact: ReactHost{0}.onHostResume(activity)
11-10 14:35:13.420 13030 13030 D LifecycleMonitor: Lifecycle status change: com.tuapp.seguritacapp.MainActivity@db8bc3f in: RESUMED
11-10 14:35:13.435 13030 13030 D VRI[MainActivity]: visibilityChanged oldVisibility=true newVisibility=false
11-10 14:35:13.446 13030 13114 W unknown:BridgelessReact: ReactHost{0}.isMetroRunning(): Async result = true
11-10 14:35:13.450 13030 13113 W unknown:BridgelessReact: ReactHost{0}.loadJSBundleFromMetro()
11-10 14:35:13.450 13030 13113 D Detox.RNMarker: DOWNLOAD_START (null)
11-10 14:35:13.559 13030 13030 D LifecycleMonitor: Lifecycle status change: com.tuapp.seguritacapp.MainActivity@e15081c in: STOPPED
11-10 14:35:13.560 13030 13030 D LifecycleMonitor: Lifecycle status change: com.tuapp.seguritacapp.MainActivity@e15081c in: DESTROYED
11-10 14:35:13.560 13030 13030 W WindowOnBackDispatcher: sendCancelIfRunning: isInProgress=false callback=android.view.ViewRootImpl$$ExternalSyntheticLambda13@72a44ac
11-10 14:35:13.561 13030 13030 D ViewRootImpl: Skipping stats log for color mode
11-10 14:35:13.660 13030 13030 W unknown:BridgelessReact: ReactHost{0}.raiseSoftException(onWindowFocusChange(hasFocus = "true")): Tried to access onWindowFocusChange while context is not ready
11-10 14:35:13.663 13030 13030 E unknown:ReactHost: Unhandled SoftException
11-10 14:35:13.663 13030 13030 E unknown:ReactHost: com.facebook.react.bridge.ReactNoCrashSoftException: raiseSoftException(onWindowFocusChange(hasFocus = "true")): Tried to access onWindowFocusChange while context is not ready
11-10 14:35:13.663 13030 13030 E unknown:ReactHost: 	at com.facebook.react.runtime.ReactHostImpl.raiseSoftException(ReactHostImpl.java:942)
11-10 14:35:13.663 13030 13030 E unknown:ReactHost: 	at com.facebook.react.runtime.ReactHostImpl.raiseSoftException(ReactHostImpl.java:935)
11-10 14:35:13.663 13030 13030 E unknown:ReactHost: 	at com.facebook.react.runtime.ReactHostImpl.onWindowFocusChange(ReactHostImpl.java:716)
11-10 14:35:13.663 13030 13030 E unknown:ReactHost: 	at com.facebook.react.ReactDelegate.onWindowFocusChanged(ReactDelegate.java:204)
11-10 14:35:13.663 13030 13030 E unknown:ReactHost: 	at com.facebook.react.ReactActivityDelegate.onWindowFocusChanged(ReactActivityDelegate.java:189)
11-10 14:35:13.663 13030 13030 E unknown:ReactHost: 	at expo.modules.ReactActivityDelegateWrapper.onWindowFocusChanged(ReactActivityDelegateWrapper.kt:298)
11-10 14:35:13.663 13030 13030 E unknown:ReactHost: 	at com.facebook.react.ReactActivity.onWindowFocusChanged(ReactActivity.java:138)
11-10 14:35:13.663 13030 13030 E unknown:ReactHost: 	at androidx.appcompat.view.WindowCallbackWrapper.onWindowFocusChanged(WindowCallbackWrapper.java:125)
11-10 14:35:13.663 13030 13030 E unknown:ReactHost: 	at com.android.internal.policy.DecorView.onWindowFocusChanged(DecorView.java:1818)
11-10 14:35:13.663 13030 13030 E unknown:ReactHost: 	at android.view.View.dispatchWindowFocusChanged(View.java:16952)
11-10 14:35:13.663 13030 13030 E unknown:ReactHost: 	at android.view.ViewGroup.dispatchWindowFocusChanged(ViewGroup.java:1530)
11-10 14:35:13.663 13030 13030 E unknown:ReactHost: 	at android.view.ViewRootImpl.dispatchFocusEvent(ViewRootImpl.java:4872)
11-10 14:35:13.663 13030 13030 E unknown:ReactHost: 	at android.view.ViewRootImpl.handleWindowFocusChanged(ViewRootImpl.java:4776)
11-10 14:35:13.663 13030 13030 E unknown:ReactHost: 	at android.view.ViewRootImpl.-$$Nest$mhandleWindowFocusChanged(Unknown Source:0)
11-10 14:35:13.663 13030 13030 E unknown:ReactHost: 	at android.view.ViewRootImpl$ViewRootHandler.handleMessageImpl(ViewRootImpl.java:7016)
11-10 14:35:13.663 13030 13030 E unknown:ReactHost: 	at android.view.ViewRootImpl$ViewRootHandler.handleMessage(ViewRootImpl.java:6926)
11-10 14:35:13.663 13030 13030 E unknown:ReactHost: 	at android.os.Handler.dispatchMessage(Handler.java:110)
11-10 14:35:13.663 13030 13030 E unknown:ReactHost: 	at android.os.Looper.loopOnce(Looper.java:248)
11-10 14:35:13.663 13030 13030 E unknown:ReactHost: 	at android.os.Looper.loop(Looper.java:338)
11-10 14:35:13.663 13030 13030 E unknown:ReactHost: 	at android.app.ActivityThread.main(ActivityThread.java:9067)
11-10 14:35:13.663 13030 13030 E unknown:ReactHost: 	at java.lang.reflect.Method.invoke(Native Method)
11-10 14:35:13.663 13030 13030 E unknown:ReactHost: 	at com.android.internal.os.RuntimeInit$MethodAndArgsCaller.run(RuntimeInit.java:593)
11-10 14:35:13.663 13030 13030 E unknown:ReactHost: 	at com.android.internal.os.ZygoteInit.main(ZygoteInit.java:932)
11-10 14:35:13.683 13030 13030 D InsetsController: hide(ime(), fromIme=false)
11-10 14:35:13.684 13030 13030 I ImeTracker: com.tuapp.seguritacapp:b8e506c7: onCancelled at PHASE_CLIENT_ALREADY_HIDDEN
11-10 14:35:13.967 13030 13034 I pp.seguritacapp: Compiler allocated 5042KB to compile void android.view.ViewRootImpl.performTraversals()
11-10 14:35:16.597 13030 13118 D Detox.RNMarker: DOWNLOAD_END ({"url":"http:\/\/10.0.2.2:8081\/index.ts.bundle?platform=android&dev=true&hot=false&transform.engine=hermes&transform.bytecode=1&transform.routerRoot=app&unstable_transformProfile=hermes-stable","filesChangedCount":0})
11-10 14:35:16.597 13030 13118 W unknown:BridgelessReact: ReactHost{0}.loadJSBundleFromMetro(): Creating BundleLoader
11-10 14:35:16.599 13030 13030 W WindowOnBackDispatcher: sendCancelIfRunning: isInProgress=false callback=android.view.ViewRootImpl$$ExternalSyntheticLambda13@2e69121
11-10 14:35:16.599 13030 13113 W unknown:BridgelessReact: ReactHost{0}.getOrCreateReactContext(): Creating BridgelessReactContext
11-10 14:35:16.604 13030 13113 W unknown:BridgelessReact: ReactHost{0}.getOrCreateReactInstanceTask(): Creating ReactInstance
11-10 14:35:16.656 13030 13113 D nativeloader: Load /data/app/~~x3ZIR9AoOM5KhqutKO6K4A==/com.tuapp.seguritacapp-z0yd6R6zSp6VYGfcB_C0sg==/base.apk!/lib/x86_64/libhermes.so using class loader ns clns-9 (caller=/data/app/~~x3ZIR9AoOM5KhqutKO6K4A==/com.tuapp.seguritacapp-z0yd6R6zSp6VYGfcB_C0sg==/base.apk!classes5.dex): ok
11-10 14:35:16.659 13030 13113 D nativeloader: Load /data/app/~~x3ZIR9AoOM5KhqutKO6K4A==/com.tuapp.seguritacapp-z0yd6R6zSp6VYGfcB_C0sg==/base.apk!/lib/x86_64/libhermestooling.so using class loader ns clns-9 (caller=/data/app/~~x3ZIR9AoOM5KhqutKO6K4A==/com.tuapp.seguritacapp-z0yd6R6zSp6VYGfcB_C0sg==/base.apk!classes5.dex): ok
11-10 14:35:16.659 13030 13113 D jni_lib_merge: Entering merged library JNI_OnLoad.
11-10 14:35:16.659 13030 13113 D jni_lib_merge: Preparing 4 pre-merged libs (including stub)
11-10 14:35:16.659 13030 13113 D jni_lib_merge: Preparing to register libhermes_executor_so.  onload_func: 0x70d2cb56f2a0
11-10 14:35:16.659 13030 13113 D jni_lib_merge: Preparing to register libhermesinstancejni_so.  onload_func: 0x70d2cb5a1190
11-10 14:35:16.659 13030 13113 D jni_lib_merge: Preparing to register libjsijniprofiler_so.  onload_func: 0x70d2cb5a3150
11-10 14:35:16.659 13030 13113 D jni_lib_merge: About to register 3 actual methods.
11-10 14:35:17.082 13030 13035 W pp.seguritacapp: Cleared Reference was only reachable from finalizer (only reported once)
11-10 14:35:17.226 13030 13131 D ProfileInstaller: Installing profile for com.tuapp.seguritacapp
11-10 14:35:17.396 13030 13113 I ExpoModulesCore: ✅ AppContext was initialized
11-10 14:35:17.467 13030 13113 W ReactNativeJNI: Component property map contains multiple entries for 'borderColor'. Ensure all calls to convertRawProp use a consistent prefix, name and suffix.
11-10 14:35:17.467 13030 13113 W ReactNativeJNI: Component property map contains multiple entries for 'borderStyle'. Ensure all calls to convertRawProp use a consistent prefix, name and suffix.
11-10 14:35:17.470 13030 13113 W ReactNativeJNI: Component property map contains multiple entries for 'borderColor'. Ensure all calls to convertRawProp use a consistent prefix, name and suffix.
11-10 14:35:17.470 13030 13113 W ReactNativeJNI: Component property map contains multiple entries for 'borderStyle'. Ensure all calls to convertRawProp use a consistent prefix, name and suffix.
11-10 14:35:17.470 13030 13113 W ReactNativeJNI: Component property map contains multiple entries for 'borderRadius'. Ensure all calls to convertRawProp use a consistent prefix, name and suffix.
11-10 14:35:17.471 13030 13113 W ReactNativeJNI: Component property map contains multiple entries for 'borderEndColor'. Ensure all calls to convertRawProp use a consistent prefix, name and suffix.
11-10 14:35:17.471 13030 13113 W ReactNativeJNI: Component property map contains multiple entries for 'borderTopColor'. Ensure all calls to convertRawProp use a consistent prefix, name and suffix.
11-10 14:35:17.471 13030 13113 W ReactNativeJNI: Component property map contains multiple entries for 'borderLeftColor'. Ensure all calls to convertRawProp use a consistent prefix, name and suffix.
11-10 14:35:17.471 13030 13113 W ReactNativeJNI: Component property map contains multiple entries for 'borderBlockColor'. Ensure all calls to convertRawProp use a consistent prefix, name and suffix.
11-10 14:35:17.471 13030 13113 W ReactNativeJNI: Component property map contains multiple entries for 'borderRightColor'. Ensure all calls to convertRawProp use a consistent prefix, name and suffix.
11-10 14:35:17.471 13030 13113 W ReactNativeJNI: Component property map contains multiple entries for 'borderStartColor'. Ensure all calls to convertRawProp use a consistent prefix, name and suffix.
11-10 14:35:17.471 13030 13113 W ReactNativeJNI: Component property map contains multiple entries for 'borderBottomColor'. Ensure all calls to convertRawProp use a consistent prefix, name and suffix.
11-10 14:35:17.471 13030 13113 W ReactNativeJNI: Component property map contains multiple entries for 'borderEndEndRadius'. Ensure all calls to convertRawProp use a consistent prefix, name and suffix.
11-10 14:35:17.471 13030 13113 W ReactNativeJNI: Component property map contains multiple entries for 'borderTopEndRadius'. Ensure all calls to convertRawProp use a consistent prefix, name and suffix.
11-10 14:35:17.471 13030 13113 W ReactNativeJNI: Component property map contains multiple entries for 'borderBlockEndColor'. Ensure all calls to convertRawProp use a consistent prefix, name and suffix.
11-10 14:35:17.471 13030 13113 W ReactNativeJNI: Component property map contains multiple entries for 'borderTopLeftRadius'. Ensure all calls to convertRawProp use a consistent prefix, name and suffix.
11-10 14:35:17.471 13030 13113 W ReactNativeJNI: Component property map contains multiple entries for 'borderEndStartRadius'. Ensure all calls to convertRawProp use a consistent prefix, name and suffix.
11-10 14:35:17.471 13030 13113 W ReactNativeJNI: Component property map contains multiple entries for 'borderStartEndRadius'. Ensure all calls to convertRawProp use a consistent prefix, name and suffix.
11-10 14:35:17.471 13030 13113 W ReactNativeJNI: Component property map contains multiple entries for 'borderTopRightRadius'. Ensure all calls to convertRawProp use a consistent prefix, name and suffix.
11-10 14:35:17.471 13030 13113 W ReactNativeJNI: Component property map contains multiple entries for 'borderTopStartRadius'. Ensure all calls to convertRawProp use a consistent prefix, name and suffix.
11-10 14:35:17.471 13030 13113 W ReactNativeJNI: Component property map contains multiple entries for 'borderBlockStartColor'. Ensure all calls to convertRawProp use a consistent prefix, name and suffix.
11-10 14:35:17.471 13030 13113 W ReactNativeJNI: Component property map contains multiple entries for 'borderBottomEndRadius'. Ensure all calls to convertRawProp use a consistent prefix, name and suffix.
11-10 14:35:17.471 13030 13113 W ReactNativeJNI: Component property map contains multiple entries for 'borderBottomLeftRadius'. Ensure all calls to convertRawProp use a consistent prefix, name and suffix.
11-10 14:35:17.471 13030 13113 W ReactNativeJNI: Component property map contains multiple entries for 'borderStartStartRadius'. Ensure all calls to convertRawProp use a consistent prefix, name and suffix.
11-10 14:35:17.471 13030 13113 W ReactNativeJNI: Component property map contains multiple entries for 'borderBottomRightRadius'. Ensure all calls to convertRawProp use a consistent prefix, name and suffix.
11-10 14:35:17.471 13030 13113 W ReactNativeJNI: Component property map contains multiple entries for 'borderBottomStartRadius'. Ensure all calls to convertRawProp use a consistent prefix, name and suffix.
11-10 14:35:17.591 13030 13113 W unknown:BridgelessReact: ReactHost{0}.getOrCreateReactInstanceTask(): Loading JS Bundle
11-10 14:35:17.592 13030 13113 W unknown:BridgelessReact: ReactHost{0}.getOrCreateReactInstanceTask(): Calling DevSupportManagerBase.onNewReactContextCreated(reactContext)
11-10 14:35:17.592 13030 13126 D Detox.RNMarker: RUN_JS_BUNDLE_START (/index.ts.bundle?platform=android&dev=true&hot=false&transform.engine=hermes&transform.bytecode=1&transform.routerRoot=app&unstable_transformProfile=hermes-stable)
11-10 14:35:17.596 13030 13030 W unknown:BridgelessReact: ReactContext.onHostResume()
11-10 14:35:17.599 13030 13030 W unknown:BridgelessReact: ReactHost{0}.getOrCreateReactInstanceTask(): Executing ReactInstanceEventListeners
11-10 14:35:17.600 13030 13030 I ExpoDevMenu: Delegate's context was loaded.
11-10 14:35:17.601 13030 13030 W SoLoader: SoLoader already initialized
11-10 14:35:17.615 13030 13030 W DevLauncher: java.lang.NoSuchFieldException: No field mOverrideColorScheme in class Lcom/facebook/react/modules/appearance/AppearanceModule; (declaration of 'com.facebook.react.modules.appearance.AppearanceModule' appears in /data/app/~~x3ZIR9AoOM5KhqutKO6K4A==/com.tuapp.seguritacapp-z0yd6R6zSp6VYGfcB_C0sg==/base.apk!classes5.dex)
11-10 14:35:17.615 13030 13030 W DevLauncher: 	at java.lang.Class.getDeclaredField(Native Method)
11-10 14:35:17.615 13030 13030 W DevLauncher: 	at expo.modules.devlauncher.helpers.DevLauncherReflectionExtensionsKt.setProtectedDeclaredField(DevLauncherReflectionExtensions.kt:21)
11-10 14:35:17.615 13030 13030 W DevLauncher: 	at expo.modules.devlauncher.launcher.loaders.DevLauncherExpoAppLoader.applyUserInterfaceStyle(DevLauncherExpoAppLoader.kt:51)
11-10 14:35:17.615 13030 13030 W DevLauncher: 	at expo.modules.devlauncher.launcher.loaders.DevLauncherExpoAppLoader.onReactContext(DevLauncherExpoAppLoader.kt:39)
11-10 14:35:17.615 13030 13030 W DevLauncher: 	at expo.modules.devlauncher.launcher.loaders.DevLauncherAppLoader$createOnDelegateWillBeCreatedListener$1$2.onReactContextInitialized(DevLauncherAppLoader.kt:57)
11-10 14:35:17.615 13030 13030 W DevLauncher: 	at com.facebook.react.runtime.ReactHostImpl.lambda$getOrCreateReactInstanceTask$23(ReactHostImpl.java:1199)
11-10 14:35:17.615 13030 13030 W DevLauncher: 	at com.facebook.react.runtime.ReactHostImpl.$r8$lambda$_DltxGexC_ZtRzEC625dZXiL8zo(Unknown Source:0)
11-10 14:35:17.615 13030 13030 W DevLauncher: 	at com.facebook.react.runtime.ReactHostImpl$$ExternalSyntheticLambda44.then(D8$$SyntheticClass:0)
11-10 14:35:17.615 13030 13030 W DevLauncher: 	at com.facebook.react.runtime.internal.bolts.Task$7.run(Task.java:423)
11-10 14:35:17.615 13030 13030 W DevLauncher: 	at com.facebook.react.runtime.internal.bolts.Executors$ImmediateExecutor.execute(Executors.kt:41)
11-10 14:35:17.615 13030 13030 W DevLauncher: 	at com.facebook.react.runtime.internal.bolts.Task.completeImmediately(Task.java:418)
11-10 14:35:17.615 13030 13030 W DevLauncher: 	at com.facebook.react.runtime.internal.bolts.Task.continueWith(Task.java:288)
11-10 14:35:17.615 13030 13030 W DevLauncher: 	at com.facebook.react.runtime.internal.bolts.Task.continueWith(Task.java:299)
11-10 14:35:17.615 13030 13030 W DevLauncher: 	at com.facebook.react.runtime.internal.bolts.Task$5.then(Task.java:354)
11-10 14:35:17.615 13030 13030 W DevLauncher: 	at com.facebook.react.runtime.internal.bolts.Task$5.then(Task.java:346)
11-10 14:35:17.615 13030 13030 W DevLauncher: 	at com.facebook.react.runtime.internal.bolts.Task$8.run(Task.java:460)
11-10 14:35:17.615 13030 13030 W DevLauncher: 	at android.os.Handler.handleCallback(Handler.java:995)
11-10 14:35:17.615 13030 13030 W DevLauncher: 	at android.os.Handler.dispatchMessage(Handler.java:103)
11-10 14:35:17.615 13030 13030 W DevLauncher: 	at android.os.Looper.loopOnce(Looper.java:248)
11-10 14:35:17.615 13030 13030 W DevLauncher: 	at android.os.Looper.loop(Looper.java:338)
11-10 14:35:17.615 13030 13030 W DevLauncher: 	at android.app.ActivityThread.main(ActivityThread.java:9067)
11-10 14:35:17.615 13030 13030 W DevLauncher: 	at java.lang.reflect.Method.invoke(Native Method)
11-10 14:35:17.615 13030 13030 W DevLauncher: 	at com.android.internal.os.RuntimeInit$MethodAndArgsCaller.run(RuntimeInit.java:593)
11-10 14:35:17.615 13030 13030 W DevLauncher: 	at com.android.internal.os.ZygoteInit.main(ZygoteInit.java:932)
11-10 14:35:17.616 13030 13030 I DetoxRNLoading: Got new RN-context through listener
11-10 14:35:17.616 13030 13113 W unknown:BridgelessReact: ReactHost{0}.startSurface(surfaceId = 0): Execute
11-10 14:35:17.619 13030 13134 W unknown:BridgelessReact: ReactHost{1}.getOrCreateStartTask(): Schedule
11-10 14:35:17.619 13030 13134 W unknown:BridgelessReact: ReactHost{1}.getOrCreateReactInstanceTask()
11-10 14:35:17.620 13030 13134 W unknown:BridgelessReact: ReactHost{1}.getOrCreateReactInstanceTask(): Start
11-10 14:35:17.620 13030 13134 D Detox.RNMarker: REACT_BRIDGELESS_LOADING_START (null)
11-10 14:35:17.620 13030 13134 W unknown:BridgelessReact: ReactHost{1}.getJSBundleLoader()
11-10 14:35:17.620 13030 13134 W unknown:BridgelessReact: ReactHost{1}.getOrCreateReactContext(): Creating BridgelessReactContext
11-10 14:35:17.620 13030 13134 W unknown:BridgelessReact: ReactHost{1}.getOrCreateReactInstanceTask(): Creating ReactInstance
11-10 14:35:17.632 13030 13030 I pp.seguritacapp: hiddenapi: Accessing hidden method Landroid/os/MessageQueue;->next()Landroid/os/Message; (runtime_flags=0, domain=platform, api=unsupported) from Landroidx/test/espresso/base/Interrogator; (domain=app) using reflection: allowed
11-10 14:35:17.632 13030 13030 I pp.seguritacapp: hiddenapi: Accessing hidden field Landroid/os/MessageQueue;->mMessages:Landroid/os/Message; (runtime_flags=0, domain=platform, api=unsupported) from Landroidx/test/espresso/base/Interrogator; (domain=app) using reflection: allowed
11-10 14:35:17.633 13030 13030 I pp.seguritacapp: hiddenapi: Accessing hidden method Landroid/os/Message;->recycleUnchecked()V (runtime_flags=0, domain=platform, api=unsupported) from Landroidx/test/espresso/base/Interrogator; (domain=app) using reflection: allowed
11-10 14:35:17.633 13030 13030 W unknown:BridgelessReact: ReactHost{0}.onUserLeaveHint(activity)
11-10 14:35:17.634 13030 13030 W unknown:BridgelessReact: ReactHost{0}.onHostPause(activity)
11-10 14:35:17.634 13030 13030 W unknown:BridgelessReact: ReactContext.onHostPause()
11-10 14:35:17.634 13030 13030 D LifecycleMonitor: Lifecycle status change: com.tuapp.seguritacapp.MainActivity@db8bc3f in: PAUSED
11-10 14:35:17.650 13030 13030 I pp.seguritacapp: AssetManager2(0x70d3768b71b8) locale list changing from [] to [en-US]
11-10 14:35:17.651 13030 13030 D LifecycleMonitor: Lifecycle status change: expo.modules.devmenu.DevMenuActivity@ad52ed2 in: PRE_ON_CREATE
11-10 14:35:17.654 13030 13134 I ExpoModulesCore: ✅ AppContext was initialized
11-10 14:35:17.657 13030 13030 W unknown:BridgelessReact: ReactHost{1}.startSurface(surfaceId = 0): Schedule
11-10 14:35:17.657 13030 13030 W unknown:BridgelessReact: ReactHost{1}.attachSurface(surfaceId = 0)
11-10 14:35:17.667 13030 13134 W ReactNativeJNI: Component property map contains multiple entries for 'borderColor'. Ensure all calls to convertRawProp use a consistent prefix, name and suffix.
11-10 14:35:17.667 13030 13134 W ReactNativeJNI: Component property map contains multiple entries for 'borderStyle'. Ensure all calls to convertRawProp use a consistent prefix, name and suffix.
11-10 14:35:17.669 13030 13134 W ReactNativeJNI: Component property map contains multiple entries for 'borderColor'. Ensure all calls to convertRawProp use a consistent prefix, name and suffix.
11-10 14:35:17.669 13030 13134 W ReactNativeJNI: Component property map contains multiple entries for 'borderStyle'. Ensure all calls to convertRawProp use a consistent prefix, name and suffix.
11-10 14:35:17.669 13030 13134 W ReactNativeJNI: Component property map contains multiple entries for 'borderRadius'. Ensure all calls to convertRawProp use a consistent prefix, name and suffix.
11-10 14:35:17.669 13030 13134 W ReactNativeJNI: Component property map contains multiple entries for 'borderEndColor'. Ensure all calls to convertRawProp use a consistent prefix, name and suffix.
11-10 14:35:17.669 13030 13134 W ReactNativeJNI: Component property map contains multiple entries for 'borderTopColor'. Ensure all calls to convertRawProp use a consistent prefix, name and suffix.
11-10 14:35:17.669 13030 13134 W ReactNativeJNI: Component property map contains multiple entries for 'borderLeftColor'. Ensure all calls to convertRawProp use a consistent prefix, name and suffix.
11-10 14:35:17.669 13030 13134 W ReactNativeJNI: Component property map contains multiple entries for 'borderBlockColor'. Ensure all calls to convertRawProp use a consistent prefix, name and suffix.
11-10 14:35:17.669 13030 13134 W ReactNativeJNI: Component property map contains multiple entries for 'borderRightColor'. Ensure all calls to convertRawProp use a consistent prefix, name and suffix.
11-10 14:35:17.669 13030 13134 W ReactNativeJNI: Component property map contains multiple entries for 'borderStartColor'. Ensure all calls to convertRawProp use a consistent prefix, name and suffix.
11-10 14:35:17.669 13030 13134 W ReactNativeJNI: Component property map contains multiple entries for 'borderBottomColor'. Ensure all calls to convertRawProp use a consistent prefix, name and suffix.
11-10 14:35:17.669 13030 13134 W ReactNativeJNI: Component property map contains multiple entries for 'borderEndEndRadius'. Ensure all calls to convertRawProp use a consistent prefix, name and suffix.
11-10 14:35:17.669 13030 13134 W ReactNativeJNI: Component property map contains multiple entries for 'borderTopEndRadius'. Ensure all calls to convertRawProp use a consistent prefix, name and suffix.
