11-10 14:35:17.669 13030 13134 W ReactNativeJNI: Component property map contains multiple entries for 'borderBlockEndColor'. Ensure all calls to convertRawProp use a consistent prefix, name and suffix.
11-10 14:35:17.669 13030 13134 W ReactNativeJNI: Component property map contains multiple entries for 'borderTopLeftRadius'. Ensure all calls to convertRawProp use a consistent prefix, name and suffix.
11-10 14:35:17.669 13030 13134 W ReactNativeJNI: Component property map contains multiple entries for 'borderEndStartRadius'. Ensure all calls to convertRawProp use a consistent prefix, name and suffix.
11-10 14:35:17.669 13030 13134 W ReactNativeJNI: Component property map contains multiple entries for 'borderStartEndRadius'. Ensure all calls to convertRawProp use a consistent prefix, name and suffix.
11-10 14:35:17.670 13030 13134 W ReactNativeJNI: Component property map contains multiple entries for 'borderTopRightRadius'. Ensure all calls to convertRawProp use a consistent prefix, name and suffix.
11-10 14:35:17.670 13030 13134 W ReactNativeJNI: Component property map contains multiple entries for 'borderTopStartRadius'. Ensure all calls to convertRawProp use a consistent prefix, name and suffix.
11-10 14:35:17.670 13030 13134 W ReactNativeJNI: Component property map contains multiple entries for 'borderBlockStartColor'. Ensure all calls to convertRawProp use a consistent prefix, name and suffix.
11-10 14:35:17.670 13030 13134 W ReactNativeJNI: Component property map contains multiple entries for 'borderBottomEndRadius'. Ensure all calls to convertRawProp use a consistent prefix, name and suffix.
11-10 14:35:17.670 13030 13134 W ReactNativeJNI: Component property map contains multiple entries for 'borderBottomLeftRadius'. Ensure all calls to convertRawProp use a consistent prefix, name and suffix.
11-10 14:35:17.670 13030 13134 W ReactNativeJNI: Component property map contains multiple entries for 'borderStartStartRadius'. Ensure all calls to convertRawProp use a consistent prefix, name and suffix.
11-10 14:35:17.670 13030 13134 W ReactNativeJNI: Component property map contains multiple entries for 'borderBottomRightRadius'. Ensure all calls to convertRawProp use a consistent prefix, name and suffix.
11-10 14:35:17.670 13030 13134 W ReactNativeJNI: Component property map contains multiple entries for 'borderBottomStartRadius'. Ensure all calls to convertRawProp use a consistent prefix, name and suffix.
11-10 14:35:17.683 13030 13030 D LifecycleMonitor: Lifecycle status change: expo.modules.devmenu.DevMenuActivity@ad52ed2 in: CREATED
11-10 14:35:17.684 13030 13030 W unknown:ReactNative: Packager connection already open, nooping.
11-10 14:35:17.684 13030 13030 D LifecycleMonitor: Lifecycle status change: expo.modules.devmenu.DevMenuActivity@ad52ed2 in: STARTED
11-10 14:35:17.685 13030 13030 W unknown:BridgelessReact: ReactHost{1}.onHostResume(activity)
11-10 14:35:17.685 13030 13030 W unknown:BridgelessReact: ReactContext.onHostResume()
11-10 14:35:17.686 13030 13030 D LifecycleMonitor: Lifecycle status change: expo.modules.devmenu.DevMenuActivity@ad52ed2 in: RESUMED
11-10 14:35:17.706 13030 13134 W unknown:BridgelessReact: ReactHost{1}.getOrCreateReactInstanceTask(): Loading JS Bundle
11-10 14:35:17.728 13030 13134 W unknown:BridgelessReact: ReactHost{1}.getOrCreateReactInstanceTask(): Calling DevSupportManagerBase.onNewReactContextCreated(reactContext)
11-10 14:35:17.728 13030 13134 W unknown:BridgelessReact: ReactHost{1}.getOrCreateReactInstanceTask()
11-10 14:35:17.728 13030 13135 D Detox.RNMarker: RUN_JS_BUNDLE_START (EXDevMenuApp.android.js)
11-10 14:35:17.755 13030 13030 W unknown:BridgelessReact: ReactContext.onHostResume()
11-10 14:35:17.757 13030 13030 W unknown:BridgelessReact: ReactHost{1}.getOrCreateReactInstanceTask(): Executing ReactInstanceEventListeners
11-10 14:35:17.758 13030 13134 W unknown:BridgelessReact: ReactHost{1}.startSurface(surfaceId = 0): Execute
11-10 14:35:17.760 13030 13030 I Detox   : Wait is over: App is now idle!
11-10 14:35:17.760 13030 13088 I DetoxWSClient: Sending out action 'ready' (ID #-1000)
11-10 14:35:17.761 13030 13088 I DetoxDispatcher: Done with action 'isReady'
11-10 14:35:17.773 13030 13030 D InsetsController: hide(ime(), fromIme=false)
11-10 14:35:17.774 13030 13030 I ImeTracker: com.tuapp.seguritacapp:fadec751: onCancelled at PHASE_CLIENT_ALREADY_HIDDEN
11-10 14:35:17.916 13030 13135 D nativeloader: Load /data/app/~~x3ZIR9AoOM5KhqutKO6K4A==/com.tuapp.seguritacapp-z0yd6R6zSp6VYGfcB_C0sg==/base.apk!/lib/x86_64/libexpo-modules-core.so using class loader ns clns-9 (caller=/data/app/~~x3ZIR9AoOM5KhqutKO6K4A==/com.tuapp.seguritacapp-z0yd6R6zSp6VYGfcB_C0sg==/base.apk!classes5.dex): ok
11-10 14:35:17.933 13030 13135 W unknown:ViewManagerPropertyUpdater: Could not find generated setter for class expo.modules.kotlin.views.GroupViewManagerWrapper
11-10 14:35:17.938 13030 13135 W unknown:ViewManagerPropertyUpdater: Could not find generated setter for class com.facebook.react.uimanager.LayoutShadowNode
11-10 14:35:17.953 13030 13135 W unknown:ViewManagerPropertyUpdater: Could not find generated setter for class com.facebook.react.views.safeareaview.ReactSafeAreaViewManager
11-10 14:35:17.953 13030 13135 W unknown:ViewManagerPropertyUpdater: Could not find generated setter for class com.facebook.react.views.safeareaview.ReactSafeAreaViewShadowNode
11-10 14:35:17.958 13030 13135 W unknown:ViewManagerPropertyUpdater: Could not find generated setter for class com.facebook.react.views.modal.ReactModalHostManager
11-10 14:35:17.962 13030 13135 W unknown:ViewManagerPropertyUpdater: Could not find generated setter for class com.facebook.react.views.text.frescosupport.FrescoBasedReactTextInlineImageViewManager
11-10 14:35:17.962 13030 13135 W unknown:ViewManagerPropertyUpdater: Could not find generated setter for class com.facebook.react.views.text.frescosupport.FrescoBasedReactTextInlineImageShadowNode
11-10 14:35:17.967 13030 13135 W unknown:ViewManagerPropertyUpdater: Could not find generated setter for class com.facebook.react.views.progressbar.ReactProgressBarViewManager
11-10 14:35:17.968 13030 13135 W unknown:ViewManagerPropertyUpdater: Could not find generated setter for class com.facebook.react.views.progressbar.ProgressBarShadowNode
11-10 14:35:17.975 13030 13135 W unknown:ViewManagerPropertyUpdater: Could not find generated setter for class com.facebook.react.views.scroll.ReactHorizontalScrollViewManager
11-10 14:35:17.989 13030 13135 W unknown:ViewManagerPropertyUpdater: Could not find generated setter for class com.facebook.react.views.image.ReactImageManager
11-10 14:35:17.999 13030 13135 W unknown:ViewManagerPropertyUpdater: Could not find generated setter for class com.facebook.react.views.text.ReactTextViewManager
11-10 14:35:18.000 13030 13135 W unknown:ViewManagerPropertyUpdater: Could not find generated setter for class com.facebook.react.views.text.ReactTextShadowNode
11-10 14:35:18.006 13030 13135 W unknown:ViewManagerPropertyUpdater: Could not find generated setter for class com.facebook.react.views.scroll.ReactHorizontalScrollContainerViewManager
11-10 14:35:18.017 13030 13135 W unknown:ViewManagerPropertyUpdater: Could not find generated setter for class com.facebook.react.views.unimplementedview.ReactUnimplementedViewManager
11-10 14:35:18.026 13030 13135 W unknown:ViewManagerPropertyUpdater: Could not find generated setter for class com.facebook.react.views.scroll.ReactScrollViewManager
11-10 14:35:18.037 13030 13135 W unknown:ViewManagerPropertyUpdater: Could not find generated setter for class com.facebook.react.views.view.ReactViewManager
11-10 14:35:18.061 13030 13135 W unknown:ViewManagerPropertyUpdater: Could not find generated setter for class com.facebook.react.views.drawer.ReactDrawerLayoutManager
11-10 14:35:18.078 13030 13135 W unknown:ViewManagerPropertyUpdater: Could not find generated setter for class com.facebook.react.views.switchview.ReactSwitchManager
11-10 14:35:18.079 13030 13135 W unknown:ViewManagerPropertyUpdater: Could not find generated setter for class com.facebook.react.views.switchview.ReactSwitchManager$ReactSwitchShadowNode
11-10 14:35:18.083 13030 13135 W unknown:ViewManagerPropertyUpdater: Could not find generated setter for class com.facebook.react.views.text.ReactVirtualTextViewManager
11-10 14:35:18.083 13030 13135 W unknown:ViewManagerPropertyUpdater: Could not find generated setter for class com.facebook.react.views.text.ReactVirtualTextShadowNode
11-10 14:35:18.088 13030 13126 D CompatChangeReporter: Compat change id reported: 289878283; UID 10225; state: ENABLED
11-10 14:35:18.089 13030 13135 W unknown:ViewManagerPropertyUpdater: Could not find generated setter for class com.facebook.react.views.swiperefresh.SwipeRefreshLayoutManager
11-10 14:35:18.095 13030 13135 W unknown:ViewManagerPropertyUpdater: Could not find generated setter for class com.facebook.react.views.text.ReactRawTextManager
11-10 14:35:18.095 13030 13135 W unknown:ViewManagerPropertyUpdater: Could not find generated setter for class com.facebook.react.views.text.ReactRawTextShadowNode
11-10 14:35:18.095 13030 13127 I pp.seguritacapp: AssetManager2(0x70d3768d04d8) locale list changing from [] to [en-US]
11-10 14:35:18.095 13030 13127 I WebViewFactory: Loading com.google.android.webview version 133.0.6943.137 (code 694313738)
11-10 14:35:18.095 13030 13127 W ResourcesManager: Found a null ResourcesImpl, skipped.
11-10 14:35:18.096 13030 13127 I pp.seguritacapp: AssetManager2(0x70d3768cfe98) locale list changing from [] to [en-US]
11-10 14:35:18.096 13030 13127 I pp.seguritacapp: AssetManager2(0x70d3768ca0d8) locale list changing from [] to [en-US]
11-10 14:35:18.096 13030 13127 I pp.seguritacapp: AssetManager2(0x70d3768cc978) locale list changing from [] to [en-US]
11-10 14:35:18.097 13030 13127 I pp.seguritacapp: AssetManager2(0x70d3768d07f8) locale list changing from [] to [en-US]
11-10 14:35:18.097 13030 13127 V ResourcesManager: The following library key has been added: ResourcesKey{ mHash=3e131997 mResDir=null mSplitDirs=[] mOverlayDirs=[] mLibDirs=[/data/app/~~nxIzNTNk-9juzieP2H14bw==/com.google.android.webview-8Ofj1MShe1sfVlVeR-7jYw==/WebViewGoogle.apk,/data/app/~~NUV24JfAbMsvCZ3y-B3LCQ==/com.google.android.trichromelibrary_694313738-b-_y91Ev7XotJG5HsxpYGA==/TrichromeLibrary.apk,/system_ext/framework/androidx.window.extensions.jar] mDisplayId=0 mOverrideConfig=v36 mCompatInfo={440dpi always-compat} mLoaders=[]}
11-10 14:35:18.100 13030 13127 W pp.seguritacapp: Failed to find entry 'classes.dex': Entry not found
11-10 14:35:18.104 13030 13135 W unknown:ViewManagerPropertyUpdater: Could not find generated setter for class com.facebook.react.views.textinput.ReactTextInputManager
11-10 14:35:18.106 13030 13135 W unknown:ViewManagerPropertyUpdater: Could not find generated setter for class com.facebook.react.views.textinput.ReactTextInputShadowNode
11-10 14:35:18.106 13030 13127 D nativeloader: Configuring clns-12 for other apk /data/app/~~NUV24JfAbMsvCZ3y-B3LCQ==/com.google.android.trichromelibrary_694313738-b-_y91Ev7XotJG5HsxpYGA==/TrichromeLibrary.apk. target_sdk_version=34, uses_libraries=ALL, library_path=/data/app/~~nxIzNTNk-9juzieP2H14bw==/com.google.android.webview-8Ofj1MShe1sfVlVeR-7jYw==/lib/x86_64:/data/app/~~nxIzNTNk-9juzieP2H14bw==/com.google.android.webview-8Ofj1MShe1sfVlVeR-7jYw==/WebViewGoogle.apk!/lib/x86_64:/data/app/~~NUV24JfAbMsvCZ3y-B3LCQ==/com.google.android.trichromelibrary_694313738-b-_y91Ev7XotJG5HsxpYGA==/TrichromeLibrary.apk!/lib/x86_64, permitted_path=/data:/mnt/expand
11-10 14:35:18.110 13030 13127 D ApplicationLoaders: Returning zygote-cached class loader: /system_ext/framework/androidx.window.extensions.jar
11-10 14:35:18.123 13030 13127 D nativeloader: Configuring clns-13 for other apk /data/app/~~nxIzNTNk-9juzieP2H14bw==/com.google.android.webview-8Ofj1MShe1sfVlVeR-7jYw==/WebViewGoogle.apk. target_sdk_version=34, uses_libraries=, library_path=/data/app/~~nxIzNTNk-9juzieP2H14bw==/com.google.android.webview-8Ofj1MShe1sfVlVeR-7jYw==/lib/x86_64:/data/app/~~nxIzNTNk-9juzieP2H14bw==/com.google.android.webview-8Ofj1MShe1sfVlVeR-7jYw==/WebViewGoogle.apk!/lib/x86_64:/data/app/~~NUV24JfAbMsvCZ3y-B3LCQ==/com.google.android.trichromelibrary_694313738-b-_y91Ev7XotJG5HsxpYGA==/TrichromeLibrary.apk!/lib/x86_64, permitted_path=/data:/mnt/expand
11-10 14:35:18.206 13030 13127 I cr_WVCFactoryProvider: version=133.0.6943.137 (694313738) minSdkVersion=29 isBundle=false multiprocess=true packageId=2
11-10 14:35:18.235 13030 13127 D nativeloader: Load /data/app/~~NUV24JfAbMsvCZ3y-B3LCQ==/com.google.android.trichromelibrary_694313738-b-_y91Ev7XotJG5HsxpYGA==/TrichromeLibrary.apk!/lib/x86_64/libmonochrome_64.so using class loader ns clns-13 (caller=/data/app/~~nxIzNTNk-9juzieP2H14bw==/com.google.android.webview-8Ofj1MShe1sfVlVeR-7jYw==/WebViewGoogle.apk): ok
11-10 14:35:18.244 13030 13127 D nativeloader: Load /system/lib64/libwebviewchromium_plat_support.so using class loader ns clns-13 (caller=/data/app/~~nxIzNTNk-9juzieP2H14bw==/com.google.android.webview-8Ofj1MShe1sfVlVeR-7jYw==/WebViewGoogle.apk): ok
11-10 14:35:18.263 13030 13144 I chromium: [1110/143518.260430:INFO:variations_seed_loader.cc(67)] Failed to open file for reading.: No such file or directory (2)
11-10 14:35:18.266 13030 13144 I chromium: [1110/143518.266152:INFO:variations_seed_loader.cc(67)] Failed to open file for reading.: No such file or directory (2)
11-10 14:35:18.293 13030 13127 I cr_LibraryLoader: Successfully loaded native library
11-10 14:35:18.297 13030 13127 I cr_CachingUmaRecorder: Flushed 6 samples from 6 histograms, 0 samples were dropped.
11-10 14:35:18.327 13030 13126 W unknown:ViewManagerPropertyUpdater: Could not find generated setter for class com.rnmaps.maps.MapUrlTileManager
11-10 14:35:18.327 13030 13126 W unknown:ViewManagerPropertyUpdater: Could not find generated setter for class com.swmansion.rnscreens.ScreenFooterManager
11-10 14:35:18.329 13030 13126 W unknown:ViewManagerPropertyUpdater: Could not find generated setter for class com.rnmaps.maps.MapManager
11-10 14:35:18.330 13030 13126 W unknown:ViewManagerPropertyUpdater: Could not find generated setter for class com.swmansion.rnscreens.ScreenContainerViewManager
11-10 14:35:18.331 13030 13126 W unknown:ViewManagerPropertyUpdater: Could not find generated setter for class com.rnmaps.maps.MapMarkerManager
11-10 14:35:18.331 13030 13126 W unknown:ViewManagerPropertyUpdater: Could not find generated setter for class com.rnmaps.maps.MapLocalTileManager
11-10 14:35:18.332 13030 13126 W unknown:ViewManagerPropertyUpdater: Could not find generated setter for class com.swmansion.rnscreens.ModalScreenViewManager
11-10 14:35:18.333 13030 13126 W unknown:ViewManagerPropertyUpdater: Could not find generated setter for class com.rnmaps.maps.MapPolylineManager
11-10 14:35:18.334 13030 13126 W unknown:ViewManagerPropertyUpdater: Could not find generated setter for class com.rnmaps.maps.MapCircleManager
11-10 14:35:18.334 13030 13126 W unknown:ViewManagerPropertyUpdater: Could not find generated setter for class com.th3rdwave.safeareacontext.SafeAreaViewManager
11-10 14:35:18.335 13030 13126 W unknown:ViewManagerPropertyUpdater: Could not find generated setter for class com.th3rdwave.safeareacontext.SafeAreaViewShadowNode
11-10 14:35:18.335 13030 13126 W unknown:ViewManagerPropertyUpdater: Could not find generated setter for class com.swmansion.rnscreens.ScreenViewManager
11-10 14:35:18.337 13030 13126 W unknown:ViewManagerPropertyUpdater: Could not find generated setter for class expo.modules.kotlin.views.SimpleViewManagerWrapper
11-10 14:35:18.341 13030 13126 W unknown:ViewManagerPropertyUpdater: Could not find generated setter for class com.swmansion.rnscreens.ScreenStackViewManager
11-10 14:35:18.350 13030 13126 W unknown:ViewManagerPropertyUpdater: Could not find generated setter for class com.airbnb.android.react.lottie.LottieAnimationViewManager
11-10 14:35:18.351 13030 13126 W unknown:ViewManagerPropertyUpdater: Could not find generated setter for class com.rnmaps.maps.MapCalloutManager
11-10 14:35:18.352 13030 13126 W unknown:ViewManagerPropertyUpdater: Could not find generated setter for class com.th3rdwave.safeareacontext.SafeAreaProviderManager
11-10 14:35:18.352 13030 13126 W unknown:ViewManagerPropertyUpdater: Could not find generated setter for class com.swmansion.rnscreens.SearchBarManager
11-10 14:35:18.353 13030 13126 W unknown:ViewManagerPropertyUpdater: Could not find generated setter for class com.rnmaps.maps.MapGradientPolylineManager
11-10 14:35:18.353 13030 13126 W unknown:ViewManagerPropertyUpdater: Could not find generated setter for class com.rnmaps.maps.MapHeatmapManager
11-10 14:35:18.354 13030 13126 W unknown:ViewManagerPropertyUpdater: Could not find generated setter for class com.reactnativecommunity.webview.RNCWebViewManager
11-10 14:35:18.358 13030 13126 W unknown:ViewManagerPropertyUpdater: Could not find generated setter for class org.reactnative.maskedview.RNCMaskedViewManager
11-10 14:35:18.358 13030 13126 W unknown:ViewManagerPropertyUpdater: Could not find generated setter for class com.rnmaps.maps.MapWMSTileManager
11-10 14:35:18.358 13030 13126 W unknown:ViewManagerPropertyUpdater: Could not find generated setter for class com.swmansion.rnscreens.ScreenStackHeaderConfigViewManager
11-10 14:35:18.359 13030 13126 W unknown:ViewManagerPropertyUpdater: Could not find generated setter for class com.swmansion.rnscreens.ScreenContentWrapperManager
11-10 14:35:18.363 13030 13126 W unknown:ViewManagerPropertyUpdater: Could not find generated setter for class com.rnmaps.maps.MapPolygonManager
11-10 14:35:18.364 13030 13126 W unknown:ViewManagerPropertyUpdater: Could not find generated setter for class com.swmansion.rnscreens.ScreenStackHeaderSubviewManager
11-10 14:35:18.366 13030 13126 W unknown:ViewManagerPropertyUpdater: Could not find generated setter for class com.reactnativecommunity.picker.ReactDialogPickerManager
11-10 14:35:18.367 13030 13126 W unknown:ViewManagerPropertyUpdater: Could not find generated setter for class com.reactnativecommunity.picker.ReactPickerShadowNode
11-10 14:35:18.368 13030 13126 W unknown:ViewManagerPropertyUpdater: Could not find generated setter for class com.rnmaps.maps.MapOverlayManager
11-10 14:35:18.368 13030 13126 W unknown:ViewManagerPropertyUpdater: Could not find generated setter for class com.reactnativecommunity.picker.ReactDropdownPickerManager
11-10 14:35:18.431 13030 13135 W BridgelessReactContext: [WARNING] Bridgeless doesn't support CatalystInstance. Accessing an API that's not part of the new architecture is not encouraged usage.
11-10 14:35:18.452 13030 13135 I ExpoModulesCore: ✅ JSI interop was installed
11-10 14:35:18.452 13030 13135 I ExpoModulesCore: ✅ Constants were exported
11-10 14:35:18.467 13030 13135 D Detox.RNMarker: RUN_JS_BUNDLE_END (EXDevMenuApp.android.js)
11-10 14:35:18.467 13030 13135 I ReactNativeJS: Running "main"
11-10 14:35:18.495 13030 13126 W unknown:ViewManagerPropertyUpdater: Could not find generated setter for class com.horcrux.svg.RenderableViewManager$DefsViewManager
11-10 14:35:18.496 13030 13126 W unknown:ViewManagerPropertyUpdater: Could not find generated setter for class com.horcrux.svg.VirtualViewManager$RenderableShadowNode
11-10 14:35:18.500 13030 13126 W unknown:ViewManagerPropertyUpdater: Could not find generated setter for class com.facebook.react.views.debuggingoverlay.DebuggingOverlayManager
11-10 14:35:18.503 13030 13126 W unknown:ViewManagerPropertyUpdater: Could not find generated setter for class com.horcrux.svg.RenderableViewManager$FeMergeManager
11-10 14:35:18.509 13030 13126 W unknown:ViewManagerPropertyUpdater: Could not find generated setter for class com.horcrux.svg.RenderableViewManager$LinearGradientManager
11-10 14:35:18.514 13030 13126 W unknown:ViewManagerPropertyUpdater: Could not find generated setter for class com.horcrux.svg.RenderableViewManager$FeGaussianBlurManager
11-10 14:35:18.527 13030 13126 W unknown:ViewManagerPropertyUpdater: Could not find generated setter for class com.horcrux.svg.RenderableViewManager$FeColorMatrixManager
11-10 14:35:18.527 13030 13135 D Detox.RNMarker: REACT_BRIDGELESS_LOADING_END (null)
11-10 14:35:18.535 13030 13126 W unknown:ViewManagerPropertyUpdater: Could not find generated setter for class com.horcrux.svg.RenderableViewManager$ClipPathViewManager
11-10 14:35:18.540 13030 13126 W unknown:ViewManagerPropertyUpdater: Could not find generated setter for class com.horcrux.svg.RenderableViewManager$SymbolManager
11-10 14:35:18.547 13030 13126 W unknown:ViewManagerPropertyUpdater: Could not find generated setter for class com.horcrux.svg.RenderableViewManager$PatternManager
11-10 14:35:18.552 13030 13126 W unknown:ViewManagerPropertyUpdater: Could not find generated setter for class com.horcrux.svg.RenderableViewManager$FeBlendManager
11-10 14:35:18.563 13030 13126 W unknown:ViewManagerPropertyUpdater: Could not find generated setter for class com.horcrux.svg.SvgViewManager
11-10 14:35:18.573 13030 13126 W unknown:ViewManagerPropertyUpdater: Could not find generated setter for class com.horcrux.svg.RenderableViewManager$UseViewManager
11-10 14:35:18.578 13030 13126 W unknown:ViewManagerPropertyUpdater: Could not find generated setter for class com.horcrux.svg.RenderableViewManager$CircleViewManager
11-10 14:35:18.585 13030 13126 W unknown:ViewManagerPropertyUpdater: Could not find generated setter for class com.horcrux.svg.RenderableViewManager$TSpanViewManager
11-10 14:35:18.590 13030 13126 W unknown:ViewManagerPropertyUpdater: Could not find generated setter for class com.horcrux.svg.RenderableViewManager$FilterManager
11-10 14:35:18.592 13030 13030 D Detox.RNMarker: CONTENT_APPEARED (main)
11-10 14:35:18.594 13030 13126 W unknown:ViewManagerPropertyUpdater: Could not find generated setter for class com.horcrux.svg.RenderableViewManager$MarkerManager
11-10 14:35:18.600 13030 13126 W unknown:ViewManagerPropertyUpdater: Could not find generated setter for class com.swmansion.gesturehandler.react.RNGestureHandlerButtonViewManager
11-10 14:35:18.607 13030 13126 W unknown:ViewManagerPropertyUpdater: Could not find generated setter for class com.horcrux.svg.RenderableViewManager$ForeignObjectManager
11-10 14:35:18.618 13030 13126 W unknown:ViewManagerPropertyUpdater: Could not find generated setter for class com.horcrux.svg.RenderableViewManager$EllipseViewManager
11-10 14:35:18.623 13030 13126 W unknown:ViewManagerPropertyUpdater: Could not find generated setter for class com.horcrux.svg.RenderableViewManager$LineViewManager
11-10 14:35:18.632 13030 13126 W unknown:ViewManagerPropertyUpdater: Could not find generated setter for class com.horcrux.svg.RenderableViewManager$FeFloodManager
11-10 14:35:18.637 13030 13155 D nativeloader: Load /data/app/~~x3ZIR9AoOM5KhqutKO6K4A==/com.tuapp.seguritacapp-z0yd6R6zSp6VYGfcB_C0sg==/base.apk!/lib/x86_64/libimagepipeline.so using class loader ns clns-9 (caller=/data/app/~~x3ZIR9AoOM5KhqutKO6K4A==/com.tuapp.seguritacapp-z0yd6R6zSp6VYGfcB_C0sg==/base.apk!classes5.dex): ok
11-10 14:35:18.646 13030 13126 W unknown:ViewManagerPropertyUpdater: Could not find generated setter for class com.horcrux.svg.RenderableViewManager$GroupViewManager
11-10 14:35:18.648 13030 13030 W unknown:ViewManagerPropertyUpdater: Could not find generated setter for class com.facebook.react.uimanager.RootViewManager
11-10 14:35:18.661 13030 13126 W unknown:ViewManagerPropertyUpdater: Could not find generated setter for class com.horcrux.svg.RenderableViewManager$TextViewManager
11-10 14:35:18.667 13030 13126 W unknown:ViewManagerPropertyUpdater: Could not find generated setter for class com.horcrux.svg.RenderableViewManager$ImageViewManager
11-10 14:35:18.676 13030 13126 W unknown:ViewManagerPropertyUpdater: Could not find generated setter for class com.horcrux.svg.RenderableViewManager$RadialGradientManager
11-10 14:35:18.682 13030 13126 W unknown:ViewManagerPropertyUpdater: Could not find generated setter for class com.horcrux.svg.RenderableViewManager$MaskManager
11-10 14:35:18.689 13030 13156 W HWUI    : Image decoding logging dropped!
11-10 14:35:18.693 13030 13126 W unknown:ViewManagerPropertyUpdater: Could not find generated setter for class com.horcrux.svg.RenderableViewManager$RectViewManager
11-10 14:35:18.702 13030 13126 W unknown:ViewManagerPropertyUpdater: Could not find generated setter for class com.horcrux.svg.RenderableViewManager$TextPathViewManager
11-10 14:35:18.743 13030 13126 W unknown:ViewManagerPropertyUpdater: Could not find generated setter for class com.horcrux.svg.RenderableViewManager$FeOffsetManager
11-10 14:35:18.759 13030 13126 W unknown:ViewManagerPropertyUpdater: Could not find generated setter for class com.horcrux.svg.RenderableViewManager$PathViewManager
11-10 14:35:18.776 13030 13030 W HWUI    : Image decoding logging dropped!
11-10 14:35:18.777 13030 13030 W HWUI    : Image decoding logging dropped!
11-10 14:35:18.784 13030 13030 W HWUI    : Image decoding logging dropped!
11-10 14:35:18.801 13030 13126 W unknown:ViewManagerPropertyUpdater: Could not find generated setter for class com.swmansion.gesturehandler.react.RNGestureHandlerRootViewManager
11-10 14:35:18.841 13030 13030 I pp.seguritacapp: hiddenapi: Accessing hidden field Landroid/widget/ScrollView;->mScroller:Landroid/widget/OverScroller; (runtime_flags=0, domain=platform, api=unsupported) from Lcom/facebook/react/views/scroll/ReactScrollView; (domain=app) using reflection: allowed
11-10 14:35:18.872 13030 13126 I ReactNativeJS: Bridgeless mode is enabled
11-10 14:35:18.879 13030 13126 W BridgelessReactContext: [WARNING] Bridgeless doesn't support CatalystInstance. Accessing an API that's not part of the new architecture is not encouraged usage.
11-10 14:35:18.881 13030 13126 I ExpoModulesCore: ✅ JSI interop was installed
11-10 14:35:18.882 13030 13126 W ExpoModulesCore: ⚠️ JSI interop was already installed
11-10 14:35:18.887 13030 13158 D HWUI    : --- Failed to create image decoder with message 'unimplemented'
11-10 14:35:18.887 13030 13158 D HWUI    : --- Failed to create image decoder with message 'unimplemented'
11-10 14:35:18.888 13030 13158 D HWUI    : --- Failed to create image decoder with message 'unimplemented'
11-10 14:35:18.888 13030 13158 D HWUI    : --- Failed to create image decoder with message 'unimplemented'
11-10 14:35:18.888 13030 13158 D HWUI    : --- Failed to create image decoder with message 'unimplemented'
11-10 14:35:18.889 13030 13158 D HWUI    : --- Failed to create image decoder with message 'unimplemented'
11-10 14:35:18.889 13030 13158 D HWUI    : --- Failed to create image decoder with message 'unimplemented'
11-10 14:35:18.889 13030 13158 D HWUI    : --- Failed to create image decoder with message 'unimplemented'
11-10 14:35:18.890 13030 13158 D HWUI    : --- Failed to create image decoder with message 'unimplemented'
11-10 14:35:18.890 13030 13158 D HWUI    : --- Failed to create image decoder with message 'unimplemented'
11-10 14:35:18.890 13030 13158 D HWUI    : --- Failed to create image decoder with message 'unimplemented'
11-10 14:35:18.890 13030 13158 D HWUI    : --- Failed to create image decoder with message 'unimplemented'
11-10 14:35:18.908 13030 13162 D HWUI    : --- Failed to create image decoder with message 'unimplemented'
11-10 14:35:18.909 13030 13162 D HWUI    : --- Failed to create image decoder with message 'unimplemented'
11-10 14:35:18.910 13030 13162 D HWUI    : --- Failed to create image decoder with message 'unimplemented'
11-10 14:35:18.910 13030 13162 D HWUI    : --- Failed to create image decoder with message 'unimplemented'
11-10 14:35:18.911 13030 13162 D HWUI    : --- Failed to create image decoder with message 'unimplemented'
11-10 14:35:18.914 13030 13162 D HWUI    : --- Failed to create image decoder with message 'unimplemented'
11-10 14:35:18.917 13030 13162 D HWUI    : --- Failed to create image decoder with message 'unimplemented'
11-10 14:35:18.919 13030 13162 D HWUI    : --- Failed to create image decoder with message 'unimplemented'
11-10 14:35:18.920 13030 13162 W unknown:ProgressiveDecoder: unknown image format, {uri: res:/2131623936, firstEncodedBytes: 03000800C00100000100, length: 448}
11-10 14:35:18.941 13030 13159 W HWUI    : Image decoding logging dropped!
11-10 14:35:18.946 13030 13160 W HWUI    : Image decoding logging dropped!
11-10 14:35:18.959 13030 13156 W HWUI    : Image decoding logging dropped!
11-10 14:35:18.960 13030 13156 W HWUI    : Image decoding logging dropped!
11-10 14:35:18.962 13030 13156 W HWUI    : Image decoding logging dropped!
11-10 14:35:18.963 13030 13162 W HWUI    : Image decoding logging dropped!
11-10 14:35:18.964 13030 13162 W HWUI    : Image decoding logging dropped!
11-10 14:35:18.966 13030 13160 W HWUI    : Image decoding logging dropped!
11-10 14:35:18.969 13030 13156 W HWUI    : Image decoding logging dropped!
11-10 14:35:18.989 13030 13126 I expo-notifications: NotificationsEmitter.onNotificationResponseIntentReceived:
11-10 14:35:18.989 13030 13126 I expo-notifications: actionIdentifier: expo.modules.notifications.actions.DEFAULT
11-10 14:35:18.989 13030 13126 I expo-notifications: notification
11-10 14:35:18.989 13030 13126 I expo-notifications:   date: 0
11-10 14:35:18.989 13030 13126 I expo-notifications:   request
11-10 14:35:18.989 13030 13126 I expo-notifications:     identifier: (null)
11-10 14:35:18.989 13030 13126 I expo-notifications:     trigger
11-10 14:35:18.989 13030 13126 I expo-notifications:       type: push
11-10 14:35:18.989 13030 13126 I expo-notifications:       channelId: (null)
11-10 14:35:18.989 13030 13126 I expo-notifications:     content
11-10 14:35:18.989 13030 13126 I expo-notifications:       data
11-10 14:35:18.989 13030 13126 I expo-notifications:         launchArgs
11-10 14:35:18.989 13030 13126 I expo-notifications:           detoxURLOverride: exp+seguridadciudadanaapp://expo-development-client/?url=http%3A%2F%2F10.0.2.2%3A8081
11-10 14:35:18.989 13030 13126 I expo-notifications:           detoxServer: ws://localhost:49966
11-10 14:35:18.989 13030 13126 I expo-notifications:           detoxSessionId: 2c1a7b2b-11ad-088c-4d63-2b2f6812b49e
11-10 14:35:18.989 13030 13126 I expo-notifications:           detoxEnableSynchronization: 0
11-10 14:35:18.989 13030 13126 I expo-notifications:       title: (null)
11-10 14:35:19.012 13030 13126 I ExpoModulesCore: ✅ Constants were exported
11-10 14:35:19.176 13030 13126 D nativeloader: Load /data/app/~~x3ZIR9AoOM5KhqutKO6K4A==/com.tuapp.seguritacapp-z0yd6R6zSp6VYGfcB_C0sg==/base.apk!/lib/x86_64/librnscreens.so using class loader ns clns-9 (caller=/data/app/~~x3ZIR9AoOM5KhqutKO6K4A==/com.tuapp.seguritacapp-z0yd6R6zSp6VYGfcB_C0sg==/base.apk!classes2.dex): ok
11-10 14:35:19.234 13030 13126 D nativeloader: Load /data/app/~~x3ZIR9AoOM5KhqutKO6K4A==/com.tuapp.seguritacapp-z0yd6R6zSp6VYGfcB_C0sg==/base.apk!/lib/x86_64/libworklets.so using class loader ns clns-9 (caller=/data/app/~~x3ZIR9AoOM5KhqutKO6K4A==/com.tuapp.seguritacapp-z0yd6R6zSp6VYGfcB_C0sg==/base.apk!classes5.dex): ok
11-10 14:35:19.242 13030 13126 D nativeloader: Load /data/app/~~x3ZIR9AoOM5KhqutKO6K4A==/com.tuapp.seguritacapp-z0yd6R6zSp6VYGfcB_C0sg==/base.apk!/lib/x86_64/libreanimated.so using class loader ns clns-9 (caller=/data/app/~~x3ZIR9AoOM5KhqutKO6K4A==/com.tuapp.seguritacapp-z0yd6R6zSp6VYGfcB_C0sg==/base.apk!classes5.dex): ok
11-10 14:35:19.247 13030 13126 W pp.seguritacapp: CheckJNI: method to register "installJSIBindings" not in the given class. This is slow, consider changing your RegisterNatives calls.
11-10 14:35:19.262 13030 13126 W BridgelessReactContext: [WARNING] Bridgeless doesn't support CatalystInstance. Accessing an API that's not part of the new architecture is not encouraged usage.
11-10 14:35:19.679 13030 13126 W ReactNativeJS: '[2025-11-10T14:35:19.675Z]  @firebase/auth:', 'Auth (11.9.0): \nYou are initializing Firebase Auth for React Native without providing\nAsyncStorage. Auth state will default to memory persistence and will not\npersist between sessions. In order to persist auth state, install the package\n"@react-native-async-storage/async-storage" and provide it to\ninitializeAuth:\n\nimport { initializeAuth, getReactNativePersistence } from \'firebase/auth\';\nimport ReactNativeAsyncStorage from \'@react-native-async-storage/async-storage\';\nconst auth = initializeAuth(app, {\n  persistence: getReactNativePersistence(ReactNativeAsyncStorage)\n});\n'
11-10 14:35:19.695 13030 13126 I ReactNativeJS: ✅ Firestore inicializado con configuración básica
11-10 14:35:19.698 13030 13126 I ReactNativeJS: ✅ Firebase inicializado correctamente
11-10 14:35:19.699 13030 13126 I ReactNativeJS: '📱 Proyecto:', 'seguritacapp'
11-10 14:35:19.707 13030 13126 V AsyncStorageExpoMigration: No scoped database found
11-10 14:35:19.776 13030 13092 D DetoxWSClient: Received action 'invoke' (ID #1, params={"target":{"type":"Class","value":"com.wix.detox.Detox"},"method":"startActivityFromUrl","args":["exp+seguridadciudadanaapp:\/\/login"]})
11-10 14:35:19.777 13030 13088 I DetoxDispatcher: Handling action 'invoke' (ID #1)...
11-10 14:35:19.786 13030 13088 D Detox   : class com.wix.detox.Detox, startActivityFromUrl, [exp+seguridadciudadanaapp://login]
11-10 14:35:19.799 13030 13088 W ActivityTestRule: Activity wasn't created yet or already stopped
11-10 14:35:19.799 13030 13088 I DetoxActionHandlers: Test exception
11-10 14:35:19.799 13030 13088 I DetoxActionHandlers: java.lang.reflect.InvocationTargetException
11-10 14:35:19.799 13030 13088 I DetoxActionHandlers: 	at java.lang.reflect.Method.invoke(Native Method)
11-10 14:35:19.799 13030 13088 I DetoxActionHandlers: 	at org.apache.commons.lang3.reflect.MethodUtils.invokeStaticMethod(MethodUtils.java:443)
11-10 14:35:19.799 13030 13088 I DetoxActionHandlers: 	at org.apache.commons.lang3.reflect.MethodUtils.invokeStaticMethod(MethodUtils.java:405)
11-10 14:35:19.799 13030 13088 I DetoxActionHandlers: 	at com.wix.invoke.types.ClassTarget.execute(ClassTarget.java:23)
11-10 14:35:19.799 13030 13088 I DetoxActionHandlers: 	at com.wix.invoke.types.Target.invoke(Target.java:59)
11-10 14:35:19.799 13030 13088 I DetoxActionHandlers: 	at com.wix.invoke.MethodInvocation.invoke(MethodInvocation.java:35)
11-10 14:35:19.799 13030 13088 I DetoxActionHandlers: 	at com.wix.invoke.MethodInvocation.invoke(MethodInvocation.java:26)
11-10 14:35:19.799 13030 13088 I DetoxActionHandlers: 	at com.wix.invoke.MethodInvocation.invoke(MethodInvocation.java:20)
11-10 14:35:19.799 13030 13088 I DetoxActionHandlers: 	at com.wix.detox.adapters.server.InvokeActionHandler.handle(DetoxActionHandlers.kt:54)
11-10 14:35:19.799 13030 13088 I DetoxActionHandlers: 	at com.wix.detox.adapters.server.ActionsExecutor.executeAction$lambda$2$lambda$1(DetoxActionsDispatcher.kt:76)
11-10 14:35:19.799 13030 13088 I DetoxActionHandlers: 	at com.wix.detox.adapters.server.ActionsExecutor.$r8$lambda$GVbB7LHtBHxNHGbgYnHJ6YrwCqs(Unknown Source:0)
11-10 14:35:19.799 13030 13088 I DetoxActionHandlers: 	at com.wix.detox.adapters.server.ActionsExecutor$$ExternalSyntheticLambda0.run(D8$$SyntheticClass:0)
11-10 14:35:19.799 13030 13088 I DetoxActionHandlers: 	at android.os.Handler.handleCallback(Handler.java:995)
11-10 14:35:19.799 13030 13088 I DetoxActionHandlers: 	at android.os.Handler.dispatchMessage(Handler.java:103)
11-10 14:35:19.799 13030 13088 I DetoxActionHandlers: 	at android.os.Looper.loopOnce(Looper.java:248)
11-10 14:35:19.799 13030 13088 I DetoxActionHandlers: 	at android.os.Looper.loop(Looper.java:338)
11-10 14:35:19.799 13030 13088 I DetoxActionHandlers: 	at com.wix.detox.adapters.server.ActionsExecutor._init_$lambda$0(DetoxActionsDispatcher.kt:62)
11-10 14:35:19.799 13030 13088 I DetoxActionHandlers: 	at com.wix.detox.adapters.server.ActionsExecutor.$r8$lambda$xlgL0CQim6vNM0wWEqM8JIDgZUE(Unknown Source:0)
11-10 14:35:19.799 13030 13088 I DetoxActionHandlers: 	at com.wix.detox.adapters.server.ActionsExecutor$$ExternalSyntheticLambda1.