--------- beginning of main
11-10 14:30:21.977 11733 11817 D Detox.RNMarker: RUN_JS_BUNDLE_END (/index.ts.bundle?platform=android&dev=true&hot=false&transform.engine=hermes&transform.bytecode=1&transform.routerRoot=app&unstable_transformProfile=hermes-stable)
11-10 14:30:21.979 11733 11817 W ReactNativeJS: [Reanimated] Reduced motion setting is enabled on this device. This warning is visible only in the development mode. Some animations will be disabled by default. You can override the behavior for individual animations, see https://docs.swmansion.com/react-native-reanimated/docs/guides/troubleshooting#reduced-motion-setting-is-enabled-on-this-device.
11-10 14:30:21.986 11733 11817 I ReactNativeJS: Running "main" with {"rootTag":11,"initialProps":{},"fabric":true}
11-10 14:30:22.383 11733 11787 D DetoxWSClient: Received action 'invoke' (ID #2, params={"target":{"type":"Class","value":"com.wix.detox.espresso.DetoxAssertion"},"method":"waitForAssertMatcher","args":[{"type":"Invocation","value":{"target":{"type":"Class","value":"androidx.test.espresso.Espresso"},"method":"onView","args":[{"type":"Invocation","value":{"target":{"type":"Class","value":"com.wix.detox.espresso.DetoxMatcher"},"method":"matcherForAtIndex","args":[{"type":"Integer","value":0},{"type":"Invocation","value":{"target":{"type":"Class","value":"com.wix.detox.espresso.DetoxMatcher"},"method":"matcherForClass","args":["android.widget.EditText"]}}]}}]}},{"type":"Invocation","value":{"target":{"type":"Class","value":"com.wix.detox.espresso.DetoxMatcher"},"method":"matcherForSufficientlyVisible","args":[{"type":"Integer","value":75}]}},{"type":"Double","value":8}]})
11-10 14:30:22.385 11733 11783 I DetoxDispatcher: Handling action 'invoke' (ID #2)...
11-10 14:30:22.393 11733 11783 D Detox   : class com.wix.detox.espresso.DetoxMatcher, matcherForClass, [android.widget.EditText]
11-10 14:30:22.394 11733 11783 D Detox   : class com.wix.detox.espresso.DetoxMatcher, matcherForAtIndex, [0, (is assignable from class: class android.widget.EditText and view has effective visibility <VISIBLE>)]
11-10 14:30:22.394 11733 11783 D Detox   : class androidx.test.espresso.Espresso, onView, [View at index #0, of those matching MATCHER(is assignable from class: class android.widget.EditText and view has effective visibility <VISIBLE>)]
11-10 14:30:22.395 11733 11783 D CompatChangeReporter: Compat change id reported: 247079863; UID 10221; state: ENABLED
11-10 14:30:22.395 11733 11783 D Detox   : class com.wix.detox.espresso.DetoxMatcher, matcherForSufficientlyVisible, [75]
11-10 14:30:22.407 11733 11783 D Detox   : class com.wix.detox.espresso.DetoxAssertion, waitForAssertMatcher, [androidx.test.espresso.ViewInteraction@b576c29, (view has effective visibility <VISIBLE> and view.getGlobalVisibleRect() covers at least <75> percent of the view's area), 8.0]
11-10 14:30:22.421 11733 11817 W HWUI    : Image decoding logging dropped!
11-10 14:30:22.421 11733 11817 W HWUI    : Image decoding logging dropped!
11-10 14:30:22.586 11733 11733 I ViewInteraction: Checking 'MatchesViewAssertion(Detox){viewMatcher=(view has effective visibility <VISIBLE> and view.getGlobalVisibleRect() covers at least <75> percent of the view's area)}' assertion on view View at index #0, of those matching MATCHER(is assignable from class: class android.widget.EditText and view has effective visibility <VISIBLE>)
11-10 14:30:22.701 11733 11733 I ViewInteraction: Checking 'MatchesViewAssertion(Detox){viewMatcher=(view has effective visibility <VISIBLE> and view.getGlobalVisibleRect() covers at least <75> percent of the view's area)}' assertion on view View at index #0, of those matching MATCHER(is assignable from class: class android.widget.EditText and view has effective visibility <VISIBLE>)
11-10 14:30:22.781 11733 11733 I ViewInteraction: Checking 'MatchesViewAssertion(Detox){viewMatcher=(view has effective visibility <VISIBLE> and view.getGlobalVisibleRect() covers at least <75> percent of the view's area)}' assertion on view View at index #0, of those matching MATCHER(is assignable from class: class android.widget.EditText and view has effective visibility <VISIBLE>)
11-10 14:30:22.864 11733 11733 W pp.seguritacapp: Weak pointer dereference blocked for 11 milliseconds.
11-10 14:30:22.881 11733 11733 I ViewInteraction: Checking 'MatchesViewAssertion(Detox){viewMatcher=(view has effective visibility <VISIBLE> and view.getGlobalVisibleRect() covers at least <75> percent of the view's area)}' assertion on view View at index #0, of those matching MATCHER(is assignable from class: class android.widget.EditText and view has effective visibility <VISIBLE>)
11-10 14:30:23.005 11733 11733 I ViewInteraction: Checking 'MatchesViewAssertion(Detox){viewMatcher=(view has effective visibility <VISIBLE> and view.getGlobalVisibleRect() covers at least <75> percent of the view's area)}' assertion on view View at index #0, of those matching MATCHER(is assignable from class: class android.widget.EditText and view has effective visibility <VISIBLE>)
11-10 14:30:23.010 11733 11738 I pp.seguritacapp: NativeAlloc concurrent mark compact GC freed 5768KB AllocSpace bytes, 21(828KB) LOS objects, 49% free, 16MB/32MB, paused 9.707ms,19.604ms total 464.366ms
11-10 14:30:23.052 11733 11733 I ViewInteraction: Checking 'MatchesViewAssertion(Detox){viewMatcher=(view has effective visibility <VISIBLE> and view.getGlobalVisibleRect() covers at least <75> percent of the view's area)}' assertion on view View at index #0, of those matching MATCHER(is assignable from class: class android.widget.EditText and view has effective visibility <VISIBLE>)
11-10 14:30:23.090 11733 11733 I ViewInteraction: Checking 'MatchesViewAssertion(Detox){viewMatcher=(view has effective visibility <VISIBLE> and view.getGlobalVisibleRect() covers at least <75> percent of the view's area)}' assertion on view View at index #0, of those matching MATCHER(is assignable from class: class android.widget.EditText and view has effective visibility <VISIBLE>)
11-10 14:30:23.124 11733 11733 I ViewInteraction: Checking 'MatchesViewAssertion(Detox){viewMatcher=(view has effective visibility <VISIBLE> and view.getGlobalVisibleRect() covers at least <75> percent of the view's area)}' assertion on view View at index #0, of those matching MATCHER(is assignable from class: class android.widget.EditText and view has effective visibility <VISIBLE>)
11-10 14:30:23.233 11733 11733 W HWUI    : Image decoding logging dropped!
11-10 14:30:23.235 11733 11733 W HWUI    : Image decoding logging dropped!
11-10 14:30:23.236 11733 11733 W HWUI    : Image decoding logging dropped!
11-10 14:30:23.268 11733 11733 W [RNScreens]: backTitleFontFamily prop is not available on Android
11-10 14:30:23.268 11733 11733 W [RNScreens]: disableBackButtonMenu prop is not available on Android
11-10 14:30:23.268 11733 11733 W [RNScreens]: backTitleVisible prop is not available on Android
11-10 14:30:23.268 11733 11733 W [RNScreens]: largeTitleHideShadow prop is not available on Android
11-10 14:30:23.268 11733 11733 W [RNScreens]: largeTitleFontWeight prop is not available on Android
11-10 14:30:23.268 11733 11733 W [RNScreens]: largeTitleFontFamily prop is not available on Android
11-10 14:30:23.448 11733 11733 D Detox.RNMarker: CONTENT_APPEARED (main)
11-10 14:30:23.819 11733 11733 I ViewInteraction: Checking 'MatchesViewAssertion(Detox){viewMatcher=(view has effective visibility <VISIBLE> and view.getGlobalVisibleRect() covers at least <75> percent of the view's area)}' assertion on view View at index #0, of those matching MATCHER(is assignable from class: class android.widget.EditText and view has effective visibility <VISIBLE>)
11-10 14:30:23.902 11733 11733 I ViewInteraction: Checking 'MatchesViewAssertion(Detox){viewMatcher=(view has effective visibility <VISIBLE> and view.getGlobalVisibleRect() covers at least <75> percent of the view's area)}' assertion on view View at index #0, of those matching MATCHER(is assignable from class: class android.widget.EditText and view has effective visibility <VISIBLE>)
11-10 14:30:23.984 11733 11733 I ViewInteraction: Checking 'MatchesViewAssertion(Detox){viewMatcher=(view has effective visibility <VISIBLE> and view.getGlobalVisibleRect() covers at least <75> percent of the view's area)}' assertion on view View at index #0, of those matching MATCHER(is assignable from class: class android.widget.EditText and view has effective visibility <VISIBLE>)
11-10 14:30:24.056 11733 11733 I ViewInteraction: Checking 'MatchesViewAssertion(Detox){viewMatcher=(view has effective visibility <VISIBLE> and view.getGlobalVisibleRect() covers at least <75> percent of the view's area)}' assertion on view View at index #0, of those matching MATCHER(is assignable from class: class android.widget.EditText and view has effective visibility <VISIBLE>)
11-10 14:30:24.117 11733 11733 I ViewInteraction: Checking 'MatchesViewAssertion(Detox){viewMatcher=(view has effective visibility <VISIBLE> and view.getGlobalVisibleRect() covers at least <75> percent of the view's area)}' assertion on view View at index #0, of those matching MATCHER(is assignable from class: class android.widget.EditText and view has effective visibility <VISIBLE>)
11-10 14:30:24.162 11733 11817 I ReactNativeJS: [METRIC] navigation_ready_ms=2189ms {"initialRoute":"AuthLoading"}
11-10 14:30:24.180 11733 11733 I ViewInteraction: Checking 'MatchesViewAssertion(Detox){viewMatcher=(view has effective visibility <VISIBLE> and view.getGlobalVisibleRect() covers at least <75> percent of the view's area)}' assertion on view View at index #0, of those matching MATCHER(is assignable from class: class android.widget.EditText and view has effective visibility <VISIBLE>)
11-10 14:30:24.215 11733 11817 I ReactNativeJS: [METRIC] cold_start_first_render_ms=2242ms {"platform":"android"}
11-10 14:30:24.256 11733 11733 I ViewInteraction: Checking 'MatchesViewAssertion(Detox){viewMatcher=(view has effective visibility <VISIBLE> and view.getGlobalVisibleRect() covers at least <75> percent of the view's area)}' assertion on view View at index #0, of those matching MATCHER(is assignable from class: class android.widget.EditText and view has effective visibility <VISIBLE>)
11-10 14:30:24.404 11733 11733 I ViewInteraction: Checking 'MatchesViewAssertion(Detox){viewMatcher=(view has effective visibility <VISIBLE> and view.getGlobalVisibleRect() covers at least <75> percent of the view's area)}' assertion on view View at index #0, of those matching MATCHER(is assignable from class: class android.widget.EditText and view has effective visibility <VISIBLE>)
11-10 14:30:24.470 11733 11733 I ViewInteraction: Checking 'MatchesViewAssertion(Detox){viewMatcher=(view has effective visibility <VISIBLE> and view.getGlobalVisibleRect() covers at least <75> percent of the view's area)}' assertion on view View at index #0, of those matching MATCHER(is assignable from class: class android.widget.EditText and view has effective visibility <VISIBLE>)
11-10 14:30:24.510 11733 11733 I ViewInteraction: Checking 'MatchesViewAssertion(Detox){viewMatcher=(view has effective visibility <VISIBLE> and view.getGlobalVisibleRect() covers at least <75> percent of the view's area)}' assertion on view View at index #0, of those matching MATCHER(is assignable from class: class android.widget.EditText and view has effective visibility <VISIBLE>)
11-10 14:30:24.546 11733 11733 I ViewInteraction: Checking 'MatchesViewAssertion(Detox){viewMatcher=(view has effective visibility <VISIBLE> and view.getGlobalVisibleRect() covers at least <75> percent of the view's area)}' assertion on view View at index #0, of those matching MATCHER(is assignable from class: class android.widget.EditText and view has effective visibility <VISIBLE>)
11-10 14:30:24.577 11733 11733 I ViewInteraction: Checking 'MatchesViewAssertion(Detox){viewMatcher=(view has effective visibility <VISIBLE> and view.getGlobalVisibleRect() covers at least <75> percent of the view's area)}' assertion on view View at index #0, of those matching MATCHER(is assignable from class: class android.widget.EditText and view has effective visibility <VISIBLE>)
11-10 14:30:24.618 11733 11733 I ViewInteraction: Checking 'MatchesViewAssertion(Detox){viewMatcher=(view has effective visibility <VISIBLE> and view.getGlobalVisibleRect() covers at least <75> percent of the view's area)}' assertion on view View at index #0, of those matching MATCHER(is assignable from class: class android.widget.EditText and view has effective visibility <VISIBLE>)
11-10 14:30:24.691 11733 11733 I ViewInteraction: Checking 'MatchesViewAssertion(Detox){viewMatcher=(view has effective visibility <VISIBLE> and view.getGlobalVisibleRect() covers at least <75> percent of the view's area)}' assertion on view View at index #0, of those matching MATCHER(is assignable from class: class android.widget.EditText and view has effective visibility <VISIBLE>)
11-10 14:30:24.715 11733 11817 I ReactNativeJS: 📱 Dispositivo conectado - sincronizando datos
11-10 14:30:24.739 11733 11733 I ViewInteraction: Checking 'MatchesViewAssertion(Detox){viewMatcher=(view has effective visibility <VISIBLE> and view.getGlobalVisibleRect() covers at least <75> percent of the view's area)}' assertion on view View at index #0, of those matching MATCHER(is assignable from class: class android.widget.EditText and view has effective visibility <VISIBLE>)
11-10 14:30:24.821 11733 11733 I ViewInteraction: Checking 'MatchesViewAssertion(Detox){viewMatcher=(view has effective visibility <VISIBLE> and view.getGlobalVisibleRect() covers at least <75> percent of the view's area)}' assertion on view View at index #0, of those matching MATCHER(is assignable from class: class android.widget.EditText and view has effective visibility <VISIBLE>)
11-10 14:30:24.822 11733 11817 I ReactNativeJS: ✅ Red de Firestore habilitada
11-10 14:30:24.825 11733 11817 I ReactNativeJS: ✅ Red de Firestore habilitada
11-10 14:30:24.828 11733 11817 I ReactNativeJS: 📱 Dispositivo conectado - sincronizando datos
11-10 14:30:24.828 11733 11817 I ReactNativeJS: 📱 Dispositivo conectado - sincronizando datos
11-10 14:30:24.831 11733 11817 I ReactNativeJS: ✅ Red de Firestore habilitada
11-10 14:30:24.832 11733 11817 I ReactNativeJS: ✅ Red de Firestore habilitada
11-10 14:30:24.833 11733 11817 I ReactNativeJS: ✅ Red de Firestore habilitada
11-10 14:30:24.833 11733 11817 I ReactNativeJS: ✅ Red de Firestore habilitada
11-10 14:30:24.890 11733 11733 I ViewInteraction: Checking 'MatchesViewAssertion(Detox){viewMatcher=(view has effective visibility <VISIBLE> and view.getGlobalVisibleRect() covers at least <75> percent of the view's area)}' assertion on view View at index #0, of those matching MATCHER(is assignable from class: class android.widget.EditText and view has effective visibility <VISIBLE>)
11-10 14:30:24.956 11733 11733 I ViewInteraction: Checking 'MatchesViewAssertion(Detox){viewMatcher=(view has effective visibility <VISIBLE> and view.getGlobalVisibleRect() covers at least <75> percent of the view's area)}' assertion on view View at index #0, of those matching MATCHER(is assignable from class: class android.widget.EditText and view has effective visibility <VISIBLE>)
11-10 14:30:24.967 11733 11738 I pp.seguritacapp: Background concurrent mark compact GC freed 24MB AllocSpace bytes, 111(4108KB) LOS objects, 49% free, 17MB/34MB, paused 3.493ms,7.084ms total 508.517ms
11-10 14:30:24.998 11733 11817 D Detox.RNMarker: REACT_BRIDGELESS_LOADING_END (null)
11-10 14:30:25.003 11733 11733 I ViewInteraction: Checking 'MatchesViewAssertion(Detox){viewMatcher=(view has effective visibility <VISIBLE> and view.getGlobalVisibleRect() covers at least <75> percent of the view's area)}' assertion on view View at index #0, of those matching MATCHER(is assignable from class: class android.widget.EditText and view has effective visibility <VISIBLE>)
11-10 14:30:25.017 11733 11849 W HWUI    : Image decoding logging dropped!
11-10 14:30:25.376 11733 11733 I ViewInteraction: Checking 'MatchesViewAssertion(Detox){viewMatcher=(view has effective visibility <VISIBLE> and view.getGlobalVisibleRect() covers at least <75> percent of the view's area)}' assertion on view View at index #0, of those matching MATCHER(is assignable from class: class android.widget.EditText and view has effective visibility <VISIBLE>)
11-10 14:30:25.422 11733 11733 I ViewInteraction: Checking 'MatchesViewAssertion(Detox){viewMatcher=(view has effective visibility <VISIBLE> and view.getGlobalVisibleRect() covers at least <75> percent of the view's area)}' assertion on view View at index #0, of those matching MATCHER(is assignable from class: class android.widget.EditText and view has effective visibility <VISIBLE>)
11-10 14:30:25.456 11733 11733 I ViewInteraction: Checking 'MatchesViewAssertion(Detox){viewMatcher=(view has effective visibility <VISIBLE> and view.getGlobalVisibleRect() covers at least <75> percent of the view's area)}' assertion on view View at index #0, of those matching MATCHER(is assignable from class: class android.widget.EditText and view has effective visibility <VISIBLE>)
11-10 14:30:25.490 11733 11733 I ViewInteraction: Checking 'MatchesViewAssertion(Detox){viewMatcher=(view has effective visibility <VISIBLE> and view.getGlobalVisibleRect() covers at least <75> percent of the view's area)}' assertion on view View at index #0, of those matching MATCHER(is assignable from class: class android.widget.EditText and view has effective visibility <VISIBLE>)
11-10 14:30:25.523 11733 11733 I ViewInteraction: Checking 'MatchesViewAssertion(Detox){viewMatcher=(view has effective visibility <VISIBLE> and view.getGlobalVisibleRect() covers at least <75> percent of the view's area)}' assertion on view View at index #0, of those matching MATCHER(is assignable from class: class android.widget.EditText and view has effective visibility <VISIBLE>)
11-10 14:30:25.570 11733 11733 I ViewInteraction: Checking 'MatchesViewAssertion(Detox){viewMatcher=(view has effective visibility <VISIBLE> and view.getGlobalVisibleRect() covers at least <75> percent of the view's area)}' assertion on view View at index #0, of those matching MATCHER(is assignable from class: class android.widget.EditText and view has effective visibility <VISIBLE>)
11-10 14:30:25.607 11733 11733 I ViewInteraction: Checking 'MatchesViewAssertion(Detox){viewMatcher=(view has effective visibility <VISIBLE> and view.getGlobalVisibleRect() covers at least <75> percent of the view's area)}' assertion on view View at index #0, of those matching MATCHER(is assignable from class: class android.widget.EditText and view has effective visibility <VISIBLE>)
11-10 14:30:25.638 11733 11733 I ViewInteraction: Checking 'MatchesViewAssertion(Detox){viewMatcher=(view has effective visibility <VISIBLE> and view.getGlobalVisibleRect() covers at least <75> percent of the view's area)}' assertion on view View at index #0, of those matching MATCHER(is assignable from class: class android.widget.EditText and view has effective visibility <VISIBLE>)
11-10 14:30:25.671 11733 11733 I ViewInteraction: Checking 'MatchesViewAssertion(Detox){viewMatcher=(view has effective visibility <VISIBLE> and view.getGlobalVisibleRect() covers at least <75> percent of the view's area)}' assertion on view View at index #0, of those matching MATCHER(is assignable from class: class android.widget.EditText and view has effective visibility <VISIBLE>)
11-10 14:30:25.701 11733 11733 I ViewInteraction: Checking 'MatchesViewAssertion(Detox){viewMatcher=(view has effective visibility <VISIBLE> and view.getGlobalVisibleRect() covers at least <75> percent of the view's area)}' assertion on view View at index #0, of those matching MATCHER(is assignable from class: class android.widget.EditText and view has effective visibility <VISIBLE>)
11-10 14:30:25.744 11733 11733 I ViewInteraction: Checking 'MatchesViewAssertion(Detox){viewMatcher=(view has effective visibility <VISIBLE> and view.getGlobalVisibleRect() covers at least <75> percent of the view's area)}' assertion on view View at index #0, of those matching MATCHER(is assignable from class: class android.widget.EditText and view has effective visibility <VISIBLE>)
11-10 14:30:25.788 11733 11733 I ViewInteraction: Checking 'MatchesViewAssertion(Detox){viewMatcher=(view has effective visibility <VISIBLE> and view.getGlobalVisibleRect() covers at least <75> percent of the view's area)}' assertion on view View at index #0, of those matching MATCHER(is assignable from class: class android.widget.EditText and view has effective visibility <VISIBLE>)
11-10 14:30:25.827 11733 11733 I ViewInteraction: Checking 'MatchesViewAssertion(Detox){viewMatcher=(view has effective visibility <VISIBLE> and view.getGlobalVisibleRect() covers at least <75> percent of the view's area)}' assertion on view View at index #0, of those matching MATCHER(is assignable from class: class android.widget.EditText and view has effective visibility <VISIBLE>)
11-10 14:30:25.864 11733 11733 I ViewInteraction: Checking 'MatchesViewAssertion(Detox){viewMatcher=(view has effective visibility <VISIBLE> and view.getGlobalVisibleRect() covers at least <75> percent of the view's area)}' assertion on view View at index #0, of those matching MATCHER(is assignable from class: class android.widget.EditText and view has effective visibility <VISIBLE>)
11-10 14:30:25.894 11733 11733 I ViewInteraction: Checking 'MatchesViewAssertion(Detox){viewMatcher=(view has effective visibility <VISIBLE> and view.getGlobalVisibleRect() covers at least <75> percent of the view's area)}' assertion on view View at index #0, of those matching MATCHER(is assignable from class: class android.widget.EditText and view has effective visibility <VISIBLE>)
11-10 14:30:25.924 11733 11733 I ViewInteraction: Checking 'MatchesViewAssertion(Detox){viewMatcher=(view has effective visibility <VISIBLE> and view.getGlobalVisibleRect() covers at least <75> percent of the view's area)}' assertion on view View at index #0, of those matching MATCHER(is assignable from class: class android.widget.EditText and view has effective visibility <VISIBLE>)
11-10 14:30:25.954 11733 11733 I ViewInteraction: Checking 'MatchesViewAssertion(Detox){viewMatcher=(view has effective visibility <VISIBLE> and view.getGlobalVisibleRect() covers at least <75> percent of the view's area)}' assertion on view View at index #0, of those matching MATCHER(is assignable from class: class android.widget.EditText and view has effective visibility <VISIBLE>)
11-10 14:30:25.984 11733 11733 I ViewInteraction: Checking 'MatchesViewAssertion(Detox){viewMatcher=(view has effective visibility <VISIBLE> and view.getGlobalVisibleRect() covers at least <75> percent of the view's area)}' assertion on view View at index #0, of those matching MATCHER(is assignable from class: class android.widget.EditText and view has effective visibility <VISIBLE>)
11-10 14:30:26.012 11733 11733 I ViewInteraction: Checking 'MatchesViewAssertion(Detox){viewMatcher=(view has effective visibility <VISIBLE> and view.getGlobalVisibleRect() covers at least <75> percent of the view's area)}' assertion on view View at index #0, of those matching MATCHER(is assignable from class: class android.widget.EditText and view has effective visibility <VISIBLE>)
11-10 14:30:26.042 11733 11733 I ViewInteraction: Checking 'MatchesViewAssertion(Detox){viewMatcher=(view has effective visibility <VISIBLE> and view.getGlobalVisibleRect() covers at least <75> percent of the view's area)}' assertion on view View at index #0, of those matching MATCHER(is assignable from class: class android.widget.EditText and view has effective visibility <VISIBLE>)
11-10 14:30:26.089 11733 11733 I ViewInteraction: Checking 'MatchesViewAssertion(Detox){viewMatcher=(view has effective visibility <VISIBLE> and view.getGlobalVisibleRect() covers at least <75> percent of the view's area)}' assertion on view View at index #0, of those matching MATCHER(is assignable from class: class android.widget.EditText and view has effective visibility <VISIBLE>)
11-10 14:30:26.119 11733 11733 I ViewInteraction: Checking 'MatchesViewAssertion(Detox){viewMatcher=(view has effective visibility <VISIBLE> and view.getGlobalVisibleRect() covers at least <75> percent of the view's area)}' assertion on view View at index #0, of those matching MATCHER(is assignable from class: class android.widget.EditText and view has effective visibility <VISIBLE>)
11-10 14:30:26.150 11733 11733 I ViewInteraction: Checking 'MatchesViewAssertion(Detox){viewMatcher=(view has effective visibility <VISIBLE> and view.getGlobalVisibleRect() covers at least <75> percent of the view's area)}' assertion on view View at index #0, of those matching MATCHER(is assignable from class: class android.widget.EditText and view has effective visibility <VISIBLE>)
11-10 14:30:26.180 11733 11733 I ViewInteraction: Checking 'MatchesViewAssertion(Detox){viewMatcher=(view has effective visibility <VISIBLE> and view.getGlobalVisibleRect() covers at least <75> percent of the view's area)}' assertion on view View at index #0, of those matching MATCHER(is assignable from class: class android.widget.EditText and view has effective visibility <VISIBLE>)
11-10 14:30:26.211 11733 11733 I ViewInteraction: Checking 'MatchesViewAssertion(Detox){viewMatcher=(view has effective visibility <VISIBLE> and view.getGlobalVisibleRect() covers at least <75> percent of the view's area)}' assertion on view View at index #0, of those matching MATCHER(is assignable from class: class android.widget.EditText and view has effective visibility <VISIBLE>)
11-10 14:30:26.241 11733 11733 I ViewInteraction: Checking 'MatchesViewAssertion(Detox){viewMatcher=(view has effective visibility <VISIBLE> and view.getGlobalVisibleRect() covers at least <75> percent of the view's area)}' assertion on view View at index #0, of those matching MATCHER(is assignable from class: class android.widget.EditText and view has effective visibility <VISIBLE>)
11-10 14:30:26.282 11733 11733 I ViewInteraction: Checking 'MatchesViewAssertion(Detox){viewMatcher=(view has effective visibility <VISIBLE> and view.getGlobalVisibleRect() covers at least <75> percent of the view's area)}' assertion on view View at index #0, of those matching MATCHER(is assignable from class: class android.widget.EditText and view has effective visibility <VISIBLE>)
11-10 14:30:26.312 11733 11733 I ViewInteraction: Checking 'MatchesViewAssertion(Detox){viewMatcher=(view has effective visibility <VISIBLE> and view.getGlobalVisibleRect() covers at least <75> percent of the view's area)}' assertion on view View at index #0, of those matching MATCHER(is assignable from class: class android.widget.EditText and view has effective visibility <VISIBLE>)
11-10 14:30:26.340 11733 11733 I ViewInteraction: Checking 'MatchesViewAssertion(Detox){viewMatcher=(view has effective visibility <VISIBLE> and view.getGlobalVisibleRect() covers at least <75> percent of the view's area)}' assertion on view View at index #0, of those matching MATCHER(is assignable from class: class android.widget.EditText and view has effective visibility <VISIBLE>)
11-10 14:30:26.370 11733 11733 I ViewInteraction: Checking 'MatchesViewAssertion(Detox){viewMatcher=(view has effective visibility <VISIBLE> and view.getGlobalVisibleRect() covers at least <75> percent of the view's area)}' assertion on view View at index #0, of those matching MATCHER(is assignable from class: class android.widget.EditText and view has effective visibility <VISIBLE>)
11-10 14:30:26.399 11733 11733 I ViewInteraction: Checking 'MatchesViewAssertion(Detox){viewMatcher=(view has effective visibility <VISIBLE> and view.getGlobalVisibleRect() covers at least <75> percent of the view's area)}' assertion on view View at index #0, of those matching MATCHER(is assignable from class: class android.widget.EditText and view has effective visibility <VISIBLE>)
11-10 14:30:26.429 11733 11733 I ViewInteraction: Checking 'MatchesViewAssertion(Detox){viewMatcher=(view has effective visibility <VISIBLE> and view.getGlobalVisibleRect() covers at least <75> percent of the view's area)}' assertion on view View at index #0, of those matching MATCHER(is assignable from class: class android.widget.EditText and view has effective visibility <VISIBLE>)
11-10 14:30:26.458 11733 11733 I ViewInteraction: Checking 'MatchesViewAssertion(Detox){viewMatcher=(view has effective visibility <VISIBLE> and view.getGlobalVisibleRect() covers at least <75> percent of the view's area)}' assertion on view View at index #0, of those matching MATCHER(is assignable from class: class android.widget.EditText and view has effective visibility <VISIBLE>)
11-10 14:30:26.489 11733 11733 I ViewInteraction: Checking 'MatchesViewAssertion(Detox){viewMatcher=(view has effective visibility <VISIBLE> and view.getGlobalVisibleRect() covers at least <75> percent of the view's area)}' assertion on view View at index #0, of those matching MATCHER(is assignable from class: class android.widget.EditText and view has effective visibility <VISIBLE>)
11-10 14:30:26.519 11733 11733 I ViewInteraction: Checking 'MatchesViewAssertion(Detox){viewMatcher=(view has effective visibility <VISIBLE> and view.getGlobalVisibleRect() covers at least <75> percent of the view's area)}' assertion on view View at index #0, of those matching MATCHER(is assignable from class: class android.widget.EditText and view has effective visibility <VISIBLE>)
11-10 14:30:26.548 11733 11733 I ViewInteraction: Checking 'MatchesViewAssertion(Detox){viewMatcher=(view has effective visibility <VISIBLE> and view.getGlobalVisibleRect() covers at least <75> percent of the view's area)}' assertion on view View at index #0, of those matching MATCHER(is assignable from class: class android.widget.EditText and view has effective visibility <VISIBLE>)
11-10 14:30:26.578 11733 11733 I ViewInteraction: Checking 'MatchesViewAssertion(Detox){viewMatcher=(view has effective visibility <VISIBLE> and view.getGlobalVisibleRect() covers at least <75> percent of the view's area)}' assertion on view View at index #0, of those matching MATCHER(is assignable from class: class android.widget.EditText and view has effective visibility <VISIBLE>)
11-10 14:30:26.607 11733 11733 I ViewInteraction: Checking 'MatchesViewAssertion(Detox){viewMatcher=(view has effective visibility <VISIBLE> and view.getGlobalVisibleRect() covers at least <75> percent of the view's area)}' assertion on view View at index #0, of those matching MATCHER(is assignable from class: class android.widget.EditText and view has effective visibility <VISIBLE>)
11-10 14:30:26.636 11733 11733 I ViewInteraction: Checking 'MatchesViewAssertion(Detox){viewMatcher=(view has effective visibility <VISIBLE> and view.getGlobalVisibleRect() covers at least <75> percent of the view's area)}' assertion on view View at index #0, of those matching MATCHER(is assignable from class: class android.widget.EditText and view has effective visibility <VISIBLE>)
11-10 14:30:26.675 11733 11733 I ViewInteraction: Checking 'MatchesViewAssertion(Detox){viewMatcher=(view has effective visibility <VISIBLE> and view.getGlobalVisibleRect() covers at least <75> percent of the view's area)}' assertion on view View at index #0, of those matching MATCHER(is assignable from class: class android.widget.EditText and view has effective visibility <VISIBLE>)
11-10 14:30:26.706 11733 11733 I ViewInteraction: Checking 'MatchesViewAssertion(Detox){viewMatcher=(view has effective visibility <VISIBLE> and view.getGlobalVisibleRect() covers at least <75> percent of the view's area)}' assertion on view View at index #0, of those matching MATCHER(is assignable from class: class android.widget.EditText and view has effective visibility <VISIBLE>)
11-10 14:30:26.737 11733 11733 I ViewInteraction: Checking 'MatchesViewAssertion(Detox){viewMatcher=(view has effective visibility <VISIBLE> and view.getGlobalVisibleRect() covers at least <75> percent of the view's area)}' assertion on view View at index #0, of those matching MATCHER(is assignable from class: class android.widget.EditText and view has effective visibility <VISIBLE>)
11-10 14:30:26.766 11733 11733 I ViewInteraction: Checking 'MatchesViewAssertion(Detox){viewMatcher=(view has effective visibility <VISIBLE> and view.getGlobalVisibleRect() covers at least <75> percent of the view's area)}' assertion on view View at index #0, of those matching MATCHER(is assignable from class: class android.widget.EditText and view has effective visibility <VISIBLE>)
11-10 14:30:26.796 11733 11733 I ViewInteraction: Checking 'MatchesViewAssertion(Detox){viewMatcher=(view has effective visibility <VISIBLE> and view.getGlobalVisibleRect() covers at least <75> percent of the view's area)}' assertion on view View at index #0, of those matching MATCHER(is assignable from class: class android.widget.EditText and view has effective visibility <VISIBLE>)
11-10 14:30:26.827 11733 11733 I ViewInteraction: Checking 'MatchesViewAssertion(Detox){viewMatcher=(view has effective visibility <VISIBLE> and view.getGlobalVisibleRect() covers at least <75> percent of the view's area)}' assertion on view View at index #0, of those matching MATCHER(is assignable from class: class android.widget.EditText and view has effective visibility <VISIBLE>)
11-10 14:30:26.856 11733 11733 I ViewInteraction: Checking 'MatchesViewAssertion(Detox){viewMatcher=(view has effective visibility <VISIBLE> and view.getGlobalVisibleRect() covers at least <75> percent of the view's area)}' assertion on view View at index #0, of those matching MATCHER(is assignable from class: class android.widget.EditText and view has effective visibility <VISIBLE>)
11-10 14:30:26.886 11733 11733 I ViewInteraction: Checking 'MatchesViewAssertion(Detox){viewMatcher=(view has effective visibility <VISIBLE> and view.getGlobalVisibleRect() covers at least <75> percent of the view's area)}' assertion on view View at index #0, of those matching MATCHER(is assignable from class: class android.widget.EditText and view has effective visibility <VISIBLE>)
11-10 14:30:26.917 11733 11733 I ViewInteraction: Checking 'MatchesViewAssertion(Detox){viewMatcher=(view has effective visibility <VISIBLE> and view.getGlobalVisibleRect() covers at least <75> percent of the view's area)}' assertion on view View at index #0, of those matching MATCHER(is assignable from class: class android.widget.EditText and view has effective visibility <VISIBLE>)
11-10 14:30:26.947 11733 11733 I ViewInteraction: Checking 'MatchesViewAssertion(Detox){viewMatcher=(view has effective visibility <VISIBLE> and view.getGlobalVisibleRect() covers at least <75> percent of the view's area)}' assertion on view View at index #0, of those matching MATCHER(is assignable from class: class android.widget.EditText and view has effective visibility <VISIBLE>)
11-10 14:30:26.976 11733 11733 I ViewInteraction: Checking 'MatchesViewAssertion(Detox){viewMatcher=(view has effective visibility <VISIBLE> and view.getGlobalVisibleRect() covers at least <75> percent of the view's area)}' assertion on view View at index #0, of those matching MATCHER(is assignable from class: class android.widget.EditText and view has effective visibility <VISIBLE>)
11-10 14:30:27.007 11733 11733 I ViewInteraction: Checking 'MatchesViewAssertion(Detox){viewMatcher=(view has effective visibility <VISIBLE> and view.getGlobalVisibleRect() covers at least <75> percent of the view's area)}' assertion on view View at index #0, of those matching MATCHER(is assignable from class: class android.widget.EditText and view has effective visibility <VISIBLE>)
11-10 14:30:27.035 11733 11733 I ViewInteraction: Checking 'MatchesViewAssertion(Detox){viewMatcher=(view has effective visibility <VISIBLE> and view.getGlobalVisibleRect() covers at least <75> percent of the view's area)}' assertion on view View at index #0, of those matching MATCHER(is assignable from class: class android.widget.EditText and view has effective visibility <VISIBLE>)
11-10 14:30:27.078 11733 11733 I ViewInteraction: Checking 'MatchesViewAssertion(Detox){viewMatcher=(view has effective visibility <VISIBLE> and view.getGlobalVisibleRect() covers at least <75> percent of the view's area)}' assertion on view View at index #0, of those matching MATCHER(is assignable from class: class android.widget.EditText and view has effective visibility <VISIBLE>)
11-10 14:30:27.110 11733 11733 I ViewInteraction: Checking 'MatchesViewAssertion(Detox){viewMatcher=(view has effective visibility <VISIBLE> and view.getGlobalVisibleRect() covers at least <75> percent of the view's area)}' assertion on view View at index #0, of those matching MATCHER(is assignable from class: class android.widget.EditText and view has effective visibility <VISIBLE>)
11-10 14:30:27.140 11733 11733 I ViewInteraction: Checking 'MatchesViewAssertion(Detox){viewMatcher=(view has effective visibility <VISIBLE> and view.getGlobalVisibleRect() covers at least <75> percent of the view's area)}' assertion on view View at index #0, of those matching MATCHER(is assignable from class: class android.widget.EditText and view has effective visibility <VISIBLE>)
11-10 14:30:27.170 11733 11733 I ViewInteraction: Checking 'MatchesViewAssertion(Detox){viewMatcher=(view has effective visibility <VISIBLE> and view.getGlobalVisibleRect() covers at least <75> percent of the view's area)}' assertion on view View at index #0, of those matching MATCHER(is assignable from class: class android.widget.EditText and view has effective visibility <VISIBLE>)
11-10 14:30:27.198 11733 11733 I ViewInteraction: Checking 'MatchesViewAssertion(Detox){viewMatcher=(view has effective visibility <VISIBLE> and view.getGlobalVisibleRect() covers at least <75> percent of the view's area)}' assertion on view View at index #0, of those matching MATCHER(is assignable from class: class android.widget.EditText and view has effective visibility <VISIBLE>)
11-10 14:30:27.228 11733 11733 I ViewInteraction: Checking 'MatchesViewAssertion(Detox){viewMatcher=(view has effective visibility <VISIBLE> and view.getGlobalVisibleRect() covers at least <75> percent of the view's area)}' assertion on view View at index #0, of those matching MATCHER(is assignable from class: class android.widget.EditText and view has effective visibility <VISIBLE>)
11-10 14:30:27.257 11733 11733 I ViewInteraction: Checking 'MatchesViewAssertion(Detox){viewMatcher=(view has effective visibility <VISIBLE> and view.getGlobalVisibleRect() covers at least <75> percent of the view's area)}' assertion on view View at index #0, of those matching MATCHER(is assignable from class: class android.widget.EditText and view has effective visibility <VISIBLE>)
11-10 14:30:27.286 11733 11733 I ViewInteraction: Checking 'MatchesViewAssertion(Detox){viewMatcher=(view has effective visibility <VISIBLE> and view.getGlobalVisibleRect() covers at least <75> percent of the view's area)}' assertion on view View at index #0, of those matching MATCHER(is assignable from class: class android.widget.EditText and view has effective visibility <VISIBLE>)
11-10 14:30:27.314 11733 11733 I ViewInteraction: Checking 'MatchesViewAssertion(Detox){viewMatcher=(view has effective visibility <VISIBLE> and view.getGlobalVisibleRect() covers at least <75> percent of the view's area)}' assertion on view View at index #0, of those matching MATCHER(is assignable from class: class android.widget.EditText and view has effective visibility <VISIBLE>)
11-10 14:30:27.343 11733 11733 I ViewInteraction: Checking 'MatchesViewAssertion(Detox){viewMatcher=(view has effective visibility <VISIBLE> and view.getGlobalVisibleRect() covers at least <75> percent of the view's area)}' assertion on view View at index #0, of those matching MATCHER(is assignable from class: class android.widget.EditText and view has effective visibility <VISIBLE>)
11-10 14:30:27.371 11733 11733 I ViewInteraction: Checking 'MatchesViewAssertion(Detox){viewMatcher=(view has effective visibility <VISIBLE> and view.getGlobalVisibleRect() covers at least <75> percent of the view's area)}' assertion on view View at index #0, of those matching MATCHER(is assignable from class: class android.widget.EditText and view has effective visibility <VISIBLE>)
11-10 14:30:27.401 11733 11733 I ViewInteraction: Checking 'MatchesViewAssertion(Detox){viewMatcher=(view has effective visibility <VISIBLE> and view.getGlobalVisibleRect() covers at least <75> percent of the view's area)}' assertion on view View at index #0, of those matching MATCHER(is assignable from class: class android.widget.EditText and view has effective visibility <VISIBLE>)
11-10 14:30:27.429 11733 11733 I ViewInteraction: Checking 'MatchesViewAssertion(Detox){viewMatcher=(view has effective visibility <VISIBLE> and view.getGlobalVisibleRect() covers at least <75> percent of the view's area)}' assertion on view View at index #0, of those matching MATCHER(is assignable from class: class android.widget.EditText and view has effective visibility <VISIBLE>)
11-10 14:30:27.465 11733 11733 I ViewInteraction: Checking 'MatchesViewAssertion(Detox){viewMatcher=(view has effective visibility <VISIBLE> and view.getGlobalVisibleRect() covers at least <75> percent of the view's area)}' assertion on view View at index #0, of those matching MATCHER(is assignable from class: class android.widget.EditText and view has effective visibility <VISIBLE>)
11-10 14:30:27.502 11733 11733 I ViewInteraction: Checking 'MatchesViewAssertion(Detox){viewMatcher=(view has effective visibility <VISIBLE> and view.getGlobalVisibleRect() covers at least <75> percent of the view's area)}' assertion on view View at index #0, of those matching MATCHER(is assignable from class: class android.widget.EditText and view has effective visibility <VISIBLE>)
11-10 14:30:27.531 11733 11733 I ViewInteraction: Checking 'MatchesViewAssertion(Detox){viewMatcher=(view has effective visibility <VISIBLE> and view.getGlobalVisibleRect() covers at least <75> percent of the view's area)}' assertion on view View at index #0, of those matching MATCHER(is assignable from class: class android.widget.EditText and view has effective visibility <VISIBLE>)
11-10 14:30:27.560 11733 11733 I ViewInteraction: Checking 'MatchesViewAssertion(Detox){viewMatcher=(view has effective visibility <VISIBLE> and view.getGlobalVisibleRect() covers at least <75> percent of the view's area)}' assertion on view View at index #0, of those matching MATCHER(is assignable from class: class android.widget.EditText and view has effective visibility <VISIBLE>)
11-10 14:30:27.590 11733 11733 I ViewInteraction: Checking 'MatchesViewAssertion(Detox){viewMatcher=(view has effective visibility <VISIBLE> and view.getGlobalVisibleRect() covers at least <75> percent of the view's area)}' assertion on view View at index #0, of those matching MATCHER(is assignable from class: class android.widget.EditText and view has effective visibility <VISIBLE>)
11-10 14:30:27.619 11733 11733 I ViewInteraction: Checking 'MatchesViewAssertion(Detox){viewMatcher=(view has effective visibility <VISIBLE> and view.getGlobalVisibleRect() covers at least <75> percent of the view's area)}' assertion on view View at index #0, of those matching MATCHER(is assignable from class: class android.widget.EditText and view has effective visibility <VISIBLE>)
11-10 14:30:27.650 11733 11733 I ViewInteraction: Checking 'MatchesViewAssertion(Detox){viewMatcher=(view has effective visibility <VISIBLE> and view.getGlobalVisibleRect() covers at least <75> percent of the view's area)}' assertion on view View at index #0, of those matching MATCHER(is assignable from class: class android.widget.EditText and view has effective visibility <VISIBLE>)
11-10 14:30:27.679 11733 11733 I ViewInteraction: Checking 'MatchesViewAssertion(Detox){viewMatcher=(view has effective visibility <VISIBLE> and view.getGlobalVisibleRect() covers at least <75> percent of the view's area)}' assertion on view View at index #0, of those matching MATCHER(is assignable from class: class android.widget.EditText and view has effective visibility <VISIBLE>)
11-10 14:30:27.707 11733 11733 I ViewInteraction: Checking 'MatchesViewAssertion(Detox){viewMatcher=(view has effective visibility <VISIBLE> and view.getGlobalVisibleRect() covers at least <75> percent of the view's area)}' assertion on view View at index #0, of those matching MATCHER(is assignable from class: class android.widget.EditText and view has effective visibility <VISIBLE>)
11-10 14:30:27.739 11733 11733 I ViewInteraction: Checking 'MatchesViewAssertion(Detox){viewMatcher=(view has effective visibility <VISIBLE> and view.getGlobalVisibleRect() covers at least <75> percent of the view's area)}' assertion on view View at index #0, of those matching MATCHER(is assignable from class: class android.widget.EditText and view has effective visibility <VISIBLE>)
11-10 14:30:27.768 11733 11733 I ViewInteraction: Checking 'MatchesViewAssertion(Detox){viewMatcher=(view has effective visibility <VISIBLE> and view.getGlobalVisibleRect() covers at least <75> percent of the view's area)}' assertion on view View at index #0, of those matching MATCHER(is assignable from class: class android.widget.EditText and view has effective visibility <VISIBLE>)
11-10 14:30:27.797 11733 11733 I ViewInteraction: Checking 'MatchesViewAssertion(Detox){viewMatcher=(view has effective visibility <VISIBLE> and view.getGlobalVisibleRect() covers at least <75> percent of the view's area)}' assertion on view View at index #0, of those matching MATCHER(is assignable from class: class android.widget.EditText and view has effective visibility <VISIBLE>)
11-10 14:30:27.827 11733 11733 I ViewInteraction: Checking 'MatchesViewAssertion(Detox){viewMatcher=(view has effective visibility <VISIBLE> and view.getGlobalVisibleRect() covers at least <75> percent of the view's area)}' assertion on view View at index #0, of those matching MATCHER(is assignable from class: class android.widget.EditText and view has effective visibility <VISIBLE>)
11-10 14:30:27.863 11733 11733 I ViewInteraction: Checking 'MatchesViewAssertion(Detox){viewMatcher=(view has effective visibility <VISIBLE> and view.getGlobalVisibleRect() covers at least <75> percent of the view's area)}' assertion on view View at index #0, of those matching MATCHER(is assignable from class: class android.widget.EditText and view has effective visibility <VISIBLE>)
11-10 14:30:27.899 11733 11733 I ViewInteraction: Checking 'MatchesViewAssertion(Detox){viewMatcher=(view has effective visibility <VISIBLE> and view.getGlobalVisibleRect() covers at least <75> percent of the view's area)}' assertion on view View at index #0, of those matching MATCHER(is assignable from class: class android.widget.EditText and view has effective visibility <VISIBLE>)
11-10 14:30:27.930 11733 11733 I ViewInteraction: Checking 'MatchesViewAssertion(Detox){viewMatcher=(view has effective visibility <VISIBLE> and view.getGlobalVisibleRect() covers at least <75> percent of the view's area)}' assertion on view View at index #0, of those matching MATCHER(is assignable from class: class android.widget.EditText and view has effective visibility <VISIBLE>)
11-10 14:30:27.957 11733 11733 I ViewInteraction: Checking 'MatchesViewAssertion(Detox){viewMatcher=(view has effective visibility <VISIBLE> and view.getGlobalVisibleRect() covers at least <75> percent of the view's area)}' assertion on view View at index #0, of those matching MATCHER(is assignable from class: class android.widget.EditText and view has effective visibility <VISIBLE>)
11-10 14:30:27.987 11733 11733 I ViewInteraction: Checking 'MatchesViewAssertion(Detox){viewMatcher=(view has effective visibility <VISIBLE> and view.getGlobalVisibleRect() covers at least <75> percent of the view's area)}' assertion on view View at index #0, of those matching MATCHER(is assignable from class: class android.widget.EditText and view has effective visibility <VISIBLE>)
11-10 14:30:28.015 11733 11733 I ViewInteraction: Checking 'MatchesViewAssertion(Detox){viewMatcher=(view has effective visibility <VISIBLE> and view.getGlobalVisibleRect() covers at least <75> percent of the view's area)}' assertion on view View at index #0, of those matching MATCHER(is assignable from class: class android.widget.EditText and view has effective visibility <VISIBLE>)
11-10 14:30:28.045 11733 11733 I ViewInteraction: Checking 'MatchesViewAssertion(Detox){viewMatcher=(view has effective visibility <VISIBLE> and view.getGlobalVisibleRect() covers at least <75> percent of the view's area)}' assertion on view View at index #0, of those matching MATCHER(is assignable from class: class android.widget.EditText and view has effective visibility <VISIBLE>)
11-10 14:30:28.073 11733 11733 I ViewInteraction: Checking 'MatchesViewAssertion(Detox){viewMatcher=(view has effective visibility <VISIBLE> and view.getGlobalVisibleRect() covers at least <75> percent of the view's area)}' assertion on view View at index #0, of those matching MATCHER(is assignable from class: class android.widget.EditText and view has effective visibility <VISIBLE>)
11-10 14:30:28.104 11733 11733 I ViewInteraction: Checking 'MatchesViewAssertion(Detox){viewMatcher=(view has effective visibility <VISIBLE> and view.getGlobalVisibleRect() covers at least <75> percent of the view's area)}' assertion on view View at index #0, of those matching MATCHER(is assignable from class: class android.widget.EditText and view has effective visibility <VISIBLE>)
