--------- beginning of main
11-14 16:06:59.244  8223  8223 I pp.seguritacapp: Late-enabling -Xcheck:jni
11-14 16:06:59.254  8223  8223 I pp.seguritacapp: Using CollectorTypeCC GC.
11-14 16:06:59.254  8223  8223 W pp.seguritacapp: Unexpected CPU variant for x86: x86_64.
11-14 16:06:59.254  8223  8223 W pp.seguritacapp: Known variants: atom, sandybridge, silvermont, goldmont, goldmont-plus, tremont, kabylake, default
11-14 16:06:59.293  8223  8223 D CompatibilityChangeReporter: Compat change id reported: 171979766; UID 10198; state: ENABLED
11-14 16:06:59.293  8223  8223 D CompatibilityChangeReporter: Compat change id reported: 242716250; UID 10198; state: ENABLED
--------- beginning of system
11-14 16:06:59.298  8223  8223 W ActivityThread: Package uses different ABI(s) than its instrumentation: package[com.tuapp.seguritacapp]: x86_64, null instrumentation[com.tuapp.seguritacapp.test]: null, null
11-14 16:06:59.302  8223  8223 D nativeloader: Configuring clns-6 for other apk /system/framework/org.apache.http.legacy.jar. target_sdk_version=34, uses_libraries=ALL, library_path=/data/app/~~9BsED81wbBRzocGDI2D_0Q==/com.tuapp.seguritacapp.test-Iu035qzOIcXpP87DhvVQJA==/lib/x86_64:/data/app/~~ivRx9pnip32jC2c_D-6FLQ==/com.tuapp.seguritacapp-tY_973WQ2As0Ectdc4_3pA==/lib/x86_64:/data/app/~~9BsED81wbBRzocGDI2D_0Q==/com.tuapp.seguritacapp.test-Iu035qzOIcXpP87DhvVQJA==/base.apk!/lib/x86_64:/data/app/~~ivRx9pnip32jC2c_D-6FLQ==/com.tuapp.seguritacapp-tY_973WQ2As0Ectdc4_3pA==/base.apk!/lib/x86_64, permitted_path=/data:/mnt/expand:/data/user/0/com.tuapp.seguritacapp
11-14 16:06:59.303  8223  8223 W pp.seguritacapp: ClassLoaderContext shared library size mismatch. Expected=2, found=1 (PCL[]{PCL[/system/framework/android.test.base.jar*836642756]#PCL[/system/framework/android.test.mock.jar*3186112116]} | PCL[]{PCL[/system/framework/org.apache.http.legacy.jar*365604908]})
11-14 16:06:59.304  8223  8223 W pp.seguritacapp: ClassLoaderContext classpath size mismatch. expected=0, found=1 (PCL[] | PCL[/system/framework/android.test.runner.jar*4168958247]{PCL[/system/framework/org.apache.http.legacy.jar*365604908]})
11-14 16:06:59.305  8223  8223 W pp.seguritacapp: ClassLoaderContext classpath size mismatch. expected=0, found=2 (PCL[] | PCL[/system/framework/android.test.runner.jar*4168958247:/system/framework/android.test.mock.jar*3186112116]{PCL[/system/framework/org.apache.http.legacy.jar*365604908]})
11-14 16:06:59.305  8223  8223 W ziparchive: Unable to open '/data/app/~~9BsED81wbBRzocGDI2D_0Q==/com.tuapp.seguritacapp.test-Iu035qzOIcXpP87DhvVQJA==/base.dm': No such file or directory
11-14 16:06:59.305  8223  8223 W ziparchive: Unable to open '/data/app/~~9BsED81wbBRzocGDI2D_0Q==/com.tuapp.seguritacapp.test-Iu035qzOIcXpP87DhvVQJA==/base.dm': No such file or directory
11-14 16:06:59.345  8223  8223 W ziparchive: Unable to open '/data/app/~~ivRx9pnip32jC2c_D-6FLQ==/com.tuapp.seguritacapp-tY_973WQ2As0Ectdc4_3pA==/base.dm': No such file or directory
11-14 16:06:59.345  8223  8223 W ziparchive: Unable to open '/data/app/~~ivRx9pnip32jC2c_D-6FLQ==/com.tuapp.seguritacapp-tY_973WQ2As0Ectdc4_3pA==/base.dm': No such file or directory
11-14 16:06:59.581  8223  8223 D nativeloader: Configuring clns-7 for other apk /system/framework/android.test.runner.jar:/system/framework/android.test.mock.jar:/system/framework/android.test.base.jar:/data/app/~~9BsED81wbBRzocGDI2D_0Q==/com.tuapp.seguritacapp.test-Iu035qzOIcXpP87DhvVQJA==/base.apk:/data/app/~~ivRx9pnip32jC2c_D-6FLQ==/com.tuapp.seguritacapp-tY_973WQ2As0Ectdc4_3pA==/base.apk. target_sdk_version=34, uses_libraries=, library_path=/data/app/~~9BsED81wbBRzocGDI2D_0Q==/com.tuapp.seguritacapp.test-Iu035qzOIcXpP87DhvVQJA==/lib/x86_64:/data/app/~~ivRx9pnip32jC2c_D-6FLQ==/com.tuapp.seguritacapp-tY_973WQ2As0Ectdc4_3pA==/lib/x86_64:/data/app/~~9BsED81wbBRzocGDI2D_0Q==/com.tuapp.seguritacapp.test-Iu035qzOIcXpP87DhvVQJA==/base.apk!/lib/x86_64:/data/app/~~ivRx9pnip32jC2c_D-6FLQ==/com.tuapp.seguritacapp-tY_973WQ2As0Ectdc4_3pA==/base.apk!/lib/x86_64, permitted_path=/data:/mnt/expand:/data/user/0/com.tuapp.seguritacapp
11-14 16:06:59.588  8223  8223 V GraphicsEnvironment: Currently set values for:
11-14 16:06:59.589  8223  8223 V GraphicsEnvironment:   angle_gl_driver_selection_pkgs=[]
11-14 16:06:59.589  8223  8223 V GraphicsEnvironment:   angle_gl_driver_selection_values=[]
11-14 16:06:59.589  8223  8223 V GraphicsEnvironment: ANGLE GameManagerService for com.tuapp.seguritacapp: false
11-14 16:06:59.589  8223  8223 V GraphicsEnvironment: com.tuapp.seguritacapp is not listed in per-application setting
11-14 16:06:59.589  8223  8223 V GraphicsEnvironment: Neither updatable production driver nor prerelease driver is supported.
11-14 16:06:59.592  8223  8223 D ApplicationLoaders: Returning zygote-cached class loader: /system/framework/android.test.base.jar
11-14 16:06:59.593  8223  8223 D nativeloader: Configuring clns-8 for other apk /system/framework/android.test.mock.jar. target_sdk_version=34, uses_libraries=ALL, library_path=/data/app/~~9BsED81wbBRzocGDI2D_0Q==/com.tuapp.seguritacapp.test-Iu035qzOIcXpP87DhvVQJA==/lib/x86_64:/data/app/~~ivRx9pnip32jC2c_D-6FLQ==/com.tuapp.seguritacapp-tY_973WQ2As0Ectdc4_3pA==/lib/x86_64, permitted_path=/data:/mnt/expand
11-14 16:06:59.594  8223  8223 D ApplicationLoaders: Returning zygote-cached class loader: /system/framework/android.test.base.jar
11-14 16:06:59.595  8223  8223 D nativeloader: Configuring clns-9 for other apk /system/framework/android.test.runner.jar. target_sdk_version=34, uses_libraries=ALL, library_path=/data/app/~~9BsED81wbBRzocGDI2D_0Q==/com.tuapp.seguritacapp.test-Iu035qzOIcXpP87DhvVQJA==/lib/x86_64:/data/app/~~ivRx9pnip32jC2c_D-6FLQ==/com.tuapp.seguritacapp-tY_973WQ2As0Ectdc4_3pA==/lib/x86_64, permitted_path=/data:/mnt/expand
11-14 16:06:59.596  8223  8223 W pp.seguritacapp: ClassLoaderContext shared library size mismatch. Expected=2, found=3 (PCL[]{PCL[/system/framework/android.test.base.jar*836642756]#PCL[/system/framework/android.test.mock.jar*3186112116]} | PCL[]{PCL[/system/framework/android.test.base.jar*836642756]#PCL[/system/framework/android.test.mock.jar*3186112116]#PCL[/system/framework/android.test.runner.jar*4168958247]{PCL[/system/framework/android.test.base.jar*836642756]#PCL[/system/framework/android.test.mock.jar*3186112116]}};PCL[/system/framework/android.test.runner.jar*4168958247:/system/framework/android.test.mock.jar*3186112116:/system/framework/android.test.base.jar*836642756:/data/app/~~9BsED81wbBRzocGDI2D_0Q==/com.tuapp.seguritacapp.test-Iu035qzOIcXpP87DhvVQJA==/base.apk*710614376:/data/app/~~9BsED81wbBRzocGDI2D_0Q==/com.tuapp.seguritacapp.test-Iu035qzOIcXpP87DhvVQJA==/base.apk!classes2.dex*314750459:/data/app/~~9BsED81wbBRzocGDI2D_0Q==/com.tuapp.seguritacapp.test-Iu035qzOIcXpP87DhvVQJA==/base.apk!classes3.dex*2150330680:/data/app/~~9BsED81wbBRzocGDI2D_0Q==/com.tuapp.seguritacapp.test-Iu035qzOIcXpP87DhvVQJA==/base.apk!classes4.dex*3754422716:/data/app/~~ivRx9pnip32jC2c_D-6FLQ==/com.tuapp.seguritacapp-tY_973WQ2As0Ectdc4_3pA==/base.apk*3735652970:/data/app/~~ivRx9pnip32jC2c_D-6FLQ==/com.tuapp.seguritacapp-tY_973WQ2As0Ectdc4_3pA==/base.apk!classes2.dex*2846272409:/data/app/~~ivRx9pnip32jC2c_D-6FLQ==/com.tuapp.seguritacapp-tY_973WQ2As0Ectdc4_3pA==/base.apk!classes3.dex*568552958:/data/app/~~ivRx9pnip32jC2c_D-6FLQ==/com.tuapp.seguritacapp-tY_973WQ2As0Ectdc4_3pA==/base.apk!classes4.dex*3366001543:/data/app/~~ivRx9pnip32jC2c_D-6FLQ==/com.tuapp.seguritacapp-tY_973WQ2As0Ectdc4_3pA==/base.apk!classes5.dex*401369396:/data/app/~~ivRx9pnip32jC2c_D-6FLQ==/com.tuapp.seguritacapp-tY_973WQ2As0Ectdc4_3pA==/base.apk!classes6.dex*4234121696:/data/app/~~ivRx9pnip32jC2c_D-6FLQ==/com.tuapp.seguritacapp-tY_973WQ2As0Ectdc4_3pA==/base.apk!classes7.dex*2649428190]{PCL[/system/framework/org.apache.http.legacy.jar*365604908]})
11-14 16:06:59.596  8223  8223 W pp.seguritacapp: ClassLoaderContext classpath size mismatch. expected=0, found=1 (PCL[] | PCL[/system/framework/android.test.runner.jar*4168958247]{PCL[/system/framework/android.test.base.jar*836642756]#PCL[/system/framework/android.test.mock.jar*3186112116]#PCL[/system/framework/android.test.runner.jar*4168958247]{PCL[/system/framework/android.test.base.jar*836642756]#PCL[/system/framework/android.test.mock.jar*3186112116]}};PCL[/system/framework/android.test.runner.jar*4168958247:/system/framework/android.test.mock.jar*3186112116:/system/framework/android.test.base.jar*836642756:/data/app/~~9BsED81wbBRzocGDI2D_0Q==/com.tuapp.seguritacapp.test-Iu035qzOIcXpP87DhvVQJA==/base.apk*710614376:/data/app/~~9BsED81wbBRzocGDI2D_0Q==/com.tuapp.seguritacapp.test-Iu035qzOIcXpP87DhvVQJA==/base.apk!classes2.dex*314750459:/data/app/~~9BsED81wbBRzocGDI2D_0Q==/com.tuapp.seguritacapp.test-Iu035qzOIcXpP87DhvVQJA==/base.apk!classes3.dex*2150330680:/data/app/~~9BsED81wbBRzocGDI2D_0Q==/com.tuapp.seguritacapp.test-Iu035qzOIcXpP87DhvVQJA==/base.apk!classes4.dex*3754422716:/data/app/~~ivRx9pnip32jC2c_D-6FLQ==/com.tuapp.seguritacapp-tY_973WQ2As0Ectdc4_3pA==/base.apk*3735652970:/data/app/~~ivRx9pnip32jC2c_D-6FLQ==/com.tuapp.seguritacapp-tY_973WQ2As0Ectdc4_3pA==/base.apk!classes2.dex*2846272409:/data/app/~~ivRx9pnip32jC2c_D-6FLQ==/com.tuapp.seguritacapp-tY_973WQ2As0Ectdc4_3pA==/base.apk!classes3.dex*568552958:/data/app/~~ivRx9pnip32jC2c_D-6FLQ==/com.tuapp.seguritacapp-tY_973WQ2As0Ectdc4_3pA==/base.apk!classes4.dex*3366001543:/data/app/~~ivRx9pnip32jC2c_D-6FLQ==/com.tuapp.seguritacapp-tY_973WQ2As0Ectdc4_3pA==/base.apk!classes5.dex*401369396:/data/app/~~ivRx9pnip32jC2c_D-6FLQ==/com.tuapp.seguritacapp-tY_973WQ2As0Ectdc4_3pA==/base.apk!classes6.dex*4234121696:/data/app/~~ivRx9pnip32jC2c_D-6FLQ==/com.tuapp.seguritacapp-tY_973WQ2As0Ectdc4_3pA==/base.apk!classes7.dex*2649428190]{PCL[/system/framework/org.apache.http.legacy.jar*365604908]})
11-14 16:06:59.597  8223  8223 W pp.seguritacapp: ClassLoaderContext classpath size mismatch. expected=0, found=2 (PCL[] | PCL[/system/framework/android.test.runner.jar*4168958247:/system/framework/android.test.mock.jar*3186112116]{PCL[/system/framework/android.test.base.jar*836642756]#PCL[/system/framework/android.test.mock.jar*3186112116]#PCL[/system/framework/android.test.runner.jar*4168958247]{PCL[/system/framework/android.test.base.jar*836642756]#PCL[/system/framework/android.test.mock.jar*3186112116]}};PCL[/system/framework/android.test.runner.jar*4168958247:/system/framework/android.test.mock.jar*3186112116:/system/framework/android.test.base.jar*836642756:/data/app/~~9BsED81wbBRzocGDI2D_0Q==/com.tuapp.seguritacapp.test-Iu035qzOIcXpP87DhvVQJA==/base.apk*710614376:/data/app/~~9BsED81wbBRzocGDI2D_0Q==/com.tuapp.seguritacapp.test-Iu035qzOIcXpP87DhvVQJA==/base.apk!classes2.dex*314750459:/data/app/~~9BsED81wbBRzocGDI2D_0Q==/com.tuapp.seguritacapp.test-Iu035qzOIcXpP87DhvVQJA==/base.apk!classes3.dex*2150330680:/data/app/~~9BsED81wbBRzocGDI2D_0Q==/com.tuapp.seguritacapp.test-Iu035qzOIcXpP87DhvVQJA==/base.apk!classes4.dex*3754422716:/data/app/~~ivRx9pnip32jC2c_D-6FLQ==/com.tuapp.seguritacapp-tY_973WQ2As0Ectdc4_3pA==/base.apk*3735652970:/data/app/~~ivRx9pnip32jC2c_D-6FLQ==/com.tuapp.seguritacapp-tY_973WQ2As0Ectdc4_3pA==/base.apk!classes2.dex*2846272409:/data/app/~~ivRx9pnip32jC2c_D-6FLQ==/com.tuapp.seguritacapp-tY_973WQ2As0Ectdc4_3pA==/base.apk!classes3.dex*568552958:/data/app/~~ivRx9pnip32jC2c_D-6FLQ==/com.tuapp.seguritacapp-tY_973WQ2As0Ectdc4_3pA==/base.apk!classes4.dex*3366001543:/data/app/~~ivRx9pnip32jC2c_D-6FLQ==/com.tuapp.seguritacapp-tY_973WQ2As0Ectdc4_3pA==/base.apk!classes5.dex*401369396:/data/app/~~ivRx9pnip32jC2c_D-6FLQ==/com.tuapp.seguritacapp-tY_973WQ2As0Ectdc4_3pA==/base.apk!classes6.dex*4234121696:/data/app/~~ivRx9pnip32jC2c_D-6FLQ==/com.tuapp.seguritacapp-tY_973WQ2As0Ectdc4_3pA==/base.apk!classes7.dex*2649428190]{PCL[/system/framework/org.apache.http.legacy.jar*365604908]})
11-14 16:06:59.597  8223  8223 W ziparchive: Unable to open '/data/app/~~9BsED81wbBRzocGDI2D_0Q==/com.tuapp.seguritacapp.test-Iu035qzOIcXpP87DhvVQJA==/base.dm': No such file or directory
11-14 16:06:59.597  8223  8223 W ziparchive: Unable to open '/data/app/~~9BsED81wbBRzocGDI2D_0Q==/com.tuapp.seguritacapp.test-Iu035qzOIcXpP87DhvVQJA==/base.dm': No such file or directory
11-14 16:06:59.639  8223  8223 W ziparchive: Unable to open '/data/app/~~ivRx9pnip32jC2c_D-6FLQ==/com.tuapp.seguritacapp-tY_973WQ2As0Ectdc4_3pA==/base.dm': No such file or directory
11-14 16:06:59.639  8223  8223 W ziparchive: Unable to open '/data/app/~~ivRx9pnip32jC2c_D-6FLQ==/com.tuapp.seguritacapp-tY_973WQ2As0Ectdc4_3pA==/base.dm': No such file or directory
11-14 16:06:59.930  8223  8223 I AndroidJUnitRunner: newApplication com.tuapp.seguritacapp.MainApplication
11-14 16:06:59.980  8223  8223 D CompatibilityChangeReporter: Compat change id reported: 183155436; UID 10198; state: ENABLED
11-14 16:06:59.988  8223  8223 I FirebaseApp: Device unlocked: initializing all Firebase APIs for app [DEFAULT]
11-14 16:06:59.995  8223  8223 I FirebaseInitProvider: FirebaseApp initialization successful
11-14 16:07:00.013  8223  8223 D WM-WrkMgrInitializer: Initializing WorkManager with default configuration.
11-14 16:07:00.028  8223  8223 I AndroidJUnitRunner: onCreate Bundle[mParcelledData.dataSize=588]
11-14 16:07:00.029  8223  8223 D AndroidJUnitRunner: Use the raw file system for managing file I/O.
11-14 16:07:00.039  8223  8223 V TestEventClient: No service name argument was given (testDiscoveryService, testRunEventService or orchestratorService)
11-14 16:07:00.040  8223  8271 D AndroidJUnitRunner: onStart is called.
11-14 16:07:00.041  8223  8223 W SoLoader: Initializing SoLoader: 0
11-14 16:07:00.043  8223  8223 W SoLoader: Recording new base apk path: /data/app/~~ivRx9pnip32jC2c_D-6FLQ==/com.tuapp.seguritacapp-tY_973WQ2As0Ectdc4_3pA==/base.apk
11-14 16:07:00.043  8223  8223 W SoLoader: Previously recorded 0 base apk paths.
11-14 16:07:00.044  8223  8223 I SoLoader: Preparing SO source: DirectorySoSource[root = /vendor/lib64 flags = 2]
11-14 16:07:00.044  8223  8223 I SoLoader: Preparing SO source: DirectorySoSource[root = /system/lib64 flags = 2]
11-14 16:07:00.044  8223  8223 I SoLoader: Preparing SO source: DirectApkSoSource[root = [/data/app/~~ivRx9pnip32jC2c_D-6FLQ==/com.tuapp.seguritacapp-tY_973WQ2As0Ectdc4_3pA==/base.apk!/lib/x86_64]]
11-14 16:07:00.048  8223  8266 D TrafficStats: tagSocket(84) with statsTag=0x8001, statsUid=-1
11-14 16:07:00.060  8223  8267 D CompatibilityChangeReporter: Compat change id reported: 160794467; UID 10198; state: ENABLED
11-14 16:07:00.082  8223  8223 I SoLoader: Preparing SO source: ApplicationSoSource[DirectorySoSource[root = /data/app/~~ivRx9pnip32jC2c_D-6FLQ==/com.tuapp.seguritacapp-tY_973WQ2As0Ectdc4_3pA==/lib/x86_64 flags = 0]]
11-14 16:07:00.083  8223  8223 I SoLoader: init finish: 4 SO sources prepared
11-14 16:07:00.083  8223  8223 W SoLoader: SoLoader initialized: 8
11-14 16:07:00.104  8223  8271 I InstrConnection: Could not send broadcast or register receiver (isolatedProcess?)
11-14 16:07:00.106  8223  8271 D TestRequestBuilder: Using class path scanning to discover tests
11-14 16:07:00.106  8223  8271 I TestRequestBuilder: Scanning classpath to find tests in paths [/data/app/~~9BsED81wbBRzocGDI2D_0Q==/com.tuapp.seguritacapp.test-Iu035qzOIcXpP87DhvVQJA==/base.apk]
11-14 16:07:00.107  8223  8271 W pp.seguritacapp: Opening an oat file without a class loader. Are you using the deprecated DexFile APIs?
11-14 16:07:00.761  8223  8271 I TestRunner: run started: 1 tests
11-14 16:07:00.762  8223  8271 I TestRunner: started: runDetoxTests(com.tuapp.seguritacapp.DetoxTest)
11-14 16:07:00.765  8223  8271 I Detox   : Detox server connection details: url=ws://localhost:64314, sessionId=d50aa54e-1c41-a2b9-fbdd-3595a80d2c29
11-14 16:07:00.768  8223  8271 W FileTestStorage: Output properties is not supported.
11-14 16:07:00.768  8223  8271 I Tracing : Tracer added: class androidx.test.platform.tracing.AndroidXTracer
11-14 16:07:00.772  8223  8271 D EventInjectionStrategy: Creating injection strategy with input manager.
11-14 16:07:00.772  8223  8271 W pp.seguritacapp: Accessing hidden method Landroid/hardware/input/InputManager;->getInstance()Landroid/hardware/input/InputManager; (unsupported, reflection, allowed)
11-14 16:07:00.772  8223  8271 W pp.seguritacapp: Accessing hidden method Landroid/hardware/input/InputManager;->injectInputEvent(Landroid/view/InputEvent;I)Z (unsupported, reflection, allowed)
11-14 16:07:00.772  8223  8271 W pp.seguritacapp: Accessing hidden field Landroid/hardware/input/InputManager;->INJECT_INPUT_EVENT_MODE_WAIT_FOR_FINISH:I (unsupported, reflection, allowed)
11-14 16:07:00.779  8223  8271 W pp.seguritacapp: Accessing hidden field Ljava/lang/reflect/Field;->accessFlags:I (unsupported, reflection, allowed)
11-14 16:07:00.780  8223  8271 I Detox   : Connecting to server...
11-14 16:07:00.780  8223  8271 I DetoxWSClient: At connectToServer
11-14 16:07:00.807  8223  8283 D TrafficStats: tagSocket(98) with statsTag=0xffffffff, statsUid=-1
11-14 16:07:00.814  8223  8283 D DetoxWSClient: At onOpen
11-14 16:07:00.814  8223  8283 I DetoxWSClient: Sending out action 'login' (ID #0)
11-14 16:07:00.814  8223  8283 I Detox   : Connected to server!
11-14 16:07:00.817  8223  8283 D DetoxWSClient: Received action 'loginSuccess' (ID #0, params={"testerConnected":true,"appConnected":true})
11-14 16:07:00.817  8223  8279 I DetoxDispatcher: Handling action 'loginSuccess' (ID #0)...
11-14 16:07:00.817  8223  8279 I DetoxDispatcher: Done with action 'loginSuccess'
11-14 16:07:00.817  8223  8271 I Detox   : Launching the tested activity!
11-14 16:07:00.856  8223  8291 D libEGL  : loaded /vendor/lib64/egl/libEGL_emulation.so
11-14 16:07:00.859  8223  8283 D DetoxWSClient: Received action 'isReady' (ID #-1000, params={})
11-14 16:07:00.859  8223  8279 I DetoxDispatcher: Handling action 'isReady' (ID #-1000)...
11-14 16:07:00.860  8223  8291 D libEGL  : loaded /vendor/lib64/egl/libGLESv1_CM_emulation.so
11-14 16:07:00.863  8223  8291 D libEGL  : loaded /vendor/lib64/egl/libGLESv2_emulation.so
11-14 16:07:00.870  8223  8223 D AppCompatDelegate: Checking for metadata for AppLocalesMetadataHolderService : Service not found
11-14 16:07:00.875  8223  8223 D LifecycleMonitor: Lifecycle status change: com.tuapp.seguritacapp.MainActivity@61ed606 in: PRE_ON_CREATE
11-14 16:07:00.915  8223  8223 W pp.seguritacapp: Accessing hidden method Landroid/view/View;->computeFitSystemWindows(Landroid/graphics/Rect;Landroid/graphics/Rect;)Z (unsupported, reflection, allowed)
11-14 16:07:00.916  8223  8223 W pp.seguritacapp: Accessing hidden method Landroid/view/ViewGroup;->makeOptionalFitsSystemWindows()V (unsupported, reflection, allowed)
11-14 16:07:00.925  8223  8223 I ExpoDevMenu: Set new dev-menu delegate: class expo.modules.devmenu.DevMenuDefaultDelegate
11-14 16:07:00.928  8223  8223 D Detox.RNMarker: BUILD_REACT_INSTANCE_MANAGER_START (null)
11-14 16:07:00.932  8223  8223 W SoLoader: SoLoader already initialized
11-14 16:07:00.940  8223  8223 D Detox.RNMarker: BUILD_REACT_INSTANCE_MANAGER_END (null)
11-14 16:07:00.941  8223  8223 W SoLoader: SoLoader already initialized
11-14 16:07:00.964  8223  8301 D TrafficStats: tagSocket(105) with statsTag=0xffffffff, statsUid=-1
11-14 16:07:00.987  8223  8223 D jni_lib_merge: Entering merged library JNI_OnLoad.
11-14 16:07:00.987  8223  8223 D jni_lib_merge: Preparing 12 pre-merged libs (including stub)
11-14 16:07:00.987  8223  8223 D jni_lib_merge: Preparing to register libfabricjni_so.  onload_func: 0x7bde507c7a60
11-14 16:07:00.987  8223  8223 D jni_lib_merge: Preparing to register libmapbufferjni_so.  onload_func: 0x7bde508a2bb0
11-14 16:07:00.987  8223  8223 D jni_lib_merge: Preparing to register libreact_devsupportjni_so.  onload_func: 0x7bde509f4fe0
11-14 16:07:00.987  8223  8223 D jni_lib_merge: Preparing to register libreact_featureflagsjni_so.  onload_func: 0x7bde50a00b90
11-14 16:07:00.987  8223  8223 D jni_lib_merge: Preparing to register libreact_newarchdefaults_so.  onload_func: 0x7bde50a71b00
11-14 16:07:00.987  8223  8223 D jni_lib_merge: Preparing to register libreactnativeblob_so.  onload_func: 0x7bde50c7c460
11-14 16:07:00.987  8223  8223 D jni_lib_merge: Preparing to register libreactnativejni_so.  onload_func: 0x7bde50cd8750
11-14 16:07:00.987  8223  8223 D jni_lib_merge: Preparing to register librninstance_so.  onload_func: 0x7bde50d25eb0
11-14 16:07:00.988  8223  8223 D jni_lib_merge: Preparing to register libturbomodulejsijni_so.  onload_func: 0x7bde50df4410
11-14 16:07:00.988  8223  8223 D jni_lib_merge: Preparing to register libuimanagerjni_so.  onload_func: 0x7bde50e0ebd0
11-14 16:07:00.988  8223  8223 D jni_lib_merge: Preparing to register libyoga_so.  onload_func: 0x7bde50e1c950
11-14 16:07:00.988  8223  8223 D jni_lib_merge: About to register 11 actual methods.
11-14 16:07:00.991  8223  8223 I expo-notifications: ExpoNotificationLifeCycleListener.onCreate::
11-14 16:07:00.991  8223  8223 I expo-notifications: launchArgs
11-14 16:07:00.991  8223  8223 I expo-notifications:   detoxURLOverride: seguridadciudadanaapp://expo-development-client/?url=http%3A%2F%2Flocalhost%3A8081&role=ciudadano&disableBypass=1
11-14 16:07:00.991  8223  8223 I expo-notifications:   detoxServer: ws://localhost:64314
11-14 16:07:00.991  8223  8223 I expo-notifications:   detoxSessionId: d50aa54e-1c41-a2b9-fbdd-3595a80d2c29
11-14 16:07:00.991  8223  8223 I expo-notifications:   detoxEnableSynchronization: 0
11-14 16:07:00.992  8223  8223 D LifecycleMonitor: Lifecycle status change: com.tuapp.seguritacapp.MainActivity@61ed606 in: CREATED
11-14 16:07:00.994  8223  8223 D LifecycleMonitor: Lifecycle status change: com.tuapp.seguritacapp.MainActivity@61ed606 in: STARTED
11-14 16:07:00.995  8223  8223 D LifecycleMonitor: Lifecycle status change: com.tuapp.seguritacapp.MainActivity@61ed606 in: RESUMED
11-14 16:07:00.998  8223  8223 D CompatibilityChangeReporter: Compat change id reported: 237531167; UID 10198; state: DISABLED
11-14 16:07:00.999  8223  8223 W OpenGLRenderer: Unknown dataspace 0
11-14 16:07:00.999  8223  8303 D TrafficStats: tagSocket(108) with statsTag=0xffffffff, statsUid=-1
11-14 16:07:01.039  8223  8289 W OpenGLRenderer: Failed to choose config with EGL_SWAP_BEHAVIOR_PRESERVED, retrying without...
11-14 16:07:01.039  8223  8289 W OpenGLRenderer: Failed to initialize 101010-2 format, error = EGL_SUCCESS
11-14 16:07:01.083  8223  8289 I Gralloc4: mapper 4.x is not supported
11-14 16:07:01.096  8223  8289 E OpenGLRenderer: Unable to match the desired swap behavior.
11-14 16:07:01.163  8223  8223 I ExpoDevMenu: Set new dev-menu delegate: class expo.modules.devmenu.DevMenuDefaultDelegate
11-14 16:07:01.172  8223  8223 D LifecycleMonitor: Lifecycle status change: com.tuapp.seguritacapp.MainActivity@61ed606 in: PAUSED
11-14 16:07:01.184  8223  8317 D TrafficStats: tagSocket(124) with statsTag=0xffffffff, statsUid=-1
11-14 16:07:01.185  8223  8223 D LifecycleMonitor: Lifecycle status change: com.tuapp.seguritacapp.MainActivity@f1be462 in: PRE_ON_CREATE
11-14 16:07:01.196  8223  8318 D TrafficStats: tagSocket(127) with statsTag=0xffffffff, statsUid=-1
11-14 16:07:01.200  8223  8223 D LifecycleMonitor: Lifecycle status change: com.tuapp.seguritacapp.MainActivity@f1be462 in: CREATED
11-14 16:07:01.201  8223  8223 D LifecycleMonitor: Lifecycle status change: com.tuapp.seguritacapp.MainActivity@f1be462 in: STARTED
11-14 16:07:01.202  8223  8223 D LifecycleMonitor: Lifecycle status change: com.tuapp.seguritacapp.MainActivity@f1be462 in: RESUMED
11-14 16:07:01.221  8223  8320 D TrafficStats: tagSocket(128) with statsTag=0xffffffff, statsUid=-1
11-14 16:07:01.406  8223  8289 E OpenGLRenderer: Unable to match the desired swap behavior.
11-14 16:07:01.428  8223  8223 D Detox.RNMarker: DOWNLOAD_START (null)
11-14 16:07:01.431  8223  8323 D TrafficStats: tagSocket(134) with statsTag=0xffffffff, statsUid=-1
11-14 16:07:01.449  8223  8223 D CompatibilityChangeReporter: Compat change id reported: 210923482; UID 10198; state: ENABLED
11-14 16:07:01.458  8223  8223 D LifecycleMonitor: Lifecycle status change: com.tuapp.seguritacapp.MainActivity@61ed606 in: STOPPED
11-14 16:07:01.460  8223  8223 D LifecycleMonitor: Lifecycle status change: com.tuapp.seguritacapp.MainActivity@61ed606 in: DESTROYED
11-14 16:07:01.460  8223  8223 W WindowOnBackDispatcher: sendCancelIfRunning: isInProgress=falsecallback=android.view.ViewRootImpl$$ExternalSyntheticLambda17@f42a74e
11-14 16:07:01.481  8223  8289 E OpenGLRenderer: Unable to match the desired swap behavior.
11-14 16:07:01.753  8223  8223 W WindowOnBackDispatcher: sendCancelIfRunning: isInProgress=falsecallback=android.view.ViewRootImpl$$ExternalSyntheticLambda17@3fe84d4
11-14 16:07:01.755  8223  8323 D Detox.RNMarker: DOWNLOAD_END ({"url":"http:\/\/127.0.0.1:8081\/index.ts.bundle?platform=android&dev=true&hot=false&transform.engine=hermes&transform.bytecode=1&transform.routerRoot=app&unstable_transformProfile=hermes-stable","filesChangedCount":0})
11-14 16:07:01.763  8223  8223 D Detox.RNMarker: REACT_BRIDGE_LOADING_START (null)
11-14 16:07:01.785  8223  8328 D jni_lib_merge: Entering merged library JNI_OnLoad.
11-14 16:07:01.785  8223  8328 D jni_lib_merge: Preparing 4 pre-merged libs (including stub)
11-14 16:07:01.785  8223  8328 D jni_lib_merge: Preparing to register libhermes_executor_so.  onload_func: 0x7bde4b2d02a0
11-14 16:07:01.785  8223  8328 D jni_lib_merge: Preparing to register libhermesinstancejni_so.  onload_func: 0x7bde4b302190
11-14 16:07:01.785  8223  8328 D jni_lib_merge: Preparing to register libjsijniprofiler_so.  onload_func: 0x7bde4b304150
11-14 16:07:01.785  8223  8328 D jni_lib_merge: About to register 3 actual methods.
11-14 16:07:01.785  8223  8328 D Detox.RNMarker: CREATE_REACT_CONTEXT_START (HermesExecutorDebug)
11-14 16:07:01.786  8223  8328 D Detox.RNMarker: PROCESS_PACKAGES_START (null)
11-14 16:07:01.788  8223  8328 D Detox.RNMarker: CREATE_MODULE_START (JSCHeapCapture)
11-14 16:07:01.788  8223  8328 D Detox.RNMarker: CREATE_MODULE_END (JSCHeapCapture)
11-14 16:07:01.790  8223  8328 D Detox.RNMarker: CREATE_MODULE_START (FrescoModule)
11-14 16:07:01.791  8223  8328 D Detox.RNMarker: CREATE_MODULE_END (FrescoModule)
11-14 16:07:02.089  8223  8328 I ExpoModulesCore: ✅ AppContext was initialized
11-14 16:07:02.096  8223  8328 D Detox.RNMarker: PROCESS_PACKAGES_END (null)
11-14 16:07:02.097  8223  8328 D Detox.RNMarker: CREATE_CATALYST_INSTANCE_START (null)
11-14 16:07:02.104  8223  8328 D Detox.RNMarker: CREATE_CATALYST_INSTANCE_END (null)
11-14 16:07:02.104  8223  8328 D Detox.RNMarker: PRE_RUN_JS_BUNDLE_START (null)
11-14 16:07:02.104  8223  8333 D Detox.RNMarker: CREATE_REACT_CONTEXT_END (null)
11-14 16:07:02.104  8223  8333 D Detox.RNMarker: RUN_JS_BUNDLE_START (/index.ts.bundle?platform=android&dev=true&hot=false&transform.engine=hermes&transform.bytecode=1&transform.routerRoot=app&unstable_transformProfile=hermes-stable)
11-14 16:07:02.107  8223  8223 W unknown:ReactNative: Packager connection already open, nooping.
11-14 16:07:02.107  8223  8334 D Detox.RNMarker: CREATE_MODULE_START (UIManager)
11-14 16:07:02.143  8223  8334 W unknown:ViewManagerPropertyUpdater: Could not find generated setter for class com.facebook.react.views.debuggingoverlay.DebuggingOverlayManager
11-14 16:07:02.146  8223  8271 D DetoxRNLoading: Got new RN-context explicitly while polling (#iteration=1)
11-14 16:07:02.147  8223  8279 W pp.seguritacapp: Long monitor contention with owner Instr: com.wix.detox.DetoxJUnitRunner (8271) at void com.wix.detox.DetoxMain.launchActivityOnCue(android.content.Context, com.wix.detox.ActivityLaunchHelper)(DetoxMain.kt:53) waiters=0 in void com.wix.detox.DetoxMain$setupActionHandlers$SynchronizedActionHandler.handle(java.lang.String, long) for 1.287s
11-14 16:07:02.148  8223  8223 W pp.seguritacapp: Accessing hidden method Landroid/os/MessageQueue;->next()Landroid/os/Message; (unsupported, reflection, allowed)
11-14 16:07:02.148  8223  8223 W pp.seguritacapp: Accessing hidden field Landroid/os/MessageQueue;->mMessages:Landroid/os/Message; (unsupported, reflection, allowed)
11-14 16:07:02.148  8223  8223 W pp.seguritacapp: Accessing hidden method Landroid/os/Message;->recycleUnchecked()V (unsupported, reflection, allowed)
11-14 16:07:02.148  8223  8223 I Detox   : Wait is over: App is now idle!
11-14 16:07:02.148  8223  8279 I DetoxWSClient: Sending out action 'ready' (ID #-1000)
11-14 16:07:02.149  8223  8279 I DetoxDispatcher: Done with action 'isReady'
11-14 16:07:02.149  8223  8334 W unknown:ViewManagerPropertyUpdater: Could not find generated setter for class com.facebook.react.uimanager.LayoutShadowNode
11-14 16:07:02.153  8223  8334 W unknown:ViewManagerPropertyUpdater: Could not find generated setter for class com.facebook.react.views.drawer.ReactDrawerLayoutManager
11-14 16:07:02.155  8223  8334 W unknown:ViewManagerPropertyUpdater: Could not find generated setter for class com.facebook.react.views.scroll.ReactHorizontalScrollViewManager
11-14 16:07:02.159  8223  8334 W unknown:ViewManagerPropertyUpdater: Could not find generated setter for class com.facebook.react.views.scroll.ReactHorizontalScrollContainerViewManager
11-14 16:07:02.160  8223  8334 W unknown:ViewManagerPropertyUpdater: Could not find generated setter for class com.facebook.react.views.progressbar.ReactProgressBarViewManager
11-14 16:07:02.161  8223  8334 W unknown:ViewManagerPropertyUpdater: Could not find generated setter for class com.facebook.react.views.progressbar.ProgressBarShadowNode
11-14 16:07:02.163  8223  8334 W unknown:ViewManagerPropertyUpdater: Could not find generated setter for class com.facebook.react.views.scroll.ReactScrollViewManager
11-14 16:07:02.166  8223  8334 W unknown:ViewManagerPropertyUpdater: Could not find generated setter for class com.facebook.react.views.switchview.ReactSwitchManager
11-14 16:07:02.169  8223  8334 W unknown:ViewManagerPropertyUpdater: Could not find generated setter for class com.facebook.react.views.switchview.ReactSwitchManager$ReactSwitchShadowNode
11-14 16:07:02.170  8223  8334 W unknown:ViewManagerPropertyUpdater: Could not find generated setter for class com.facebook.react.views.safeareaview.ReactSafeAreaViewManager
11-14 16:07:02.171  8223  8334 W unknown:ViewManagerPropertyUpdater: Could not find generated setter for class com.facebook.react.views.safeareaview.ReactSafeAreaViewShadowNode
11-14 16:07:02.172  8223  8334 W unknown:ViewManagerPropertyUpdater: Could not find generated setter for class com.facebook.react.views.swiperefresh.SwipeRefreshLayoutManager
11-14 16:07:02.174  8223  8334 W unknown:ViewManagerPropertyUpdater: Could not find generated setter for class com.facebook.react.views.text.frescosupport.FrescoBasedReactTextInlineImageViewManager
11-14 16:07:02.175  8223  8334 W unknown:ViewManagerPropertyUpdater: Could not find generated setter for class com.facebook.react.views.text.frescosupport.FrescoBasedReactTextInlineImageShadowNode
11-14 16:07:02.176  8223  8334 W unknown:ViewManagerPropertyUpdater: Could not find generated setter for class com.facebook.react.views.image.ReactImageManager
11-14 16:07:02.179  8223  8334 W unknown:ViewManagerPropertyUpdater: Could not find generated setter for class com.facebook.react.views.modal.ReactModalHostManager
11-14 16:07:02.180  8223  8334 W unknown:ViewManagerPropertyUpdater: Could not find generated setter for class com.facebook.react.views.text.ReactRawTextManager
11-14 16:07:02.181  8223  8334 W unknown:ViewManagerPropertyUpdater: Could not find generated setter for class com.facebook.react.views.text.ReactRawTextShadowNode
11-14 16:07:02.182  8223  8334 W unknown:ViewManagerPropertyUpdater: Could not find generated setter for class com.facebook.react.views.textinput.ReactTextInputManager
11-14 16:07:02.186  8223  8334 W unknown:ViewManagerPropertyUpdater: Could not find generated setter for class com.facebook.react.views.textinput.ReactTextInputShadowNode
11-14 16:07:02.188  8223  8334 W unknown:ViewManagerPropertyUpdater: Could not find generated setter for class com.facebook.react.views.text.ReactTextViewManager
11-14 16:07:02.191  8223  8334 W unknown:ViewManagerPropertyUpdater: Could not find generated setter for class com.facebook.react.views.text.ReactTextShadowNode
11-14 16:07:02.192  8223  8334 W unknown:ViewManagerPropertyUpdater: Could not find generated setter for class com.facebook.react.views.view.ReactViewManager
11-14 16:07:02.195  8223  8334 W unknown:ViewManagerPropertyUpdater: Could not find generated setter for class com.facebook.react.views.text.ReactVirtualTextViewManager
11-14 16:07:02.196  8223  8334 W unknown:ViewManagerPropertyUpdater: Could not find generated setter for class com.facebook.react.views.text.ReactVirtualTextShadowNode
11-14 16:07:02.197  8223  8334 W unknown:ViewManagerPropertyUpdater: Could not find generated setter for class com.facebook.react.views.unimplementedview.ReactUnimplementedViewManager
11-14 16:07:02.198  8223  8334 W unknown:ViewManagerPropertyUpdater: Could not find generated setter for class org.reactnative.maskedview.RNCMaskedViewManager
11-14 16:07:02.199  8223  8334 W unknown:ViewManagerPropertyUpdater: Could not find generated setter for class com.reactnativecommunity.picker.ReactDialogPickerManager
11-14 16:07:02.201  8223  8334 W unknown:ViewManagerPropertyUpdater: Could not find generated setter for class com.reactnativecommunity.picker.ReactPickerShadowNode
11-14 16:07:02.202  8223  8334 W unknown:ViewManagerPropertyUpdater: Could not find generated setter for class com.reactnativecommunity.picker.ReactDropdownPickerManager
11-14 16:07:02.205  8223  8334 W unknown:ViewManagerPropertyUpdater: Could not find generated setter for class expo.modules.kotlin.views.GroupViewManagerWrapper
11-14 16:07:02.208  8223  8334 W unknown:ViewManagerPropertyUpdater: Could not find generated setter for class expo.modules.kotlin.views.SimpleViewManagerWrapper
11-14 16:07:02.210  8223  8334 W unknown:ViewManagerPropertyUpdater: Could not find generated setter for class com.airbnb.android.react.lottie.LottieAnimationViewManager
11-14 16:07:02.212  8223  8334 W unknown:ViewManagerPropertyUpdater: Could not find generated setter for class com.swmansion.gesturehandler.react.RNGestureHandlerRootViewManager
11-14 16:07:02.214  8223  8334 W unknown:ViewManagerPropertyUpdater: Could not find generated setter for class com.swmansion.gesturehandler.react.RNGestureHandlerButtonViewManager
11-14 16:07:02.216  8223  8334 W unknown:ViewManagerPropertyUpdater: Could not find generated setter for class com.rnmaps.maps.MapManager
11-14 16:07:02.219  8223  8334 W unknown:ViewManagerPropertyUpdater: Could not find generated setter for class com.rnmaps.maps.MapMarkerManager
11-14 16:07:02.221  8223  8334 W unknown:ViewManagerPropertyUpdater: Could not find generated setter for class com.rnmaps.maps.MapCalloutManager
11-14 16:07:02.222  8223  8334 W unknown:ViewManagerPropertyUpdater: Could not find generated setter for class com.rnmaps.maps.MapPolylineManager
11-14 16:07:02.224  8223  8334 W unknown:ViewManagerPropertyUpdater: Could not find generated setter for class com.rnmaps.maps.MapGradientPolylineManager
11-14 16:07:02.226  8223  8334 W unknown:ViewManagerPropertyUpdater: Could not find generated setter for class com.rnmaps.maps.MapPolygonManager
11-14 16:07:02.228  8223  8334 W unknown:ViewManagerPropertyUpdater: Could not find generated setter for class com.rnmaps.maps.MapCircleManager
11-14 16:07:02.230  8223  8334 W unknown:ViewManagerPropertyUpdater: Could not find generated setter for class com.rnmaps.maps.MapUrlTileManager
11-14 16:07:02.232  8223  8334 W unknown:ViewManagerPropertyUpdater: Could not find generated setter for class com.rnmaps.maps.MapWMSTileManager
11-14 16:07:02.233  8223  8334 W unknown:ViewManagerPropertyUpdater: Could not find generated setter for class com.rnmaps.maps.MapLocalTileManager
11-14 16:07:02.235  8223  8334 W unknown:ViewManagerPropertyUpdater: Could not find generated setter for class com.rnmaps.maps.MapOverlayManager
11-14 16:07:02.236  8223  8334 W unknown:ViewManagerPropertyUpdater: Could not find generated setter for class com.rnmaps.maps.MapHeatmapManager
11-14 16:07:02.238  8223  8334 W unknown:ViewManagerPropertyUpdater: Could not find generated setter for class com.th3rdwave.safeareacontext.SafeAreaProviderManager
11-14 16:07:02.239  8223  8334 W unknown:ViewManagerPropertyUpdater: Could not find generated setter for class com.th3rdwave.safeareacontext.SafeAreaViewManager
11-14 16:07:02.240  8223  8334 W unknown:ViewManagerPropertyUpdater: Could not find generated setter for class com.th3rdwave.safeareacontext.SafeAreaViewShadowNode
11-14 16:07:02.241  8223  8334 W unknown:ViewManagerPropertyUpdater: Could not find generated setter for class com.swmansion.rnscreens.ScreenContainerViewManager
11-14 16:07:02.243  8223  8334 W unknown:ViewManagerPropertyUpdater: Could not find generated setter for class com.swmansion.rnscreens.ScreenViewManager
11-14 16:07:02.245  8223  8334 W unknown:ViewManagerPropertyUpdater: Could not find generated setter for class com.swmansion.rnscreens.ModalScreenViewManager
11-14 16:07:02.247  8223  8334 W unknown:ViewManagerPropertyUpdater: Could not find generated setter for class com.swmansion.rnscreens.ScreenStackViewManager
11-14 16:07:02.248  8223  8334 W unknown:ViewManagerPropertyUpdater: Could not find generated setter for class com.swmansion.rnscreens.ScreenStackHeaderConfigViewManager
11-14 16:07:02.250  8223  8334 W unknown:ViewManagerPropertyUpdater: Could not find generated setter for class com.swmansion.rnscreens.ScreenStackHeaderSubviewManager
11-14 16:07:02.251  8223  8334 W unknown:ViewManagerPropertyUpdater: Could not find generated setter for class com.swmansion.rnscreens.SearchBarManager
11-14 16:07:02.253  8223  8334 W unknown:ViewManagerPropertyUpdater: Could not find generated setter for class com.swmansion.rnscreens.ScreenFooterManager
11-14 16:07:02.254  8223  8334 W unknown:ViewManagerPropertyUpdater: Could not find generated setter for class com.swmansion.rnscreens.ScreenContentWrapperManager
11-14 16:07:02.255  8223  8334 W unknown:ViewManagerPropertyUpdater: Could not find generated setter for class com.horcrux.svg.RenderableViewManager$DefsViewManager
11-14 16:07:02.258  8223  8334 W unknown:ViewManagerPropertyUpdater: Could not find generated setter for class com.horcrux.svg.VirtualViewManager$RenderableShadowNode
11-14 16:07:02.260  8223  8334 W unknown:ViewManagerPropertyUpdater: Could not find generated setter for class com.horcrux.svg.RenderableViewManager$FeMergeManager
11-14 16:07:02.262  8223  8334 W unknown:ViewManagerPropertyUpdater: Could not find generated setter for class com.horcrux.svg.RenderableViewManager$LinearGradientManager
11-14 16:07:02.264  8223  8334 W unknown:ViewManagerPropertyUpdater: Could not find generated setter for class com.horcrux.svg.RenderableViewManager$FeGaussianBlurManager
11-14 16:07:02.266  8223  8334 W unknown:ViewManagerPropertyUpdater: Could not find generated setter for class com.horcrux.svg.RenderableViewManager$FeColorMatrixManager
11-14 16:07:02.272  8223  8334 W unknown:ViewManagerPropertyUpdater: Could not find generated setter for class com.horcrux.svg.RenderableViewManager$ClipPathViewManager
11-14 16:07:02.277  8223  8334 W unknown:ViewManagerPropertyUpdater: Could not find generated setter for class com.horcrux.svg.RenderableViewManager$SymbolManager
11-14 16:07:02.280  8223  8334 W unknown:ViewManagerPropertyUpdater: Could not find generated setter for class com.horcrux.svg.RenderableViewManager$PatternManager
11-14 16:07:02.284  8223  8334 W unknown:ViewManagerPropertyUpdater: Could not find generated setter for class com.horcrux.svg.RenderableViewManager$FeBlendManager
11-14 16:07:02.286  8223  8334 W unknown:ViewManagerPropertyUpdater: Could not find generated setter for class com.horcrux.svg.SvgViewManager
11-14 16:07:02.289  8223  8334 W unknown:ViewManagerPropertyUpdater: Could not find generated setter for class com.horcrux.svg.RenderableViewManager$UseViewManager
11-14 16:07:02.293  8223  8334 W unknown:ViewManagerPropertyUpdater: Could not find generated setter for class com.horcrux.svg.RenderableViewManager$CircleViewManager
11-14 16:07:02.296  8223  8334 W unknown:ViewManagerPropertyUpdater: Could not find generated setter for class com.horcrux.svg.RenderableViewManager$TSpanViewManager
11-14 16:07:02.300  8223  8334 W unknown:ViewManagerPropertyUpdater: Could not find generated setter for class com.horcrux.svg.RenderableViewManager$FilterManager
11-14 16:07:02.302  8223  8334 W unknown:ViewManagerPropertyUpdater: Could not find generated setter for class com.horcrux.svg.RenderableViewManager$MarkerManager
11-14 16:07:02.305  8223  8334 W unknown:ViewManagerPropertyUpdater: Could not find generated setter for class com.horcrux.svg.RenderableViewManager$ForeignObjectManager
11-14 16:07:02.309  8223  8334 W unknown:ViewManagerPropertyUpdater: Could not find generated setter for class com.horcrux.svg.RenderableViewManager$EllipseViewManager
11-14 16:07:02.312  8223  8334 W unknown:ViewManagerPropertyUpdater: Could not find generated setter for class com.horcrux.svg.RenderableViewManager$LineViewManager
11-14 16:07:02.317  8223  8334 W unknown:ViewManagerPropertyUpdater: Could not find generated setter for class com.horcrux.svg.RenderableViewManager$FeFloodManager
11-14 16:07:02.319  8223  8334 W unknown:ViewManagerPropertyUpdater: Could not find generated setter for class com.horcrux.svg.RenderableViewManager$GroupViewManager
11-14 16:07:02.322  8223  8334 W unknown:ViewManagerPropertyUpdater: Could not find generated setter for class com.horcrux.svg.RenderableViewManager$TextViewManager
11-14 16:07:02.325  8223  8334 W unknown:ViewManagerPropertyUpdater: Could not find generated setter for class com.horcrux.svg.RenderableViewManager$ImageViewManager
11-14 16:07:02.328  8223  8334 W unknown:ViewManagerPropertyUpdater: Could not find generated setter for class com.horcrux.svg.RenderableViewManager$RadialGradientManager
11-14 16:07:02.332  8223  8334 W unknown:ViewManagerPropertyUpdater: Could not find generated setter for class com.horcrux.svg.RenderableViewManager$MaskManager
11-14 16:07:02.336  8223  8334 W unknown:ViewManagerPropertyUpdater: Could not find generated setter for class com.horcrux.svg.RenderableViewManager$RectViewManager
11-14 16:07:02.340  8223  8334 W unknown:ViewManagerPropertyUpdater: Could not find generated setter for class com.horcrux.svg.RenderableViewManager$TextPathViewManager
11-14 16:07:02.344  8223  8334 W unknown:ViewManagerPropertyUpdater: Could not find generated setter for class com.horcrux.svg.RenderableViewManager$FeOffsetManager
11-14 16:07:02.345  8223  8334 W unknown:ViewManagerPropertyUpdater: Could not find generated setter for class com.horcrux.svg.RenderableViewManager$PathViewManager
11-14 16:07:02.346  8223  8333 D Detox.RNMarker: NATIVE_MODULE_SETUP_START (NativePerformanceObserverCxx)
11-14 16:07:02.348  8223  8334 W unknown:ViewManagerPropertyUpdater: Could not find generated setter for class com.reactnativecommunity.webview.RNCWebViewManager
11-14 16:07:02.348  8223  8333 D Detox.RNMarker: NATIVE_MODULE_SETUP_START (NativePerformanceCxx)
11-14 16:07:02.351  8223  8333 D Detox.RNMarker: NATIVE_MODULE_SETUP_START (PlatformConstants)
11-14 16:07:02.351  8223  8333 D Detox.RNMarker: CREATE_MODULE_START (PlatformConstants)
11-14 16:07:02.352  8223  8333 D Detox.RNMarker: CREATE_MODULE_END (PlatformConstants)
11-14 16:07:02.355  8223  8334 D Detox.RNMarker: CREATE_MODULE_END (UIManager)
11-14 16:07:02.357  8223  8333 D Detox.RNMarker: NATIVE_MODULE_SETUP_END (PlatformConstants)
11-14 16:07:02.360  8223  8334 D Detox.RNMarker: REACT_BRIDGE_LOADING_END (null)
11-14 16:07:02.361  8223  8333 D Detox.RNMarker: NATIVE_MODULE_SETUP_START (DevSettings)
11-14 16:07:02.362  8223  8333 D Detox.RNMarker: CREATE_MODULE_START (DevSettings)
11-14 16:07:02.362  8223  8333 D Detox.RNMarker: CREATE_MODULE_END (DevSettings)
11-14 16:07:02.363  8223  8223 I DetoxRNLoading: Got new RN-context directly through listener
11-14 16:07:02.363  8223  8223 I ExpoDevMenu: Delegate's context was loaded.
11-14 16:07:02.363  8223  8333 D Detox.RNMarker: NATIVE_MODULE_SETUP_END (DevSettings)
11-14 16:07:02.364  8223  8333 D Detox.RNMarker: NATIVE_MODULE_SETUP_START (LogBox)
11-14 16:07:02.365  8223  8333 D Detox.RNMarker: CREATE_MODULE_START (LogBox)
11-14 16:07:02.365  8223  8333 D Detox.RNMarker: CREATE_MODULE_END (LogBox)
11-14 16:07:02.366  8223  8333 D Detox.RNMarker: NATIVE_MODULE_SETUP_END (LogBox)
11-14 16:07:02.368  8223  8333 D Detox.RNMarker: NATIVE_MODULE_SETUP_START (SourceCode)
11-14 16:07:02.369  8223  8333 D Detox.RNMarker: CREATE_MODULE_START (SourceCode)
11-14 16:07:02.369  8223  8333 D Detox.RNMarker: CREATE_MODULE_END (SourceCode)
11-14 16:07:02.369  8223  8333 D Detox.RNMarker: NATIVE_MODULE_SETUP_END (SourceCode)
11-14 16:07:02.375  8223  8223 D Detox.RNMarker: CREATE_MODULE_START (Appearance)
11-14 16:07:02.376  8223  8223 D Detox.RNMarker: CREATE_MODULE_END (Appearance)
11-14 16:07:02.377  8223  8340 D TrafficStats: tagSocket(139) with statsTag=0xffffffff, statsUid=-1
11-14 16:07:02.378  8223  8223 W DevLauncher: java.lang.NoSuchFieldException: No field mOverrideColorScheme in class Lcom/facebook/react/modules/appearance/AppearanceModule; (declaration of 'com.facebook.react.modules.appearance.AppearanceModule' appears in /data/app/~~ivRx9pnip32jC2c_D-6FLQ==/com.tuapp.seguritacapp-tY_973WQ2As0Ectdc4_3pA==/base.apk!classes5.dex)
11-14 16:07:02.378  8223  8223 W DevLauncher: 	at java.lang.Class.getDeclaredField(Native Method)
11-14 16:07:02.378  8223  8223 W DevLauncher: 	at expo.modules.devlauncher.helpers.DevLauncherReflectionExtensionsKt.setProtectedDeclaredField(DevLauncherReflectionExtensions.kt:21)
11-14 16:07:02.378  8223  8223 W DevLauncher: 	at expo.modules.devlauncher.launcher.loaders.DevLauncherExpoAppLoader.applyUserInterfaceStyle(DevLauncherExpoAppLoader.kt:51)
11-14 16:07:02.378  8223  8223 W DevLauncher: 	at expo.modules.devlauncher.launcher.loaders.DevLauncherExpoAppLoader.onReactContext(DevLauncherExpoAppLoader.kt:39)
11-14 16:07:02.378  8223  8223 W DevLauncher: 	at expo.modules.devlauncher.launcher.loaders.DevLauncherAppLoader$createOnDelegateWillBeCreatedListener$1$2.onReactContextInitialized(DevLauncherAppLoader.kt:57)
11-14 16:07:02.378  8223  8223 W DevLauncher: 	at com.facebook.react.ReactInstanceManager.lambda$setupReactContext$3(ReactInstanceManager.java:1291)
11-14 16:07:02.378  8223  8223 W DevLauncher: 	at com.facebook.react.ReactInstanceManager.$r8$lambda$pu7uI5W8XB5vLxNQmijLRH5XPtQ(Unknown Source:0)
11-14 16:07:02.378  8223  8223 W DevLauncher: 	at com.facebook.react.ReactInstanceManager$$ExternalSyntheticLambda4.run(D8$$SyntheticClass:0)
11-14 16:07:02.378  8223  8223 W DevLauncher: 	at android.os.Handler.handleCallback(Handler.java:958)
11-14 16:07:02.378  8223  8223 W DevLauncher: 	at android.os.Handler.dispatchMessage(Handler.java:99)
11-14 16:07:02.378  8223  8223 W DevLauncher: 	at android.os.Looper.loopOnce(Looper.java:205)
11-14 16:07:02.378  8223  8223 W DevLauncher: 	at android.os.Looper.loop(Looper.java:294)
11-14 16:07:02.378  8223  8223 W DevLauncher: 	at android.app.ActivityThread.main(ActivityThread.java:8177)
11-14 16:07:02.378  8223  8223 W DevLauncher: 	at java.lang.reflect.Method.invoke(Native Method)
11-14 16:07:02.378  8223  8223 W DevLauncher: 	at com.android.internal.os.RuntimeInit$MethodAndArgsCaller.run(RuntimeInit.java:552)
11-14 16:07:02.378  8223  8223 W DevLauncher: 	at com.android.internal.os.ZygoteInit.main(ZygoteInit.java:971)
11-14 16:07:02.379  8223  8223 D Detox.RNMarker: BUILD_REACT_INSTANCE_MANAGER_START (null)
11-14 16:07:02.379  8223  8223 W SoLoader: SoLoader already initialized
11-14 16:07:02.380  8223  8333 D Detox.RNMarker: NATIVE_MODULE_SETUP_START (NativeReactNativeFeatureFlagsCxx)
11-14 16:07:02.382  8223  8223 D Detox.RNMarker: BUILD_REACT_INSTANCE_MANAGER_END (null)
11-14 16:07:02.382  8223  8223 W SoLoader: SoLoader already initialized
11-14 16:07:02.382  8223  8223 D Detox.RNMarker: REACT_BRIDGE_LOADING_START (null)
11-14 16:07:02.384  8223  8341 D Detox.RNMarker: CREATE_REACT_CONTEXT_START (HermesExecutorDebug)
11-14 16:07:02.385  8223  8341 D Detox.RNMarker: PROCESS_PACKAGES_START (null)
11-14 16:07:02.391  8223  8341 D Detox.RNMarker: CREATE_MODULE_START (FrescoModule)
11-14 16:07:02.391  8223  8341 D Detox.RNMarker: CREATE_MODULE_END (FrescoModule)
11-14 16:07:02.403  8223  8223 D LifecycleMonitor: Lifecycle status change: com.tuapp.seguritacapp.MainActivity@f1be462 in: PAUSED
11-14 16:07:02.404  8223  8341 I ExpoModulesCore: ✅ AppContext was initialized
11-14 16:07:02.407  8223  8341 D Detox.RNMarker: PROCESS_PACKAGES_END (null)
11-14 16:07:02.407  8223  8341 D Detox.RNMarker: CREATE_CATALYST_INSTANCE_START (null)
11-14 16:07:02.419  8223  8223 D LifecycleMonitor: Lifecycle status change: expo.modules.devmenu.DevMenuActivity@4ac2330 in: PRE_ON_CREATE
11-14 16:07:02.442  8223  8333 D Detox.RNMarker: NATIVE_MODULE_SETUP_START (Timing)
11-14 16:07:02.442  8223  8333 D Detox.RNMarker: CREATE_MODULE_START (Timing)
11-14 16:07:02.446  8223  8333 D Detox.RNMarker: CREATE_MODULE_END (Timing)
11-14 16:07:02.447  8223  8333 D Detox.RNMarker: NATIVE_MODULE_SETUP_END (Timing)
11-14 16:07:02.447  8223  8223 D LifecycleMonitor: Lifecycle status change: expo.modules.devmenu.DevMenuActivity@4ac2330 in: CREATED
11-14 16:07:02.451  8223  8223 D LifecycleMonitor: Lifecycle status change: expo.modules.devmenu.DevMenuActivity@4ac2330 in: STARTED
11-14 16:07:02.452  8223  8223 D LifecycleMonitor: Lifecycle status change: expo.modules.devmenu.DevMenuActivity@4ac2330 in: RESUMED
11-14 16:07:02.458  8223  8349 D TrafficStats: tagSocket(128) with statsTag=0xffffffff, statsUid=-1
