11-14 16:07:02.472  8223  8333 D Detox.RNMarker: NATIVE_MODULE_SETUP_START (DevToolsSettingsManager)
11-14 16:07:02.472  8223  8333 D Detox.RNMarker: CREATE_MODULE_START (DevToolsSettingsManager)
11-14 16:07:02.473  8223  8333 D Detox.RNMarker: CREATE_MODULE_END (DevToolsSettingsManager)
11-14 16:07:02.478  8223  8333 D Detox.RNMarker: NATIVE_MODULE_SETUP_END (DevToolsSettingsManager)
11-14 16:07:02.480  8223  8333 D Detox.RNMarker: NATIVE_MODULE_SETUP_START (AppState)
11-14 16:07:02.480  8223  8333 D Detox.RNMarker: CREATE_MODULE_START (AppState)
11-14 16:07:02.483  8223  8333 D Detox.RNMarker: CREATE_MODULE_END (AppState)
11-14 16:07:02.484  8223  8333 D Detox.RNMarker: NATIVE_MODULE_SETUP_END (AppState)
11-14 16:07:02.487  8223  8289 E OpenGLRenderer: Unable to match the desired swap behavior.
11-14 16:07:02.490  8223  8333 D Detox.RNMarker: NATIVE_MODULE_SETUP_START (BlobModule)
11-14 16:07:02.490  8223  8333 D Detox.RNMarker: CREATE_MODULE_START (BlobModule)
11-14 16:07:02.501  8223  8333 D Detox.RNMarker: CREATE_MODULE_END (BlobModule)
11-14 16:07:02.502  8223  8333 D Detox.RNMarker: NATIVE_MODULE_SETUP_END (BlobModule)
11-14 16:07:02.504  8223  8333 D Detox.RNMarker: NATIVE_MODULE_SETUP_START (WebSocketModule)
11-14 16:07:02.504  8223  8333 D Detox.RNMarker: CREATE_MODULE_START (WebSocketModule)
11-14 16:07:02.504  8223  8333 D Detox.RNMarker: CREATE_MODULE_END (WebSocketModule)
11-14 16:07:02.505  8223  8333 D Detox.RNMarker: NATIVE_MODULE_SETUP_END (WebSocketModule)
11-14 16:07:02.510  8223  8341 D Detox.RNMarker: CREATE_CATALYST_INSTANCE_END (null)
11-14 16:07:02.510  8223  8341 D Detox.RNMarker: PRE_RUN_JS_BUNDLE_START (null)
11-14 16:07:02.510  8223  8345 D Detox.RNMarker: CREATE_REACT_CONTEXT_END (null)
11-14 16:07:02.517  8223  8345 D Detox.RNMarker: RUN_JS_BUNDLE_START (EXDevMenuApp.android.js)
11-14 16:07:02.519  8223  8346 D Detox.RNMarker: CREATE_MODULE_START (UIManager)
11-14 16:07:02.537  8223  8346 D Detox.RNMarker: CREATE_MODULE_END (UIManager)
11-14 16:07:02.539  8223  8346 D Detox.RNMarker: REACT_BRIDGE_LOADING_END (null)
11-14 16:07:02.550  8223  8333 D Detox.RNMarker: NATIVE_MODULE_SETUP_START (Networking)
11-14 16:07:02.551  8223  8333 D Detox.RNMarker: CREATE_MODULE_START (Networking)
11-14 16:07:02.554  8223  8333 D Detox.RNMarker: CREATE_MODULE_END (Networking)
11-14 16:07:02.554  8223  8333 D Detox.RNMarker: NATIVE_MODULE_SETUP_END (Networking)
11-14 16:07:02.562  8223  8333 D Detox.RNMarker: NATIVE_MODULE_SETUP_START (RedBox)
11-14 16:07:02.563  8223  8334 I WebViewFactory: Loading com.google.android.webview version 113.0.5672.136 (code 567263637)
11-14 16:07:02.567  8223  8232 W pp.seguritacapp: Cleared Reference was only reachable from finalizer (only reported once)
11-14 16:07:02.573  8223  8334 W ziparchive: Unable to open '/data/app/~~bhUVnFOAnuGoWQ9w6zmW3Q==/com.google.android.trichromelibrary_567263637--OyXGzkvsKMHQm4_eeFJMQ==/TrichromeLibrary.dm': No such file or directory
11-14 16:07:02.573  8223  8334 W ziparchive: Unable to open '/data/app/~~bhUVnFOAnuGoWQ9w6zmW3Q==/com.google.android.trichromelibrary_567263637--OyXGzkvsKMHQm4_eeFJMQ==/TrichromeLibrary.dm': No such file or directory
11-14 16:07:02.575  8223  8334 W pp.seguritacapp: Entry not found
11-14 16:07:02.579  8223  8334 D nativeloader: Configuring clns-10 for other apk /data/app/~~bhUVnFOAnuGoWQ9w6zmW3Q==/com.google.android.trichromelibrary_567263637--OyXGzkvsKMHQm4_eeFJMQ==/TrichromeLibrary.apk. target_sdk_version=34, uses_libraries=ALL, library_path=/data/app/~~jUQqhEaB6XRvePmQJVz5IQ==/com.google.android.webview-eGVsrZR5Ul84j39ZyjNL0A==/lib/x86_64:/data/app/~~jUQqhEaB6XRvePmQJVz5IQ==/com.google.android.webview-eGVsrZR5Ul84j39ZyjNL0A==/WebViewGoogle.apk!/lib/x86_64:/data/app/~~bhUVnFOAnuGoWQ9w6zmW3Q==/com.google.android.trichromelibrary_567263637--OyXGzkvsKMHQm4_eeFJMQ==/TrichromeLibrary.apk!/lib/x86_64, permitted_path=/data:/mnt/expand
11-14 16:07:02.584  8223  8232 I pp.seguritacapp: NativeAlloc concurrent copying GC freed 328391(34MB) AllocSpace objects, 17(724KB) LOS objects, 49% free, 11MB/22MB, paused 164us,17us total 153.923ms
11-14 16:07:02.597  8223  8333 D Detox.RNMarker: NATIVE_MODULE_SETUP_START (DevLoadingView)
11-14 16:07:02.597  8223  8333 D Detox.RNMarker: CREATE_MODULE_START (DevLoadingView)
11-14 16:07:02.598  8223  8333 D Detox.RNMarker: CREATE_MODULE_END (DevLoadingView)
11-14 16:07:02.598  8223  8334 D nativeloader: Configuring clns-11 for other apk /data/app/~~jUQqhEaB6XRvePmQJVz5IQ==/com.google.android.webview-eGVsrZR5Ul84j39ZyjNL0A==/WebViewGoogle.apk. target_sdk_version=34, uses_libraries=, library_path=/data/app/~~jUQqhEaB6XRvePmQJVz5IQ==/com.google.android.webview-eGVsrZR5Ul84j39ZyjNL0A==/lib/x86_64:/data/app/~~jUQqhEaB6XRvePmQJVz5IQ==/com.google.android.webview-eGVsrZR5Ul84j39ZyjNL0A==/WebViewGoogle.apk!/lib/x86_64:/data/app/~~bhUVnFOAnuGoWQ9w6zmW3Q==/com.google.android.trichromelibrary_567263637--OyXGzkvsKMHQm4_eeFJMQ==/TrichromeLibrary.apk!/lib/x86_64, permitted_path=/data:/mnt/expand
11-14 16:07:02.600  8223  8333 D Detox.RNMarker: NATIVE_MODULE_SETUP_END (DevLoadingView)
11-14 16:07:02.609  8223  8333 D Detox.RNMarker: NATIVE_MODULE_SETUP_START (BugReporting)
11-14 16:07:02.613  8223  8333 D Detox.RNMarker: NATIVE_MODULE_SETUP_START (HeadlessJsTaskSupport)
11-14 16:07:02.613  8223  8333 D Detox.RNMarker: CREATE_MODULE_START (HeadlessJsTaskSupport)
11-14 16:07:02.614  8223  8333 D Detox.RNMarker: CREATE_MODULE_END (HeadlessJsTaskSupport)
11-14 16:07:02.614  8223  8333 D Detox.RNMarker: NATIVE_MODULE_SETUP_END (HeadlessJsTaskSupport)
11-14 16:07:02.623  8223  8333 D Detox.RNMarker: NATIVE_MODULE_SETUP_START (DeviceInfo)
11-14 16:07:02.623  8223  8333 D Detox.RNMarker: CREATE_MODULE_START (DeviceInfo)
11-14 16:07:02.623  8223  8333 D Detox.RNMarker: CREATE_MODULE_END (DeviceInfo)
11-14 16:07:02.626  8223  8333 D Detox.RNMarker: NATIVE_MODULE_SETUP_END (DeviceInfo)
11-14 16:07:02.627  8223  8345 D Detox.RNMarker: NATIVE_MODULE_SETUP_START (NativePerformanceCxx)
11-14 16:07:02.630  8223  8333 D Detox.RNMarker: NATIVE_MODULE_SETUP_START (UIManager)
11-14 16:07:02.634  8223  8345 D Detox.RNMarker: NATIVE_MODULE_SETUP_START (NativeReactNativeFeatureFlagsCxx)
11-14 16:07:02.638  8223  8345 D Detox.RNMarker: NATIVE_MODULE_SETUP_START (RedBox)
11-14 16:07:02.639  8223  8345 D Detox.RNMarker: NATIVE_MODULE_SETUP_START (BugReporting)
11-14 16:07:02.642  8223  8345 D Detox.RNMarker: NATIVE_MODULE_SETUP_START (HeadlessJsTaskSupport)
11-14 16:07:02.642  8223  8345 D Detox.RNMarker: CREATE_MODULE_START (HeadlessJsTaskSupport)
11-14 16:07:02.642  8223  8345 D Detox.RNMarker: CREATE_MODULE_END (HeadlessJsTaskSupport)
11-14 16:07:02.644  8223  8345 D Detox.RNMarker: NATIVE_MODULE_SETUP_END (HeadlessJsTaskSupport)
11-14 16:07:02.650  8223  8345 D Detox.RNMarker: NATIVE_MODULE_SETUP_START (PlatformConstants)
11-14 16:07:02.651  8223  8345 D Detox.RNMarker: CREATE_MODULE_START (PlatformConstants)
11-14 16:07:02.651  8223  8345 D Detox.RNMarker: CREATE_MODULE_END (PlatformConstants)
11-14 16:07:02.652  8223  8345 D Detox.RNMarker: NATIVE_MODULE_SETUP_END (PlatformConstants)
11-14 16:07:02.656  8223  8345 D Detox.RNMarker: NATIVE_MODULE_SETUP_START (SourceCode)
11-14 16:07:02.656  8223  8345 D Detox.RNMarker: CREATE_MODULE_START (SourceCode)
11-14 16:07:02.657  8223  8345 D Detox.RNMarker: CREATE_MODULE_END (SourceCode)
11-14 16:07:02.658  8223  8345 D Detox.RNMarker: NATIVE_MODULE_SETUP_END (SourceCode)
11-14 16:07:02.660  8223  8345 D Detox.RNMarker: NATIVE_MODULE_SETUP_START (DeviceInfo)
11-14 16:07:02.660  8223  8345 D Detox.RNMarker: CREATE_MODULE_START (DeviceInfo)
11-14 16:07:02.661  8223  8345 D Detox.RNMarker: CREATE_MODULE_END (DeviceInfo)
11-14 16:07:02.662  8223  8345 D Detox.RNMarker: NATIVE_MODULE_SETUP_END (DeviceInfo)
11-14 16:07:02.665  8223  8345 D Detox.RNMarker: NATIVE_MODULE_SETUP_START (UIManager)
11-14 16:07:02.695  8223  8334 W pp.seguritacapp: Accessing hidden method Landroid/os/Trace;->isTagEnabled(J)Z (unsupported, reflection, allowed)
11-14 16:07:02.696  8223  8334 W pp.seguritacapp: Accessing hidden method Landroid/os/Trace;->traceBegin(JLjava/lang/String;)V (unsupported, reflection, allowed)
11-14 16:07:02.696  8223  8334 W pp.seguritacapp: Accessing hidden method Landroid/os/Trace;->traceEnd(J)V (unsupported, reflection, allowed)
11-14 16:07:02.696  8223  8334 W pp.seguritacapp: Accessing hidden method Landroid/os/Trace;->asyncTraceBegin(JLjava/lang/String;I)V (unsupported, reflection, allowed)
11-14 16:07:02.696  8223  8334 W pp.seguritacapp: Accessing hidden method Landroid/os/Trace;->asyncTraceEnd(JLjava/lang/String;I)V (unsupported, reflection, allowed)
11-14 16:07:02.702  8223  8334 I cr_WVCFactoryProvider: Loaded version=113.0.5672.136 minSdkVersion=29 isBundle=false multiprocess=true packageId=2
11-14 16:07:02.727  8223  8345 D Detox.RNMarker: NATIVE_MODULE_SETUP_END (UIManager)
11-14 16:07:02.734  8223  8345 D Detox.RNMarker: NATIVE_MODULE_SETUP_START (DeviceEventManager)
11-14 16:07:02.734  8223  8345 D Detox.RNMarker: CREATE_MODULE_START (DeviceEventManager)
11-14 16:07:02.735  8223  8345 D Detox.RNMarker: CREATE_MODULE_END (DeviceEventManager)
11-14 16:07:02.735  8223  8345 D Detox.RNMarker: NATIVE_MODULE_SETUP_END (DeviceEventManager)
11-14 16:07:02.737  8223  8357 I cr_VariationsUtils: Failed reading seed file "/data/user/0/com.tuapp.seguritacapp/app_webview/variations_seed_new"
11-14 16:07:02.737  8223  8357 I cr_VariationsUtils: Failed reading seed file "/data/user/0/com.tuapp.seguritacapp/app_webview/variations_seed"
11-14 16:07:02.737  8223  8357 I cr_VariationsUtils: Requesting new seed from IVariationsSeedServer
11-14 16:07:02.740  8223  8345 D Detox.RNMarker: NATIVE_MODULE_SETUP_START (RNSModule)
11-14 16:07:02.747  8223  8345 D Detox.RNMarker: NATIVE_MODULE_SETUP_START (NativeAnimatedModule)
11-14 16:07:02.748  8223  8345 D Detox.RNMarker: CREATE_MODULE_START (NativeAnimatedModule)
11-14 16:07:02.749  8223  8345 D Detox.RNMarker: CREATE_MODULE_END (NativeAnimatedModule)
11-14 16:07:02.751  8223  8345 D Detox.RNMarker: NATIVE_MODULE_SETUP_END (NativeAnimatedModule)
11-14 16:07:02.769  8223  8334 I cr_LibraryLoader: Successfully loaded native library
11-14 16:07:02.770  8223  8334 I cr_CachingUmaRecorder: Flushed 8 samples from 8 histograms.
11-14 16:07:02.801  8223  8345 D Detox.RNMarker: NATIVE_MODULE_SETUP_START (SoundManager)
11-14 16:07:02.801  8223  8345 D Detox.RNMarker: CREATE_MODULE_START (SoundManager)
11-14 16:07:02.802  8223  8345 D Detox.RNMarker: CREATE_MODULE_END (SoundManager)
11-14 16:07:02.802  8223  8345 D Detox.RNMarker: NATIVE_MODULE_SETUP_END (SoundManager)
11-14 16:07:02.856  8223  8334 D CompatibilityChangeReporter: Compat change id reported: 289878283; UID 10198; state: ENABLED
11-14 16:07:02.861  8223  8384 D TrafficStats: tagSocket(155) with statsTag=0xffffffff, statsUid=-1
11-14 16:07:02.910  8223  8333 D Detox.RNMarker: NATIVE_MODULE_SETUP_END (UIManager)
11-14 16:07:02.915  8223  8345 D Detox.RNMarker: NATIVE_MODULE_SETUP_START (ImageLoader)
11-14 16:07:02.916  8223  8345 D Detox.RNMarker: CREATE_MODULE_START (ImageLoader)
11-14 16:07:02.916  8223  8345 D Detox.RNMarker: CREATE_MODULE_END (ImageLoader)
11-14 16:07:02.917  8223  8345 D Detox.RNMarker: NATIVE_MODULE_SETUP_END (ImageLoader)
11-14 16:07:02.934  8223  8333 D Detox.RNMarker: NATIVE_MODULE_SETUP_START (SoundManager)
11-14 16:07:02.935  8223  8333 D Detox.RNMarker: CREATE_MODULE_START (SoundManager)
11-14 16:07:02.935  8223  8333 D Detox.RNMarker: CREATE_MODULE_END (SoundManager)
11-14 16:07:02.935  8223  8333 D Detox.RNMarker: NATIVE_MODULE_SETUP_END (SoundManager)
11-14 16:07:02.951  8223  8345 D Detox.RNMarker: NATIVE_MODULE_SETUP_START (EXDevLauncherExtension)
11-14 16:07:02.952  8223  8345 D Detox.RNMarker: NATIVE_MODULE_SETUP_END (EXDevLauncherExtension)
11-14 16:07:02.953  8223  8333 D Detox.RNMarker: NATIVE_MODULE_SETUP_START (ImageLoader)
11-14 16:07:02.953  8223  8333 D Detox.RNMarker: CREATE_MODULE_START (ImageLoader)
11-14 16:07:02.954  8223  8333 D Detox.RNMarker: CREATE_MODULE_END (ImageLoader)
11-14 16:07:02.954  8223  8345 D Detox.RNMarker: NATIVE_MODULE_SETUP_START (NativeUnimoduleProxy)
11-14 16:07:02.954  8223  8333 D Detox.RNMarker: NATIVE_MODULE_SETUP_END (ImageLoader)
11-14 16:07:02.958  8223  8333 D Detox.RNMarker: NATIVE_MODULE_SETUP_START (IntentAndroid)
11-14 16:07:02.958  8223  8333 D Detox.RNMarker: CREATE_MODULE_START (IntentAndroid)
11-14 16:07:02.959  8223  8333 D Detox.RNMarker: CREATE_MODULE_END (IntentAndroid)
11-14 16:07:02.960  8223  8333 D Detox.RNMarker: NATIVE_MODULE_SETUP_END (IntentAndroid)
11-14 16:07:02.962  8223  8333 D Detox.RNMarker: NATIVE_MODULE_SETUP_START (LinkingManager)
11-14 16:07:02.968  8223  8333 D Detox.RNMarker: NATIVE_MODULE_SETUP_START (DeviceEventManager)
11-14 16:07:02.969  8223  8333 D Detox.RNMarker: CREATE_MODULE_START (DeviceEventManager)
11-14 16:07:02.969  8223  8345 I ExpoModulesCore: ✅ JSI interop was installed
11-14 16:07:02.969  8223  8345 I ExpoModulesCore: ✅ Constants were exported
11-14 16:07:02.969  8223  8333 D Detox.RNMarker: CREATE_MODULE_END (DeviceEventManager)
11-14 16:07:02.970  8223  8333 D Detox.RNMarker: NATIVE_MODULE_SETUP_END (DeviceEventManager)
11-14 16:07:02.970  8223  8345 D Detox.RNMarker: NATIVE_MODULE_SETUP_END (NativeUnimoduleProxy)
11-14 16:07:02.986  8223  8345 D Detox.RNMarker: RUN_JS_BUNDLE_END (EXDevMenuApp.android.js)
11-14 16:07:02.987  8223  8345 I ReactNativeJS: Running "main"
11-14 16:07:02.991  8223  8333 D Detox.RNMarker: NATIVE_MODULE_SETUP_START (ReanimatedModule)
11-14 16:07:02.992  8223  8333 D Detox.RNMarker: CREATE_MODULE_START (ReanimatedModule)
11-14 16:07:02.993  8223  8333 D Detox.RNMarker: CREATE_MODULE_END (ReanimatedModule)
11-14 16:07:02.993  8223  8333 D Detox.RNMarker: NATIVE_MODULE_SETUP_END (ReanimatedModule)
11-14 16:07:03.005  8223  8345 D Detox.RNMarker: NATIVE_MODULE_SETUP_START (Timing)
11-14 16:07:03.005  8223  8345 D Detox.RNMarker: CREATE_MODULE_START (Timing)
11-14 16:07:03.006  8223  8345 D Detox.RNMarker: CREATE_MODULE_END (Timing)
11-14 16:07:03.007  8223  8345 D Detox.RNMarker: NATIVE_MODULE_SETUP_END (Timing)
11-14 16:07:03.011  8223  8333 W pp.seguritacapp: CheckJNI: method to register "installJSIBindings" not in the given class. This is slow, consider changing your RegisterNatives calls.
11-14 16:07:03.013  8223  8333 D Detox.RNMarker: CREATE_MODULE_START (RNGestureHandlerModule)
11-14 16:07:03.014  8223  8333 D Detox.RNMarker: CREATE_MODULE_END (RNGestureHandlerModule)
11-14 16:07:03.025  8223  8345 D Detox.RNMarker: NATIVE_MODULE_SETUP_START (Appearance)
11-14 16:07:03.025  8223  8345 D Detox.RNMarker: CREATE_MODULE_START (Appearance)
11-14 16:07:03.025  8223  8345 D Detox.RNMarker: CREATE_MODULE_END (Appearance)
11-14 16:07:03.025  8223  8345 D Detox.RNMarker: NATIVE_MODULE_SETUP_END (Appearance)
11-14 16:07:03.092  8223  8345 D Detox.RNMarker: NATIVE_MODULE_SETUP_START (FrameRateLogger)
11-14 16:07:03.094  8223  8345 D Detox.RNMarker: NATIVE_MODULE_SETUP_START (KeyboardObserver)
11-14 16:07:03.108  8223  8223 D Detox.RNMarker: CONTENT_APPEARED (main)
11-14 16:07:03.199  8223  8333 D Detox.RNMarker: NATIVE_MODULE_SETUP_START (NativeAnimatedModule)
11-14 16:07:03.199  8223  8333 D Detox.RNMarker: CREATE_MODULE_START (NativeAnimatedModule)
11-14 16:07:03.200  8223  8333 D Detox.RNMarker: CREATE_MODULE_END (NativeAnimatedModule)
11-14 16:07:03.201  8223  8333 D Detox.RNMarker: NATIVE_MODULE_SETUP_END (NativeAnimatedModule)
11-14 16:07:03.224  8223  8333 D Detox.RNMarker: NATIVE_MODULE_SETUP_START (FrameRateLogger)
11-14 16:07:03.239  8223  8333 D Detox.RNMarker: NATIVE_MODULE_SETUP_START (KeyboardObserver)
11-14 16:07:03.274  8223  8333 D Detox.RNMarker: NATIVE_MODULE_SETUP_START (ExpoModulesCore)
11-14 16:07:03.275  8223  8333 D Detox.RNMarker: NATIVE_MODULE_SETUP_END (ExpoModulesCore)
11-14 16:07:03.277  8223  8333 I ExpoModulesCore: ✅ JSI interop was installed
11-14 16:07:03.277  8223  8333 D Detox.RNMarker: NATIVE_MODULE_SETUP_START (NativeUnimoduleProxy)
11-14 16:07:03.278  8223  8333 W ExpoModulesCore: ⚠️ JSI interop was already installed
11-14 16:07:03.286  8223  8333 I expo-notifications: NotificationsEmitter.onNotificationResponseIntentReceived:
11-14 16:07:03.286  8223  8333 I expo-notifications: actionIdentifier: expo.modules.notifications.actions.DEFAULT
11-14 16:07:03.286  8223  8333 I expo-notifications: notification
11-14 16:07:03.286  8223  8333 I expo-notifications:   date: 0
11-14 16:07:03.286  8223  8333 I expo-notifications:   request
11-14 16:07:03.286  8223  8333 I expo-notifications:     identifier: (null)
11-14 16:07:03.286  8223  8333 I expo-notifications:     trigger
11-14 16:07:03.286  8223  8333 I expo-notifications:       type: push
11-14 16:07:03.286  8223  8333 I expo-notifications:       channelId: (null)
11-14 16:07:03.286  8223  8333 I expo-notifications:     content
11-14 16:07:03.286  8223  8333 I expo-notifications:       data
11-14 16:07:03.286  8223  8333 I expo-notifications:         launchArgs
11-14 16:07:03.286  8223  8333 I expo-notifications:           detoxURLOverride: seguridadciudadanaapp://expo-development-client/?url=http%3A%2F%2Flocalhost%3A8081&role=ciudadano&disableBypass=1
11-14 16:07:03.286  8223  8333 I expo-notifications:           detoxServer: ws://localhost:64314
11-14 16:07:03.286  8223  8333 I expo-notifications:           detoxSessionId: d50aa54e-1c41-a2b9-fbdd-3595a80d2c29
11-14 16:07:03.286  8223  8333 I expo-notifications:           detoxEnableSynchronization: 0
11-14 16:07:03.286  8223  8333 I expo-notifications:       title: (null)
11-14 16:07:03.290  8223  8333 I ExpoModulesCore: ✅ Constants were exported
11-14 16:07:03.292  8223  8333 D Detox.RNMarker: NATIVE_MODULE_SETUP_END (NativeUnimoduleProxy)
11-14 16:07:03.299  8223  8223 D CompatibilityChangeReporter: Compat change id reported: 171228096; UID 10198; state: ENABLED
11-14 16:07:03.300  8223  8223 W pp.seguritacapp: Accessing hidden field Landroid/widget/ScrollView;->mScroller:Landroid/widget/OverScroller; (unsupported, reflection, allowed)
11-14 16:07:03.301  8223  8333 D Detox.RNMarker: NATIVE_MODULE_SETUP_START (EXDevLauncher)
11-14 16:07:03.308  8223  8333 D Detox.RNMarker: NATIVE_MODULE_SETUP_END (EXDevLauncher)
11-14 16:07:03.314  8223  8392 D OpenGLRenderer: --- Failed to create image decoder with message 'unimplemented'
11-14 16:07:03.315  8223  8392 D OpenGLRenderer: --- Failed to create image decoder with message 'unimplemented'
11-14 16:07:03.315  8223  8392 D OpenGLRenderer: --- Failed to create image decoder with message 'unimplemented'
11-14 16:07:03.315  8223  8392 D OpenGLRenderer: --- Failed to create image decoder with message 'unimplemented'
11-14 16:07:03.315  8223  8392 D OpenGLRenderer: --- Failed to create image decoder with message 'unimplemented'
11-14 16:07:03.316  8223  8392 D OpenGLRenderer: --- Failed to create image decoder with message 'unimplemented'
11-14 16:07:03.316  8223  8392 D OpenGLRenderer: --- Failed to create image decoder with message 'unimplemented'
11-14 16:07:03.316  8223  8392 D OpenGLRenderer: --- Failed to create image decoder with message 'unimplemented'
11-14 16:07:03.316  8223  8392 D OpenGLRenderer: --- Failed to create image decoder with message 'unimplemented'
11-14 16:07:03.316  8223  8392 D OpenGLRenderer: --- Failed to create image decoder with message 'unimplemented'
11-14 16:07:03.317  8223  8392 D OpenGLRenderer: --- Failed to create image decoder with message 'unimplemented'
11-14 16:07:03.317  8223  8392 D OpenGLRenderer: --- Failed to create image decoder with message 'unimplemented'
11-14 16:07:03.326  8223  8393 D OpenGLRenderer: --- Failed to create image decoder with message 'unimplemented'
11-14 16:07:03.328  8223  8393 D OpenGLRenderer: --- Failed to create image decoder with message 'unimplemented'
11-14 16:07:03.329  8223  8393 D OpenGLRenderer: --- Failed to create image decoder with message 'unimplemented'
11-14 16:07:03.330  8223  8393 D OpenGLRenderer: --- Failed to create image decoder with message 'unimplemented'
11-14 16:07:03.330  8223  8393 D OpenGLRenderer: --- Failed to create image decoder with message 'unimplemented'
11-14 16:07:03.330  8223  8393 D OpenGLRenderer: --- Failed to create image decoder with message 'unimplemented'
11-14 16:07:03.332  8223  8393 D OpenGLRenderer: --- Failed to create image decoder with message 'unimplemented'
11-14 16:07:03.333  8223  8393 D OpenGLRenderer: --- Failed to create image decoder with message 'unimplemented'
11-14 16:07:03.335  8223  8393 W unknown:ProgressiveDecoder: unknown image format, {uri: res:/2131623938, firstEncodedBytes: 03000800C00100000100, length: 448}
11-14 16:07:03.352  8223  8223 D AutofillManager: notifyViewEnteredForFillDialog:1073741825
11-14 16:07:03.405  8223  8333 D Detox.RNMarker: NATIVE_MODULE_SETUP_START (RNCSafeAreaContext)
11-14 16:07:03.406  8223  8333 D Detox.RNMarker: CREATE_MODULE_START (RNCSafeAreaContext)
11-14 16:07:03.406  8223  8333 D Detox.RNMarker: CREATE_MODULE_END (RNCSafeAreaContext)
11-14 16:07:03.407  8223  8333 D Detox.RNMarker: NATIVE_MODULE_SETUP_END (RNCSafeAreaContext)
11-14 16:07:03.420  8223  8333 D Detox.RNMarker: NATIVE_MODULE_SETUP_START (RNSModule)
11-14 16:07:03.420  8223  8333 D Detox.RNMarker: CREATE_MODULE_START (RNSModule)
11-14 16:07:03.423  8223  8333 D Detox.RNMarker: CREATE_MODULE_END (RNSModule)
11-14 16:07:03.646  8223  8333 D Detox.RNMarker: NATIVE_MODULE_SETUP_START (RNCNetInfo)
11-14 16:07:03.647  8223  8333 D Detox.RNMarker: NATIVE_MODULE_SETUP_END (RNCNetInfo)
11-14 16:07:03.654  8223  8333 W ReactNativeJS: '[2025-11-14T16:07:03.650Z]  @firebase/auth:', 'Auth (11.9.0): \nYou are initializing Firebase Auth for React Native without providing\nAsyncStorage. Auth state will default to memory persistence and will not\npersist between sessions. In order to persist auth state, install the package\n"@react-native-async-storage/async-storage" and provide it to\ninitializeAuth:\n\nimport { initializeAuth, getReactNativePersistence } from \'firebase/auth\';\nimport ReactNativeAsyncStorage from \'@react-native-async-storage/async-storage\';\nconst auth = initializeAuth(app, {\n  persistence: getReactNativePersistence(ReactNativeAsyncStorage)\n});\n'
11-14 16:07:03.667  8223  8333 I ReactNativeJS: ✅ Firestore inicializado con configuración básica
11-14 16:07:03.670  8223  8333 I ReactNativeJS: ✅ Firebase inicializado correctamente
11-14 16:07:03.671  8223  8333 I ReactNativeJS: '📱 Proyecto:', 'seguritacapp'
11-14 16:07:03.675  8223  8333 D Detox.RNMarker: NATIVE_MODULE_SETUP_START (PlatformLocalStorage)
11-14 16:07:03.676  8223  8333 D Detox.RNMarker: NATIVE_MODULE_SETUP_START (RNC_AsyncSQLiteDBStorage)
11-14 16:07:03.676  8223  8333 D Detox.RNMarker: NATIVE_MODULE_SETUP_START (RNCAsyncStorage)
11-14 16:07:03.676  8223  8333 D Detox.RNMarker: CREATE_MODULE_START (RNCAsyncStorage)
11-14 16:07:03.677  8223  8333 V AsyncStorageExpoMigration: No scoped database found
11-14 16:07:03.677  8223  8333 D Detox.RNMarker: CREATE_MODULE_END (RNCAsyncStorage)
11-14 16:07:03.678  8223  8333 D Detox.RNMarker: NATIVE_MODULE_SETUP_END (RNCAsyncStorage)
11-14 16:07:03.746  8223  8333 D Detox.RNMarker: NATIVE_MODULE_SETUP_START (RNVectorIconsManager)
11-14 16:07:03.747  8223  8333 D Detox.RNMarker: NATIVE_MODULE_SETUP_START (RNVectorIconsModule)
11-14 16:07:03.751  8223  8333 D Detox.RNMarker: NATIVE_MODULE_SETUP_START (RNVectorIconsManager)
11-14 16:07:03.751  8223  8333 D Detox.RNMarker: NATIVE_MODULE_SETUP_START (RNVectorIconsModule)
11-14 16:07:03.876  8223  8333 D Detox.RNMarker: NATIVE_MODULE_SETUP_START (I18nManager)
11-14 16:07:03.877  8223  8333 D Detox.RNMarker: CREATE_MODULE_START (I18nManager)
11-14 16:07:03.877  8223  8333 D Detox.RNMarker: CREATE_MODULE_END (I18nManager)
11-14 16:07:03.878  8223  8333 D Detox.RNMarker: NATIVE_MODULE_SETUP_END (I18nManager)
11-14 16:07:04.026  8223  8333 D Detox.RNMarker: NATIVE_MODULE_SETUP_START (RNViewShot)
11-14 16:07:04.027  8223  8333 D Detox.RNMarker: CREATE_MODULE_START (RNViewShot)
11-14 16:07:04.027  8223  8333 D Detox.RNMarker: CREATE_MODULE_END (RNViewShot)
11-14 16:07:04.027  8223  8333 D Detox.RNMarker: NATIVE_MODULE_SETUP_END (RNViewShot)
11-14 16:07:04.070  8223  8333 D Detox.RNMarker: NATIVE_MODULE_SETUP_START (RNCWebViewModule)
11-14 16:07:04.070  8223  8333 D Detox.RNMarker: CREATE_MODULE_START (RNCWebViewModule)
11-14 16:07:04.071  8223  8333 D Detox.RNMarker: CREATE_MODULE_END (RNCWebViewModule)
11-14 16:07:04.071  8223  8333 D Detox.RNMarker: NATIVE_MODULE_SETUP_END (RNCWebViewModule)
11-14 16:07:04.362  8223  8333 W ReactNativeJS: [Reanimated] Reduced motion setting is enabled on this device. This warning is visible only in the development mode. Some animations will be disabled by default. You can override the behavior for individual animations, see https://docs.swmansion.com/react-native-reanimated/docs/guides/troubleshooting#reduced-motion-setting-is-enabled-on-this-device.
11-14 16:07:04.365  8223  8333 D Detox.RNMarker: RUN_JS_BUNDLE_END (/index.ts.bundle?platform=android&dev=true&hot=false&transform.engine=hermes&transform.bytecode=1&transform.routerRoot=app&unstable_transformProfile=hermes-stable)
11-14 16:07:04.368  8223  8333 I ReactNativeJS: Running "main" with {"rootTag":11}
11-14 16:07:04.372  8223  8397 D TrafficStats: tagSocket(140) with statsTag=0xffffffff, statsUid=-1
11-14 16:07:04.428  8223  8333 D Detox.RNMarker: NATIVE_MODULE_SETUP_START (Appearance)
11-14 16:07:04.429  8223  8333 D Detox.RNMarker: NATIVE_MODULE_SETUP_END (Appearance)
11-14 16:07:04.475  8223  8333 D Detox.RNMarker: NATIVE_MODULE_SETUP_START (StatusBarManager)
11-14 16:07:04.476  8223  8333 D Detox.RNMarker: CREATE_MODULE_START (StatusBarManager)
11-14 16:07:04.476  8223  8333 D Detox.RNMarker: CREATE_MODULE_END (StatusBarManager)
11-14 16:07:04.478  8223  8333 D Detox.RNMarker: NATIVE_MODULE_SETUP_END (StatusBarManager)
11-14 16:07:04.560  8223  8334 D AutofillManager: Fill dialog is enabled:false, hints=[password, passwordAuto, creditCardNumber, creditCardSecurityCode, creditCardExpirationDate]
11-14 16:07:04.588  8223  8334 W unknown:ViewManagerPropertyUpdater: Could not find generated setter for class com.swmansion.rnscreens.ScreenStackHeaderConfigShadowNode
11-14 16:07:04.595  8223  8334 W unknown:ViewManagerPropertyUpdater: Could not find generated setter for class com.swmansion.rnscreens.ScreensShadowNode
11-14 16:07:04.638  8223  8294 D TrafficStats: tagSocket(191) with statsTag=0xffffffff, statsUid=-1
11-14 16:07:04.682  8223  8333 I ReactNativeJS: [METRIC] navigation_ready_ms=322ms {"initialRoute":"AuthLoading"}
11-14 16:07:04.684  8223  8333 D Detox.RNMarker: NATIVE_MODULE_SETUP_START (AccessibilityInfo)
11-14 16:07:04.684  8223  8333 D Detox.RNMarker: CREATE_MODULE_START (AccessibilityInfo)
11-14 16:07:04.685  8223  8333 D Detox.RNMarker: CREATE_MODULE_END (AccessibilityInfo)
11-14 16:07:04.686  8223  8333 D Detox.RNMarker: NATIVE_MODULE_SETUP_END (AccessibilityInfo)
11-14 16:07:04.688  8223  8333 D Detox.RNMarker: NATIVE_MODULE_SETUP_START (AccessibilityManager)
11-14 16:07:04.689  8223  8333 I ReactNativeJS: [METRIC] cold_start_first_render_ms=330ms {"platform":"android"}
11-14 16:07:04.802  8223  8333 I ReactNativeJS: 📱 Dispositivo conectado - sincronizando datos
11-14 16:07:04.835  8223  8333 I ReactNativeJS: ✅ Red de Firestore habilitada
11-14 16:07:04.835  8223  8333 I ReactNativeJS: ✅ Red de Firestore habilitada
11-14 16:07:04.836  8223  8333 I ReactNativeJS: 📱 Dispositivo conectado - sincronizando datos
11-14 16:07:04.838  8223  8333 I ReactNativeJS: 📱 Dispositivo conectado - sincronizando datos
11-14 16:07:04.839  8223  8333 I ReactNativeJS: ✅ Red de Firestore habilitada
11-14 16:07:04.839  8223  8333 I ReactNativeJS: ✅ Red de Firestore habilitada
11-14 16:07:04.839  8223  8333 I R