11-10 14:37:13.086 13683 13772 W ReactNativeJNI: Component property map contains multiple entries for 'borderStartColor'. Ensure all calls to convertRawProp use a consistent prefix, name and suffix.
11-10 14:37:13.086 13683 13772 W ReactNativeJNI: Component property map contains multiple entries for 'borderBottomColor'. Ensure all calls to convertRawProp use a consistent prefix, name and suffix.
11-10 14:37:13.086 13683 13772 W ReactNativeJNI: Component property map contains multiple entries for 'borderEndEndRadius'. Ensure all calls to convertRawProp use a consistent prefix, name and suffix.
11-10 14:37:13.086 13683 13772 W ReactNativeJNI: Component property map contains multiple entries for 'borderTopEndRadius'. Ensure all calls to convertRawProp use a consistent prefix, name and suffix.
11-10 14:37:13.086 13683 13772 W ReactNativeJNI: Component property map contains multiple entries for 'borderBlockEndColor'. Ensure all calls to convertRawProp use a consistent prefix, name and suffix.
11-10 14:37:13.087 13683 13772 W ReactNativeJNI: Component property map contains multiple entries for 'borderTopLeftRadius'. Ensure all calls to convertRawProp use a consistent prefix, name and suffix.
11-10 14:37:13.087 13683 13772 W ReactNativeJNI: Component property map contains multiple entries for 'borderEndStartRadius'. Ensure all calls to convertRawProp use a consistent prefix, name and suffix.
11-10 14:37:13.087 13683 13772 W ReactNativeJNI: Component property map contains multiple entries for 'borderStartEndRadius'. Ensure all calls to convertRawProp use a consistent prefix, name and suffix.
11-10 14:37:13.087 13683 13772 W ReactNativeJNI: Component property map contains multiple entries for 'borderTopRightRadius'. Ensure all calls to convertRawProp use a consistent prefix, name and suffix.
11-10 14:37:13.087 13683 13772 W ReactNativeJNI: Component property map contains multiple entries for 'borderTopStartRadius'. Ensure all calls to convertRawProp use a consistent prefix, name and suffix.
11-10 14:37:13.087 13683 13772 W ReactNativeJNI: Component property map contains multiple entries for 'borderBlockStartColor'. Ensure all calls to convertRawProp use a consistent prefix, name and suffix.
11-10 14:37:13.087 13683 13772 W ReactNativeJNI: Component property map contains multiple entries for 'borderBottomEndRadius'. Ensure all calls to convertRawProp use a consistent prefix, name and suffix.
11-10 14:37:13.087 13683 13772 W ReactNativeJNI: Component property map contains multiple entries for 'borderBottomLeftRadius'. Ensure all calls to convertRawProp use a consistent prefix, name and suffix.
11-10 14:37:13.087 13683 13772 W ReactNativeJNI: Component property map contains multiple entries for 'borderStartStartRadius'. Ensure all calls to convertRawProp use a consistent prefix, name and suffix.
11-10 14:37:13.087 13683 13772 W ReactNativeJNI: Component property map contains multiple entries for 'borderBottomRightRadius'. Ensure all calls to convertRawProp use a consistent prefix, name and suffix.
11-10 14:37:13.087 13683 13772 W ReactNativeJNI: Component property map contains multiple entries for 'borderBottomStartRadius'. Ensure all calls to convertRawProp use a consistent prefix, name and suffix.
11-10 14:37:13.091 13683 13772 W unknown:BridgelessReact: ReactHost{1}.getOrCreateReactInstanceTask(): Loading JS Bundle
11-10 14:37:13.104 13683 13772 W unknown:BridgelessReact: ReactHost{1}.getOrCreateReactInstanceTask(): Calling DevSupportManagerBase.onNewReactContextCreated(reactContext)
11-10 14:37:13.104 13683 13772 W unknown:BridgelessReact: ReactHost{1}.getOrCreateReactInstanceTask()
11-10 14:37:13.104 13683 13773 D Detox.RNMarker: RUN_JS_BUNDLE_START (EXDevMenuApp.android.js)
11-10 14:37:13.115 13683 13683 W unknown:BridgelessReact: ReactContext.onHostResume()
11-10 14:37:13.116 13683 13683 W unknown:BridgelessReact: ReactHost{1}.getOrCreateReactInstanceTask(): Executing ReactInstanceEventListeners
11-10 14:37:13.117 13683 13772 W unknown:BridgelessReact: ReactHost{1}.startSurface(surfaceId = 0): Execute
11-10 14:37:13.130 13683 13683 I Detox   : Wait is over: App is now idle!
11-10 14:37:13.131 13683 13730 I DetoxWSClient: Sending out action 'ready' (ID #-1000)
11-10 14:37:13.136 13683 13730 I DetoxDispatcher: Done with action 'isReady'
11-10 14:37:13.139 13683 13683 D InsetsController: hide(ime(), fromIme=false)
11-10 14:37:13.141 13683 13683 I ImeTracker: com.tuapp.seguritacapp:b526ea0c: onCancelled at PHASE_CLIENT_ALREADY_HIDDEN
11-10 14:37:13.301 13683 13773 D nativeloader: Load /data/app/~~O0wKufl6oJTKMfpq4vUYLw==/com.tuapp.seguritacapp-8rvujUmEqTRtpvTXOdX_Jg==/base.apk!/lib/x86_64/libexpo-modules-core.so using class loader ns clns-9 (caller=/data/app/~~O0wKufl6oJTKMfpq4vUYLw==/com.tuapp.seguritacapp-8rvujUmEqTRtpvTXOdX_Jg==/base.apk!classes5.dex): ok
11-10 14:37:13.320 13683 13773 W unknown:ViewManagerPropertyUpdater: Could not find generated setter for class expo.modules.kotlin.views.GroupViewManagerWrapper
11-10 14:37:13.326 13683 13773 W unknown:ViewManagerPropertyUpdater: Could not find generated setter for class com.facebook.react.uimanager.LayoutShadowNode
11-10 14:37:13.340 13683 13773 W unknown:ViewManagerPropertyUpdater: Could not find generated setter for class com.facebook.react.views.safeareaview.ReactSafeAreaViewManager
11-10 14:37:13.341 13683 13773 W unknown:ViewManagerPropertyUpdater: Could not find generated setter for class com.facebook.react.views.safeareaview.ReactSafeAreaViewShadowNode
11-10 14:37:13.346 13683 13773 W unknown:ViewManagerPropertyUpdater: Could not find generated setter for class com.facebook.react.views.modal.ReactModalHostManager
11-10 14:37:13.351 13683 13773 W unknown:ViewManagerPropertyUpdater: Could not find generated setter for class com.facebook.react.views.text.frescosupport.FrescoBasedReactTextInlineImageViewManager
11-10 14:37:13.351 13683 13773 W unknown:ViewManagerPropertyUpdater: Could not find generated setter for class com.facebook.react.views.text.frescosupport.FrescoBasedReactTextInlineImageShadowNode
11-10 14:37:13.357 13683 13773 W unknown:ViewManagerPropertyUpdater: Could not find generated setter for class com.facebook.react.views.progressbar.ReactProgressBarViewManager
11-10 14:37:13.358 13683 13773 W unknown:ViewManagerPropertyUpdater: Could not find generated setter for class com.facebook.react.views.progressbar.ProgressBarShadowNode
11-10 14:37:13.363 13683 13773 W unknown:ViewManagerPropertyUpdater: Could not find generated setter for class com.facebook.react.views.scroll.ReactHorizontalScrollViewManager
11-10 14:37:13.372 13683 13773 W unknown:ViewManagerPropertyUpdater: Could not find generated setter for class com.facebook.react.views.image.ReactImageManager
11-10 14:37:13.379 13683 13773 W unknown:ViewManagerPropertyUpdater: Could not find generated setter for class com.facebook.react.views.text.ReactTextViewManager
11-10 14:37:13.380 13683 13773 W unknown:ViewManagerPropertyUpdater: Could not find generated setter for class com.facebook.react.views.text.ReactTextShadowNode
11-10 14:37:13.386 13683 13773 W unknown:ViewManagerPropertyUpdater: Could not find generated setter for class com.facebook.react.views.scroll.ReactHorizontalScrollContainerViewManager
11-10 14:37:13.389 13683 13773 W unknown:ViewManagerPropertyUpdater: Could not find generated setter for class com.facebook.react.views.unimplementedview.ReactUnimplementedViewManager
11-10 14:37:13.395 13683 13773 W unknown:ViewManagerPropertyUpdater: Could not find generated setter for class com.facebook.react.views.scroll.ReactScrollViewManager
11-10 14:37:13.401 13683 13773 W unknown:ViewManagerPropertyUpdater: Could not find generated setter for class com.facebook.react.views.view.ReactViewManager
11-10 14:37:13.407 13683 13764 D CompatChangeReporter: Compat change id reported: 289878283; UID 10227; state: ENABLED
11-10 14:37:13.408 13683 13773 W unknown:ViewManagerPropertyUpdater: Could not find generated setter for class com.facebook.react.views.drawer.ReactDrawerLayoutManager
11-10 14:37:13.416 13683 13773 W unknown:ViewManagerPropertyUpdater: Could not find generated setter for class com.facebook.react.views.switchview.ReactSwitchManager
11-10 14:37:13.416 13683 13773 W unknown:ViewManagerPropertyUpdater: Could not find generated setter for class com.facebook.react.views.switchview.ReactSwitchManager$ReactSwitchShadowNode
11-10 14:37:13.420 13683 13773 W unknown:ViewManagerPropertyUpdater: Could not find generated setter for class com.facebook.react.views.text.ReactVirtualTextViewManager
11-10 14:37:13.420 13683 13773 W unknown:ViewManagerPropertyUpdater: Could not find generated setter for class com.facebook.react.views.text.ReactVirtualTextShadowNode
11-10 14:37:13.425 13683 13765 I pp.seguritacapp: AssetManager2(0x70d3768c1438) locale list changing from [] to [en-US]
11-10 14:37:13.425 13683 13765 I WebViewFactory: Loading com.google.android.webview version 133.0.6943.137 (code 694313738)
11-10 14:37:13.426 13683 13765 I pp.seguritacapp: AssetManager2(0x70d3768bfb38) locale list changing from [] to [en-US]
11-10 14:37:13.426 13683 13765 I pp.seguritacapp: AssetManager2(0x70d3768ce8b8) locale list changing from [] to [en-US]
11-10 14:37:13.426 13683 13765 I pp.seguritacapp: AssetManager2(0x70d3768c9a98) locale list changing from [] to [en-US]
11-10 14:37:13.427 13683 13765 I pp.seguritacapp: AssetManager2(0x70d3768cd5f8) locale list changing from [] to [en-US]
11-10 14:37:13.427 13683 13765 I pp.seguritacapp: AssetManager2(0x70d3768ccc98) locale list changing from [] to [en-US]
11-10 14:37:13.427 13683 13765 V ResourcesManager: The following library key has been added: ResourcesKey{ mHash=3e131997 mResDir=null mSplitDirs=[] mOverlayDirs=[] mLibDirs=[/data/app/~~nxIzNTNk-9juzieP2H14bw==/com.google.android.webview-8Ofj1MShe1sfVlVeR-7jYw==/WebViewGoogle.apk,/data/app/~~NUV24JfAbMsvCZ3y-B3LCQ==/com.google.android.trichromelibrary_694313738-b-_y91Ev7XotJG5HsxpYGA==/TrichromeLibrary.apk,/system_ext/framework/androidx.window.extensions.jar] mDisplayId=0 mOverrideConfig=v36 mCompatInfo={440dpi always-compat} mLoaders=[]}
11-10 14:37:13.428 13683 13773 W unknown:ViewManagerPropertyUpdater: Could not find generated setter for class com.facebook.react.views.swiperefresh.SwipeRefreshLayoutManager
11-10 14:37:13.431 13683 13765 W pp.seguritacapp: Failed to find entry 'classes.dex': Entry not found
11-10 14:37:13.433 13683 13773 W unknown:ViewManagerPropertyUpdater: Could not find generated setter for class com.facebook.react.views.text.ReactRawTextManager
11-10 14:37:13.433 13683 13773 W unknown:ViewManagerPropertyUpdater: Could not find generated setter for class com.facebook.react.views.text.ReactRawTextShadowNode
11-10 14:37:13.438 13683 13765 D nativeloader: Configuring clns-12 for other apk /data/app/~~NUV24JfAbMsvCZ3y-B3LCQ==/com.google.android.trichromelibrary_694313738-b-_y91Ev7XotJG5HsxpYGA==/TrichromeLibrary.apk. target_sdk_version=34, uses_libraries=ALL, library_path=/data/app/~~nxIzNTNk-9juzieP2H14bw==/com.google.android.webview-8Ofj1MShe1sfVlVeR-7jYw==/lib/x86_64:/data/app/~~nxIzNTNk-9juzieP2H14bw==/com.google.android.webview-8Ofj1MShe1sfVlVeR-7jYw==/WebViewGoogle.apk!/lib/x86_64:/data/app/~~NUV24JfAbMsvCZ3y-B3LCQ==/com.google.android.trichromelibrary_694313738-b-_y91Ev7XotJG5HsxpYGA==/TrichromeLibrary.apk!/lib/x86_64, permitted_path=/data:/mnt/expand
11-10 14:37:13.442 13683 13773 W unknown:ViewManagerPropertyUpdater: Could not find generated setter for class com.facebook.react.views.textinput.ReactTextInputManager
11-10 14:37:13.443 13683 13765 D ApplicationLoaders: Returning zygote-cached class loader: /system_ext/framework/androidx.window.extensions.jar
11-10 14:37:13.445 13683 13773 W unknown:ViewManagerPropertyUpdater: Could not find generated setter for class com.facebook.react.views.textinput.ReactTextInputShadowNode
11-10 14:37:13.455 13683 13765 D nativeloader: Configuring clns-13 for other apk /data/app/~~nxIzNTNk-9juzieP2H14bw==/com.google.android.webview-8Ofj1MShe1sfVlVeR-7jYw==/WebViewGoogle.apk. target_sdk_version=34, uses_libraries=, library_path=/data/app/~~nxIzNTNk-9juzieP2H14bw==/com.google.android.webview-8Ofj1MShe1sfVlVeR-7jYw==/lib/x86_64:/data/app/~~nxIzNTNk-9juzieP2H14bw==/com.google.android.webview-8Ofj1MShe1sfVlVeR-7jYw==/WebViewGoogle.apk!/lib/x86_64:/data/app/~~NUV24JfAbMsvCZ3y-B3LCQ==/com.google.android.trichromelibrary_694313738-b-_y91Ev7XotJG5HsxpYGA==/TrichromeLibrary.apk!/lib/x86_64, permitted_path=/data:/mnt/expand
11-10 14:37:13.612 13683 13765 I cr_WVCFactoryProvider: version=133.0.6943.137 (694313738) minSdkVersion=29 isBundle=false multiprocess=true packageId=2
11-10 14:37:13.663 13683 13688 I pp.seguritacapp: Background concurrent mark compact GC freed 4858KB AllocSpace bytes, 8(400KB) LOS objects, 49% free, 9578KB/18MB, paused 2.644ms,7.643ms total 88.173ms
11-10 14:37:13.689 13683 13765 D nativeloader: Load /data/app/~~NUV24JfAbMsvCZ3y-B3LCQ==/com.google.android.trichromelibrary_694313738-b-_y91Ev7XotJG5HsxpYGA==/TrichromeLibrary.apk!/lib/x86_64/libmonochrome_64.so using class loader ns clns-13 (caller=/data/app/~~nxIzNTNk-9juzieP2H14bw==/com.google.android.webview-8Ofj1MShe1sfVlVeR-7jYw==/WebViewGoogle.apk): ok
11-10 14:37:13.698 13683 13765 D nativeloader: Load /system/lib64/libwebviewchromium_plat_support.so using class loader ns clns-13 (caller=/data/app/~~nxIzNTNk-9juzieP2H14bw==/com.google.android.webview-8Ofj1MShe1sfVlVeR-7jYw==/WebViewGoogle.apk): ok
11-10 14:37:13.716 13683 13782 I chromium: [1110/143713.710205:INFO:variations_seed_loader.cc(67)] Failed to open file for reading.: No such file or directory (2)
11-10 14:37:13.718 13683 13782 I chromium: [1110/143713.717788:INFO:variations_seed_loader.cc(67)] Failed to open file for reading.: No such file or directory (2)
11-10 14:37:13.748 13683 13765 I cr_LibraryLoader: Successfully loaded native library
11-10 14:37:13.756 13683 13765 I cr_CachingUmaRecorder: Flushed 6 samples from 6 histograms, 0 samples were dropped.
11-10 14:37:13.903 13683 13764 W unknown:ViewManagerPropertyUpdater: Could not find generated setter for class com.rnmaps.maps.MapUrlTileManager
11-10 14:37:13.905 13683 13764 W unknown:ViewManagerPropertyUpdater: Could not find generated setter for class com.swmansion.rnscreens.ScreenFooterManager
11-10 14:37:13.906 13683 13764 W unknown:ViewManagerPropertyUpdater: Could not find generated setter for class com.rnmaps.maps.MapManager
11-10 14:37:13.909 13683 13764 W unknown:ViewManagerPropertyUpdater: Could not find generated setter for class com.swmansion.rnscreens.ScreenContainerViewManager
11-10 14:37:13.910 13683 13764 W unknown:ViewManagerPropertyUpdater: Could not find generated setter for class com.rnmaps.maps.MapMarkerManager
11-10 14:37:13.912 13683 13764 W unknown:ViewManagerPropertyUpdater: Could not find generated setter for class com.rnmaps.maps.MapLocalTileManager
11-10 14:37:13.913 13683 13764 W unknown:ViewManagerPropertyUpdater: Could not find generated setter for class com.swmansion.rnscreens.ModalScreenViewManager
11-10 14:37:13.916 13683 13764 W unknown:ViewManagerPropertyUpdater: Could not find generated setter for class com.rnmaps.maps.MapPolylineManager
11-10 14:37:13.917 13683 13764 W unknown:ViewManagerPropertyUpdater: Could not find generated setter for class com.rnmaps.maps.MapCircleManager
11-10 14:37:13.918 13683 13764 W unknown:ViewManagerPropertyUpdater: Could not find generated setter for class com.th3rdwave.safeareacontext.SafeAreaViewManager
11-10 14:37:13.921 13683 13764 W unknown:ViewManagerPropertyUpdater: Could not find generated setter for class com.th3rdwave.safeareacontext.SafeAreaViewShadowNode
11-10 14:37:13.922 13683 13764 W unknown:ViewManagerPropertyUpdater: Could not find generated setter for class com.swmansion.rnscreens.ScreenViewManager
11-10 14:37:13.925 13683 13764 W unknown:ViewManagerPropertyUpdater: Could not find generated setter for class expo.modules.kotlin.views.SimpleViewManagerWrapper
11-10 14:37:13.926 13683 13764 W unknown:ViewManagerPropertyUpdater: Could not find generated setter for class com.swmansion.rnscreens.ScreenStackViewManager
11-10 14:37:13.931 13683 13764 W unknown:ViewManagerPropertyUpdater: Could not find generated setter for class com.airbnb.android.react.lottie.LottieAnimationViewManager
11-10 14:37:13.934 13683 13764 W unknown:ViewManagerPropertyUpdater: Could not find generated setter for class com.rnmaps.maps.MapCalloutManager
11-10 14:37:13.934 13683 13764 W unknown:ViewManagerPropertyUpdater: Could not find generated setter for class com.th3rdwave.safeareacontext.SafeAreaProviderManager
11-10 14:37:13.935 13683 13764 W unknown:ViewManagerPropertyUpdater: Could not find generated setter for class com.swmansion.rnscreens.SearchBarManager
11-10 14:37:13.936 13683 13764 W unknown:ViewManagerPropertyUpdater: Could not find generated setter for class com.rnmaps.maps.MapGradientPolylineManager
11-10 14:37:13.937 13683 13764 W unknown:ViewManagerPropertyUpdater: Could not find generated setter for class com.rnmaps.maps.MapHeatmapManager
11-10 14:37:13.938 13683 13764 W unknown:ViewManagerPropertyUpdater: Could not find generated setter for class com.reactnativecommunity.webview.RNCWebViewManager
11-10 14:37:13.940 13683 13764 W unknown:ViewManagerPropertyUpdater: Could not find generated setter for class org.reactnative.maskedview.RNCMaskedViewManager
11-10 14:37:13.940 13683 13764 W unknown:ViewManagerPropertyUpdater: Could not find generated setter for class com.rnmaps.maps.MapWMSTileManager
11-10 14:37:13.941 13683 13764 W unknown:ViewManagerPropertyUpdater: Could not find generated setter for class com.swmansion.rnscreens.ScreenStackHeaderConfigViewManager
11-10 14:37:13.942 13683 13764 W unknown:ViewManagerPropertyUpdater: Could not find generated setter for class com.swmansion.rnscreens.ScreenContentWrapperManager
11-10 14:37:13.942 13683 13764 W unknown:ViewManagerPropertyUpdater: Could not find generated setter for class com.rnmaps.maps.MapPolygonManager
11-10 14:37:13.943 13683 13764 W unknown:ViewManagerPropertyUpdater: Could not find generated setter for class com.swmansion.rnscreens.ScreenStackHeaderSubviewManager
11-10 14:37:13.943 13683 13764 W unknown:ViewManagerPropertyUpdater: Could not find generated setter for class com.reactnativecommunity.picker.ReactDialogPickerManager
11-10 14:37:13.944 13683 13773 W BridgelessReactContext: [WARNING] Bridgeless doesn't support CatalystInstance. Accessing an API that's not part of the new architecture is not encouraged usage.
11-10 14:37:13.944 13683 13764 W unknown:ViewManagerPropertyUpdater: Could not find generated setter for class com.reactnativecommunity.picker.ReactPickerShadowNode
11-10 14:37:13.945 13683 13764 W unknown:ViewManagerPropertyUpdater: Could not find generated setter for class com.rnmaps.maps.MapOverlayManager
11-10 14:37:13.946 13683 13764 W unknown:ViewManagerPropertyUpdater: Could not find generated setter for class com.reactnativecommunity.picker.ReactDropdownPickerManager
11-10 14:37:13.965 13683 13773 I ExpoModulesCore: ✅ JSI interop was installed
11-10 14:37:13.965 13683 13773 I ExpoModulesCore: ✅ Constants were exported
11-10 14:37:13.979 13683 13773 D Detox.RNMarker: RUN_JS_BUNDLE_END (EXDevMenuApp.android.js)
11-10 14:37:13.980 13683 13773 I ReactNativeJS: Running "main"
11-10 14:37:14.035 13683 13773 D Detox.RNMarker: REACT_BRIDGELESS_LOADING_END (null)
11-10 14:37:14.051 13683 13764 W unknown:ViewManagerPropertyUpdater: Could not find generated setter for class com.horcrux.svg.RenderableViewManager$DefsViewManager
11-10 14:37:14.052 13683 13764 W unknown:ViewManagerPropertyUpdater: Could not find generated setter for class com.horcrux.svg.VirtualViewManager$RenderableShadowNode
11-10 14:37:14.056 13683 13764 W unknown:ViewManagerPropertyUpdater: Could not find generated setter for class com.facebook.react.views.debuggingoverlay.DebuggingOverlayManager
11-10 14:37:14.059 13683 13764 W unknown:ViewManagerPropertyUpdater: Could not find generated setter for class com.horcrux.svg.RenderableViewManager$FeMergeManager
11-10 14:37:14.066 13683 13764 W unknown:ViewManagerPropertyUpdater: Could not find generated setter for class com.horcrux.svg.RenderableViewManager$LinearGradientManager
11-10 14:37:14.070 13683 13764 W unknown:ViewManagerPropertyUpdater: Could not find generated setter for class com.horcrux.svg.RenderableViewManager$FeGaussianBlurManager
11-10 14:37:14.084 13683 13764 W unknown:ViewManagerPropertyUpdater: Could not find generated setter for class com.horcrux.svg.RenderableViewManager$FeColorMatrixManager
11-10 14:37:14.095 13683 13764 W unknown:ViewManagerPropertyUpdater: Could not find generated setter for class com.horcrux.svg.RenderableViewManager$ClipPathViewManager
11-10 14:37:14.101 13683 13764 W unknown:ViewManagerPropertyUpdater: Could not find generated setter for class com.horcrux.svg.RenderableViewManager$SymbolManager
11-10 14:37:14.108 13683 13764 W unknown:ViewManagerPropertyUpdater: Could not find generated setter for class com.horcrux.svg.RenderableViewManager$PatternManager
11-10 14:37:14.113 13683 13764 W unknown:ViewManagerPropertyUpdater: Could not find generated setter for class com.horcrux.svg.RenderableViewManager$FeBlendManager
11-10 14:37:14.123 13683 13764 W unknown:ViewManagerPropertyUpdater: Could not find generated setter for class com.horcrux.svg.SvgViewManager
11-10 14:37:14.127 13683 13683 D Detox.RNMarker: CONTENT_APPEARED (main)
11-10 14:37:14.134 13683 13764 W unknown:ViewManagerPropertyUpdater: Could not find generated setter for class com.horcrux.svg.RenderableViewManager$UseViewManager
11-10 14:37:14.139 13683 13764 W unknown:ViewManagerPropertyUpdater: Could not find generated setter for class com.horcrux.svg.RenderableViewManager$CircleViewManager
11-10 14:37:14.145 13683 13764 W unknown:ViewManagerPropertyUpdater: Could not find generated setter for class com.horcrux.svg.RenderableViewManager$TSpanViewManager
11-10 14:37:14.150 13683 13764 W unknown:ViewManagerPropertyUpdater: Could not find generated setter for class com.horcrux.svg.RenderableViewManager$FilterManager
11-10 14:37:14.156 13683 13764 W unknown:ViewManagerPropertyUpdater: Could not find generated setter for class com.horcrux.svg.RenderableViewManager$MarkerManager
11-10 14:37:14.166 13683 13764 W unknown:ViewManagerPropertyUpdater: Could not find generated setter for class com.swmansion.gesturehandler.react.RNGestureHandlerButtonViewManager
11-10 14:37:14.177 13683 13764 W unknown:ViewManagerPropertyUpdater: Could not find generated setter for class com.horcrux.svg.RenderableViewManager$ForeignObjectManager
11-10 14:37:14.183 13683 13683 W HWUI    : Image decoding logging dropped!
11-10 14:37:14.184 13683 13683 W HWUI    : Image decoding logging dropped!
11-10 14:37:14.185 13683 13764 W unknown:ViewManagerPropertyUpdater: Could not find generated setter for class com.horcrux.svg.RenderableViewManager$EllipseViewManager
11-10 14:37:14.191 13683 13683 W HWUI    : Image decoding logging dropped!
11-10 14:37:14.192 13683 13764 W unknown:ViewManagerPropertyUpdater: Could not find generated setter for class com.horcrux.svg.RenderableViewManager$LineViewManager
11-10 14:37:14.202 13683 13764 W unknown:ViewManagerPropertyUpdater: Could not find generated setter for class com.horcrux.svg.RenderableViewManager$FeFloodManager
11-10 14:37:14.207 13683 13764 W unknown:ViewManagerPropertyUpdater: Could not find generated setter for class com.horcrux.svg.RenderableViewManager$GroupViewManager
11-10 14:37:14.214 13683 13764 W unknown:ViewManagerPropertyUpdater: Could not find generated setter for class com.horcrux.svg.RenderableViewManager$TextViewManager
11-10 14:37:14.221 13683 13791 D nativeloader: Load /data/app/~~O0wKufl6oJTKMfpq4vUYLw==/com.tuapp.seguritacapp-8rvujUmEqTRtpvTXOdX_Jg==/base.apk!/lib/x86_64/libimagepipeline.so using class loader ns clns-9 (caller=/data/app/~~O0wKufl6oJTKMfpq4vUYLw==/com.tuapp.seguritacapp-8rvujUmEqTRtpvTXOdX_Jg==/base.apk!classes5.dex): ok
11-10 14:37:14.222 13683 13764 W unknown:ViewManagerPropertyUpdater: Could not find generated setter for class com.horcrux.svg.RenderableViewManager$ImageViewManager
11-10 14:37:14.225 13683 13683 I pp.seguritacapp: hiddenapi: Accessing hidden field Landroid/widget/ScrollView;->mScroller:Landroid/widget/OverScroller; (runtime_flags=0, domain=platform, api=unsupported) from Lcom/facebook/react/views/scroll/ReactScrollView; (domain=app) using reflection: allowed
11-10 14:37:14.226 13683 13683 W unknown:ViewManagerPropertyUpdater: Could not find generated setter for class com.facebook.react.uimanager.RootViewManager
11-10 14:37:14.235 13683 13764 W unknown:ViewManagerPropertyUpdater: Could not find generated setter for class com.horcrux.svg.RenderableViewManager$RadialGradientManager
11-10 14:37:14.244 13683 13764 W unknown:ViewManagerPropertyUpdater: Could not find generated setter for class com.horcrux.svg.RenderableViewManager$MaskManager
11-10 14:37:14.247 13683 13792 W HWUI    : Image decoding logging dropped!
11-10 14:37:14.254 13683 13764 W unknown:ViewManagerPropertyUpdater: Could not find generated setter for class com.horcrux.svg.RenderableViewManager$RectViewManager
11-10 14:37:14.262 13683 13794 W HWUI    : Image decoding logging dropped!
11-10 14:37:14.266 13683 13764 W unknown:ViewManagerPropertyUpdater: Could not find generated setter for class com.horcrux.svg.RenderableViewManager$TextPathViewManager
11-10 14:37:14.267 13683 13793 D HWUI    : --- Failed to create image decoder with message 'unimplemented'
11-10 14:37:14.267 13683 13795 W HWUI    : Image decoding logging dropped!
11-10 14:37:14.267 13683 13793 D HWUI    : --- Failed to create image decoder with message 'unimplemented'
11-10 14:37:14.268 13683 13793 D HWUI    : --- Failed to create image decoder with message 'unimplemented'
11-10 14:37:14.268 13683 13793 D HWUI    : --- Failed to create image decoder with message 'unimplemented'
11-10 14:37:14.269 13683 13792 W HWUI    : Image decoding logging dropped!
11-10 14:37:14.270 13683 13793 D HWUI    : --- Failed to create image decoder with message 'unimplemented'
11-10 14:37:14.271 13683 13793 D HWUI    : --- Failed to create image decoder with message 'unimplemented'
11-10 14:37:14.271 13683 13793 D HWUI    : --- Failed to create image decoder with message 'unimplemented'
11-10 14:37:14.271 13683 13793 D HWUI    : --- Failed to create image decoder with message 'unimplemented'
11-10 14:37:14.272 13683 13793 D HWUI    : --- Failed to create image decoder with message 'unimplemented'
11-10 14:37:14.272 13683 13793 D HWUI    : --- Failed to create image decoder with message 'unimplemented'
11-10 14:37:14.272 13683 13793 D HWUI    : --- Failed to create image decoder with message 'unimplemented'
11-10 14:37:14.272 13683 13793 D HWUI    : --- Failed to create image decoder with message 'unimplemented'
11-10 14:37:14.275 13683 13794 D HWUI    : --- Failed to create image decoder with message 'unimplemented'
11-10 14:37:14.275 13683 13796 W HWUI    : Image decoding logging dropped!
11-10 14:37:14.275 13683 13794 D HWUI    : --- Failed to create image decoder with message 'unimplemented'
11-10 14:37:14.275 13683 13794 D HWUI    : --- Failed to create image decoder with message 'unimplemented'
11-10 14:37:14.275 13683 13794 D HWUI    : --- Failed to create image decoder with message 'unimplemented'
11-10 14:37:14.276 13683 13794 D HWUI    : --- Failed to create image decoder with message 'unimplemented'
11-10 14:37:14.276 13683 13794 D HWUI    : --- Failed to create image decoder with message 'unimplemented'
11-10 14:37:14.276 13683 13794 D HWUI    : --- Failed to create image decoder with message 'unimplemented'
11-10 14:37:14.277 13683 13794 D HWUI    : --- Failed to create image decoder with message 'unimplemented'
11-10 14:37:14.277 13683 13794 W unknown:ProgressiveDecoder: unknown image format, {uri: res:/2131623936, firstEncodedBytes: 03000800C00100000100, length: 448}
11-10 14:37:14.280 13683 13795 W HWUI    : Image decoding logging dropped!
11-10 14:37:14.280 13683 13764 W unknown:ViewManagerPropertyUpdater: Could not find generated setter for class com.horcrux.svg.RenderableViewManager$FeOffsetManager
11-10 14:37:14.281 13683 13795 W HWUI    : Image decoding logging dropped!
11-10 14:37:14.287 13683 13792 W HWUI    : Image decoding logging dropped!
11-10 14:37:14.287 13683 13796 W HWUI    : Image decoding logging dropped!
11-10 14:37:14.288 13683 13792 W HWUI    : Image decoding logging dropped!
11-10 14:37:14.288 13683 13764 W unknown:ViewManagerPropertyUpdater: Could not find generated setter for class com.horcrux.svg.RenderableViewManager$PathViewManager
11-10 14:37:14.346 13683 13764 W unknown:ViewManagerPropertyUpdater: Could not find generated setter for class com.swmansion.gesturehandler.react.RNGestureHandlerRootViewManager
11-10 14:37:14.415 13683 13764 I ReactNativeJS: Bridgeless mode is enabled
11-10 14:37:14.425 13683 13764 W BridgelessReactContext: [WARNING] Bridgeless doesn't support CatalystInstance. Accessing an API that's not part of the new architecture is not encouraged usage.
11-10 14:37:14.426 13683 13764 I ExpoModulesCore: ✅ JSI interop was installed
11-10 14:37:14.428 13683 13764 W ExpoModulesCore: ⚠️ JSI interop was already installed
11-10 14:37:14.480 13683 13764 I expo-notifications: NotificationsEmitter.onNotificationResponseIntentReceived:
11-10 14:37:14.480 13683 13764 I expo-notifications: actionIdentifier: expo.modules.notifications.actions.DEFAULT
11-10 14:37:14.480 13683 13764 I expo-notifications: notification
11-10 14:37:14.480 13683 13764 I expo-notifications:   date: 0
11-10 14:37:14.480 13683 13764 I expo-notifications:   request
11-10 14:37:14.480 13683 13764 I expo-notifications:     identifier: (null)
11-10 14:37:14.480 13683 13764 I expo-notifications:     trigger
11-10 14:37:14.480 13683 13764 I expo-notifications:       type: push
11-10 14:37:14.480 13683 13764 I expo-notifications:       channelId: (null)
11-10 14:37:14.480 13683 13764 I expo-notifications:     content
11-10 14:37:14.480 13683 13764 I expo-notifications:       data
11-10 14:37:14.480 13683 13764 I expo-notifications:         launchArgs
11-10 14:37:14.480 13683 13764 I expo-notifications:           detoxURLOverride: exp+seguridadciudadanaapp://expo-development-client/?url=http%3A%2F%2F10.0.2.2%3A8081
11-10 14:37:14.480 13683 13764 I expo-notifications:           detoxServer: ws://localhost:54435
11-10 14:37:14.480 13683 13764 I expo-notifications:           detoxSessionId: 76ee174d-3337-9dfe-7e4f-d66bfba7d789
11-10 14:37:14.480 13683 13764 I expo-notifications:           detoxEnableSynchronization: 0
11-10 14:37:14.480 13683 13764 I expo-notifications:       title: (null)
11-10 14:37:14.495 13683 13764 I ExpoModulesCore: ✅ Constants were exported
11-10 14:37:14.647 13683 13764 D nativeloader: Load /data/app/~~O0wKufl6oJTKMfpq4vUYLw==/com.tuapp.seguritacapp-8rvujUmEqTRtpvTXOdX_Jg==/base.apk!/lib/x86_64/librnscreens.so using class loader ns clns-9 (caller=/data/app/~~O0wKufl6oJTKMfpq4vUYLw==/com.tuapp.seguritacapp-8rvujUmEqTRtpvTXOdX_Jg==/base.apk!classes2.dex): ok
11-10 14:37:14.710 13683 13764 D nativeloader: Load /data/app/~~O0wKufl6oJTKMfpq4vUYLw==/com.tuapp.seguritacapp-8rvujUmEqTRtpvTXOdX_Jg==/base.apk!/lib/x86_64/libworklets.so using class loader ns clns-9 (caller=/data/app/~~O0wKufl6oJTKMfpq4vUYLw==/com.tuapp.seguritacapp-8rvujUmEqTRtpvTXOdX_Jg==/base.apk!classes5.dex): ok
11-10 14:37:14.720 13683 13764 D nativeloader: Load /data/app/~~O0wKufl6oJTKMfpq4vUYLw==/com.tuapp.seguritacapp-8rvujUmEqTRtpvTXOdX_Jg==/base.apk!/lib/x86_64/libreanimated.so using class loader ns clns-9 (caller=/data/app/~~O0wKufl6oJTKMfpq4vUYLw==/com.tuapp.seguritacapp-8rvujUmEqTRtpvTXOdX_Jg==/base.apk!classes5.dex): ok
11-10 14:37:14.725 13683 13764 W pp.seguritacapp: CheckJNI: method to register "installJSIBindings" not in the given class. This is slow, consider changing your RegisterNatives calls.
11-10 14:37:14.743 13683 13764 W BridgelessReactContext: [WARNING] Bridgeless doesn't support CatalystInstance. Accessing an API that's not part of the new architecture is not encouraged usage.
11-10 14:37:15.151 13683 13735 D DetoxWSClient: Received action 'invoke' (ID #1, params={"target":{"type":"Class","value":"com.wix.detox.Detox"},"method":"startActivityFromUrl","args":["exp+seguridadciudadanaapp:\/\/login"]})
11-10 14:37:15.152 13683 13730 I DetoxDispatcher: Handling action 'invoke' (ID #1)...
11-10 14:37:15.164 13683 13730 D Detox   : class com.wix.detox.Detox, startActivityFromUrl, [exp+seguridadciudadanaapp://login]
11-10 14:37:15.172 13683 13764 W ReactNativeJS: '[2025-11-10T14:37:15.167Z]  @firebase/auth:', 'Auth (11.9.0): \nYou are initializing Firebase Auth for React Native without providing\nAsyncStorage. Auth state will default to memory persistence and will not\npersist between sessions. In order to persist auth state, install the package\n"@react-native-async-storage/async-storage" and provide it to\ninitializeAuth:\n\nimport { initializeAuth, getReactNativePersistence } from \'firebase/auth\';\nimport ReactNativeAsyncStorage from \'@react-native-async-storage/async-storage\';\nconst auth = initializeAuth(app, {\n  persistence: getReactNativePersistence(ReactNativeAsyncStorage)\n});\n'
11-10 14:37:15.183 13683 13730 W ActivityTestRule: Activity wasn't created yet or already stopped
11-10 14:37:15.184 13683 13730 I DetoxActionHandlers: Test exception
11-10 14:37:15.184 13683 13730 I DetoxActionHandlers: java.lang.reflect.InvocationTargetException
11-10 14:37:15.184 13683 13730 I DetoxActionHandlers: 	at java.lang.reflect.Method.invoke(Native Method)
11-10 14:37:15.184 13683 13730 I DetoxActionHandlers: 	at org.apache.commons.lang3.reflect.MethodUtils.invokeStaticMethod(MethodUtils.java:443)
11-10 14:37:15.184 13683 13730 I DetoxActionHandlers: 	at org.apache.commons.lang3.reflect.MethodUtils.invokeStaticMethod(MethodUtils.java:405)
11-10 14:37:15.184 13683 13730 I DetoxActionHandlers: 	at com.wix.invoke.types.ClassTarget.execute(ClassTarget.java:23)
11-10 14:37:15.184 13683 13730 I DetoxActionHandlers: 	at com.wix.invoke.types.Target.invoke(Target.java:59)
11-10 14:37:15.184 13683 13730 I DetoxActionHandlers: 	at com.wix.invoke.MethodInvocation.invoke(MethodInvocation.java:35)
11-10 14:37:15.184 13683 13730 I DetoxActionHandlers: 	at com.wix.invoke.MethodInvocation.invoke(MethodInvocation.java:26)
11-10 14:37:15.184 13683 13730 I DetoxActionHandlers: 	at com.wix.invoke.MethodInvocation.invoke(MethodInvocation.java:20)
11-10 14:37:15.184 13683 13730 I DetoxActionHandlers: 	at com.wix.detox.adapters.server.InvokeActionHandler.handle(DetoxActionHandlers.kt:54)
11-10 14:37:15.184 13683 13730 I DetoxActionHandlers: 	at com.wix.detox.adapters.server.ActionsExecutor.executeAction$lambda$2$lambda$1(DetoxActionsDispatcher.kt:76)
11-10 14:37:15.184 13683 13730 I DetoxActionHandlers: 	at com.wix.detox.adapters.server.ActionsExecutor.$r8$lambda$GVbB7LHtBHxNHGbgYnHJ6YrwCqs(Unknown Source:0)
11-10 14:37:15.184 13683 13730 I DetoxActionHandlers: 	at com.wix.detox.adapters.server.ActionsExecutor$$ExternalSyntheticLambda0.run(D8$$SyntheticClass:0)
11-10 14:37:15.184 13683 13730 I DetoxActionHandlers: 	at android.os.Handler.handleCallback(Handler.java:995)
11-10 14:37:15.184 13683 13730 I DetoxActionHandlers: 	at android.os.Handler.dispatchMessage(Handler.java:103)
11-10 14:37:15.184 13683 13730 I DetoxActionHandlers: 	at android.os.Looper.loopOnce(Looper.java:248)
11-10 14:37:15.184 13683 13730 I DetoxActionHandlers: 	at android.os.Looper.loop(Looper.java:338)
11-10 14:37:15.184 13683 13730 I DetoxActionHandlers: 	at com.wix.detox.adapters.server.ActionsExecutor._init_$lambda$0(DetoxActionsDispatcher.kt:62)
11-10 14:37:15.184 13683 13730 I DetoxActionHandlers: 	at com.wix.detox.adapters.server.ActionsExecutor.$r8$lambda$xlgL0CQim6vNM0wWEqM8JIDgZUE(Unknown Source:0)
11-10 14:37:15.184 13683 13730 I DetoxActionHandlers: 	at com.wix.detox.adapters.server.ActionsExecutor$$ExternalSyntheticLambda1.run(D8$$SyntheticClass:0)
11-10 14:37:15.184 13683 13730 I DetoxActionHandlers: 	at java.lang.Thread.run(Thread.java:1119)