--------- beginning of main
11-10 14:37:05.099 13683 13683 I pp.seguritacapp: Late-enabling -Xcheck:jni
11-10 14:37:05.147 13683 13683 I pp.seguritacapp: Using CollectorTypeCMC GC.
11-10 14:37:05.148 13683 13683 W pp.seguritacapp: Unexpected CPU variant for x86: x86_64.
11-10 14:37:05.148 13683 13683 W pp.seguritacapp: Known variants: atom, sandybridge, silvermont, goldmont, goldmont-plus, goldmont-without-sha-xsaves, tremont, kabylake, alderlake, default
11-10 14:37:05.172 13683 13683 D nativeloader: Load libframework-connectivity-tiramisu-jni.so using APEX ns com_android_tethering for caller /apex/com.android.tethering/javalib/framework-connectivity-t.jar: ok
11-10 14:37:05.220 13683 13683 D CompatChangeReporter: Compat change id reported: 242716250; UID 10227; state: ENABLED
--------- beginning of system
11-10 14:37:05.249 13683 13683 W ActivityThread: Package uses different ABI(s) than its instrumentation: package[com.tuapp.seguritacapp]: x86_64, null instrumentation[com.tuapp.seguritacapp.test]: null, null
11-10 14:37:05.252 13683 13683 D ApplicationLoaders: Returning zygote-cached class loader: /system/framework/org.apache.http.legacy.jar
11-10 14:37:05.258 13683 13683 W pp.seguritacapp: ClassLoaderContext shared library size mismatch. Expected=2, found=1 (PCL[]{PCL[/system/framework/android.test.base.jar*2789897741]#PCL[/system/framework/android.test.mock.jar*3361312393]} | PCL[]{PCL[/system/framework/org.apache.http.legacy.jar*4247870504]})
11-10 14:37:05.265 13683 13683 W pp.seguritacapp: ClassLoaderContext classpath size mismatch. expected=0, found=1 (PCL[] | PCL[/system/framework/android.test.runner.jar*895143020]{PCL[/system/framework/org.apache.http.legacy.jar*4247870504]})
11-10 14:37:05.270 13683 13683 W pp.seguritacapp: ClassLoaderContext classpath size mismatch. expected=0, found=2 (PCL[] | PCL[/system/framework/android.test.runner.jar*895143020:/system/framework/android.test.mock.jar*3361312393]{PCL[/system/framework/org.apache.http.legacy.jar*4247870504]})
11-10 14:37:05.725 13683 13683 D nativeloader: Configuring clns-9 for other apk /system/framework/android.test.runner.jar:/system/framework/android.test.mock.jar:/system/framework/android.test.base.jar:/data/app/~~1VHEGdjTGq3uKkx4ipinPw==/com.tuapp.seguritacapp.test-aWfRZpj7tx8WvTh26gKAiw==/base.apk:/data/app/~~O0wKufl6oJTKMfpq4vUYLw==/com.tuapp.seguritacapp-8rvujUmEqTRtpvTXOdX_Jg==/base.apk. target_sdk_version=34, uses_libraries=, library_path=/data/app/~~1VHEGdjTGq3uKkx4ipinPw==/com.tuapp.seguritacapp.test-aWfRZpj7tx8WvTh26gKAiw==/lib/x86_64:/data/app/~~O0wKufl6oJTKMfpq4vUYLw==/com.tuapp.seguritacapp-8rvujUmEqTRtpvTXOdX_Jg==/lib/x86_64:/data/app/~~1VHEGdjTGq3uKkx4ipinPw==/com.tuapp.seguritacapp.test-aWfRZpj7tx8WvTh26gKAiw==/base.apk!/lib/x86_64:/data/app/~~O0wKufl6oJTKMfpq4vUYLw==/com.tuapp.seguritacapp-8rvujUmEqTRtpvTXOdX_Jg==/base.apk!/lib/x86_64, permitted_path=/data:/mnt/expand:/data/user/0/com.tuapp.seguritacapp
11-10 14:37:05.748 13683 13683 I pp.seguritacapp: AssetManager2(0x70d3768a9a18) locale list changing from [] to [en-US]
11-10 14:37:05.777 13683 13683 V GraphicsEnvironment: Currently set values for:
11-10 14:37:05.777 13683 13683 V GraphicsEnvironment:   angle_gl_driver_selection_pkgs=[]
11-10 14:37:05.777 13683 13683 V GraphicsEnvironment:   angle_gl_driver_selection_values=[]
11-10 14:37:05.777 13683 13683 V GraphicsEnvironment: com.tuapp.seguritacapp is not listed in per-application setting
11-10 14:37:05.778 13683 13683 V GraphicsEnvironment: ANGLE allowlist from config: com.dreamgames.royalmatch com.dts.freefiremax com.dxx.firenow com.gramgames.mergedragons com.ludo.king com.mojang.minecraftpe com.my.defense com.nintendo.zaka com.os.airforce com.playrix.fishdomdd.gplay io.teslatech.callbreak jp.konami.prospia net.peakgames.toonblast
11-10 14:37:05.778 13683 13683 V GraphicsEnvironment: com.tuapp.seguritacapp is not listed in ANGLE allowlist or settings, returning default
11-10 14:37:05.778 13683 13683 V GraphicsEnvironment: Neither updatable production driver nor prerelease driver is supported.
11-10 14:37:05.786 13683 13683 D ApplicationLoaders: Returning zygote-cached class loader: /system/framework/android.test.base.jar
11-10 14:37:05.792 13683 13683 D nativeloader: Configuring clns-10 for other apk /system/framework/android.test.mock.jar. target_sdk_version=34, uses_libraries=ALL, library_path=/data/app/~~1VHEGdjTGq3uKkx4ipinPw==/com.tuapp.seguritacapp.test-aWfRZpj7tx8WvTh26gKAiw==/lib/x86_64:/data/app/~~O0wKufl6oJTKMfpq4vUYLw==/com.tuapp.seguritacapp-8rvujUmEqTRtpvTXOdX_Jg==/lib/x86_64, permitted_path=/data:/mnt/expand
11-10 14:37:05.793 13683 13683 D ApplicationLoaders: Returning zygote-cached class loader: /system/framework/android.test.base.jar
11-10 14:37:05.795 13683 13683 D nativeloader: Configuring clns-11 for other apk /system/framework/android.test.runner.jar. target_sdk_version=34, uses_libraries=ALL, library_path=/data/app/~~1VHEGdjTGq3uKkx4ipinPw==/com.tuapp.seguritacapp.test-aWfRZpj7tx8WvTh26gKAiw==/lib/x86_64:/data/app/~~O0wKufl6oJTKMfpq4vUYLw==/com.tuapp.seguritacapp-8rvujUmEqTRtpvTXOdX_Jg==/lib/x86_64, permitted_path=/data:/mnt/expand
11-10 14:37:05.798 13683 13683 W pp.seguritacapp: ClassLoaderContext shared library size mismatch. Expected=2, found=3 (PCL[]{PCL[/system/framework/android.test.base.jar*2789897741]#PCL[/system/framework/android.test.mock.jar*3361312393]} | PCL[]{PCL[/system/framework/android.test.base.jar*2789897741]#PCL[/system/framework/android.test.mock.jar*3361312393]#PCL[/system/framework/android.test.runner.jar*895143020]{PCL[/system/framework/android.test.base.jar*2789897741]#PCL[/system/framework/android.test.mock.jar*3361312393]}};PCL[/system/framework/android.test.runner.jar*895143020:/system/framework/android.test.mock.jar*3361312393:/system/framework/android.test.base.jar*2789897741:/data/app/~~1VHEGdjTGq3uKkx4ipinPw==/com.tuapp.seguritacapp.test-aWfRZpj7tx8WvTh26gKAiw==/base.apk*3771997839:/data/app/~~O0wKufl6oJTKMfpq4vUYLw==/com.tuapp.seguritacapp-8rvujUmEqTRtpvTXOdX_Jg==/base.apk*1520878972]{PCL[/system/framework/org.apache.http.legacy.jar*4247870504]})
11-10 14:37:05.799 13683 13683 W pp.seguritacapp: ClassLoaderContext classpath size mismatch. expected=0, found=1 (PCL[] | PCL[/system/framework/android.test.runner.jar*895143020]{PCL[/system/framework/android.test.base.jar*2789897741]#PCL[/system/framework/android.test.mock.jar*3361312393]#PCL[/system/framework/android.test.runner.jar*895143020]{PCL[/system/framework/android.test.base.jar*2789897741]#PCL[/system/framework/android.test.mock.jar*3361312393]}};PCL[/system/framework/android.test.runner.jar*895143020:/system/framework/android.test.mock.jar*3361312393:/system/framework/android.test.base.jar*2789897741:/data/app/~~1VHEGdjTGq3uKkx4ipinPw==/com.tuapp.seguritacapp.test-aWfRZpj7tx8WvTh26gKAiw==/base.apk*3771997839:/data/app/~~O0wKufl6oJTKMfpq4vUYLw==/com.tuapp.seguritacapp-8rvujUmEqTRtpvTXOdX_Jg==/base.apk*1520878972]{PCL[/system/framework/org.apache.http.legacy.jar*4247870504]})
11-10 14:37:05.799 13683 13683 W pp.seguritacapp: ClassLoaderContext classpath size mismatch. expected=0, found=2 (PCL[] | PCL[/system/framework/android.test.runner.jar*895143020:/system/framework/android.test.mock.jar*3361312393]{PCL[/system/framework/android.test.base.jar*2789897741]#PCL[/system/framework/android.test.mock.jar*3361312393]#PCL[/system/framework/android.test.runner.jar*895143020]{PCL[/system/framework/android.test.base.jar*2789897741]#PCL[/system/framework/android.test.mock.jar*3361312393]}};PCL[/system/framework/android.test.runner.jar*895143020:/system/framework/android.test.mock.jar*3361312393:/system/framework/android.test.base.jar*2789897741:/data/app/~~1VHEGdjTGq3uKkx4ipinPw==/com.tuapp.seguritacapp.test-aWfRZpj7tx8WvTh26gKAiw==/base.apk*3771997839:/data/app/~~O0wKufl6oJTKMfpq4vUYLw==/com.tuapp.seguritacapp-8rvujUmEqTRtpvTXOdX_Jg==/base.apk*1520878972]{PCL[/system/framework/org.apache.http.legacy.jar*4247870504]})
11-10 14:37:06.149 13683 13683 I pp.seguritacapp: AssetManager2(0x70d3768b10d8) locale list changing from [] to [en-US]
11-10 14:37:06.171 13683 13683 I AndroidJUnitRunner: newApplication com.tuapp.seguritacapp.MainApplication
11-10 14:37:06.465 13683 13683 I FirebaseApp: Device unlocked: initializing all Firebase APIs for app [DEFAULT]
11-10 14:37:06.499 13683 13683 I FirebaseInitProvider: FirebaseApp initialization successful
11-10 14:37:06.586 13683 13683 D WM-WrkMgrInitializer: Initializing WorkManager with default configuration.
11-10 14:37:06.647 13683 13683 I AndroidJUnitRunner: onCreate Bundle[mParcelledData.dataSize=532]
11-10 14:37:06.648 13683 13683 D AndroidJUnitRunner: Use the raw file system for managing file I/O.
11-10 14:37:06.659 13683 13719 E ashmem  : Pinning is deprecated since Android Q. Please use trim or other methods.
11-10 14:37:06.707 13683 13683 V TestEventClient: No service name argument was given (testDiscoveryService, testRunEventService or orchestratorService)
11-10 14:37:06.707 13683 13720 D AndroidJUnitRunner: onStart is called.
11-10 14:37:06.715 13683 13683 W SoLoader: Initializing SoLoader: 0
11-10 14:37:06.720 13683 13683 W SoLoader: Recording new base apk path: /data/app/~~O0wKufl6oJTKMfpq4vUYLw==/com.tuapp.seguritacapp-8rvujUmEqTRtpvTXOdX_Jg==/base.apk
11-10 14:37:06.720 13683 13683 W SoLoader: Previously recorded 0 base apk paths.
11-10 14:37:06.723 13683 13683 I SoLoader: Preparing SO source: DirectorySoSource[root = /vendor/lib64 flags = 2]
11-10 14:37:06.724 13683 13683 I SoLoader: Preparing SO source: DirectorySoSource[root = /system/lib64 flags = 2]
11-10 14:37:06.724 13683 13683 I SoLoader: Preparing SO source: DirectApkSoSource[root = [/data/app/~~O0wKufl6oJTKMfpq4vUYLw==/com.tuapp.seguritacapp-8rvujUmEqTRtpvTXOdX_Jg==/base.apk!/lib/x86_64]]
11-10 14:37:06.776 13683 13683 I SoLoader: Preparing SO source: ApplicationSoSource[DirectorySoSource[root = /data/app/~~O0wKufl6oJTKMfpq4vUYLw==/com.tuapp.seguritacapp-8rvujUmEqTRtpvTXOdX_Jg==/lib/x86_64 flags = 0]]
11-10 14:37:06.777 13683 13683 I SoLoader: init finish: 4 SO sources prepared
11-10 14:37:06.777 13683 13683 W SoLoader: SoLoader initialized: 8
11-10 14:37:06.838 13683 13683 D nativeloader: Load /data/app/~~O0wKufl6oJTKMfpq4vUYLw==/com.tuapp.seguritacapp-8rvujUmEqTRtpvTXOdX_Jg==/base.apk!/lib/x86_64/libc++_shared.so using class loader ns clns-9 (caller=/data/app/~~O0wKufl6oJTKMfpq4vUYLw==/com.tuapp.seguritacapp-8rvujUmEqTRtpvTXOdX_Jg==/base.apk!classes5.dex): ok
11-10 14:37:06.862 13683 13683 D nativeloader: Load /data/app/~~O0wKufl6oJTKMfpq4vUYLw==/com.tuapp.seguritacapp-8rvujUmEqTRtpvTXOdX_Jg==/base.apk!/lib/x86_64/libjsi.so using class loader ns clns-9 (caller=/data/app/~~O0wKufl6oJTKMfpq4vUYLw==/com.tuapp.seguritacapp-8rvujUmEqTRtpvTXOdX_Jg==/base.apk!classes5.dex): ok
11-10 14:37:06.874 13683 13683 D nativeloader: Load /data/app/~~O0wKufl6oJTKMfpq4vUYLw==/com.tuapp.seguritacapp-8rvujUmEqTRtpvTXOdX_Jg==/base.apk!/lib/x86_64/libfbjni.so using class loader ns clns-9 (caller=/data/app/~~O0wKufl6oJTKMfpq4vUYLw==/com.tuapp.seguritacapp-8rvujUmEqTRtpvTXOdX_Jg==/base.apk!classes5.dex): ok
11-10 14:37:06.927 13683 13683 D nativeloader: Load /data/app/~~O0wKufl6oJTKMfpq4vUYLw==/com.tuapp.seguritacapp-8rvujUmEqTRtpvTXOdX_Jg==/base.apk!/lib/x86_64/libreactnative.so using class loader ns clns-9 (caller=/data/app/~~O0wKufl6oJTKMfpq4vUYLw==/com.tuapp.seguritacapp-8rvujUmEqTRtpvTXOdX_Jg==/base.apk!classes5.dex): ok
11-10 14:37:06.928 13683 13683 D jni_lib_merge: Entering merged library JNI_OnLoad.
11-10 14:37:06.928 13683 13683 D jni_lib_merge: Preparing 12 pre-merged libs (including stub)
11-10 14:37:06.928 13683 13683 D jni_lib_merge: Preparing to register libfabricjni_so.  onload_func: 0x70d2dfbc8a60
11-10 14:37:06.928 13683 13683 D jni_lib_merge: Preparing to register libmapbufferjni_so.  onload_func: 0x70d2dfca3bb0
11-10 14:37:06.928 13683 13683 D jni_lib_merge: Preparing to register libreact_devsupportjni_so.  onload_func: 0x70d2dfdf5fe0
11-10 14:37:06.928 13683 13683 D jni_lib_merge: Preparing to register libreact_featureflagsjni_so.  onload_func: 0x70d2dfe01b90
11-10 14:37:06.928 13683 13683 D jni_lib_merge: Preparing to register libreact_newarchdefaults_so.  onload_func: 0x70d2dfe72b00
11-10 14:37:06.928 13683 13683 D jni_lib_merge: Preparing to register libreactnativeblob_so.  onload_func: 0x70d2e007d460
11-10 14:37:06.928 13683 13683 D jni_lib_merge: Preparing to register libreactnativejni_so.  onload_func: 0x70d2e00d9750
11-10 14:37:06.928 13683 13683 D jni_lib_merge: Preparing to register librninstance_so.  onload_func: 0x70d2e0126eb0
11-10 14:37:06.928 13683 13683 D jni_lib_merge: Preparing to register libturbomodulejsijni_so.  onload_func: 0x70d2e01f5410
11-10 14:37:06.928 13683 13683 D jni_lib_merge: Preparing to register libuimanagerjni_so.  onload_func: 0x70d2e020fbd0
11-10 14:37:06.928 13683 13683 D jni_lib_merge: Preparing to register libyoga_so.  onload_func: 0x70d2e021d950
11-10 14:37:06.928 13683 13683 D jni_lib_merge: About to register 11 actual methods.
11-10 14:37:06.959 13683 13683 D nativeloader: Load /data/app/~~O0wKufl6oJTKMfpq4vUYLw==/com.tuapp.seguritacapp-8rvujUmEqTRtpvTXOdX_Jg==/base.apk!/lib/x86_64/libreact_codegen_rnscreens.so using class loader ns clns-9 (caller=/data/app/~~O0wKufl6oJTKMfpq4vUYLw==/com.tuapp.seguritacapp-8rvujUmEqTRtpvTXOdX_Jg==/base.apk!classes5.dex): ok
11-10 14:37:06.959 13683 13683 D jni_lib_merge: Entering merged library JNI_OnLoad.
11-10 14:37:06.959 13683 13683 D jni_lib_merge: Preparing 12 pre-merged libs (including stub)
11-10 14:37:06.959 13683 13683 D jni_lib_merge: Preparing to register libfabricjni_so.  onload_func: 0x70d2dfbc8a60
11-10 14:37:06.959 13683 13683 D jni_lib_merge: Preparing to register libmapbufferjni_so.  onload_func: 0x70d2dfca3bb0
11-10 14:37:06.959 13683 13683 D jni_lib_merge: Preparing to register libreact_devsupportjni_so.  onload_func: 0x70d2dfdf5fe0
11-10 14:37:06.959 13683 13683 D jni_lib_merge: Preparing to register libreact_featureflagsjni_so.  onload_func: 0x70d2dfe01b90
11-10 14:37:06.959 13683 13683 D jni_lib_merge: Preparing to register libreact_newarchdefaults_so.  onload_func: 0x70d2dfe72b00
11-10 14:37:06.959 13683 13683 D jni_lib_merge: Preparing to register libreactnativeblob_so.  onload_func: 0x70d2e007d460
11-10 14:37:06.959 13683 13683 D jni_lib_merge: Preparing to register libreactnativejni_so.  onload_func: 0x70d2e00d9750
11-10 14:37:06.959 13683 13683 D jni_lib_merge: Preparing to register librninstance_so.  onload_func: 0x70d2e0126eb0
11-10 14:37:06.959 13683 13683 D jni_lib_merge: Preparing to register libturbomodulejsijni_so.  onload_func: 0x70d2e01f5410
11-10 14:37:06.959 13683 13683 D jni_lib_merge: Preparing to register libuimanagerjni_so.  onload_func: 0x70d2e020fbd0
11-10 14:37:06.959 13683 13683 D jni_lib_merge: Preparing to register libyoga_so.  onload_func: 0x70d2e021d950
11-10 14:37:06.959 13683 13683 D jni_lib_merge: About to register 11 actual methods.
11-10 14:37:06.978 13683 13683 D nativeloader: Load /data/app/~~O0wKufl6oJTKMfpq4vUYLw==/com.tuapp.seguritacapp-8rvujUmEqTRtpvTXOdX_Jg==/base.apk!/lib/x86_64/libreact_codegen_rnsvg.so using class loader ns clns-9 (caller=/data/app/~~O0wKufl6oJTKMfpq4vUYLw==/com.tuapp.seguritacapp-8rvujUmEqTRtpvTXOdX_Jg==/base.apk!classes5.dex): ok
11-10 14:37:06.978 13683 13683 D jni_lib_merge: Entering merged library JNI_OnLoad.
11-10 14:37:06.978 13683 13683 D jni_lib_merge: Preparing 12 pre-merged libs (including stub)
11-10 14:37:06.978 13683 13683 D jni_lib_merge: Preparing to register libfabricjni_so.  onload_func: 0x70d2dfbc8a60
11-10 14:37:06.978 13683 13683 D jni_lib_merge: Preparing to register libmapbufferjni_so.  onload_func: 0x70d2dfca3bb0
11-10 14:37:06.979 13683 13683 D jni_lib_merge: Preparing to register libreact_devsupportjni_so.  onload_func: 0x70d2dfdf5fe0
11-10 14:37:06.979 13683 13683 D jni_lib_merge: Preparing to register libreact_featureflagsjni_so.  onload_func: 0x70d2dfe01b90
11-10 14:37:06.979 13683 13683 D jni_lib_merge: Preparing to register libreact_newarchdefaults_so.  onload_func: 0x70d2dfe72b00
11-10 14:37:06.979 13683 13683 D jni_lib_merge: Preparing to register libreactnativeblob_so.  onload_func: 0x70d2e007d460
11-10 14:37:06.979 13683 13683 D jni_lib_merge: Preparing to register libreactnativejni_so.  onload_func: 0x70d2e00d9750
11-10 14:37:06.979 13683 13683 D jni_lib_merge: Preparing to register librninstance_so.  onload_func: 0x70d2e0126eb0
11-10 14:37:06.979 13683 13683 D jni_lib_merge: Preparing to register libturbomodulejsijni_so.  onload_func: 0x70d2e01f5410
11-10 14:37:06.979 13683 13683 D jni_lib_merge: Preparing to register libuimanagerjni_so.  onload_func: 0x70d2e020fbd0
11-10 14:37:06.979 13683 13683 D jni_lib_merge: Preparing to register libyoga_so.  onload_func: 0x70d2e021d950
11-10 14:37:06.979 13683 13683 D jni_lib_merge: About to register 11 actual methods.
11-10 14:37:06.986 13683 13683 D nativeloader: Load /data/app/~~O0wKufl6oJTKMfpq4vUYLw==/com.tuapp.seguritacapp-8rvujUmEqTRtpvTXOdX_Jg==/base.apk!/lib/x86_64/libreact_codegen_safeareacontext.so using class loader ns clns-9 (caller=/data/app/~~O0wKufl6oJTKMfpq4vUYLw==/com.tuapp.seguritacapp-8rvujUmEqTRtpvTXOdX_Jg==/base.apk!classes5.dex): ok
11-10 14:37:06.995 13683 13683 D nativeloader: Load /data/app/~~O0wKufl6oJTKMfpq4vUYLw==/com.tuapp.seguritacapp-8rvujUmEqTRtpvTXOdX_Jg==/base.apk!/lib/x86_64/libreact_codegen_rnpicker.so using class loader ns clns-9 (caller=/data/app/~~O0wKufl6oJTKMfpq4vUYLw==/com.tuapp.seguritacapp-8rvujUmEqTRtpvTXOdX_Jg==/base.apk!classes5.dex): ok
11-10 14:37:06.995 13683 13683 D jni_lib_merge: Entering merged library JNI_OnLoad.
11-10 14:37:06.995 13683 13683 D jni_lib_merge: Preparing 12 pre-merged libs (including stub)
11-10 14:37:06.995 13683 13683 D jni_lib_merge: Preparing to register libfabricjni_so.  onload_func: 0x70d2dfbc8a60
11-10 14:37:06.995 13683 13683 D jni_lib_merge: Preparing to register libmapbufferjni_so.  onload_func: 0x70d2dfca3bb0
11-10 14:37:06.995 13683 13683 D jni_lib_merge: Preparing to register libreact_devsupportjni_so.  onload_func: 0x70d2dfdf5fe0
11-10 14:37:06.995 13683 13683 D jni_lib_merge: Preparing to register libreact_featureflagsjni_so.  onload_func: 0x70d2dfe01b90
11-10 14:37:06.995 13683 13683 D jni_lib_merge: Preparing to register libreact_newarchdefaults_so.  onload_func: 0x70d2dfe72b00
11-10 14:37:06.995 13683 13683 D jni_lib_merge: Preparing to register libreactnativeblob_so.  onload_func: 0x70d2e007d460
11-10 14:37:06.995 13683 13683 D jni_lib_merge: Preparing to register libreactnativejni_so.  onload_func: 0x70d2e00d9750
11-10 14:37:06.995 13683 13683 D jni_lib_merge: Preparing to register librninstance_so.  onload_func: 0x70d2e0126eb0
11-10 14:37:06.995 13683 13683 D jni_lib_merge: Preparing to register libturbomodulejsijni_so.  onload_func: 0x70d2e01f5410
11-10 14:37:06.995 13683 13683 D jni_lib_merge: Preparing to register libuimanagerjni_so.  onload_func: 0x70d2e020fbd0
11-10 14:37:06.995 13683 13683 D jni_lib_merge: Preparing to register libyoga_so.  onload_func: 0x70d2e021d950
11-10 14:37:06.995 13683 13683 D jni_lib_merge: About to register 11 actual methods.
11-10 14:37:07.017 13683 13683 D nativeloader: Load /data/app/~~O0wKufl6oJTKMfpq4vUYLw==/com.tuapp.seguritacapp-8rvujUmEqTRtpvTXOdX_Jg==/base.apk!/lib/x86_64/libappmodules.so using class loader ns clns-9 (caller=/data/app/~~O0wKufl6oJTKMfpq4vUYLw==/com.tuapp.seguritacapp-8rvujUmEqTRtpvTXOdX_Jg==/base.apk!classes5.dex): ok
11-10 14:37:07.281 13683 13683 I Choreographer: Skipped 41 frames!  The application may be doing too much work on its main thread.
11-10 14:37:07.315 13683 13720 I InstrConnection: Could not send broadcast or register receiver (isolatedProcess?)
11-10 14:37:07.329 13683 13720 D TestRequestBuilder: Using class path scanning to discover tests
11-10 14:37:07.329 13683 13720 I TestRequestBuilder: Scanning classpath to find tests in paths [/data/app/~~1VHEGdjTGq3uKkx4ipinPw==/com.tuapp.seguritacapp.test-aWfRZpj7tx8WvTh26gKAiw==/base.apk]
11-10 14:37:07.329 13683 13720 W pp.seguritacapp: Opening an oat file without a class loader. Are you using the deprecated DexFile APIs?
11-10 14:37:07.854 13683 13720 I TestRunner: run started: 1 tests
11-10 14:37:07.857 13683 13720 I TestRunner: started: runDetoxTests(com.tuapp.seguritacapp.DetoxTest)
11-10 14:37:07.870 13683 13720 I Detox   : Detox server connection details: url=ws://localhost:54435, sessionId=76ee174d-3337-9dfe-7e4f-d66bfba7d789
11-10 14:37:07.888 13683 13720 W FileTestStorage: Output properties is not supported.
11-10 14:37:07.890 13683 13720 I Tracing : Tracer added: class androidx.test.platform.tracing.AndroidXTracer
11-10 14:37:07.914 13683 13720 D EventInjectionStrategy: Creating injection strategy with input manager.
11-10 14:37:07.915 13683 13720 I pp.seguritacapp: hiddenapi: Accessing hidden method Landroid/hardware/input/InputManager;->getInstance()Landroid/hardware/input/InputManager; (runtime_flags=0, domain=platform, api=unsupported) from Landroidx/test/espresso/base/InputManagerEventInjectionStrategy; (domain=app) using reflection: allowed
11-10 14:37:07.918 13683 13720 I pp.seguritacapp: hiddenapi: Accessing hidden method Landroid/hardware/input/InputManager;->injectInputEvent(Landroid/view/InputEvent;I)Z (runtime_flags=0, domain=platform, api=unsupported) from Landroidx/test/espresso/base/InputManagerEventInjectionStrategy; (domain=app) using reflection: allowed
11-10 14:37:07.918 13683 13720 I pp.seguritacapp: hiddenapi: Accessing hidden field Landroid/hardware/input/InputManager;->INJECT_INPUT_EVENT_MODE_WAIT_FOR_FINISH:I (runtime_flags=0, domain=platform, api=unsupported) from Landroidx/test/espresso/base/InputManagerEventInjectionStrategy; (domain=app) using reflection: allowed
11-10 14:37:07.933 13683 13720 I pp.seguritacapp: hiddenapi: Accessing hidden field Ljava/lang/reflect/Field;->accessFlags:I (runtime_flags=0, domain=core-platform, api=unsupported) from Lorg/joor/Reflect; (domain=app) using reflection: allowed
11-10 14:37:07.938 13683 13720 I Detox   : Connecting to server...
11-10 14:37:07.938 13683 13720 I DetoxWSClient: At connectToServer
11-10 14:37:07.958 13683 13735 D DetoxWSClient: At onOpen
11-10 14:37:07.958 13683 13735 I DetoxWSClient: Sending out action 'login' (ID #0)
11-10 14:37:07.959 13683 13735 I Detox   : Connected to server!
11-10 14:37:07.962 13683 13735 D DetoxWSClient: Received action 'loginSuccess' (ID #0, params={"testerConnected":true,"appConnected":true})
11-10 14:37:07.962 13683 13730 I DetoxDispatcher: Handling action 'loginSuccess' (ID #0)...
11-10 14:37:07.963 13683 13730 I DetoxDispatcher: Done with action 'loginSuccess'
11-10 14:37:07.963 13683 13720 I Detox   : Launching the tested activity!
11-10 14:37:08.004 13683 13735 D DetoxWSClient: Received action 'isReady' (ID #-1000, params={})
11-10 14:37:08.005 13683 13730 I DetoxDispatcher: Handling action 'isReady' (ID #-1000)...
11-10 14:37:08.089 13683 13739 I DisplayManager: Choreographer implicitly registered for the refresh rate.
11-10 14:37:08.108 13683 13683 I pp.seguritacapp: AssetManager2(0x70d3768aaff8) locale list changing from [] to [en-US]
11-10 14:37:08.270 13683 13739 I EGL_emulation: Opening libGLESv1_CM_emulation.so
11-10 14:37:08.270 13683 13739 I EGL_emulation: Opening libGLESv2_emulation.so
11-10 14:37:08.273 13683 13683 D AppCompatDelegate: Checking for metadata for AppLocalesMetadataHolderService : Service not found
11-10 14:37:08.274 13683 13683 I pp.seguritacapp: AssetManager2(0x70d3768acc18) locale list changing from [] to [en-US]
11-10 14:37:08.292 13683 13739 W HWUI    : Failed to choose config with EGL_SWAP_BEHAVIOR_PRESERVED, retrying without...
11-10 14:37:08.292 13683 13739 W HWUI    : Failed to initialize 101010-2 format, error = EGL_SUCCESS
11-10 14:37:08.318 13683 13683 D LifecycleMonitor: Lifecycle status change: com.tuapp.seguritacapp.MainActivity@7626e9a in: PRE_ON_CREATE
11-10 14:37:08.394 13683 13683 D DesktopModeFlags: Toggle override initialized to: OVERRIDE_UNSET
11-10 14:37:08.431 13683 13683 I pp.seguritacapp: hiddenapi: Accessing hidden method Landroid/view/View;->computeFitSystemWindows(Landroid/graphics/Rect;Landroid/graphics/Rect;)Z (runtime_flags=0, domain=platform, api=unsupported) from Landroidx/appcompat/widget/ViewUtils; (domain=app) using reflection: allowed
11-10 14:37:08.432 13683 13683 I pp.seguritacapp: hiddenapi: Accessing hidden method Landroid/view/ViewGroup;->makeOptionalFitsSystemWindows()V (runtime_flags=0, domain=platform, api=unsupported) from Landroidx/appcompat/widget/ViewUtils; (domain=app) using reflection: allowed
11-10 14:37:08.443 13683 13683 W HWUI    : Image decoding logging dropped!
11-10 14:37:08.459 13683 13683 I ExpoDevMenu: Set new dev-menu delegate: class expo.modules.devmenu.DevMenuDefaultDelegate
11-10 14:37:08.467 13683 13683 I expo-notifications: ExpoNotificationLifeCycleListener.onCreate::
11-10 14:37:08.467 13683 13683 I expo-notifications: launchArgs
11-10 14:37:08.467 13683 13683 I expo-notifications:   detoxURLOverride: exp+seguridadciudadanaapp://expo-development-client/?url=http%3A%2F%2F10.0.2.2%3A8081
11-10 14:37:08.467 13683 13683 I expo-notifications:   detoxServer: ws://localhost:54435
11-10 14:37:08.467 13683 13683 I expo-notifications:   detoxSessionId: 76ee174d-3337-9dfe-7e4f-d66bfba7d789
11-10 14:37:08.467 13683 13683 I expo-notifications:   detoxEnableSynchronization: 0
11-10 14:37:08.471 13683 13683 D LifecycleMonitor: Lifecycle status change: com.tuapp.seguritacapp.MainActivity@7626e9a in: CREATED
11-10 14:37:08.472 13683 13683 D LifecycleMonitor: Lifecycle status change: com.tuapp.seguritacapp.MainActivity@7626e9a in: STARTED
11-10 14:37:08.482 13683 13683 D LifecycleMonitor: Lifecycle status change: com.tuapp.seguritacapp.MainActivity@7626e9a in: RESUMED
11-10 14:37:08.515 13683 13683 W HWUI    : Unknown dataspace 0
11-10 14:37:08.670 13683 13683 I ExpoDevMenu: Set new dev-menu delegate: class expo.modules.devmenu.DevMenuDefaultDelegate
11-10 14:37:08.690 13683 13683 D InsetsController: hide(ime(), fromIme=false)
11-10 14:37:08.690 13683 13683 I ImeTracker: com.tuapp.seguritacapp:c39b1a0c: onCancelled at PHASE_CLIENT_ALREADY_HIDDEN
11-10 14:37:08.693 13683 13683 D LifecycleMonitor: Lifecycle status change: com.tuapp.seguritacapp.MainActivity@7626e9a in: PAUSED
11-10 14:37:08.725 13683 13683 I pp.seguritacapp: AssetManager2(0x70d3768b4918) locale list changing from [] to [en-US]
11-10 14:37:08.738 13683 13683 D LifecycleMonitor: Lifecycle status change: com.tuapp.seguritacapp.MainActivity@a51057b in: PRE_ON_CREATE
11-10 14:37:08.821 13683 13683 W unknown:BridgelessReact: ReactHost{0}.startSurface(surfaceId = 0): Schedule
11-10 14:37:08.821 13683 13683 W unknown:BridgelessReact: ReactHost{0}.attachSurface(surfaceId = 0)
11-10 14:37:08.823 13683 13757 W unknown:BridgelessReact: ReactHost{0}.getOrCreateReactInstanceTask()
11-10 14:37:08.824 13683 13757 W unknown:BridgelessReact: ReactHost{0}.getOrCreateReactInstanceTask(): Start
11-10 14:37:08.824 13683 13757 D Detox.RNMarker: REACT_BRIDGELESS_LOADING_START (null)
11-10 14:37:08.824 13683 13757 W unknown:BridgelessReact: ReactHost{0}.getJSBundleLoader()
11-10 14:37:08.824 13683 13757 W unknown:BridgelessReact: ReactHost{0}.isMetroRunning()
11-10 14:37:08.834 13683 13683 D LifecycleMonitor: Lifecycle status change: com.tuapp.seguritacapp.MainActivity@a51057b in: CREATED
11-10 14:37:08.835 13683 13683 D LifecycleMonitor: Lifecycle status change: com.tuapp.seguritacapp.MainActivity@a51057b in: STARTED
11-10 14:37:08.838 13683 13683 W unknown:BridgelessReact: ReactHost{0}.onHostResume(activity)
11-10 14:37:08.838 13683 13683 D LifecycleMonitor: Lifecycle status change: com.tuapp.seguritacapp.MainActivity@a51057b in: RESUMED
11-10 14:37:08.844 13683 13683 D VRI[MainActivity]: visibilityChanged oldVisibility=true newVisibility=false
11-10 14:37:08.849 13683 13758 W unknown:BridgelessReact: ReactHost{0}.isMetroRunning(): Async result = true
11-10 14:37:08.850 13683 13757 W unknown:BridgelessReact: ReactHost{0}.loadJSBundleFromMetro()
11-10 14:37:08.851 13683 13757 D Detox.RNMarker: DOWNLOAD_START (null)
11-10 14:37:08.974 13683 13683 D LifecycleMonitor: Lifecycle status change: com.tuapp.seguritacapp.MainActivity@7626e9a in: STOPPED
11-10 14:37:08.975 13683 13683 D LifecycleMonitor: Lifecycle status change: com.tuapp.seguritacapp.MainActivity@7626e9a in: DESTROYED
11-10 14:37:08.976 13683 13683 W WindowOnBackDispatcher: sendCancelIfRunning: isInProgress=false callback=android.view.ViewRootImpl$$ExternalSyntheticLambda13@c421daa
11-10 14:37:08.989 13683 13683 D ViewRootImpl: Skipping stats log for color mode
11-10 14:37:09.112 13683 13683 W unknown:BridgelessReact: ReactHost{0}.raiseSoftException(onWindowFocusChange(hasFocus = "true")): Tried to access onWindowFocusChange while context is not ready
11-10 14:37:09.117 13683 13683 E unknown:ReactHost: Unhandled SoftException
11-10 14:37:09.117 13683 13683 E unknown:ReactHost: com.facebook.react.bridge.ReactNoCrashSoftException: raiseSoftException(onWindowFocusChange(hasFocus = "true")): Tried to access onWindowFocusChange while context is not ready
11-10 14:37:09.117 13683 13683 E unknown:ReactHost: 	at com.facebook.react.runtime.ReactHostImpl.raiseSoftException(ReactHostImpl.java:942)
11-10 14:37:09.117 13683 13683 E unknown:ReactHost: 	at com.facebook.react.runtime.ReactHostImpl.raiseSoftException(ReactHostImpl.java:935)
11-10 14:37:09.117 13683 13683 E unknown:ReactHost: 	at com.facebook.react.runtime.ReactHostImpl.onWindowFocusChange(ReactHostImpl.java:716)
11-10 14:37:09.117 13683 13683 E unknown:ReactHost: 	at com.facebook.react.ReactDelegate.onWindowFocusChanged(ReactDelegate.java:204)
11-10 14:37:09.117 13683 13683 E unknown:ReactHost: 	at com.facebook.react.ReactActivityDelegate.onWindowFocusChanged(ReactActivityDelegate.java:189)
11-10 14:37:09.117 13683 13683 E unknown:ReactHost: 	at expo.modules.ReactActivityDelegateWrapper.onWindowFocusChanged(ReactActivityDelegateWrapper.kt:298)
11-10 14:37:09.117 13683 13683 E unknown:ReactHost: 	at com.facebook.react.ReactActivity.onWindowFocusChanged(ReactActivity.java:138)
11-10 14:37:09.117 13683 13683 E unknown:ReactHost: 	at androidx.appcompat.view.WindowCallbackWrapper.onWindowFocusChanged(WindowCallbackWrapper.java:125)
11-10 14:37:09.117 13683 13683 E unknown:ReactHost: 	at com.android.internal.policy.DecorView.onWindowFocusChanged(DecorView.java:1818)
11-10 14:37:09.117 13683 13683 E unknown:ReactHost: 	at android.view.View.dispatchWindowFocusChanged(View.java:16952)
11-10 14:37:09.117 13683 13683 E unknown:ReactHost: 	at android.view.ViewGroup.dispatchWindowFocusChanged(ViewGroup.java:1530)
11-10 14:37:09.117 13683 13683 E unknown:ReactHost: 	at android.view.ViewRootImpl.dispatchFocusEvent(ViewRootImpl.java:4872)
11-10 14:37:09.117 13683 13683 E unknown:ReactHost: 	at android.view.ViewRootImpl.handleWindowFocusChanged(ViewRootImpl.java:4776)
11-10 14:37:09.117 13683 13683 E unknown:ReactHost: 	at android.view.ViewRootImpl.-$$Nest$mhandleWindowFocusChanged(Unknown Source:0)
11-10 14:37:09.117 13683 13683 E unknown:ReactHost: 	at android.view.ViewRootImpl$ViewRootHandler.handleMessageImpl(ViewRootImpl.java:7016)
11-10 14:37:09.117 13683 13683 E unknown:ReactHost: 	at android.view.ViewRootImpl$ViewRootHandler.handleMessage(ViewRootImpl.java:6926)
11-10 14:37:09.117 13683 13683 E unknown:ReactHost: 	at android.os.Handler.dispatchMessage(Handler.java:110)
11-10 14:37:09.117 13683 13683 E unknown:ReactHost: 	at android.os.Looper.loopOnce(Looper.java:248)
11-10 14:37:09.117 13683 13683 E unknown:ReactHost: 	at android.os.Looper.loop(Looper.java:338)
11-10 14:37:09.117 13683 13683 E unknown:ReactHost: 	at android.app.ActivityThread.main(ActivityThread.java:9067)
11-10 14:37:09.117 13683 13683 E unknown:ReactHost: 	at java.lang.reflect.Method.invoke(Native Method)
11-10 14:37:09.117 13683 13683 E unknown:ReactHost: 	at com.android.internal.os.RuntimeInit$MethodAndArgsCaller.run(RuntimeInit.java:593)
11-10 14:37:09.117 13683 13683 E unknown:ReactHost: 	at com.android.internal.os.ZygoteInit.main(ZygoteInit.java:932)
11-10 14:37:09.126 13683 13683 D InsetsController: hide(ime(), fromIme=false)
11-10 14:37:09.126 13683 13683 I ImeTracker: com.tuapp.seguritacapp:aec17cfe: onCancelled at PHASE_CLIENT_ALREADY_HIDDEN
11-10 14:37:09.284 13683 13687 I pp.seguritacapp: Compiler allocated 5042KB to compile void android.view.ViewRootImpl.performTraversals()
11-10 14:37:11.966 13683 13759 D Detox.RNMarker: DOWNLOAD_END ({"url":"http:\/\/10.0.2.2:8081\/index.ts.bundle?platform=android&dev=true&hot=false&transform.engine=hermes&transform.bytecode=1&transform.routerRoot=app&unstable_transformProfile=hermes-stable","filesChangedCount":0})
11-10 14:37:11.966 13683 13759 W unknown:BridgelessReact: ReactHost{0}.loadJSBundleFromMetro(): Creating BundleLoader
11-10 14:37:11.966 13683 13683 W WindowOnBackDispatcher: sendCancelIfRunning: isInProgress=false callback=android.view.ViewRootImpl$$ExternalSyntheticLambda13@5f5d34b
11-10 14:37:11.967 13683 13757 W unknown:BridgelessReact: ReactHost{0}.getOrCreateReactContext(): Creating BridgelessReactContext
11-10 14:37:11.972 13683 13757 W unknown:BridgelessReact: ReactHost{0}.getOrCreateReactInstanceTask(): Creating ReactInstance
11-10 14:37:12.010 13683 13757 D nativeloader: Load /data/app/~~O0wKufl6oJTKMfpq4vUYLw==/com.tuapp.seguritacapp-8rvujUmEqTRtpvTXOdX_Jg==/base.apk!/lib/x86_64/libhermes.so using class loader ns clns-9 (caller=/data/app/~~O0wKufl6oJTKMfpq4vUYLw==/com.tuapp.seguritacapp-8rvujUmEqTRtpvTXOdX_Jg==/base.apk!classes5.dex): ok
11-10 14:37:12.012 13683 13757 D nativeloader: Load /data/app/~~O0wKufl6oJTKMfpq4vUYLw==/com.tuapp.seguritacapp-8rvujUmEqTRtpvTXOdX_Jg==/base.apk!/lib/x86_64/libhermestooling.so using class loader ns clns-9 (caller=/data/app/~~O0wKufl6oJTKMfpq4vUYLw==/com.tuapp.seguritacapp-8rvujUmEqTRtpvTXOdX_Jg==/base.apk!classes5.dex): ok
11-10 14:37:12.013 13683 13757 D jni_lib_merge: Entering merged library JNI_OnLoad.
11-10 14:37:12.013 13683 13757 D jni_lib_merge: Preparing 4 pre-merged libs (including stub)
11-10 14:37:12.013 13683 13757 D jni_lib_merge: Preparing to register libhermes_executor_so.  onload_func: 0x70d2ccaf12a0
11-10 14:37:12.013 13683 13757 D jni_lib_merge: Preparing to register libhermesinstancejni_so.  onload_func: 0x70d2ccb23190
11-10 14:37:12.013 13683 13757 D jni_lib_merge: Preparing to register libjsijniprofiler_so.  onload_func: 0x70d2ccb25150
11-10 14:37:12.013 13683 13757 D jni_lib_merge: About to register 3 actual methods.
11-10 14:37:12.408 13683 13769 D ProfileInstaller: Installing profile for com.tuapp.seguritacapp
11-10 14:37:12.511 13683 13688 W pp.seguritacapp: Cleared Reference was only reachable from finalizer (only reported once)
11-10 14:37:12.778 13683 13757 I ExpoModulesCore: ✅ AppContext was initialized
11-10 14:37:12.857 13683 13757 W ReactNativeJNI: Component property map contains multiple entries for 'borderColor'. Ensure all calls to convertRawProp use a consistent prefix, name and suffix.
11-10 14:37:12.857 13683 13757 W ReactNativeJNI: Component property map contains multiple entries for 'borderStyle'. Ensure all calls to convertRawProp use a consistent prefix, name and suffix.
11-10 14:37:12.878 13683 13757 W ReactNativeJNI: Component property map contains multiple entries for 'borderColor'. Ensure all calls to convertRawProp use a consistent prefix, name and suffix.
11-10 14:37:12.878 13683 13757 W ReactNativeJNI: Component property map contains multiple entries for 'borderStyle'. Ensure all calls to convertRawProp use a consistent prefix, name and suffix.
11-10 14:37:12.878 13683 13757 W ReactNativeJNI: Component property map contains multiple entries for 'borderRadius'. Ensure all calls to convertRawProp use a consistent prefix, name and suffix.
11-10 14:37:12.878 13683 13757 W ReactNativeJNI: Component property map contains multiple entries for 'borderEndColor'. Ensure all calls to convertRawProp use a consistent prefix, name and suffix.
11-10 14:37:12.878 13683 13757 W ReactNativeJNI: Component property map contains multiple entries for 'borderTopColor'. Ensure all calls to convertRawProp use a consistent prefix, name and suffix.
11-10 14:37:12.878 13683 13757 W ReactNativeJNI: Component property map contains multiple entries for 'borderLeftColor'. Ensure all calls to convertRawProp use a consistent prefix, name and suffix.
11-10 14:37:12.878 13683 13757 W ReactNativeJNI: Component property map contains multiple entries for 'borderBlockColor'. Ensure all calls to convertRawProp use a consistent prefix, name and suffix.
11-10 14:37:12.878 13683 13757 W ReactNativeJNI: Component property map contains multiple entries for 'borderRightColor'. Ensure all calls to convertRawProp use a consistent prefix, name and suffix.
11-10 14:37:12.878 13683 13757 W ReactNativeJNI: Component property map contains multiple entries for 'borderStartColor'. Ensure all calls to convertRawProp use a consistent prefix, name and suffix.
11-10 14:37:12.878 13683 13757 W ReactNativeJNI: Component property map contains multiple entries for 'borderBottomColor'. Ensure all calls to convertRawProp use a consistent prefix, name and suffix.
11-10 14:37:12.878 13683 13757 W ReactNativeJNI: Component property map contains multiple entries for 'borderEndEndRadius'. Ensure all calls to convertRawProp use a consistent prefix, name and suffix.
11-10 14:37:12.878 13683 13757 W ReactNativeJNI: Component property map contains multiple entries for 'borderTopEndRadius'. Ensure all calls to convertRawProp use a consistent prefix, name and suffix.
11-10 14:37:12.878 13683 13757 W ReactNativeJNI: Component property map contains multiple entries for 'borderBlockEndColor'. Ensure all calls to convertRawProp use a consistent prefix, name and suffix.
11-10 14:37:12.878 13683 13757 W ReactNativeJNI: Component property map contains multiple entries for 'borderTopLeftRadius'. Ensure all calls to convertRawProp use a consistent prefix, name and suffix.
11-10 14:37:12.878 13683 13757 W ReactNativeJNI: Component property map contains multiple entries for 'borderEndStartRadius'. Ensure all calls to convertRawProp use a consistent prefix, name and suffix.
11-10 14:37:12.878 13683 13757 W ReactNativeJNI: Component property map contains multiple entries for 'borderStartEndRadius'. Ensure all calls to convertRawProp use a consistent prefix, name and suffix.
11-10 14:37:12.878 13683 13757 W ReactNativeJNI: Component property map contains multiple entries for 'borderTopRightRadius'. Ensure all calls to convertRawProp use a consistent prefix, name and suffix.
11-10 14:37:12.878 13683 13757 W ReactNativeJNI: Component property map contains multiple entries for 'borderTopStartRadius'. Ensure all calls to convertRawProp use a consistent prefix, name and suffix.
11-10 14:37:12.878 13683 13757 W ReactNativeJNI: Component property map contains multiple entries for 'borderBlockStartColor'. Ensure all calls to convertRawProp use a consistent prefix, name and suffix.
11-10 14:37:12.878 13683 13757 W ReactNativeJNI: Component property map contains multiple entries for 'borderBottomEndRadius'. Ensure all calls to convertRawProp use a consistent prefix, name and suffix.
11-10 14:37:12.878 13683 13757 W ReactNativeJNI: Component property map contains multiple entries for 'borderBottomLeftRadius'. Ensure all calls to convertRawProp use a consistent prefix, name and suffix.
11-10 14:37:12.878 13683 13757 W ReactNativeJNI: Component property map contains multiple entries for 'borderStartStartRadius'. Ensure all calls to convertRawProp use a consistent prefix, name and suffix.
11-10 14:37:12.878 13683 13757 W ReactNativeJNI: Component property map contains multiple entries for 'borderBottomRightRadius'. Ensure all calls to convertRawProp use a consistent prefix, name and suffix.
11-10 14:37:12.878 13683 13757 W ReactNativeJNI: Component property map contains multiple entries for 'borderBottomStartRadius'. Ensure all calls to convertRawProp use a consistent prefix, name and suffix.
11-10 14:37:12.975 13683 13757 W unknown:BridgelessReact: ReactHost{0}.getOrCreateReactInstanceTask(): Loading JS Bundle
11-10 14:37:12.976 13683 13757 W unknown:BridgelessReact: ReactHost{0}.getOrCreateReactInstanceTask(): Calling DevSupportManagerBase.onNewReactContextCreated(reactContext)
11-10 14:37:12.976 13683 13764 D Detox.RNMarker: RUN_JS_BUNDLE_START (/index.ts.bundle?platform=android&dev=true&hot=false&transform.engine=hermes&transform.bytecode=1&transform.routerRoot=app&unstable_transformProfile=hermes-stable)
11-10 14:37:12.981 13683 13683 W unknown:BridgelessReact: ReactContext.onHostResume()
11-10 14:37:12.985 13683 13683 W unknown:BridgelessReact: ReactHost{0}.getOrCreateReactInstanceTask(): Executing ReactInstanceEventListeners
11-10 14:37:12.985 13683 13683 I ExpoDevMenu: Delegate's context was loaded.
11-10 14:37:12.989 13683 13683 W SoLoader: SoLoader already initialized
11-10 14:37:13.000 13683 13683 W DevLauncher: java.lang.NoSuchFieldException: No field mOverrideColorScheme in class Lcom/facebook/react/modules/appearance/AppearanceModule; (declaration of 'com.facebook.react.modules.appearance.AppearanceModule' appears in /data/app/~~O0wKufl6oJTKMfpq4vUYLw==/com.tuapp.seguritacapp-8rvujUmEqTRtpvTXOdX_Jg==/base.apk!classes5.dex)
11-10 14:37:13.000 13683 13683 W DevLauncher: 	at java.lang.Class.getDeclaredField(Native Method)
11-10 14:37:13.000 13683 13683 W DevLauncher: 	at expo.modules.devlauncher.helpers.DevLauncherReflectionExtensionsKt.setProtectedDeclaredField(DevLauncherReflectionExtensions.kt:21)
11-10 14:37:13.000 13683 13683 W DevLauncher: 	at expo.modules.devlauncher.launcher.loaders.DevLauncherExpoAppLoader.applyUserInterfaceStyle(DevLauncherExpoAppLoader.kt:51)
11-10 14:37:13.000 13683 13683 W DevLauncher: 	at expo.modules.devlauncher.launcher.loaders.DevLauncherExpoAppLoader.onReactContext(DevLauncherExpoAppLoader.kt:39)
11-10 14:37:13.000 13683 13683 W DevLauncher: 	at expo.modules.devlauncher.launcher.loaders.DevLauncherAppLoader$createOnDelegateWillBeCreatedListener$1$2.onReactContextInitialized(DevLauncherAppLoader.kt:57)
11-10 14:37:13.000 13683 13683 W DevLauncher: 	at com.facebook.react.runtime.ReactHostImpl.lambda$getOrCreateReactInstanceTask$23(ReactHostImpl.java:1199)
11-10 14:37:13.000 13683 13683 W DevLauncher: 	at com.facebook.react.runtime.ReactHostImpl.$r8$lambda$_DltxGexC_ZtRzEC625dZXiL8zo(Unknown Source:0)
11-10 14:37:13.000 13683 13683 W DevLauncher: 	at com.facebook.react.runtime.ReactHostImpl$$ExternalSyntheticLambda44.then(D8$$SyntheticClass:0)
11-10 14:37:13.000 13683 13683 W DevLauncher: 	at com.facebook.react.runtime.internal.bolts.Task$7.run(Task.java:423)
11-10 14:37:13.000 13683 13683 W DevLauncher: 	at com.facebook.react.runtime.internal.bolts.Executors$ImmediateExecutor.execute(Executors.kt:41)
11-10 14:37:13.000 13683 13683 W DevLauncher: 	at com.facebook.react.runtime.internal.bolts.Task.completeImmediately(Task.java:418)
11-10 14:37:13.000 13683 13683 W DevLauncher: 	at com.facebook.react.runtime.internal.bolts.Task.continueWith(Task.java:288)
11-10 14:37:13.000 13683 13683 W DevLauncher: 	at com.facebook.react.runtime.internal.bolts.Task.continueWith(Task.java:299)
11-10 14:37:13.000 13683 13683 W DevLauncher: 	at com.facebook.react.runtime.internal.bolts.Task$5.then(Task.java:354)
11-10 14:37:13.000 13683 13683 W DevLauncher: 	at com.facebook.react.runtime.internal.bolts.Task$5.then(Task.java:346)
11-10 14:37:13.000 13683 13683 W DevLauncher: 	at com.facebook.react.runtime.internal.bolts.Task$8.run(Task.java:460)
11-10 14:37:13.000 13683 13683 W DevLauncher: 	at android.os.Handler.handleCallback(Handler.java:995)
11-10 14:37:13.000 13683 13683 W DevLauncher: 	at android.os.Handler.dispatchMessage(Handler.java:103)
11-10 14:37:13.000 13683 13683 W DevLauncher: 	at android.os.Looper.loopOnce(Looper.java:248)
11-10 14:37:13.000 13683 13683 W DevLauncher: 	at android.os.Looper.loop(Looper.java:338)
11-10 14:37:13.000 13683 13683 W DevLauncher: 	at android.app.ActivityThread.main(ActivityThread.java:9067)
11-10 14:37:13.000 13683 13683 W DevLauncher: 	at java.lang.reflect.Method.invoke(Native Method)
11-10 14:37:13.000 13683 13683 W DevLauncher: 	at com.android.internal.os.RuntimeInit$MethodAndArgsCaller.run(RuntimeInit.java:593)
11-10 14:37:13.000 13683 13683 W DevLauncher: 	at com.android.internal.os.ZygoteInit.main(ZygoteInit.java:932)
11-10 14:37:13.000 13683 13683 I DetoxRNLoading: Got new RN-context through listener
11-10 14:37:13.001 13683 13757 W unknown:BridgelessReact: ReactHost{0}.startSurface(surfaceId = 0): Execute
11-10 14:37:13.003 13683 13772 W unknown:BridgelessReact: ReactHost{1}.getOrCreateStartTask(): Schedule
11-10 14:37:13.003 13683 13772 W unknown:BridgelessReact: ReactHost{1}.getOrCreateReactInstanceTask()
11-10 14:37:13.003 13683 13772 W unknown:BridgelessReact: ReactHost{1}.getOrCreateReactInstanceTask(): Start
11-10 14:37:13.003 13683 13772 D Detox.RNMarker: REACT_BRIDGELESS_LOADING_START (null)
11-10 14:37:13.003 13683 13772 W unknown:BridgelessReact: ReactHost{1}.getJSBundleLoader()
11-10 14:37:13.003 13683 13772 W unknown:BridgelessReact: ReactHost{1}.getOrCreateReactContext(): Creating BridgelessReactContext
11-10 14:37:13.003 13683 13772 W unknown:BridgelessReact: ReactHost{1}.getOrCreateReactInstanceTask(): Creating ReactInstance
11-10 14:37:13.014 13683 13683 I pp.seguritacapp: hiddenapi: Accessing hidden method Landroid/os/MessageQueue;->next()Landroid/os/Message; (runtime_flags=0, domain=platform, api=unsupported) from Landroidx/test/espresso/base/Interrogator; (domain=app) using reflection: allowed
11-10 14:37:13.014 13683 13683 I pp.seguritacapp: hiddenapi: Accessing hidden field Landroid/os/MessageQueue;->mMessages:Landroid/os/Message; (runtime_flags=0, domain=platform, api=unsupported) from Landroidx/test/espresso/base/Interrogator; (domain=app) using reflection: allowed
11-10 14:37:13.015 13683 13683 I pp.seguritacapp: hiddenapi: Accessing hidden method Landroid/os/Message;->recycleUnchecked()V (runtime_flags=0, domain=platform, api=unsupported) from Landroidx/test/espresso/base/Interrogator; (domain=app) using reflection: allowed
11-10 14:37:13.016 13683 13683 W unknown:BridgelessReact: ReactHost{0}.onUserLeaveHint(activity)
11-10 14:37:13.017 13683 13683 W unknown:BridgelessReact: ReactHost{0}.onHostPause(activity)
11-10 14:37:13.017 13683 13683 W unknown:BridgelessReact: ReactContext.onHostPause()
11-10 14:37:13.017 13683 13683 D LifecycleMonitor: Lifecycle status change: com.tuapp.seguritacapp.MainActivity@a51057b in: PAUSED
11-10 14:37:13.031 13683 13683 I pp.seguritacapp: AssetManager2(0x70d3768b29d8) locale list changing from [] to [en-US]
11-10 14:37:13.032 13683 13683 D LifecycleMonitor: Lifecycle status change: expo.modules.devmenu.DevMenuActivity@f8d2ae6 in: PRE_ON_CREATE
11-10 14:37:13.040 13683 13683 W unknown:BridgelessReact: ReactHost{1}.startSurface(surfaceId = 0): Schedule
11-10 14:37:13.040 13683 13683 W unknown:BridgelessReact: ReactHost{1}.attachSurface(surfaceId = 0)
11-10 14:37:13.042 13683 13772 I ExpoModulesCore: ✅ AppContext was initialized
11-10 14:37:13.059 13683 13683 D LifecycleMonitor: Lifecycle status change: expo.modules.devmenu.DevMenuActivity@f8d2ae6 in: CREATED
11-10 14:37:13.060 13683 13683 W unknown:ReactNative: Packager connection already open, nooping.
11-10 14:37:13.060 13683 13683 D LifecycleMonitor: Lifecycle status change: expo.modules.devmenu.DevMenuActivity@f8d2ae6 in: STARTED
11-10 14:37:13.061 13683 13683 W unknown:BridgelessReact: ReactHost{1}.onHostResume(activity)
11-10 14:37:13.061 13683 13683 W unknown:BridgelessReact: ReactContext.onHostResume()
11-10 14:37:13.062 13683 13683 D LifecycleMonitor: Lifecycle status change: expo.modules.devmenu.DevMenuActivity@f8d2ae6 in: RESUMED
11-10 14:37:13.064 13683 13772 W ReactNativeJNI: Component property map contains multiple entries for 'borderColor'. Ensure all calls to convertRawProp use a consistent prefix, name and suffix.
11-10 14:37:13.064 13683 13772 W ReactNativeJNI: Component property map contains multiple entries for 'borderStyle'. Ensure all calls to convertRawProp use a consistent prefix, name and suffix.
11-10 14:37:13.086 13683 13772 W ReactNativeJNI: Component property map contains multiple entries for 'borderColor'. Ensure all calls to convertRawProp use a consistent prefix, name and suffix.
11-10 14:37:13.086 13683 13772 W ReactNativeJNI: Component property map contains multiple entries for 'borderStyle'. Ensure all calls to convertRawProp use a consistent prefix, name and suffix.
11-10 14:37:13.086 13683 13772 W ReactNativeJNI: Component property map contains multiple entries for 'borderRadius'. Ensure all calls to convertRawProp use a consistent prefix, name and suffix.
11-10 14:37:13.086 13683 13772 W ReactNativeJNI: Component property map contains multiple entries for 'borderEndColor'. Ensure all calls to convertRawProp use a consistent prefix, name and suffix.
11-10 14:37:13.086 13683 13772 W ReactNativeJNI: Component property map contains multiple entries for 'borderTopColor'. Ensure all calls to convertRawProp use a consistent prefix, name and suffix.
11-10 14:37:13.086 13683 13772 W ReactNativeJNI: Component property map contains multiple entries for 'borderLeftColor'. Ensure all calls to convertRawProp use a consistent prefix, name and suffix.
11-10 14:37:13.086 13683 13772 W ReactNativeJNI: Component property map contains multiple entries for 'borderBlockColor'. Ensure all calls to convertRawProp use a consistent prefix, name and suffix.
11-10 14:37:13.086 13683 13772 W ReactNativeJNI: Component property map contains multiple entries for 'borderRightColor'. Ensure all calls to convertRawProp use a consistent prefix, name and suffix.
