11-14 16:09:03.084  8735  8844 D Detox.RNMarker: NATIVE_MODULE_SETUP_END (DevToolsSettingsManager)
11-14 16:09:03.087  8735  8844 D Detox.RNMarker: NATIVE_MODULE_SETUP_START (AppState)
11-14 16:09:03.088  8735  8844 D Detox.RNMarker: CREATE_MODULE_START (AppState)
11-14 16:09:03.089  8735  8844 D Detox.RNMarker: CREATE_MODULE_END (AppState)
11-14 16:09:03.089  8735  8844 D Detox.RNMarker: NATIVE_MODULE_SETUP_END (AppState)
11-14 16:09:03.098  8735  8844 D Detox.RNMarker: NATIVE_MODULE_SETUP_START (BlobModule)
11-14 16:09:03.098  8735  8844 D Detox.RNMarker: CREATE_MODULE_START (BlobModule)
11-14 16:09:03.101  8735  8844 D Detox.RNMarker: CREATE_MODULE_END (BlobModule)
11-14 16:09:03.102  8735  8844 D Detox.RNMarker: NATIVE_MODULE_SETUP_END (BlobModule)
11-14 16:09:03.104  8735  8844 D Detox.RNMarker: NATIVE_MODULE_SETUP_START (WebSocketModule)
11-14 16:09:03.104  8735  8844 D Detox.RNMarker: CREATE_MODULE_START (WebSocketModule)
11-14 16:09:03.104  8735  8844 D Detox.RNMarker: CREATE_MODULE_END (WebSocketModule)
11-14 16:09:03.105  8735  8844 D Detox.RNMarker: NATIVE_MODULE_SETUP_END (WebSocketModule)
11-14 16:09:03.112  8735  8857 D Detox.RNMarker: NATIVE_MODULE_SETUP_START (NativePerformanceCxx)
11-14 16:09:03.120  8735  8857 D Detox.RNMarker: NATIVE_MODULE_SETUP_START (NativeReactNativeFeatureFlagsCxx)
11-14 16:09:03.120  8735  8844 D Detox.RNMarker: NATIVE_MODULE_SETUP_START (Networking)
11-14 16:09:03.120  8735  8844 D Detox.RNMarker: CREATE_MODULE_START (Networking)
11-14 16:09:03.124  8735  8857 D Detox.RNMarker: NATIVE_MODULE_SETUP_START (RedBox)
11-14 16:09:03.125  8735  8857 D Detox.RNMarker: NATIVE_MODULE_SETUP_START (BugReporting)
11-14 16:09:03.126  8735  8844 D Detox.RNMarker: CREATE_MODULE_END (Networking)
11-14 16:09:03.126  8735  8844 D Detox.RNMarker: NATIVE_MODULE_SETUP_END (Networking)
11-14 16:09:03.128  8735  8857 D Detox.RNMarker: NATIVE_MODULE_SETUP_START (HeadlessJsTaskSupport)
11-14 16:09:03.129  8735  8857 D Detox.RNMarker: CREATE_MODULE_START (HeadlessJsTaskSupport)
11-14 16:09:03.129  8735  8857 D Detox.RNMarker: CREATE_MODULE_END (HeadlessJsTaskSupport)
11-14 16:09:03.130  8735  8857 D Detox.RNMarker: NATIVE_MODULE_SETUP_END (HeadlessJsTaskSupport)
11-14 16:09:03.133  8735  8844 D Detox.RNMarker: NATIVE_MODULE_SETUP_START (RedBox)
11-14 16:09:03.137  8735  8857 D Detox.RNMarker: NATIVE_MODULE_SETUP_START (PlatformConstants)
11-14 16:09:03.137  8735  8857 D Detox.RNMarker: CREATE_MODULE_START (PlatformConstants)
11-14 16:09:03.137  8735  8857 D Detox.RNMarker: CREATE_MODULE_END (PlatformConstants)
11-14 16:09:03.140  8735  8857 D Detox.RNMarker: NATIVE_MODULE_SETUP_END (PlatformConstants)
11-14 16:09:03.144  8735  8857 D Detox.RNMarker: NATIVE_MODULE_SETUP_START (SourceCode)
11-14 16:09:03.145  8735  8857 D Detox.RNMarker: CREATE_MODULE_START (SourceCode)
11-14 16:09:03.145  8735  8857 D Detox.RNMarker: CREATE_MODULE_END (SourceCode)
11-14 16:09:03.145  8735  8857 D Detox.RNMarker: NATIVE_MODULE_SETUP_END (SourceCode)
11-14 16:09:03.146  8735  8845 I WebViewFactory: Loading com.google.android.webview version 113.0.5672.136 (code 567263637)
11-14 16:09:03.147  8735  8857 D Detox.RNMarker: NATIVE_MODULE_SETUP_START (DeviceInfo)
11-14 16:09:03.148  8735  8857 D Detox.RNMarker: NATIVE_MODULE_SETUP_END (DeviceInfo)
11-14 16:09:03.149  8735  8845 W ziparchive: Unable to open '/data/app/~~bhUVnFOAnuGoWQ9w6zmW3Q==/com.google.android.trichromelibrary_567263637--OyXGzkvsKMHQm4_eeFJMQ==/TrichromeLibrary.dm': No such file or directory
11-14 16:09:03.149  8735  8845 W ziparchive: Unable to open '/data/app/~~bhUVnFOAnuGoWQ9w6zmW3Q==/com.google.android.trichromelibrary_567263637--OyXGzkvsKMHQm4_eeFJMQ==/TrichromeLibrary.dm': No such file or directory
11-14 16:09:03.150  8735  8845 W pp.seguritacapp: Entry not found
11-14 16:09:03.151  8735  8844 D Detox.RNMarker: NATIVE_MODULE_SETUP_START (DevLoadingView)
11-14 16:09:03.151  8735  8844 D Detox.RNMarker: CREATE_MODULE_START (DevLoadingView)
11-14 16:09:03.152  8735  8844 D Detox.RNMarker: CREATE_MODULE_END (DevLoadingView)
11-14 16:09:03.152  8735  8857 D Detox.RNMarker: NATIVE_MODULE_SETUP_START (UIManager)
11-14 16:09:03.152  8735  8844 D Detox.RNMarker: NATIVE_MODULE_SETUP_END (DevLoadingView)
11-14 16:09:03.153  8735  8845 D nativeloader: Configuring clns-10 for other apk /data/app/~~bhUVnFOAnuGoWQ9w6zmW3Q==/com.google.android.trichromelibrary_567263637--OyXGzkvsKMHQm4_eeFJMQ==/TrichromeLibrary.apk. target_sdk_version=34, uses_libraries=ALL, library_path=/data/app/~~jUQqhEaB6XRvePmQJVz5IQ==/com.google.android.webview-eGVsrZR5Ul84j39ZyjNL0A==/lib/x86_64:/data/app/~~jUQqhEaB6XRvePmQJVz5IQ==/com.google.android.webview-eGVsrZR5Ul84j39ZyjNL0A==/WebViewGoogle.apk!/lib/x86_64:/data/app/~~bhUVnFOAnuGoWQ9w6zmW3Q==/com.google.android.trichromelibrary_567263637--OyXGzkvsKMHQm4_eeFJMQ==/TrichromeLibrary.apk!/lib/x86_64, permitted_path=/data:/mnt/expand
11-14 16:09:03.159  8735  8844 D Detox.RNMarker: NATIVE_MODULE_SETUP_START (BugReporting)
11-14 16:09:03.161  8735  8844 D Detox.RNMarker: NATIVE_MODULE_SETUP_START (HeadlessJsTaskSupport)
11-14 16:09:03.161  8735  8844 D Detox.RNMarker: CREATE_MODULE_START (HeadlessJsTaskSupport)
11-14 16:09:03.162  8735  8844 D Detox.RNMarker: CREATE_MODULE_END (HeadlessJsTaskSupport)
11-14 16:09:03.163  8735  8844 D Detox.RNMarker: NATIVE_MODULE_SETUP_END (HeadlessJsTaskSupport)
11-14 16:09:03.167  8735  8845 D nativeloader: Configuring clns-11 for other apk /data/app/~~jUQqhEaB6XRvePmQJVz5IQ==/com.google.android.webview-eGVsrZR5Ul84j39ZyjNL0A==/WebViewGoogle.apk. target_sdk_version=34, uses_libraries=, library_path=/data/app/~~jUQqhEaB6XRvePmQJVz5IQ==/com.google.android.webview-eGVsrZR5Ul84j39ZyjNL0A==/lib/x86_64:/data/app/~~jUQqhEaB6XRvePmQJVz5IQ==/com.google.android.webview-eGVsrZR5Ul84j39ZyjNL0A==/WebViewGoogle.apk!/lib/x86_64:/data/app/~~bhUVnFOAnuGoWQ9w6zmW3Q==/com.google.android.trichromelibrary_567263637--OyXGzkvsKMHQm4_eeFJMQ==/TrichromeLibrary.apk!/lib/x86_64, permitted_path=/data:/mnt/expand
11-14 16:09:03.185  8735  8844 D Detox.RNMarker: NATIVE_MODULE_SETUP_START (DeviceInfo)
11-14 16:09:03.186  8735  8844 D Detox.RNMarker: CREATE_MODULE_START (DeviceInfo)
11-14 16:09:03.186  8735  8844 D Detox.RNMarker: CREATE_MODULE_END (DeviceInfo)
11-14 16:09:03.187  8735  8844 D Detox.RNMarker: NATIVE_MODULE_SETUP_END (DeviceInfo)
11-14 16:09:03.193  8735  8844 D Detox.RNMarker: NATIVE_MODULE_SETUP_START (UIManager)
11-14 16:09:03.232  8735  8857 D Detox.RNMarker: NATIVE_MODULE_SETUP_END (UIManager)
11-14 16:09:03.239  8735  8857 D Detox.RNMarker: NATIVE_MODULE_SETUP_START (DeviceEventManager)
11-14 16:09:03.239  8735  8857 D Detox.RNMarker: CREATE_MODULE_START (DeviceEventManager)
11-14 16:09:03.239  8735  8857 D Detox.RNMarker: CREATE_MODULE_END (DeviceEventManager)
11-14 16:09:03.240  8735  8857 D Detox.RNMarker: NATIVE_MODULE_SETUP_END (DeviceEventManager)
11-14 16:09:03.244  8735  8857 D Detox.RNMarker: NATIVE_MODULE_SETUP_START (RNSModule)
11-14 16:09:03.251  8735  8857 D Detox.RNMarker: NATIVE_MODULE_SETUP_START (NativeAnimatedModule)
11-14 16:09:03.251  8735  8857 D Detox.RNMarker: CREATE_MODULE_START (NativeAnimatedModule)
11-14 16:09:03.252  8735  8857 D Detox.RNMarker: CREATE_MODULE_END (NativeAnimatedModule)
11-14 16:09:03.254  8735  8857 D Detox.RNMarker: NATIVE_MODULE_SETUP_END (NativeAnimatedModule)
11-14 16:09:03.262  8735  8845 W pp.seguritacapp: Accessing hidden method Landroid/os/Trace;->isTagEnabled(J)Z (unsupported, reflection, allowed)
11-14 16:09:03.262  8735  8845 W pp.seguritacapp: Accessing hidden method Landroid/os/Trace;->traceBegin(JLjava/lang/String;)V (unsupported, reflection, allowed)
11-14 16:09:03.262  8735  8845 W pp.seguritacapp: Accessing hidden method Landroid/os/Trace;->traceEnd(J)V (unsupported, reflection, allowed)
11-14 16:09:03.263  8735  8845 W pp.seguritacapp: Accessing hidden method Landroid/os/Trace;->asyncTraceBegin(JLjava/lang/String;I)V (unsupported, reflection, allowed)
11-14 16:09:03.263  8735  8845 W pp.seguritacapp: Accessing hidden method Landroid/os/Trace;->asyncTraceEnd(JLjava/lang/String;I)V (unsupported, reflection, allowed)
11-14 16:09:03.268  8735  8845 I cr_WVCFactoryProvider: Loaded version=113.0.5672.136 minSdkVersion=29 isBundle=false multiprocess=true packageId=2
11-14 16:09:03.290  8735  8868 I cr_VariationsUtils: Failed reading seed file "/data/user/0/com.tuapp.seguritacapp/app_webview/variations_seed_new"
11-14 16:09:03.291  8735  8868 I cr_VariationsUtils: Failed reading seed file "/data/user/0/com.tuapp.seguritacapp/app_webview/variations_seed"
11-14 16:09:03.296  8735  8868 I cr_VariationsUtils: Requesting new seed from IVariationsSeedServer
11-14 16:09:03.305  8735  8857 D Detox.RNMarker: NATIVE_MODULE_SETUP_START (SoundManager)
11-14 16:09:03.305  8735  8857 D Detox.RNMarker: CREATE_MODULE_START (SoundManager)
11-14 16:09:03.305  8735  8857 D Detox.RNMarker: CREATE_MODULE_END (SoundManager)
11-14 16:09:03.306  8735  8857 D Detox.RNMarker: NATIVE_MODULE_SETUP_END (SoundManager)
11-14 16:09:03.316  8735  8845 I cr_LibraryLoader: Successfully loaded native library
11-14 16:09:03.317  8735  8845 I cr_CachingUmaRecorder: Flushed 8 samples from 8 histograms.
11-14 16:09:03.410  8735  8857 D Detox.RNMarker: NATIVE_MODULE_SETUP_START (ImageLoader)
11-14 16:09:03.410  8735  8857 D Detox.RNMarker: CREATE_MODULE_START (ImageLoader)
11-14 16:09:03.413  8735  8857 D Detox.RNMarker: CREATE_MODULE_END (ImageLoader)
11-14 16:09:03.413  8735  8857 D Detox.RNMarker: NATIVE_MODULE_SETUP_END (ImageLoader)
11-14 16:09:03.419  8735  8845 D CompatibilityChangeReporter: Compat change id reported: 289878283; UID 10200; state: ENABLED
11-14 16:09:03.421  8735  8875 D TrafficStats: tagSocket(155) with statsTag=0xffffffff, statsUid=-1
11-14 16:09:03.482  8735  8857 D Detox.RNMarker: NATIVE_MODULE_SETUP_START (EXDevLauncherExtension)
11-14 16:09:03.483  8735  8857 D Detox.RNMarker: NATIVE_MODULE_SETUP_END (EXDevLauncherExtension)
11-14 16:09:03.484  8735  8857 D Detox.RNMarker: NATIVE_MODULE_SETUP_START (NativeUnimoduleProxy)
11-14 16:09:03.502  8735  8857 I ExpoModulesCore: ✅ JSI interop was installed
11-14 16:09:03.502  8735  8857 I ExpoModulesCore: ✅ Constants were exported
11-14 16:09:03.503  8735  8857 D Detox.RNMarker: NATIVE_MODULE_SETUP_END (NativeUnimoduleProxy)
11-14 16:09:03.517  8735  8857 D Detox.RNMarker: RUN_JS_BUNDLE_END (EXDevMenuApp.android.js)
11-14 16:09:03.518  8735  8857 I ReactNativeJS: Running "main"
11-14 16:09:03.533  8735  8857 D Detox.RNMarker: NATIVE_MODULE_SETUP_START (Timing)
11-14 16:09:03.533  8735  8857 D Detox.RNMarker: CREATE_MODULE_START (Timing)
11-14 16:09:03.533  8735  8857 D Detox.RNMarker: CREATE_MODULE_END (Timing)
11-14 16:09:03.534  8735  8857 D Detox.RNMarker: NATIVE_MODULE_SETUP_END (Timing)
11-14 16:09:03.536  8735  8844 D Detox.RNMarker: NATIVE_MODULE_SETUP_END (UIManager)
11-14 16:09:03.549  8735  8857 D Detox.RNMarker: NATIVE_MODULE_SETUP_START (Appearance)
11-14 16:09:03.549  8735  8857 D Detox.RNMarker: CREATE_MODULE_START (Appearance)
11-14 16:09:03.549  8735  8857 D Detox.RNMarker: CREATE_MODULE_END (Appearance)
11-14 16:09:03.550  8735  8857 D Detox.RNMarker: NATIVE_MODULE_SETUP_END (Appearance)
11-14 16:09:03.558  8735  8844 D Detox.RNMarker: NATIVE_MODULE_SETUP_START (SoundManager)
11-14 16:09:03.558  8735  8844 D Detox.RNMarker: CREATE_MODULE_START (SoundManager)
11-14 16:09:03.558  8735  8844 D Detox.RNMarker: CREATE_MODULE_END (SoundManager)
11-14 16:09:03.559  8735  8844 D Detox.RNMarker: NATIVE_MODULE_SETUP_END (SoundManager)
11-14 16:09:03.573  8735  8844 D Detox.RNMarker: NATIVE_MODULE_SETUP_START (ImageLoader)
11-14 16:09:03.573  8735  8844 D Detox.RNMarker: CREATE_MODULE_START (ImageLoader)
11-14 16:09:03.573  8735  8844 D Detox.RNMarker: CREATE_MODULE_END (ImageLoader)
11-14 16:09:03.574  8735  8844 D Detox.RNMarker: NATIVE_MODULE_SETUP_END (ImageLoader)
11-14 16:09:03.577  8735  8844 D Detox.RNMarker: NATIVE_MODULE_SETUP_START (IntentAndroid)
11-14 16:09:03.577  8735  8844 D Detox.RNMarker: CREATE_MODULE_START (IntentAndroid)
11-14 16:09:03.578  8735  8844 D Detox.RNMarker: CREATE_MODULE_END (IntentAndroid)
11-14 16:09:03.578  8735  8844 D Detox.RNMarker: NATIVE_MODULE_SETUP_END (IntentAndroid)
11-14 16:09:03.579  8735  8844 D Detox.RNMarker: NATIVE_MODULE_SETUP_START (LinkingManager)
11-14 16:09:03.585  8735  8844 D Detox.RNMarker: NATIVE_MODULE_SETUP_START (DeviceEventManager)
11-14 16:09:03.585  8735  8844 D Detox.RNMarker: CREATE_MODULE_START (DeviceEventManager)
11-14 16:09:03.586  8735  8844 D Detox.RNMarker: CREATE_MODULE_END (DeviceEventManager)
11-14 16:09:03.586  8735  8844 D Detox.RNMarker: NATIVE_MODULE_SETUP_END (DeviceEventManager)
11-14 16:09:03.599  8735  8735 D Detox.RNMarker: CONTENT_APPEARED (main)
11-14 16:09:03.611  8735  8844 D Detox.RNMarker: NATIVE_MODULE_SETUP_START (ReanimatedModule)
11-14 16:09:03.611  8735  8844 D Detox.RNMarker: CREATE_MODULE_START (ReanimatedModule)
11-14 16:09:03.612  8735  8844 D Detox.RNMarker: CREATE_MODULE_END (ReanimatedModule)
11-14 16:09:03.612  8735  8844 D Detox.RNMarker: NATIVE_MODULE_SETUP_END (ReanimatedModule)
11-14 16:09:03.614  8735  8857 D Detox.RNMarker: NATIVE_MODULE_SETUP_START (FrameRateLogger)
11-14 16:09:03.618  8735  8857 D Detox.RNMarker: NATIVE_MODULE_SETUP_START (KeyboardObserver)
11-14 16:09:03.632  8735  8844 W pp.seguritacapp: CheckJNI: method to register "installJSIBindings" not in the given class. This is slow, consider changing your RegisterNatives calls.
11-14 16:09:03.634  8735  8844 D Detox.RNMarker: CREATE_MODULE_START (RNGestureHandlerModule)
11-14 16:09:03.635  8735  8844 D Detox.RNMarker: CREATE_MODULE_END (RNGestureHandlerModule)
11-14 16:09:03.828  8735  8735 D CompatibilityChangeReporter: Compat change id reported: 171228096; UID 10200; state: ENABLED
11-14 16:09:03.829  8735  8735 W pp.seguritacapp: Accessing hidden field Landroid/widget/ScrollView;->mScroller:Landroid/widget/OverScroller; (unsupported, reflection, allowed)
11-14 16:09:03.841  8735  8880 D OpenGLRenderer: --- Failed to create image decoder with message 'unimplemented'
11-14 16:09:03.842  8735  8880 D OpenGLRenderer: --- Failed to create image decoder with message 'unimplemented'
11-14 16:09:03.842  8735  8880 D OpenGLRenderer: --- Failed to create image decoder with message 'unimplemented'
11-14 16:09:03.843  8735  8880 D OpenGLRenderer: --- Failed to create image decoder with message 'unimplemented'
11-14 16:09:03.843  8735  8880 D OpenGLRenderer: --- Failed to create image decoder with message 'unimplemented'
11-14 16:09:03.844  8735  8880 D OpenGLRenderer: --- Failed to create image decoder with message 'unimplemented'
11-14 16:09:03.844  8735  8880 D OpenGLRenderer: --- Failed to create image decoder with message 'unimplemented'
11-14 16:09:03.844  8735  8880 D OpenGLRenderer: --- Failed to create image decoder with message 'unimplemented'
11-14 16:09:03.845  8735  8880 D OpenGLRenderer: --- Failed to create image decoder with message 'unimplemented'
11-14 16:09:03.845  8735  8880 D OpenGLRenderer: --- Failed to create image decoder with message 'unimplemented'
11-14 16:09:03.845  8735  8880 D OpenGLRenderer: --- Failed to create image decoder with message 'unimplemented'
11-14 16:09:03.846  8735  8880 D OpenGLRenderer: --- Failed to create image decoder with message 'unimplemented'
11-14 16:09:03.852  8735  8878 D OpenGLRenderer: --- Failed to create image decoder with message 'unimplemented'
11-14 16:09:03.852  8735  8878 D OpenGLRenderer: --- Failed to create image decoder with message 'unimplemented'
11-14 16:09:03.853  8735  8878 D OpenGLRenderer: --- Failed to create image decoder with message 'unimplemented'
11-14 16:09:03.853  8735  8878 D OpenGLRenderer: --- Failed to create image decoder with message 'unimplemented'
11-14 16:09:03.856  8735  8878 D OpenGLRenderer: --- Failed to create image decoder with message 'unimplemented'
11-14 16:09:03.866  8735  8878 D OpenGLRenderer: --- Failed to create image decoder with message 'unimplemented'
11-14 16:09:03.867  8735  8878 D OpenGLRenderer: --- Failed to create image decoder with message 'unimplemented'
11-14 16:09:03.867  8735  8878 D OpenGLRenderer: --- Failed to create image decoder with message 'unimplemented'
11-14 16:09:03.869  8735  8878 W unknown:ProgressiveDecoder: unknown image format, {uri: res:/2131623938, firstEncodedBytes: 03000800C00100000100, length: 448}
11-14 16:09:03.880  8735  8735 D AutofillManager: notifyViewEnteredForFillDialog:1073741825
11-14 16:09:03.886  8735  8844 D Detox.RNMarker: NATIVE_MODULE_SETUP_START (NativeAnimatedModule)
11-14 16:09:03.886  8735  8844 D Detox.RNMarker: CREATE_MODULE_START (NativeAnimatedModule)
11-14 16:09:03.886  8735  8844 D Detox.RNMarker: CREATE_MODULE_END (NativeAnimatedModule)
11-14 16:09:03.887  8735  8844 D Detox.RNMarker: NATIVE_MODULE_SETUP_END (NativeAnimatedModule)
11-14 16:09:03.906  8735  8844 D Detox.RNMarker: NATIVE_MODULE_SETUP_START (FrameRateLogger)
11-14 16:09:03.911  8735  8844 D Detox.RNMarker: NATIVE_MODULE_SETUP_START (KeyboardObserver)
11-14 16:09:03.962  8735  8844 D Detox.RNMarker: NATIVE_MODULE_SETUP_START (ExpoModulesCore)
11-14 16:09:03.963  8735  8844 D Detox.RNMarker: NATIVE_MODULE_SETUP_END (ExpoModulesCore)
11-14 16:09:03.964  8735  8844 I ExpoModulesCore: ✅ JSI interop was installed
11-14 16:09:03.965  8735  8844 D Detox.RNMarker: NATIVE_MODULE_SETUP_START (NativeUnimoduleProxy)
11-14 16:09:03.965  8735  8844 W ExpoModulesCore: ⚠️ JSI interop was already installed
11-14 16:09:03.973  8735  8844 I expo-notifications: NotificationsEmitter.onNotificationResponseIntentReceived:
11-14 16:09:03.973  8735  8844 I expo-notifications: actionIdentifier: expo.modules.notifications.actions.DEFAULT
11-14 16:09:03.973  8735  8844 I expo-notifications: notification
11-14 16:09:03.973  8735  8844 I expo-notifications:   date: 0
11-14 16:09:03.973  8735  8844 I expo-notifications:   request
11-14 16:09:03.973  8735  8844 I expo-notifications:     identifier: (null)
11-14 16:09:03.973  8735  8844 I expo-notifications:     trigger
11-14 16:09:03.973  8735  8844 I expo-notifications:       type: push
11-14 16:09:03.973  8735  8844 I expo-notifications:       channelId: (null)
11-14 16:09:03.973  8735  8844 I expo-notifications:     content
11-14 16:09:03.973  8735  8844 I expo-notifications:       data
11-14 16:09:03.973  8735  8844 I expo-notifications:         launchArgs
11-14 16:09:03.973  8735  8844 I expo-notifications:           detoxURLOverride: seguridadciudadanaapp://expo-development-client/?url=http%3A%2F%2Flocalhost%3A8081&role=ciudadano&disableBypass=1
11-14 16:09:03.973  8735  8844 I expo-notifications:           detoxServer: ws://localhost:64590
11-14 16:09:03.973  8735  8844 I expo-notifications:           detoxSessionId: 7aa15a3d-4568-03c0-ac13-b15eaae6c43d
11-14 16:09:03.973  8735  8844 I expo-notifications:           detoxEnableSynchronization: 0
11-14 16:09:03.973  8735  8844 I expo-notifications:       title: (null)
11-14 16:09:03.980  8735  8844 I ExpoModulesCore: ✅ Constants were exported
11-14 16:09:03.982  8735  8844 D Detox.RNMarker: NATIVE_MODULE_SETUP_END (NativeUnimoduleProxy)
11-14 16:09:03.995  8735  8844 D Detox.RNMarker: NATIVE_MODULE_SETUP_START (EXDevLauncher)
11-14 16:09:04.000  8735  8844 D Detox.RNMarker: NATIVE_MODULE_SETUP_END (EXDevLauncher)
11-14 16:09:04.075  8735  8844 D Detox.RNMarker: NATIVE_MODULE_SETUP_START (RNCSafeAreaContext)
11-14 16:09:04.076  8735  8844 D Detox.RNMarker: CREATE_MODULE_START (RNCSafeAreaContext)
11-14 16:09:04.076  8735  8844 D Detox.RNMarker: CREATE_MODULE_END (RNCSafeAreaContext)
11-14 16:09:04.077  8735  8844 D Detox.RNMarker: NATIVE_MODULE_SETUP_END (RNCSafeAreaContext)
11-14 16:09:04.090  8735  8844 D Detox.RNMarker: NATIVE_MODULE_SETUP_START (RNSModule)
11-14 16:09:04.090  8735  8844 D Detox.RNMarker: CREATE_MODULE_START (RNSModule)
11-14 16:09:04.093  8735  8844 D Detox.RNMarker: CREATE_MODULE_END (RNSModule)
11-14 16:09:04.305  8735  8844 D Detox.RNMarker: NATIVE_MODULE_SETUP_START (RNCNetInfo)
11-14 16:09:04.305  8735  8844 D Detox.RNMarker: NATIVE_MODULE_SETUP_END (RNCNetInfo)
11-14 16:09:04.313  8735  8844 W ReactNativeJS: '[2025-11-14T16:09:04.309Z]  @firebase/auth:', 'Auth (11.9.0): \nYou are initializing Firebase Auth for React Native without providing\nAsyncStorage. Auth state will default to memory persistence and will not\npersist between sessions. In order to persist auth state, install the package\n"@react-native-async-storage/async-storage" and provide it to\ninitializeAuth:\n\nimport { initializeAuth, getReactNativePersistence } from \'firebase/auth\';\nimport ReactNativeAsyncStorage from \'@react-native-async-storage/async-storage\';\nconst auth = initializeAuth(app, {\n  persistence: getReactNativePersistence(ReactNativeAsyncStorage)\n});\n'
11-14 16:09:04.333  8735  8844 I ReactNativeJS: ✅ Firestore inicializado con configuración básica
11-14 16:09:04.336  8735  8844 I ReactNativeJS: ✅ Firebase inicializado correctamente
11-14 16:09:04.336  8735  8844 I ReactNativeJS: '📱 Proyecto:', 'seguritacapp'
11-14 16:09:04.341  8735  8844 D Detox.RNMarker: NATIVE_MODULE_SETUP_START (PlatformLocalStorage)
11-14 16:09:04.342  8735  8844 D Detox.RNMarker: NATIVE_MODULE_SETUP_START (RNC_AsyncSQLiteDBStorage)
11-14 16:09:04.342  8735  8844 D Detox.RNMarker: NATIVE_MODULE_SETUP_START (RNCAsyncStorage)
11-14 16:09:04.342  8735  8844 D Detox.RNMarker: CREATE_MODULE_START (RNCAsyncStorage)
11-14 16:09:04.343  8735  8844 V AsyncStorageExpoMigration: No scoped database found
11-14 16:09:04.344  8735  8844 D Detox.RNMarker: CREATE_MODULE_END (RNCAsyncStorage)
11-14 16:09:04.344  8735  8844 D Detox.RNMarker: NATIVE_MODULE_SETUP_END (RNCAsyncStorage)
11-14 16:09:04.414  8735  8844 D Detox.RNMarker: NATIVE_MODULE_SETUP_START (RNVectorIconsManager)
11-14 16:09:04.414  8735  8844 D Detox.RNMarker: NATIVE_MODULE_SETUP_START (RNVectorIconsModule)
11-14 16:09:04.418  8735  8844 D Detox.RNMarker: NATIVE_MODULE_SETUP_START (RNVectorIconsManager)
11-14 16:09:04.418  8735  8844 D Detox.RNMarker: NATIVE_MODULE_SETUP_START (RNVectorIconsModule)
11-14 16:09:04.543  8735  8844 D Detox.RNMarker: NATIVE_MODULE_SETUP_START (I18nManager)
11-14 16:09:04.543  8735  8844 D Detox.RNMarker: CREATE_MODULE_START (I18nManager)
11-14 16:09:04.544  8735  8844 D Detox.RNMarker: CREATE_MODULE_END (I18nManager)
11-14 16:09:04.544  8735  8844 D Detox.RNMarker: NATIVE_MODULE_SETUP_END (I18nManager)
11-14 16:09:04.688  8735  8844 D Detox.RNMarker: NATIVE_MODULE_SETUP_START (RNViewShot)
11-14 16:09:04.688  8735  8844 D Detox.RNMarker: CREATE_MODULE_START (RNViewShot)
11-14 16:09:04.689  8735  8844 D Detox.RNMarker: CREATE_MODULE_END (RNViewShot)
11-14 16:09:04.689  8735  8844 D Detox.RNMarker: NATIVE_MODULE_SETUP_END (RNViewShot)
11-14 16:09:04.732  8735  8844 D Detox.RNMarker: NATIVE_MODULE_SETUP_START (RNCWebViewModule)
11-14 16:09:04.732  8735  8844 D Detox.RNMarker: CREATE_MODULE_START (RNCWebViewModule)
11-14 16:09:04.733  8735  8844 D Detox.RNMarker: CREATE_MODULE_END (RNCWebViewModule)
11-14 16:09:04.734  8735  8844 D Detox.RNMarker: NATIVE_MODULE_SETUP_END (RNCWebViewModule)
11-14 16:09:05.009  8735  8844 W ReactNativeJS: [Reanimated] Reduced motion setting is enabled on this device. This warning is visible only in the development mode. Some animations will be disabled by default. You can override the behavior for individual animations, see https://docs.swmansion.com/react-native-reanimated/docs/guides/troubleshooting#reduced-motion-setting-is-enabled-on-this-device.
11-14 16:09:05.012  8735  8844 D Detox.RNMarker: RUN_JS_BUNDLE_END (/index.ts.bundle?platform=android&dev=true&hot=false&transform.engine=hermes&transform.bytecode=1&transform.routerRoot=app&unstable_transformProfile=hermes-stable)
11-14 16:09:05.016  8735  8844 I ReactNativeJS: Running "main" with {"rootTag":11}
11-14 16:09:05.020  8735  8886 D TrafficStats: tagSocket(140) with statsTag=0xffffffff, statsUid=-1
11-14 16:09:05.074  8735  8844 D Detox.RNMarker: NATIVE_MODULE_SETUP_START (Appearance)
11-14 16:09:05.075  8735  8844 D Detox.RNMarker: NATIVE_MODULE_SETUP_END (Appearance)
11-14 16:09:05.120  8735  8844 D Detox.RNMarker: NATIVE_MODULE_SETUP_START (StatusBarManager)
11-14 16:09:05.121  8735  8844 D Detox.RNMarker: CREATE_MODULE_START (StatusBarManager)
11-14 16:09:05.121  8735  8844 D Detox.RNMarker: CREATE_MODULE_END (StatusBarManager)
11-14 16:09:05.123  8735  8844 D Detox.RNMarker: NATIVE_MODULE_SETUP_END (StatusBarManager)
11-14 16:09:05.205  8735  8845 D AutofillManager: Fill dialog is enabled:false, hints=[password, passwordAuto, creditCardNumber, creditCardSecurityCode, creditCardExpirationDate]
11-14 16:09:05.241  8735  8845 W unknown:ViewManagerPropertyUpdater: Could not find generated setter for class com.swmansion.rnscreens.ScreenStackHeaderConfigShadowNode
11-14 16:09:05.247  8735  8845 W unknown:ViewManagerPropertyUpdater: Could not find generated setter for class com.swmansion.rnscreens.ScreensShadowNode
11-14 16:09:05.295  8735  8806 D TrafficStats: tagSocket(190) with statsTag=0xffffffff, statsUid=-1
11-14 16:09:05.338  8735  8844 I ReactNativeJS: [METRIC] navigation_ready_ms=332ms {"initialRoute":"AuthLoading"}
11-14 16:09:05.341  8735  8844 D Detox.RNMarker: NATIVE_MODULE_SETUP_START (AccessibilityInfo)
11-14 16:09:05.341  8735  8844 D Detox.RNMarker: CREATE_MODULE_START (AccessibilityInfo)
11-14 16:09:05.342  8735  8844 D Detox.RNMarker: CREATE_MODULE_END (AccessibilityInfo)
11-14 16:09:05.343  8735  8844 D Detox.RNMarker: NATIVE_MODULE_SETUP_END (AccessibilityInfo)
11-14 16:09:05.369  8735  8844 D Detox.RNMarker: NATIVE_MODULE_SETUP_START (AccessibilityManager)
11-14 16:09:05.373  8735  8844 I ReactNativeJS: [METRIC] cold_start_first_render_ms=366ms {"platform":"android"}
11-14 16:09:05.411  8735  8802 D EGL_emulation: app_time_stats: avg=76.87ms min=1.14ms max=1434.06ms count=30
11-14 16:09:05.449  8735  8844 I ReactNativeJS: 📱 Dispositivo conectado - sincronizando datos
11-14 16:09:05.481  8735  8844 I ReactNativeJS: ✅ Red de Firestore habilitada
11-14 16:09:05.481  8735  8844 I ReactNativeJS: ✅ Red de Firestore habilitada
11-14 16:09:05.481  8735  8844 I ReactNativeJS: 📱 Dispositivo conectado - sincronizando datos
11-14 16:09:05.482  8735  8844 I ReactNativeJS: 📱 Dispositivo conectado - sincronizando datos
11-14 16:09:05.483  8735  8844 I ReactNativeJS: ✅ Red de Firestore habilitada
11-14 16:09:05.483  8735  8844 I ReactNativeJS: ✅ Red de Firestore habilitada
11-14 16:09:05.483  8735  8844 I ReactNativeJS: ✅ Red de Firestore habilitada
11-14 16:09:05.483  8735  8844 I ReactNativeJS: ✅ Red de Firestore habilitada
11-14 16:09:05.548  8735  8845 W unknown:ReactNative: Attempt to set local data for view with unknown tag: -1
11-14 16:09:05.548  8735  8845 W unknown:ReactNative: Attempt to set local data for view with unknown tag: -1
11-14 16:09:05.549  8735  8845 W unknown:ReactNative: Attempt to set local data for view with unknown tag: -1
11-14 16:09:05.575  8735  8887 D TrafficStats: tagSocket(160) with statsTag=0xffffffff, statsUid=-1
11-14 16:09:05.578  8735  8735 D Detox.RNMarker: CONTENT_APPEARED (main)
11-14 16:09:05.586  8735  8845 W unknown:ReactNative: Attempt to set local data for view with unknown tag: -1
11-14 16:09:05.587  8735  8845 W unknown:ReactNative: Attempt to set local data for view with unknown tag: -1
11-14 16:09:05.587  8735  8845 W unknown:ReactNative: Attempt to set local data for view with unknown tag: -1
11-14 16:09:06.221  8735  8888 D ProfileInstaller: Installing profile for com.tuapp.seguritacapp
11-14 16:09:07.058  8735  8801 W SurfaceComposerClient: Sync transaction timed out waiting for commit callback.
11-14 16:09:07.060  8735  8735 D DetoxRNLoading: Got new RN-context directly and immediately
11-14 16:09:07.060  8735  8792 W pp.seguritacapp: Long monitor 