11-10 14:30:18.755 11733 11824 W ReactNativeJNI: Component property map contains multiple entries for 'borderBlockEndColor'. Ensure all calls to convertRawProp use a consistent prefix, name and suffix.
11-10 14:30:18.755 11733 11824 W ReactNativeJNI: Component property map contains multiple entries for 'borderTopLeftRadius'. Ensure all calls to convertRawProp use a consistent prefix, name and suffix.
11-10 14:30:18.755 11733 11824 W ReactNativeJNI: Component property map contains multiple entries for 'borderEndStartRadius'. Ensure all calls to convertRawProp use a consistent prefix, name and suffix.
11-10 14:30:18.755 11733 11824 W ReactNativeJNI: Component property map contains multiple entries for 'borderStartEndRadius'. Ensure all calls to convertRawProp use a consistent prefix, name and suffix.
11-10 14:30:18.755 11733 11824 W ReactNativeJNI: Component property map contains multiple entries for 'borderTopRightRadius'. Ensure all calls to convertRawProp use a consistent prefix, name and suffix.
11-10 14:30:18.755 11733 11824 W ReactNativeJNI: Component property map contains multiple entries for 'borderTopStartRadius'. Ensure all calls to convertRawProp use a consistent prefix, name and suffix.
11-10 14:30:18.755 11733 11824 W ReactNativeJNI: Component property map contains multiple entries for 'borderBlockStartColor'. Ensure all calls to convertRawProp use a consistent prefix, name and suffix.
11-10 14:30:18.755 11733 11824 W ReactNativeJNI: Component property map contains multiple entries for 'borderBottomEndRadius'. Ensure all calls to convertRawProp use a consistent prefix, name and suffix.
11-10 14:30:18.755 11733 11824 W ReactNativeJNI: Component property map contains multiple entries for 'borderBottomLeftRadius'. Ensure all calls to convertRawProp use a consistent prefix, name and suffix.
11-10 14:30:18.755 11733 11824 W ReactNativeJNI: Component property map contains multiple entries for 'borderStartStartRadius'. Ensure all calls to convertRawProp use a consistent prefix, name and suffix.
11-10 14:30:18.755 11733 11824 W ReactNativeJNI: Component property map contains multiple entries for 'borderBottomRightRadius'. Ensure all calls to convertRawProp use a consistent prefix, name and suffix.
11-10 14:30:18.755 11733 11824 W ReactNativeJNI: Component property map contains multiple entries for 'borderBottomStartRadius'. Ensure all calls to convertRawProp use a consistent prefix, name and suffix.
11-10 14:30:18.775 11733 11824 W ReactNativeJNI: Component property map contains multiple entries for 'borderColor'. Ensure all calls to convertRawProp use a consistent prefix, name and suffix.
11-10 14:30:18.775 11733 11824 W ReactNativeJNI: Component property map contains multiple entries for 'borderStyle'. Ensure all calls to convertRawProp use a consistent prefix, name and suffix.
11-10 14:30:18.779 11733 11824 W unknown:BridgelessReact: ReactHost{1}.getOrCreateReactInstanceTask(): Loading JS Bundle
11-10 14:30:18.803 11733 11825 D Detox.RNMarker: RUN_JS_BUNDLE_START (EXDevMenuApp.android.js)
11-10 14:30:18.806 11733 11824 W unknown:BridgelessReact: ReactHost{1}.getOrCreateReactInstanceTask(): Calling DevSupportManagerBase.onNewReactContextCreated(reactContext)
11-10 14:30:18.807 11733 11824 W unknown:BridgelessReact: ReactHost{1}.getOrCreateReactInstanceTask()
11-10 14:30:18.816 11733 11733 W unknown:BridgelessReact: ReactContext.onHostResume()
11-10 14:30:18.816 11733 11733 W unknown:BridgelessReact: ReactHost{1}.getOrCreateReactInstanceTask(): Executing ReactInstanceEventListeners
11-10 14:30:18.824 11733 11824 W unknown:BridgelessReact: ReactHost{1}.startSurface(surfaceId = 0): Execute
11-10 14:30:18.829 11733 11733 D InsetsController: hide(ime(), fromIme=false)
11-10 14:30:18.829 11733 11733 I ImeTracker: com.tuapp.seguritacapp:9d680ce4: onCancelled at PHASE_CLIENT_ALREADY_HIDDEN
11-10 14:30:18.856 11733 11733 I Detox   : Wait is over: App is now idle!
11-10 14:30:18.857 11733 11783 I DetoxWSClient: Sending out action 'ready' (ID #-1000)
11-10 14:30:18.857 11733 11783 I DetoxDispatcher: Done with action 'isReady'
11-10 14:30:18.964 11733 11825 D nativeloader: Load /data/app/~~-EF7zV8aeB6uwTz4qA20uA==/com.tuapp.seguritacapp-TAEDWn2I_gE0qJOWNmaCzA==/base.apk!/lib/x86_64/libexpo-modules-core.so using class loader ns clns-9 (caller=/data/app/~~-EF7zV8aeB6uwTz4qA20uA==/com.tuapp.seguritacapp-TAEDWn2I_gE0qJOWNmaCzA==/base.apk!classes5.dex): ok
11-10 14:30:18.980 11733 11825 W unknown:ViewManagerPropertyUpdater: Could not find generated setter for class expo.modules.kotlin.views.GroupViewManagerWrapper
11-10 14:30:18.987 11733 11825 W unknown:ViewManagerPropertyUpdater: Could not find generated setter for class com.facebook.react.uimanager.LayoutShadowNode
11-10 14:30:18.989 11733 11832 D ProfileInstaller: Installing profile for com.tuapp.seguritacapp
11-10 14:30:18.998 11733 11825 W unknown:ViewManagerPropertyUpdater: Could not find generated setter for class com.facebook.react.views.safeareaview.ReactSafeAreaViewManager
11-10 14:30:18.999 11733 11825 W unknown:ViewManagerPropertyUpdater: Could not find generated setter for class com.facebook.react.views.safeareaview.ReactSafeAreaViewShadowNode
11-10 14:30:19.004 11733 11825 W unknown:ViewManagerPropertyUpdater: Could not find generated setter for class com.facebook.react.views.modal.ReactModalHostManager
11-10 14:30:19.008 11733 11825 W unknown:ViewManagerPropertyUpdater: Could not find generated setter for class com.facebook.react.views.text.frescosupport.FrescoBasedReactTextInlineImageViewManager
11-10 14:30:19.008 11733 11825 W unknown:ViewManagerPropertyUpdater: Could not find generated setter for class com.facebook.react.views.text.frescosupport.FrescoBasedReactTextInlineImageShadowNode
11-10 14:30:19.013 11733 11825 W unknown:ViewManagerPropertyUpdater: Could not find generated setter for class com.facebook.react.views.progressbar.ReactProgressBarViewManager
11-10 14:30:19.015 11733 11825 W unknown:ViewManagerPropertyUpdater: Could not find generated setter for class com.facebook.react.views.progressbar.ProgressBarShadowNode
11-10 14:30:19.023 11733 11825 W unknown:ViewManagerPropertyUpdater: Could not find generated setter for class com.facebook.react.views.scroll.ReactHorizontalScrollViewManager
11-10 14:30:19.034 11733 11825 W unknown:ViewManagerPropertyUpdater: Could not find generated setter for class com.facebook.react.views.image.ReactImageManager
11-10 14:30:19.043 11733 11825 W unknown:ViewManagerPropertyUpdater: Could not find generated setter for class com.facebook.react.views.text.ReactTextViewManager
11-10 14:30:19.044 11733 11825 W unknown:ViewManagerPropertyUpdater: Could not find generated setter for class com.facebook.react.views.text.ReactTextShadowNode
11-10 14:30:19.050 11733 11825 W unknown:ViewManagerPropertyUpdater: Could not find generated setter for class com.facebook.react.views.scroll.ReactHorizontalScrollContainerViewManager
11-10 14:30:19.055 11733 11825 W unknown:ViewManagerPropertyUpdater: Could not find generated setter for class com.facebook.react.views.unimplementedview.ReactUnimplementedViewManager
11-10 14:30:19.062 11733 11825 W unknown:ViewManagerPropertyUpdater: Could not find generated setter for class com.facebook.react.views.scroll.ReactScrollViewManager
11-10 14:30:19.070 11733 11825 W unknown:ViewManagerPropertyUpdater: Could not find generated setter for class com.facebook.react.views.view.ReactViewManager
11-10 14:30:19.076 11733 11825 W unknown:ViewManagerPropertyUpdater: Could not find generated setter for class com.facebook.react.views.drawer.ReactDrawerLayoutManager
11-10 14:30:19.083 11733 11825 W unknown:ViewManagerPropertyUpdater: Could not find generated setter for class com.facebook.react.views.switchview.ReactSwitchManager
11-10 14:30:19.084 11733 11825 W unknown:ViewManagerPropertyUpdater: Could not find generated setter for class com.facebook.react.views.switchview.ReactSwitchManager$ReactSwitchShadowNode
11-10 14:30:19.088 11733 11825 W unknown:ViewManagerPropertyUpdater: Could not find generated setter for class com.facebook.react.views.text.ReactVirtualTextViewManager
11-10 14:30:19.088 11733 11825 W unknown:ViewManagerPropertyUpdater: Could not find generated setter for class com.facebook.react.views.text.ReactVirtualTextShadowNode
11-10 14:30:19.092 11733 11825 W unknown:ViewManagerPropertyUpdater: Could not find generated setter for class com.facebook.react.views.swiperefresh.SwipeRefreshLayoutManager
11-10 14:30:19.096 11733 11825 W unknown:ViewManagerPropertyUpdater: Could not find generated setter for class com.facebook.react.views.text.ReactRawTextManager
11-10 14:30:19.096 11733 11825 W unknown:ViewManagerPropertyUpdater: Could not find generated setter for class com.facebook.react.views.text.ReactRawTextShadowNode
11-10 14:30:19.103 11733 11825 W unknown:ViewManagerPropertyUpdater: Could not find generated setter for class com.facebook.react.views.textinput.ReactTextInputManager
11-10 14:30:19.105 11733 11825 W unknown:ViewManagerPropertyUpdater: Could not find generated setter for class com.facebook.react.views.textinput.ReactTextInputShadowNode
11-10 14:30:19.115 11733 11817 D CompatChangeReporter: Compat change id reported: 289878283; UID 10221; state: ENABLED
11-10 14:30:19.128 11733 11818 I pp.seguritacapp: AssetManager2(0x70d3768b5bd8) locale list changing from [] to [en-US]
11-10 14:30:19.128 11733 11818 I WebViewFactory: Loading com.google.android.webview version 133.0.6943.137 (code 694313738)
11-10 14:30:19.129 11733 11818 I pp.seguritacapp: AssetManager2(0x70d3768be238) locale list changing from [] to [en-US]
11-10 14:30:19.129 11733 11818 I pp.seguritacapp: AssetManager2(0x70d3768bb678) locale list changing from [] to [en-US]
11-10 14:30:19.130 11733 11818 I pp.seguritacapp: AssetManager2(0x70d3768ccc98) locale list changing from [] to [en-US]
11-10 14:30:19.130 11733 11818 I pp.seguritacapp: AssetManager2(0x70d3768c9778) locale list changing from [] to [en-US]
11-10 14:30:19.130 11733 11818 I pp.seguritacapp: AssetManager2(0x70d3768c9db8) locale list changing from [] to [en-US]
11-10 14:30:19.131 11733 11818 V ResourcesManager: The following library key has been added: ResourcesKey{ mHash=3e131997 mResDir=null mSplitDirs=[] mOverlayDirs=[] mLibDirs=[/data/app/~~nxIzNTNk-9juzieP2H14bw==/com.google.android.webview-8Ofj1MShe1sfVlVeR-7jYw==/WebViewGoogle.apk,/data/app/~~NUV24JfAbMsvCZ3y-B3LCQ==/com.google.android.trichromelibrary_694313738-b-_y91Ev7XotJG5HsxpYGA==/TrichromeLibrary.apk,/system_ext/framework/androidx.window.extensions.jar] mDisplayId=0 mOverrideConfig=v36 mCompatInfo={440dpi always-compat} mLoaders=[]}
11-10 14:30:19.134 11733 11818 W pp.seguritacapp: Failed to find entry 'classes.dex': Entry not found
11-10 14:30:19.137 11733 11818 D nativeloader: Configuring clns-12 for other apk /data/app/~~NUV24JfAbMsvCZ3y-B3LCQ==/com.google.android.trichromelibrary_694313738-b-_y91Ev7XotJG5HsxpYGA==/TrichromeLibrary.apk. target_sdk_version=34, uses_libraries=ALL, library_path=/data/app/~~nxIzNTNk-9juzieP2H14bw==/com.google.android.webview-8Ofj1MShe1sfVlVeR-7jYw==/lib/x86_64:/data/app/~~nxIzNTNk-9juzieP2H14bw==/com.google.android.webview-8Ofj1MShe1sfVlVeR-7jYw==/WebViewGoogle.apk!/lib/x86_64:/data/app/~~NUV24JfAbMsvCZ3y-B3LCQ==/com.google.android.trichromelibrary_694313738-b-_y91Ev7XotJG5HsxpYGA==/TrichromeLibrary.apk!/lib/x86_64, permitted_path=/data:/mnt/expand
11-10 14:30:19.141 11733 11818 D ApplicationLoaders: Returning zygote-cached class loader: /system_ext/framework/androidx.window.extensions.jar
11-10 14:30:19.148 11733 11818 D nativeloader: Configuring clns-13 for other apk /data/app/~~nxIzNTNk-9juzieP2H14bw==/com.google.android.webview-8Ofj1MShe1sfVlVeR-7jYw==/WebViewGoogle.apk. target_sdk_version=34, uses_libraries=, library_path=/data/app/~~nxIzNTNk-9juzieP2H14bw==/com.google.android.webview-8Ofj1MShe1sfVlVeR-7jYw==/lib/x86_64:/data/app/~~nxIzNTNk-9juzieP2H14bw==/com.google.android.webview-8Ofj1MShe1sfVlVeR-7jYw==/WebViewGoogle.apk!/lib/x86_64:/data/app/~~NUV24JfAbMsvCZ3y-B3LCQ==/com.google.android.trichromelibrary_694313738-b-_y91Ev7XotJG5HsxpYGA==/TrichromeLibrary.apk!/lib/x86_64, permitted_path=/data:/mnt/expand
11-10 14:30:19.217 11733 11818 I pp.seguritacapp: Waiting for a blocking GC ClassLinker
11-10 14:30:19.225 11733 11818 I pp.seguritacapp: WaitForGcToComplete blocked ClassLinker on Background for 7.532ms
11-10 14:30:19.255 11733 11818 I cr_WVCFactoryProvider: version=133.0.6943.137 (694313738) minSdkVersion=29 isBundle=false multiprocess=true packageId=2
11-10 14:30:19.272 11733 11818 D nativeloader: Load /data/app/~~NUV24JfAbMsvCZ3y-B3LCQ==/com.google.android.trichromelibrary_694313738-b-_y91Ev7XotJG5HsxpYGA==/TrichromeLibrary.apk!/lib/x86_64/libmonochrome_64.so using class loader ns clns-13 (caller=/data/app/~~nxIzNTNk-9juzieP2H14bw==/com.google.android.webview-8Ofj1MShe1sfVlVeR-7jYw==/WebViewGoogle.apk): ok
11-10 14:30:19.277 11733 11818 D nativeloader: Load /system/lib64/libwebviewchromium_plat_support.so using class loader ns clns-13 (caller=/data/app/~~nxIzNTNk-9juzieP2H14bw==/com.google.android.webview-8Ofj1MShe1sfVlVeR-7jYw==/WebViewGoogle.apk): ok
11-10 14:30:19.290 11733 11835 I chromium: [1110/143019.285054:INFO:variations_seed_loader.cc(67)] Failed to open file for reading.: No such file or directory (2)
11-10 14:30:19.291 11733 11835 I chromium: [1110/143019.291472:INFO:variations_seed_loader.cc(67)] Failed to open file for reading.: No such file or directory (2)
11-10 14:30:19.309 11733 11818 I cr_LibraryLoader: Successfully loaded native library
11-10 14:30:19.313 11733 11818 I cr_CachingUmaRecorder: Flushed 6 samples from 6 histograms, 0 samples were dropped.
11-10 14:30:19.383 11733 11825 W BridgelessReactContext: [WARNING] Bridgeless doesn't support CatalystInstance. Accessing an API that's not part of the new architecture is not encouraged usage.
11-10 14:30:19.411 11733 11825 I ExpoModulesCore: ✅ JSI interop was installed
11-10 14:30:19.412 11733 11825 I ExpoModulesCore: ✅ Constants were exported
11-10 14:30:19.415 11733 11817 W unknown:ViewManagerPropertyUpdater: Could not find generated setter for class com.rnmaps.maps.MapUrlTileManager
11-10 14:30:19.416 11733 11817 W unknown:ViewManagerPropertyUpdater: Could not find generated setter for class com.swmansion.rnscreens.ScreenFooterManager
11-10 14:30:19.416 11733 11817 W unknown:ViewManagerPropertyUpdater: Could not find generated setter for class com.rnmaps.maps.MapManager
11-10 14:30:19.417 11733 11817 W unknown:ViewManagerPropertyUpdater: Could not find generated setter for class com.swmansion.rnscreens.ScreenContainerViewManager
11-10 14:30:19.418 11733 11817 W unknown:ViewManagerPropertyUpdater: Could not find generated setter for class com.rnmaps.maps.MapMarkerManager
11-10 14:30:19.418 11733 11817 W unknown:ViewManagerPropertyUpdater: Could not find generated setter for class com.rnmaps.maps.MapLocalTileManager
11-10 14:30:19.419 11733 11817 W unknown:ViewManagerPropertyUpdater: Could not find generated setter for class com.swmansion.rnscreens.ModalScreenViewManager
11-10 14:30:19.420 11733 11817 W unknown:ViewManagerPropertyUpdater: Could not find generated setter for class com.rnmaps.maps.MapPolylineManager
11-10 14:30:19.420 11733 11817 W unknown:ViewManagerPropertyUpdater: Could not find generated setter for class com.rnmaps.maps.MapCircleManager
11-10 14:30:19.421 11733 11817 W unknown:ViewManagerPropertyUpdater: Could not find generated setter for class com.th3rdwave.safeareacontext.SafeAreaViewManager
11-10 14:30:19.421 11733 11817 W unknown:ViewManagerPropertyUpdater: Could not find generated setter for class com.th3rdwave.safeareacontext.SafeAreaViewShadowNode
11-10 14:30:19.422 11733 11817 W unknown:ViewManagerPropertyUpdater: Could not find generated setter for class com.swmansion.rnscreens.ScreenViewManager
11-10 14:30:19.423 11733 11817 W unknown:ViewManagerPropertyUpdater: Could not find generated setter for class expo.modules.kotlin.views.SimpleViewManagerWrapper
11-10 14:30:19.424 11733 11817 W unknown:ViewManagerPropertyUpdater: Could not find generated setter for class com.swmansion.rnscreens.ScreenStackViewManager
11-10 14:30:19.427 11733 11825 D Detox.RNMarker: RUN_JS_BUNDLE_END (EXDevMenuApp.android.js)
11-10 14:30:19.428 11733 11825 I ReactNativeJS: Running "main"
11-10 14:30:19.429 11733 11817 W unknown:ViewManagerPropertyUpdater: Could not find generated setter for class com.airbnb.android.react.lottie.LottieAnimationViewManager
11-10 14:30:19.430 11733 11817 W unknown:ViewManagerPropertyUpdater: Could not find generated setter for class com.rnmaps.maps.MapCalloutManager
11-10 14:30:19.431 11733 11817 W unknown:ViewManagerPropertyUpdater: Could not find generated setter for class com.th3rdwave.safeareacontext.SafeAreaProviderManager
11-10 14:30:19.431 11733 11817 W unknown:ViewManagerPropertyUpdater: Could not find generated setter for class com.swmansion.rnscreens.SearchBarManager
11-10 14:30:19.432 11733 11817 W unknown:ViewManagerPropertyUpdater: Could not find generated setter for class com.rnmaps.maps.MapGradientPolylineManager
11-10 14:30:19.432 11733 11817 W unknown:ViewManagerPropertyUpdater: Could not find generated setter for class com.rnmaps.maps.MapHeatmapManager
11-10 14:30:19.437 11733 11817 W unknown:ViewManagerPropertyUpdater: Could not find generated setter for class com.reactnativecommunity.webview.RNCWebViewManager
11-10 14:30:19.439 11733 11817 W unknown:ViewManagerPropertyUpdater: Could not find generated setter for class org.reactnative.maskedview.RNCMaskedViewManager
11-10 14:30:19.444 11733 11817 W unknown:ViewManagerPropertyUpdater: Could not find generated setter for class com.rnmaps.maps.MapWMSTileManager
11-10 14:30:19.445 11733 11817 W unknown:ViewManagerPropertyUpdater: Could not find generated setter for class com.swmansion.rnscreens.ScreenStackHeaderConfigViewManager
11-10 14:30:19.445 11733 11817 W unknown:ViewManagerPropertyUpdater: Could not find generated setter for class com.swmansion.rnscreens.ScreenContentWrapperManager
11-10 14:30:19.445 11733 11817 W unknown:ViewManagerPropertyUpdater: Could not find generated setter for class com.rnmaps.maps.MapPolygonManager
11-10 14:30:19.446 11733 11817 W unknown:ViewManagerPropertyUpdater: Could not find generated setter for class com.swmansion.rnscreens.ScreenStackHeaderSubviewManager
11-10 14:30:19.446 11733 11817 W unknown:ViewManagerPropertyUpdater: Could not find generated setter for class com.reactnativecommunity.picker.ReactDialogPickerManager
11-10 14:30:19.447 11733 11817 W unknown:ViewManagerPropertyUpdater: Could not find generated setter for class com.reactnativecommunity.picker.ReactPickerShadowNode
11-10 14:30:19.447 11733 11817 W unknown:ViewManagerPropertyUpdater: Could not find generated setter for class com.rnmaps.maps.MapOverlayManager
11-10 14:30:19.448 11733 11817 W unknown:ViewManagerPropertyUpdater: Could not find generated setter for class com.reactnativecommunity.picker.ReactDropdownPickerManager
11-10 14:30:19.494 11733 11825 D Detox.RNMarker: REACT_BRIDGELESS_LOADING_END (null)
11-10 14:30:19.557 11733 11817 W unknown:ViewManagerPropertyUpdater: Could not find generated setter for class com.horcrux.svg.RenderableViewManager$DefsViewManager
11-10 14:30:19.559 11733 11817 W unknown:ViewManagerPropertyUpdater: Could not find generated setter for class com.horcrux.svg.VirtualViewManager$RenderableShadowNode
11-10 14:30:19.565 11733 11817 W unknown:ViewManagerPropertyUpdater: Could not find generated setter for class com.facebook.react.views.debuggingoverlay.DebuggingOverlayManager
11-10 14:30:19.568 11733 11817 W unknown:ViewManagerPropertyUpdater: Could not find generated setter for class com.horcrux.svg.RenderableViewManager$FeMergeManager
11-10 14:30:19.576 11733 11817 W unknown:ViewManagerPropertyUpdater: Could not find generated setter for class com.horcrux.svg.RenderableViewManager$LinearGradientManager
11-10 14:30:19.580 11733 11817 W unknown:ViewManagerPropertyUpdater: Could not find generated setter for class com.horcrux.svg.RenderableViewManager$FeGaussianBlurManager
11-10 14:30:19.595 11733 11733 D Detox.RNMarker: CONTENT_APPEARED (main)
11-10 14:30:19.596 11733 11817 W unknown:ViewManagerPropertyUpdater: Could not find generated setter for class com.horcrux.svg.RenderableViewManager$FeColorMatrixManager
11-10 14:30:19.603 11733 11817 W unknown:ViewManagerPropertyUpdater: Could not find generated setter for class com.horcrux.svg.RenderableViewManager$ClipPathViewManager
11-10 14:30:19.609 11733 11817 W unknown:ViewManagerPropertyUpdater: Could not find generated setter for class com.horcrux.svg.RenderableViewManager$SymbolManager
11-10 14:30:19.616 11733 11817 W unknown:ViewManagerPropertyUpdater: Could not find generated setter for class com.horcrux.svg.RenderableViewManager$PatternManager
11-10 14:30:19.622 11733 11817 W unknown:ViewManagerPropertyUpdater: Could not find generated setter for class com.horcrux.svg.RenderableViewManager$FeBlendManager
11-10 14:30:19.633 11733 11817 W unknown:ViewManagerPropertyUpdater: Could not find generated setter for class com.horcrux.svg.SvgViewManager
11-10 14:30:19.642 11733 11817 W unknown:ViewManagerPropertyUpdater: Could not find generated setter for class com.horcrux.svg.RenderableViewManager$UseViewManager
11-10 14:30:19.648 11733 11817 W unknown:ViewManagerPropertyUpdater: Could not find generated setter for class com.horcrux.svg.RenderableViewManager$CircleViewManager
11-10 14:30:19.654 11733 11825 W HWUI    : Image decoding logging dropped!
11-10 14:30:19.654 11733 11825 W HWUI    : Image decoding logging dropped!
11-10 14:30:19.656 11733 11817 W unknown:ViewManagerPropertyUpdater: Could not find generated setter for class com.horcrux.svg.RenderableViewManager$TSpanViewManager
11-10 14:30:19.661 11733 11844 D nativeloader: Load /data/app/~~-EF7zV8aeB6uwTz4qA20uA==/com.tuapp.seguritacapp-TAEDWn2I_gE0qJOWNmaCzA==/base.apk!/lib/x86_64/libimagepipeline.so using class loader ns clns-9 (caller=/data/app/~~-EF7zV8aeB6uwTz4qA20uA==/com.tuapp.seguritacapp-TAEDWn2I_gE0qJOWNmaCzA==/base.apk!classes5.dex): ok
11-10 14:30:19.663 11733 11825 W HWUI    : Image decoding logging dropped!
11-10 14:30:19.664 11733 11817 W unknown:ViewManagerPropertyUpdater: Could not find generated setter for class com.horcrux.svg.RenderableViewManager$FilterManager
11-10 14:30:19.671 11733 11817 W unknown:ViewManagerPropertyUpdater: Could not find generated setter for class com.horcrux.svg.RenderableViewManager$MarkerManager
11-10 14:30:19.678 11733 11817 W unknown:ViewManagerPropertyUpdater: Could not find generated setter for class com.swmansion.gesturehandler.react.RNGestureHandlerButtonViewManager
11-10 14:30:19.688 11733 11817 W unknown:ViewManagerPropertyUpdater: Could not find generated setter for class com.horcrux.svg.RenderableViewManager$ForeignObjectManager
11-10 14:30:19.697 11733 11733 I pp.seguritacapp: hiddenapi: Accessing hidden field Landroid/widget/ScrollView;->mScroller:Landroid/widget/OverScroller; (runtime_flags=0, domain=platform, api=unsupported) from Lcom/facebook/react/views/scroll/ReactScrollView; (domain=app) using reflection: allowed
11-10 14:30:19.697 11733 11817 W unknown:ViewManagerPropertyUpdater: Could not find generated setter for class com.horcrux.svg.RenderableViewManager$EllipseViewManager
11-10 14:30:19.702 11733 11733 W unknown:ViewManagerPropertyUpdater: Could not find generated setter for class com.facebook.react.uimanager.RootViewManager
11-10 14:30:19.709 11733 11817 W unknown:ViewManagerPropertyUpdater: Could not find generated setter for class com.horcrux.svg.RenderableViewManager$LineViewManager
11-10 14:30:19.723 11733 11817 W unknown:ViewManagerPropertyUpdater: Could not find generated setter for class com.horcrux.svg.RenderableViewManager$FeFloodManager
11-10 14:30:19.728 11733 11817 W unknown:ViewManagerPropertyUpdater: Could not find generated setter for class com.horcrux.svg.RenderableViewManager$GroupViewManager
11-10 14:30:19.735 11733 11817 W unknown:ViewManagerPropertyUpdater: Could not find generated setter for class com.horcrux.svg.RenderableViewManager$TextViewManager
11-10 14:30:19.737 11733 11846 D HWUI    : --- Failed to create image decoder with message 'unimplemented'
11-10 14:30:19.738 11733 11846 D HWUI    : --- Failed to create image decoder with message 'unimplemented'
11-10 14:30:19.738 11733 11846 D HWUI    : --- Failed to create image decoder with message 'unimplemented'
11-10 14:30:19.738 11733 11846 D HWUI    : --- Failed to create image decoder with message 'unimplemented'
11-10 14:30:19.739 11733 11846 D HWUI    : --- Failed to create image decoder with message 'unimplemented'
11-10 14:30:19.739 11733 11846 D HWUI    : --- Failed to create image decoder with message 'unimplemented'
11-10 14:30:19.739 11733 11846 D HWUI    : --- Failed to create image decoder with message 'unimplemented'
11-10 14:30:19.739 11733 11846 D HWUI    : --- Failed to create image decoder with message 'unimplemented'
11-10 14:30:19.739 11733 11846 D HWUI    : --- Failed to create image decoder with message 'unimplemented'
11-10 14:30:19.740 11733 11846 D HWUI    : --- Failed to create image decoder with message 'unimplemented'
11-10 14:30:19.740 11733 11846 D HWUI    : --- Failed to create image decoder with message 'unimplemented'
11-10 14:30:19.740 11733 11846 D HWUI    : --- Failed to create image decoder with message 'unimplemented'
11-10 14:30:19.741 11733 11848 W HWUI    : Image decoding logging dropped!
11-10 14:30:19.743 11733 11817 W unknown:ViewManagerPropertyUpdater: Could not find generated setter for class com.horcrux.svg.RenderableViewManager$ImageViewManager
11-10 14:30:19.744 11733 11848 W HWUI    : Image decoding logging dropped!
11-10 14:30:19.745 11733 11848 D HWUI    : --- Failed to create image decoder with message 'unimplemented'
11-10 14:30:19.745 11733 11848 D HWUI    : --- Failed to create image decoder with message 'unimplemented'
11-10 14:30:19.745 11733 11848 D HWUI    : --- Failed to create image decoder with message 'unimplemented'
11-10 14:30:19.745 11733 11848 D HWUI    : --- Failed to create image decoder with message 'unimplemented'
11-10 14:30:19.746 11733 11848 D HWUI    : --- Failed to create image decoder with message 'unimplemented'
11-10 14:30:19.746 11733 11848 D HWUI    : --- Failed to create image decoder with message 'unimplemented'
11-10 14:30:19.746 11733 11848 D HWUI    : --- Failed to create image decoder with message 'unimplemented'
11-10 14:30:19.746 11733 11848 D HWUI    : --- Failed to create image decoder with message 'unimplemented'
11-10 14:30:19.747 11733 11848 W unknown:ProgressiveDecoder: unknown image format, {uri: res:/2131623936, firstEncodedBytes: 03000800C00100000100, length: 448}
11-10 14:30:19.749 11733 11847 W HWUI    : Image decoding logging dropped!
11-10 14:30:19.755 11733 11817 W unknown:ViewManagerPropertyUpdater: Could not find generated setter for class com.horcrux.svg.RenderableViewManager$RadialGradientManager
11-10 14:30:19.757 11733 11849 W HWUI    : Image decoding logging dropped!
11-10 14:30:19.768 11733 11845 W HWUI    : Image decoding logging dropped!
11-10 14:30:19.770 11733 11848 W HWUI    : Image decoding logging dropped!
11-10 14:30:19.771 11733 11848 W HWUI    : Image decoding logging dropped!
11-10 14:30:19.774 11733 11817 W unknown:ViewManagerPropertyUpdater: Could not find generated setter for class com.horcrux.svg.RenderableViewManager$MaskManager
11-10 14:30:19.778 11733 11849 W HWUI    : Image decoding logging dropped!
11-10 14:30:19.785 11733 11845 W HWUI    : Image decoding logging dropped!
11-10 14:30:19.786 11733 11817 W unknown:ViewManagerPropertyUpdater: Could not find generated setter for class com.horcrux.svg.RenderableViewManager$RectViewManager
11-10 14:30:19.788 11733 11847 W HWUI    : Image decoding logging dropped!
11-10 14:30:19.794 11733 11817 W unknown:ViewManagerPropertyUpdater: Could not find generated setter for class com.horcrux.svg.RenderableViewManager$TextPathViewManager
11-10 14:30:19.805 11733 11817 W unknown:ViewManagerPropertyUpdater: Could not find generated setter for class com.horcrux.svg.RenderableViewManager$FeOffsetManager
11-10 14:30:19.811 11733 11817 W unknown:ViewManagerPropertyUpdater: Could not find generated setter for class com.horcrux.svg.RenderableViewManager$PathViewManager
11-10 14:30:19.837 11733 11817 W unknown:ViewManagerPropertyUpdater: Could not find generated setter for class com.swmansion.gesturehandler.react.RNGestureHandlerRootViewManager
11-10 14:30:19.916 11733 11817 I ReactNativeJS: Bridgeless mode is enabled
11-10 14:30:19.923 11733 11817 W BridgelessReactContext: [WARNING] Bridgeless doesn't support CatalystInstance. Accessing an API that's not part of the new architecture is not encouraged usage.
11-10 14:30:19.924 11733 11817 I ExpoModulesCore: ✅ JSI interop was installed
11-10 14:30:19.925 11733 11817 W ExpoModulesCore: ⚠️ JSI interop was already installed
11-10 14:30:19.979 11733 11817 I expo-notifications: NotificationsEmitter.onNotificationResponseIntentReceived:
11-10 14:30:19.979 11733 11817 I expo-notifications: actionIdentifier: expo.modules.notifications.actions.DEFAULT
11-10 14:30:19.979 11733 11817 I expo-notifications: notification
11-10 14:30:19.979 11733 11817 I expo-notifications:   date: 0
11-10 14:30:19.979 11733 11817 I expo-notifications:   request
11-10 14:30:19.979 11733 11817 I expo-notifications:     identifier: (null)
11-10 14:30:19.979 11733 11817 I expo-notifications:     trigger
11-10 14:30:19.979 11733 11817 I expo-notifications:       type: push
11-10 14:30:19.979 11733 11817 I expo-notifications:       channelId: (null)
11-10 14:30:19.979 11733 11817 I expo-notifications:     content
11-10 14:30:19.979 11733 11817 I expo-notifications:       data
11-10 14:30:19.979 11733 11817 I expo-notifications:         launchArgs
11-10 14:30:19.979 11733 11817 I expo-notifications:           detoxURLOverride: exp+seguridadciudadanaapp://expo-development-client/?url=http%3A%2F%2F10.0.2.2%3A8081
11-10 14:30:19.979 11733 11817 I expo-notifications:           detoxServer: ws://localhost:55448
11-10 14:30:19.979 11733 11817 I expo-notifications:           detoxSessionId: a3200551-dff5-6d63-bcac-a51b71d3db7e
11-10 14:30:19.979 11733 11817 I expo-notifications:           detoxEnableSynchronization: 0
11-10 14:30:19.979 11733 11817 I expo-notifications:       title: (null)
11-10 14:30:19.988 11733 11817 I ExpoModulesCore: ✅ Constants were exported
11-10 14:30:20.117 11733 11817 D nativeloader: Load /data/app/~~-EF7zV8aeB6uwTz4qA20uA==/com.tuapp.seguritacapp-TAEDWn2I_gE0qJOWNmaCzA==/base.apk!/lib/x86_64/librnscreens.so using class loader ns clns-9 (caller=/data/app/~~-EF7zV8aeB6uwTz4qA20uA==/com.tuapp.seguritacapp-TAEDWn2I_gE0qJOWNmaCzA==/base.apk!classes2.dex): ok
11-10 14:30:20.169 11733 11817 D nativeloader: Load /data/app/~~-EF7zV8aeB6uwTz4qA20uA==/com.tuapp.seguritacapp-TAEDWn2I_gE0qJOWNmaCzA==/base.apk!/lib/x86_64/libworklets.so using class loader ns clns-9 (caller=/data/app/~~-EF7zV8aeB6uwTz4qA20uA==/com.tuapp.seguritacapp-TAEDWn2I_gE0qJOWNmaCzA==/base.apk!classes5.dex): ok
11-10 14:30:20.177 11733 11817 D nativeloader: Load /data/app/~~-EF7zV8aeB6uwTz4qA20uA==/com.tuapp.seguritacapp-TAEDWn2I_gE0qJOWNmaCzA==/base.apk!/lib/x86_64/libreanimated.so using class loader ns clns-9 (caller=/data/app/~~-EF7zV8aeB6uwTz4qA20uA==/com.tuapp.seguritacapp-TAEDWn2I_gE0qJOWNmaCzA==/base.apk!classes5.dex): ok
11-10 14:30:20.181 11733 11817 W pp.seguritacapp: CheckJNI: method to register "installJSIBindings" not in the given class. This is slow, consider changing your RegisterNatives calls.
11-10 14:30:20.196 11733 11817 W BridgelessReactContext: [WARNING] Bridgeless doesn't support CatalystInstance. Accessing an API that's not part of the new architecture is not encouraged usage.
11-10 14:30:20.616 11733 11817 W ReactNativeJS: '[2025-11-10T14:30:20.610Z]  @firebase/auth:', 'Auth (11.9.0): \nYou are initializing Firebase Auth for React Native without providing\nAsyncStorage. Auth state will default to memory persistence and will not\npersist between sessions. In order to persist auth state, install the package\n"@react-native-async-storage/async-storage" and provide it to\ninitializeAuth:\n\nimport { initializeAuth, getReactNativePersistence } from \'firebase/auth\';\nimport ReactNativeAsyncStorage from \'@react-native-async-storage/async-storage\';\nconst auth = initializeAuth(app, {\n  persistence: getReactNativePersistence(ReactNativeAsyncStorage)\n});\n'
11-10 14:30:20.638 11733 11817 I ReactNativeJS: ✅ Firestore inicializado con configuración básica
11-10 14:30:20.642 11733 11817 I ReactNativeJS: ✅ Firebase inicializado correctamente
11-10 14:30:20.642 11733 11817 I ReactNativeJS: '📱 Proyecto:', 'seguritacapp'
11-10 14:30:20.651 11733 11817 V AsyncStorageExpoMigration: No scoped database found
11-10 14:30:20.876 11733 11787 D DetoxWSClient: Received action 'invoke' (ID #1, params={"target":{"type":"Class","value":"com.wix.detox.Detox"},"method":"startActivityFromUrl","args":["exp+seguridadciudadanaapp:\/\/login"]})
11-10 14:30:20.877 11733 11783 I DetoxDispatcher: Handling action 'invoke' (ID #1)...
11-10 14:30:20.888 11733 11783 D Detox   : class com.wix.detox.Detox, startActivityFromUrl, [exp+seguridadciudadanaapp://login]
11-10 14:30:20.926 11733 11783 W ActivityTestRule: Activity wasn't created yet or already stopped
11-10 14:30:20.929 11733 11783 I DetoxActionHandlers: Test exception
11-10 14:30:20.929 11733 11783 I DetoxActionHandlers: java.lang.reflect.InvocationTargetException
11-10 14:30:20.929 11733 11783 I DetoxActionHandlers: 	at java.lang.reflect.Method.invoke(Native Method)
11-10 14:30:20.929 11733 11783 I DetoxActionHandlers: 	at org.apache.commons.lang3.reflect.MethodUtils.invokeStaticMethod(MethodUtils.java:443)
11-10 14:30:20.929 11733 11783 I DetoxActionHandlers: 	at org.apache.commons.lang3.reflect.MethodUtils.invokeStaticMethod(MethodUtils.java:405)
11-10 14:30:20.929 11733 11783 I DetoxActionHandlers: 	at com.wix.invoke.types.ClassTarget.execute(ClassTarget.java:23)
11-10 14:30:20.929 11733 11783 I DetoxActionHandlers: 	at com.wix.invoke.types.Target.invoke(Target.java:59)
11-10 14:30:20.929 11733 11783 I DetoxActionHandlers: 	at com.wix.invoke.MethodInvocation.invoke(MethodInvocation.java:35)
11-10 14:30:20.929 11733 11783 I DetoxActionHandlers: 	at com.wix.invoke.MethodInvocation.invoke(MethodInvocation.java:26)
11-10 14:30:20.929 11733 11783 I DetoxActionHandlers: 	at com.wix.invoke.MethodInvocation.invoke(MethodInvocation.java:20)
11-10 14:30:20.929 11733 11783 I DetoxActionHandlers: 	at com.wix.detox.adapters.server.InvokeActionHandler.handle(DetoxActionHandlers.kt:54)
11-10 14:30:20.929 11733 11783 I DetoxActionHandlers: 	at com.wix.detox.adapters.server.ActionsExecutor.executeAction$lambda$2$lambda$1(DetoxActionsDispatcher.kt:76)
11-10 14:30:20.929 11733 11783 I DetoxActionHandlers: 	at com.wix.detox.adapters.server.ActionsExecutor.$r8$lambda$GVbB7LHtBHxNHGbgYnHJ6YrwCqs(Unknown Source:0)
11-10 14:30:20.929 11733 11783 I DetoxActionHandlers: 	at com.wix.detox.adapters.server.ActionsExecutor$$ExternalSyntheticLambda0.run(D8$$SyntheticClass:0)
11-10 14:30:20.929 11733 11783 I DetoxActionHandlers: 	at android.os.Handler.handleCallback(Handler.java:995)
11-10 14:30:20.929 11733 11783 I DetoxActionHandlers: 	at android.os.Handler.dispatchMessage(Handler.java:103)
11-10 14:30:20.929 11733 11783 I DetoxActionHandlers: 	at android.os.Looper.loopOnce(Looper.java:248)
11-10 14:30:20.929 11733 11783 I DetoxActionHandlers: 	at android.os.Looper.loop(Looper.java:338)
11-10 14:30:20.929 11733 11783 I DetoxActionHandlers: 	at com.wix.detox.adapters.server.ActionsExecutor._init_$lambda$0(DetoxActionsDispatcher.kt:62)
11-10 14:30:20.929 11733 11783 I DetoxActionHandlers: 	at com.wix.detox.adapters.server.ActionsExecutor.$r8$lambda$xlgL0CQim6vNM0wWEqM8JIDgZUE(Unknown Source:0)
11-10 14:30:20.929 11733 11783 I DetoxActionHandlers: 	at com.wix.detox.adapters.server.Actio