--------- beginning of main
11-10 14:33:34.259 12385 12465 W ReactNativeJS: '[2025-11-10T14:33:34.255Z]  @firebase/auth:', 'Auth (11.9.0): \nYou are initializing Firebase Auth for React Native without providing\nAsyncStorage. Auth state will default to memory persistence and will not\npersist between sessions. In order to persist auth state, install the package\n"@react-native-async-storage/async-storage" and provide it to\ninitializeAuth:\n\nimport { initializeAuth, getReactNativePersistence } from \'firebase/auth\';\nimport ReactNativeAsyncStorage from \'@react-native-async-storage/async-storage\';\nconst auth = initializeAuth(app, {\n  persistence: getReactNativePersistence(ReactNativeAsyncStorage)\n});\n'
11-10 14:33:34.285 12385 12465 I ReactNativeJS: ✅ Firestore inicializado con configuración básica
11-10 14:33:34.289 12385 12465 I ReactNativeJS: ✅ Firebase inicializado correctamente
11-10 14:33:34.291 12385 12465 I ReactNativeJS: '📱 Proyecto:', 'seguritacapp'
11-10 14:33:34.304 12385 12465 V AsyncStorageExpoMigration: No scoped database found
11-10 14:33:34.419 12385 12435 D DetoxWSClient: Received action 'invoke' (ID #1, params={"target":{"type":"Class","value":"com.wix.detox.Detox"},"method":"startActivityFromUrl","args":["exp+seguridadciudadanaapp:\/\/login"]})
11-10 14:33:34.420 12385 12431 I DetoxDispatcher: Handling action 'invoke' (ID #1)...
11-10 14:33:34.441 12385 12431 D Detox   : class com.wix.detox.Detox, startActivityFromUrl, [exp+seguridadciudadanaapp://login]
11-10 14:33:34.456 12385 12431 W ActivityTestRule: Activity wasn't created yet or already stopped
11-10 14:33:34.456 12385 12431 I DetoxActionHandlers: Test exception
11-10 14:33:34.456 12385 12431 I DetoxActionHandlers: java.lang.reflect.InvocationTargetException
11-10 14:33:34.456 12385 12431 I DetoxActionHandlers: 	at java.lang.reflect.Method.invoke(Native Method)
11-10 14:33:34.456 12385 12431 I DetoxActionHandlers: 	at org.apache.commons.lang3.reflect.MethodUtils.invokeStaticMethod(MethodUtils.java:443)
11-10 14:33:34.456 12385 12431 I DetoxActionHandlers: 	at org.apache.commons.lang3.reflect.MethodUtils.invokeStaticMethod(MethodUtils.java:405)
11-10 14:33:34.456 12385 12431 I DetoxActionHandlers: 	at com.wix.invoke.types.ClassTarget.execute(ClassTarget.java:23)
11-10 14:33:34.456 12385 12431 I DetoxActionHandlers: 	at com.wix.invoke.types.Target.invoke(Target.java:59)
11-10 14:33:34.456 12385 12431 I DetoxActionHandlers: 	at com.wix.invoke.MethodInvocation.invoke(MethodInvocation.java:35)
11-10 14:33:34.456 12385 12431 I DetoxActionHandlers: 	at com.wix.invoke.MethodInvocation.invoke(MethodInvocation.java:26)
11-10 14:33:34.456 12385 12431 I DetoxActionHandlers: 	at com.wix.invoke.MethodInvocation.invoke(MethodInvocation.java:20)
11-10 14:33:34.456 12385 12431 I DetoxActionHandlers: 	at com.wix.detox.adapters.server.InvokeActionHandler.handle(DetoxActionHandlers.kt:54)
11-10 14:33:34.456 12385 12431 I DetoxActionHandlers: 	at com.wix.detox.adapters.server.ActionsExecutor.executeAction$lambda$2$lambda$1(DetoxActionsDispatcher.kt:76)
11-10 14:33:34.456 12385 12431 I DetoxActionHandlers: 	at com.wix.detox.adapters.server.ActionsExecutor.$r8$lambda$GVbB7LHtBHxNHGbgYnHJ6YrwCqs(Unknown Source:0)
11-10 14:33:34.456 12385 12431 I DetoxActionHandlers: 	at com.wix.detox.adapters.server.ActionsExecutor$$ExternalSyntheticLambda0.run(D8$$SyntheticClass:0)
11-10 14:33:34.456 12385 12431 I DetoxActionHandlers: 	at android.os.Handler.handleCallback(Handler.java:995)
11-10 14:33:34.456 12385 12431 I DetoxActionHandlers: 	at android.os.Handler.dispatchMessage(Handler.java:103)
11-10 14:33:34.456 12385 12431 I DetoxActionHandlers: 	at android.os.Looper.loopOnce(Looper.java:248)
11-10 14:33:34.456 12385 12431 I DetoxActionHandlers: 	at android.os.Looper.loop(Looper.java:338)
11-10 14:33:34.456 12385 12431 I DetoxActionHandlers: 	at com.wix.detox.adapters.server.ActionsExecutor._init_$lambda$0(DetoxActionsDispatcher.kt:62)
11-10 14:33:34.456 12385 12431 I DetoxActionHandlers: 	at com.wix.detox.adapters.server.ActionsExecutor.$r8$lambda$xlgL0CQim6vNM0wWEqM8JIDgZUE(Unknown Source:0)
11-10 14:33:34.456 12385 12431 I DetoxActionHandlers: 	at com.wix.detox.adapters.server.ActionsExecutor$$ExternalSyntheticLambda1.run(D8$$SyntheticClass:0)
11-10 14:33:34.456 12385 12431 I DetoxActionHandlers: 	at java.lang.Thread.run(Thread.java:1119)
11-10 14:33:34.456 12385 12431 I DetoxActionHandlers: Caused by: java.lang.NullPointerException: Attempt to invoke virtual method 'java.lang.Class java.lang.Object.getClass()' on a null object reference
11-10 14:33:34.456 12385 12431 I DetoxActionHandlers: 	at com.wix.detox.ActivityLaunchHelper.launchActivitySync(ActivityLaunchHelper.kt:62)
11-10 14:33:34.456 12385 12431 I DetoxActionHandlers: 	at com.wix.detox.ActivityLaunchHelper.startActivityFromUrl(ActivityLaunchHelper.kt:27)
11-10 14:33:34.456 12385 12431 I DetoxActionHandlers: 	at com.wix.detox.Detox.startActivityFromUrl(Detox.java:135)
11-10 14:33:34.456 12385 12431 I DetoxActionHandlers: 	... 20 more
11-10 14:33:34.457 12385 12431 I DetoxWSClient: Sending out action 'testFailed' (ID #1)
11-10 14:33:34.457 12385 12431 I DetoxDispatcher: Done with action 'invoke'
11-10 14:33:35.274 12385 12435 D DetoxWSClient: Received action 'invoke' (ID #2, params={"target":{"type":"Class","value":"com.wix.detox.espresso.DetoxAssertion"},"method":"waitForAssertMatcher","args":[{"type":"Invocation","value":{"target":{"type":"Class","value":"androidx.test.espresso.Espresso"},"method":"onView","args":[{"type":"Invocation","value":{"target":{"type":"Class","value":"com.wix.detox.espresso.DetoxMatcher"},"method":"matcherForShallowAccessibilityLabel","args":["login-email-input",{"type":"boolean","value":false}]}}]}},{"type":"Invocation","value":{"target":{"type":"Class","value":"com.wix.detox.espresso.DetoxMatcher"},"method":"matcherForSufficientlyVisible","args":[{"type":"Integer","value":75}]}},{"type":"Double","value":8}]})
11-10 14:33:35.275 12385 12431 I DetoxDispatcher: Handling action 'invoke' (ID #2)...
11-10 14:33:35.276 12385 12431 D Detox   : class com.wix.detox.espresso.DetoxMatcher, matcherForShallowAccessibilityLabel, [login-email-input, false]
11-10 14:33:35.288 12385 12431 D Detox   : class androidx.test.espresso.Espresso, onView, [((view.getContentDescription() is "login-email-input" or an instance of android.widget.TextView and view.getText() with or without transformation to match: is "login-email-input") and view has effective visibility <VISIBLE>)]
11-10 14:33:35.295 12385 12431 D CompatChangeReporter: Compat change id reported: 247079863; UID 10223; state: ENABLED
11-10 14:33:35.296 12385 12431 D Detox   : class com.wix.detox.espresso.DetoxMatcher, matcherForSufficientlyVisible, [75]
11-10 14:33:35.302 12385 12431 D Detox   : class com.wix.detox.espresso.DetoxAssertion, waitForAssertMatcher, [androidx.test.espresso.ViewInteraction@2a83a57, (view has effective visibility <VISIBLE> and view.getGlobalVisibleRect() covers at least <75> percent of the view's area), 8.0]
11-10 14:33:35.438 12385 12465 D Detox.RNMarker: RUN_JS_BUNDLE_END (/index.ts.bundle?platform=android&dev=true&hot=false&transform.engine=hermes&transform.bytecode=1&transform.routerRoot=app&unstable_transformProfile=hermes-stable)
11-10 14:33:35.441 12385 12465 W ReactNativeJS: [Reanimated] Reduced motion setting is enabled on this device. This warning is visible only in the development mode. Some animations will be disabled by default. You can override the behavior for individual animations, see https://docs.swmansion.com/react-native-reanimated/docs/guides/troubleshooting#reduced-motion-setting-is-enabled-on-this-device.
11-10 14:33:35.447 12385 12465 I ReactNativeJS: Running "main" with {"rootTag":11,"initialProps":{},"fabric":true}
11-10 14:33:35.488 12385 12385 I ViewInteraction: Checking 'MatchesViewAssertion(Detox){viewMatcher=(view has effective visibility <VISIBLE> and view.getGlobalVisibleRect() covers at least <75> percent of the view's area)}' assertion on view ((view.getContentDescription() is "login-email-input" or an instance of android.widget.TextView and view.getText() with or without transformation to match: is "login-email-input") and view has effective visibility <VISIBLE>)
11-10 14:33:35.550 12385 12385 I ViewInteraction: Checking 'MatchesViewAssertion(Detox){viewMatcher=(view has effective visibility <VISIBLE> and view.getGlobalVisibleRect() covers at least <75> percent of the view's area)}' assertion on view ((view.getContentDescription() is "login-email-input" or an instance of android.widget.TextView and view.getText() with or without transformation to match: is "login-email-input") and view has effective visibility <VISIBLE>)
11-10 14:33:35.610 12385 12390 I pp.seguritacapp: NativeAlloc concurrent mark compact GC freed 4193KB AllocSpace bytes, 21(780KB) LOS objects, 49% free, 14MB/28MB, paused 1.807ms,18.500ms total 137.016ms
11-10 14:33:35.623 12385 12385 I ViewInteraction: Checking 'MatchesViewAssertion(Detox){viewMatcher=(view has effective visibility <VISIBLE> and view.getGlobalVisibleRect() covers at least <75> percent of the view's area)}' assertion on view ((view.getContentDescription() is "login-email-input" or an instance of android.widget.TextView and view.getText() with or without transformation to match: is "login-email-input") and view has effective visibility <VISIBLE>)
11-10 14:33:35.661 12385 12385 I ViewInteraction: Checking 'MatchesViewAssertion(Detox){viewMatcher=(view has effective visibility <VISIBLE> and view.getGlobalVisibleRect() covers at least <75> percent of the view's area)}' assertion on view ((view.getContentDescription() is "login-email-input" or an instance of android.widget.TextView and view.getText() with or without transformation to match: is "login-email-input") and view has effective visibility <VISIBLE>)
11-10 14:33:35.700 12385 12385 I ViewInteraction: Checking 'MatchesViewAssertion(Detox){viewMatcher=(view has effective visibility <VISIBLE> and view.getGlobalVisibleRect() covers at least <75> percent of the view's area)}' assertion on view ((view.getContentDescription() is "login-email-input" or an instance of android.widget.TextView and view.getText() with or without transformation to match: is "login-email-input") and view has effective visibility <VISIBLE>)
11-10 14:33:35.740 12385 12385 I ViewInteraction: Checking 'MatchesViewAssertion(Detox){viewMatcher=(view has effective visibility <VISIBLE> and view.getGlobalVisibleRect() covers at least <75> percent of the view's area)}' assertion on view ((view.getContentDescription() is "login-email-input" or an instance of android.widget.TextView and view.getText() with or without transformation to match: is "login-email-input") and view has effective visibility <VISIBLE>)
11-10 14:33:35.779 12385 12385 I ViewInteraction: Checking 'MatchesViewAssertion(Detox){viewMatcher=(view has effective visibility <VISIBLE> and view.getGlobalVisibleRect() covers at least <75> percent of the view's area)}' assertion on view ((view.getContentDescription() is "login-email-input" or an instance of android.widget.TextView and view.getText() with or without transformation to match: is "login-email-input") and view has effective visibility <VISIBLE>)
11-10 14:33:35.797 12385 12465 W HWUI    : Image decoding logging dropped!
11-10 14:33:35.797 12385 12465 W HWUI    : Image decoding logging dropped!
11-10 14:33:35.818 12385 12385 I ViewInteraction: Checking 'MatchesViewAssertion(Detox){viewMatcher=(view has effective visibility <VISIBLE> and view.getGlobalVisibleRect() covers at least <75> percent of the view's area)}' assertion on view ((view.getContentDescription() is "login-email-input" or an instance of android.widget.TextView and view.getText() with or without transformation to match: is "login-email-input") and view has effective visibility <VISIBLE>)
11-10 14:33:35.856 12385 12385 I ViewInteraction: Checking 'MatchesViewAssertion(Detox){viewMatcher=(view has effective visibility <VISIBLE> and view.getGlobalVisibleRect() covers at least <75> percent of the view's area)}' assertion on view ((view.getContentDescription() is "login-email-input" or an instance of android.widget.TextView and view.getText() with or without transformation to match: is "login-email-input") and view has effective visibility <VISIBLE>)
11-10 14:33:35.911 12385 12385 I ViewInteraction: Checking 'MatchesViewAssertion(Detox){viewMatcher=(view has effective visibility <VISIBLE> and view.getGlobalVisibleRect() covers at least <75> percent of the view's area)}' assertion on view ((view.getContentDescription() is "login-email-input" or an instance of android.widget.TextView and view.getText() with or without transformation to match: is "login-email-input") and view has effective visibility <VISIBLE>)
11-10 14:33:35.946 12385 12385 I ViewInteraction: Checking 'MatchesViewAssertion(Detox){viewMatcher=(view has effective visibility <VISIBLE> and view.getGlobalVisibleRect() covers at least <75> percent of the view's area)}' assertion on view ((view.getContentDescription() is "login-email-input" or an instance of android.widget.TextView and view.getText() with or without transformation to match: is "login-email-input") and view has effective visibility <VISIBLE>)
11-10 14:33:36.021 12385 12385 W HWUI    : Image decoding logging dropped!
11-10 14:33:36.023 12385 12385 W HWUI    : Image decoding logging dropped!
11-10 14:33:36.025 12385 12385 W HWUI    : Image decoding logging dropped!
11-10 14:33:36.067 12385 12385 W [RNScreens]: backTitleFontFamily prop is not available on Android
11-10 14:33:36.067 12385 12385 W [RNScreens]: disableBackButtonMenu prop is not available on Android
11-10 14:33:36.067 12385 12385 W [RNScreens]: backTitleVisible prop is not available on Android
11-10 14:33:36.067 12385 12385 W [RNScreens]: largeTitleHideShadow prop is not available on Android
11-10 14:33:36.067 12385 12385 W [RNScreens]: largeTitleFontWeight prop is not available on Android
11-10 14:33:36.067 12385 12385 W [RNScreens]: largeTitleFontFamily prop is not available on Android
11-10 14:33:36.155 12385 12385 D Detox.RNMarker: CONTENT_APPEARED (main)
11-10 14:33:36.396 12385 12385 I ViewInteraction: Checking 'MatchesViewAssertion(Detox){viewMatcher=(view has effective visibility <VISIBLE> and view.getGlobalVisibleRect() covers at least <75> percent of the view's area)}' assertion on view ((view.getContentDescription() is "login-email-input" or an instance of android.widget.TextView and view.getText() with or without transformation to match: is "login-email-input") and view has effective visibility <VISIBLE>)
11-10 14:33:36.444 12385 12385 I ViewInteraction: Checking 'MatchesViewAssertion(Detox){viewMatcher=(view has effective visibility <VISIBLE> and view.getGlobalVisibleRect() covers at least <75> percent of the view's area)}' assertion on view ((view.getContentDescription() is "login-email-input" or an instance of android.widget.TextView and view.getText() with or without transformation to match: is "login-email-input") and view has effective visibility <VISIBLE>)
11-10 14:33:36.519 12385 12385 I ViewInteraction: Checking 'MatchesViewAssertion(Detox){viewMatcher=(view has effective visibility <VISIBLE> and view.getGlobalVisibleRect() covers at least <75> percent of the view's area)}' assertion on view ((view.getContentDescription() is "login-email-input" or an instance of android.widget.TextView and view.getText() with or without transformation to match: is "login-email-input") and view has effective visibility <VISIBLE>)
11-10 14:33:36.551 12385 12465 I ReactNativeJS: [METRIC] navigation_ready_ms=1121ms {"initialRoute":"AuthLoading"}
11-10 14:33:36.585 12385 12385 I ViewInteraction: Checking 'MatchesViewAssertion(Detox){viewMatcher=(view has effective visibility <VISIBLE> and view.getGlobalVisibleRect() covers at least <75> percent of the view's area)}' assertion on view ((view.getContentDescription() is "login-email-input" or an instance of android.widget.TextView and view.getText() with or without transformation to match: is "login-email-input") and view has effective visibility <VISIBLE>)
11-10 14:33:36.626 12385 12385 I ViewInteraction: Checking 'MatchesViewAssertion(Detox){viewMatcher=(view has effective visibility <VISIBLE> and view.getGlobalVisibleRect() covers at least <75> percent of the view's area)}' assertion on view ((view.getContentDescription() is "login-email-input" or an instance of android.widget.TextView and view.getText() with or without transformation to match: is "login-email-input") and view has effective visibility <VISIBLE>)
11-10 14:33:36.630 12385 12390 I pp.seguritacapp: ThreadFlipBegin blocked for 38.549ms
11-10 14:33:36.642 12385 12444 I pp.seguritacapp: IncrementDisableThreadFlip blocked for 13.703ms
11-10 14:33:36.668 12385 12465 I ReactNativeJS: [METRIC] cold_start_first_render_ms=1236ms {"platform":"android"}
11-10 14:33:36.669 12385 12385 I ViewInteraction: Checking 'MatchesViewAssertion(Detox){viewMatcher=(view has effective visibility <VISIBLE> and view.getGlobalVisibleRect() covers at least <75> percent of the view's area)}' assertion on view ((view.getContentDescription() is "login-email-input" or an instance of android.widget.TextView and view.getText() with or without transformation to match: is "login-email-input") and view has effective visibility <VISIBLE>)
11-10 14:33:36.686 12385 12390 I pp.seguritacapp: Background concurrent mark compact GC freed 14MB AllocSpace bytes, 64(2356KB) LOS objects, 50% free, 18MB/36MB, paused 10.650ms,3.759ms total 288.364ms
11-10 14:33:36.722 12385 12385 I ViewInteraction: Checking 'MatchesViewAssertion(Detox){viewMatcher=(view has effective visibility <VISIBLE> and view.getGlobalVisibleRect() covers at least <75> percent of the view's area)}' assertion on view ((view.getContentDescription() is "login-email-input" or an instance of android.widget.TextView and view.getText() with or without transformation to match: is "login-email-input") and view has effective visibility <VISIBLE>)
11-10 14:33:36.816 12385 12385 I ViewInteraction: Checking 'MatchesViewAssertion(Detox){viewMatcher=(view has effective visibility <VISIBLE> and view.getGlobalVisibleRect() covers at least <75> percent of the view's area)}' assertion on view ((view.getContentDescription() is "login-email-input" or an instance of android.widget.TextView and view.getText() with or without transformation to match: is "login-email-input") and view has effective visibility <VISIBLE>)
11-10 14:33:36.866 12385 12385 I ViewInteraction: Checking 'MatchesViewAssertion(Detox){viewMatcher=(view has effective visibility <VISIBLE> and view.getGlobalVisibleRect() covers at least <75> percent of the view's area)}' assertion on view ((view.getContentDescription() is "login-email-input" or an instance of android.widget.TextView and view.getText() with or without transformation to match: is "login-email-input") and view has effective visibility <VISIBLE>)
11-10 14:33:36.894 12385 12498 W HWUI    : Image decoding logging dropped!
11-10 14:33:36.905 12385 12385 I ViewInteraction: Checking 'MatchesViewAssertion(Detox){viewMatcher=(view has effective visibility <VISIBLE> and view.getGlobalVisibleRect() covers at least <75> percent of the view's area)}' assertion on view ((view.getContentDescription() is "login-email-input" or an instance of android.widget.TextView and view.getText() with or without transformation to match: is "login-email-input") and view has effective visibility <VISIBLE>)
11-10 14:33:37.004 12385 12465 I ReactNativeJS: 📱 Dispositivo conectado - sincronizando datos
11-10 14:33:37.053 12385 12465 I ReactNativeJS: ✅ Red de Firestore habilitada
11-10 14:33:37.054 12385 12465 I ReactNativeJS: ✅ Red de Firestore habilitada
11-10 14:33:37.054 12385 12465 I ReactNativeJS: 📱 Dispositivo conectado - sincronizando datos
11-10 14:33:37.055 12385 12465 I ReactNativeJS: 📱 Dispositivo conectado - sincronizando datos
11-10 14:33:37.062 12385 12465 I ReactNativeJS: ✅ Red de Firestore habilitada
11-10 14:33:37.065 12385 12465 I ReactNativeJS: ✅ Red de Firestore habilitada
11-10 14:33:37.066 12385 12465 I ReactNativeJS: ✅ Red de Firestore habilitada
11-10 14:33:37.066 12385 12465 I ReactNativeJS: ✅ Red de Firestore habilitada
11-10 14:33:37.187 12385 12465 D Detox.RNMarker: REACT_BRIDGELESS_LOADING_END (null)
11-10 14:33:37.240 12385 12385 I ViewInteraction: Checking 'MatchesViewAssertion(Detox){viewMatcher=(view has effective visibility <VISIBLE> and view.getGlobalVisibleRect() covers at least <75> percent of the view's area)}' assertion on view ((view.getContentDescription() is "login-email-input" or an instance of android.widget.TextView and view.getText() with or without transformation to match: is "login-email-input") and view has effective visibility <VISIBLE>)
11-10 14:33:37.291 12385 12385 I ViewInteraction: Checking 'MatchesViewAssertion(Detox){viewMatcher=(view has effective visibility <VISIBLE> and view.getGlobalVisibleRect() covers at least <75> percent of the view's area)}' assertion on view ((view.getContentDescription() is "login-email-input" or an instance of android.widget.TextView and view.getText() with or without transformation to match: is "login-email-input") and view has effective visibility <VISIBLE>)
11-10 14:33:37.328 12385 12385 I ViewInteraction: Checking 'MatchesViewAssertion(Detox){viewMatcher=(view has effective visibility <VISIBLE> and view.getGlobalVisibleRect() covers at least <75> percent of the view's area)}' assertion on view ((view.getContentDescription() is "login-email-input" or an instance of android.widget.TextView and view.getText() with or without transformation to match: is "login-email-input") and view has effective visibility <VISIBLE>)
11-10 14:33:37.360 12385 12385 I ViewInteraction: Checking 'MatchesViewAssertion(Detox){viewMatcher=(view has effective visibility <VISIBLE> and view.getGlobalVisibleRect() covers at least <75> percent of the view's area)}' assertion on view ((view.getContentDescription() is "login-email-input" or an instance of android.widget.TextView and view.getText() with or without transformation to match: is "login-email-input") and view has effective visibility <VISIBLE>)
11-10 14:33:37.397 12385 12385 I ViewInteraction: Checking 'MatchesViewAssertion(Detox){viewMatcher=(view has effective visibility <VISIBLE> and view.getGlobalVisibleRect() covers at least <75> percent of the view's area)}' assertion on view ((view.getContentDescription() is "login-email-input" or an instance of android.widget.TextView and view.getText() with or without transformation to match: is "login-email-input") and view has effective visibility <VISIBLE>)
11-10 14:33:37.447 12385 12385 I ViewInteraction: Checking 'MatchesViewAssertion(Detox){viewMatcher=(view has effective visibility <VISIBLE> and view.getGlobalVisibleRect() covers at least <75> percent of the view's area)}' assertion on view ((view.getContentDescription() is "login-email-input" or an instance of android.widget.TextView and view.getText() with or without transformation to match: is "login-email-input") and view has effective visibility <VISIBLE>)
11-10 14:33:37.481 12385 12385 I ViewInteraction: Checking 'MatchesViewAssertion(Detox){viewMatcher=(view has effective visibility <VISIBLE> and view.getGlobalVisibleRect() covers at least <75> percent of the view's area)}' assertion on view ((view.getContentDescription() is "login-email-input" or an instance of android.widget.TextView and view.getText() with or without transformation to match: is "login-email-input") and view has effective visibility <VISIBLE>)
11-10 14:33:37.515 12385 12385 I ViewInteraction: Checking 'MatchesViewAssertion(Detox){viewMatcher=(view has effective visibility <VISIBLE> and view.getGlobalVisibleRect() covers at least <75> percent of the view's area)}' assertion on view ((view.getContentDescription() is "login-email-input" or an instance of android.widget.TextView and view.getText() with or without transformation to match: is "login-email-input") and view has effective visibility <VISIBLE>)
11-10 14:33:37.550 12385 12385 I ViewInteraction: Checking 'MatchesViewAssertion(Detox){viewMatcher=(view has effective visibility <VISIBLE> and view.getGlobalVisibleRect() covers at least <75> percent of the view's area)}' assertion on view ((view.getContentDescription() is "login-email-input" or an instance of android.widget.TextView and view.getText() with or without transformation to match: is "login-email-input") and view has effective visibility <VISIBLE>)
11-10 14:33:37.599 12385 12385 I ViewInteraction: Checking 'MatchesViewAssertion(Detox){viewMatcher=(view has effective visibility <VISIBLE> and view.getGlobalVisibleRect() covers at least <75> percent of the view's area)}' assertion on view ((view.getContentDescription() is "login-email-input" or an instance of android.widget.TextView and view.getText() with or without transformation to match: is "login-email-input") and view has effective visibility <VISIBLE>)
11-10 14:33:37.650 12385 12385 I ViewInteraction: Checking 'MatchesViewAssertion(Detox){viewMatcher=(view has effective visibility <VISIBLE> and view.getGlobalVisibleRect() covers at least <75> percent of the view's area)}' assertion on view ((view.getContentDescription() is "login-email-input" or an instance of android.widget.TextView and view.getText() with or without transformation to match: is "login-email-input") and view has effective visibility <VISIBLE>)
11-10 14:33:37.687 12385 12385 I ViewInteraction: Checking 'MatchesViewAssertion(Detox){viewMatcher=(view has effective visibility <VISIBLE> and view.getGlobalVisibleRect() covers at least <75> percent of the view's area)}' assertion on view ((view.getContentDescription() is "login-email-input" or an instance of android.widget.TextView and view.getText() with or without transformation to match: is "login-email-input") and view has effective visibility <VISIBLE>)
11-10 14:33:37.718 12385 12385 I ViewInteraction: Checking 'MatchesViewAssertion(Detox){viewMatcher=(view has effective visibility <VISIBLE> and view.getGlobalVisibleRect() covers at least <75> percent of the view's area)}' assertion on view ((view.getContentDescription() is "login-email-input" or an instance of android.widget.TextView and view.getText() with or without transformation to match: is "login-email-input") and view has effective visibility <VISIBLE>)
11-10 14:33:37.759 12385 12385 I ViewInteraction: Checking 'MatchesViewAssertion(Detox){viewMatcher=(view has effective visibility <VISIBLE> and view.getGlobalVisibleRect() covers at least <75> percent of the view's area)}' assertion on view ((view.getContentDescription() is "login-email-input" or an instance of android.widget.TextView and view.getText() with or without transformation to match: is "login-email-input") and view has effective visibility <VISIBLE>)
11-10 14:33:37.804 12385 12385 I ViewInteraction: Checking 'MatchesViewAssertion(Detox){viewMatcher=(view has effective visibility <VISIBLE> and view.getGlobalVisibleRect() covers at least <75> percent of the view's area)}' assertion on view ((view.getContentDescription() is "login-email-input" or an instance of android.widget.TextView and view.getText() with or without transformation to match: is "login-email-input") and view has effective visibility <VISIBLE>)
11-10 14:33:37.837 12385 12385 I ViewInteraction: Checking 'MatchesViewAssertion(Detox){viewMatcher=(view has effective visibility <VISIBLE> and view.getGlobalVisibleRect() covers at least <75> percent of the view's area)}' assertion on view ((view.getContentDescription() is "login-email-input" or an instance of android.widget.TextView and view.getText() with or without transformation to match: is "login-email-input") and view has effective visibility <VISIBLE>)
11-10 14:33:37.867 12385 12385 I ViewInteraction: Checking 'MatchesViewAssertion(Detox){viewMatcher=(view has effective visibility <VISIBLE> and view.getGlobalVisibleRect() covers at least <75> percent of the view's area)}' assertion on view ((view.getContentDescription() is "login-email-input" or an instance of android.widget.TextView and view.getText() with or without transformation to match: is "login-email-input") and view has effective visibility <VISIBLE>)
11-10 14:33:37.897 12385 12385 I ViewInteraction: Checking 'MatchesViewAssertion(Detox){viewMatcher=(view has effective visibility <VISIBLE> and view.getGlobalVisibleRect() covers at least <75> percent of the view's area)}' assertion on view ((view.getContentDescription() is "login-email-input" or an instance of android.widget.TextView and view.getText() with or without transformation to match: is "login-email-input") and view has effective visibility <VISIBLE>)
11-10 14:33:37.933 12385 12385 I ViewInteraction: Checking 'MatchesViewAssertion(Detox){viewMatcher=(view has effective visibility <VISIBLE> and view.getGlobalVisibleRect() covers at least <75> percent of the view's area)}' assertion on view ((view.getContentDescription() is "login-email-input" or an instance of android.widget.TextView and view.getText() with or without transformation to match: is "login-email-input") and view has effective visibility <VISIBLE>)
11-10 14:33:37.974 12385 12385 I ViewInteraction: Checking 'MatchesViewAssertion(Detox){viewMatcher=(view has effective visibility <VISIBLE> and view.getGlobalVisibleRect() covers at least <75> percent of the view's area)}' assertion on view ((view.getContentDescription() is "login-email-input" or an instance of android.widget.TextView and view.getText() with or without transformation to match: is "login-email-input") and view has effective visibility <VISIBLE>)
11-10 14:33:38.013 12385 12385 I ViewInteraction: Checking 'MatchesViewAssertion(Detox){viewMatcher=(view has effective visibility <VISIBLE> and view.getGlobalVisibleRect() covers at least <75> percent of the view's area)}' assertion on view ((view.getContentDescription() is "login-email-input" or an instance of android.widget.TextView and view.getText() with or without transformation to match: is "login-email-input") and view has effective visibility <VISIBLE>)
11-10 14:33:38.043 12385 12385 I ViewInteraction: Checking 'MatchesViewAssertion(Detox){viewMatcher=(view has effective visibility <VISIBLE> and view.getGlobalVisibleRect() covers at least <75> percent of the view's area)}' assertion on view ((view.getContentDescription() is "login-email-input" or an instance of android.widget.TextView and view.getText() with or without transformation to match: is "login-email-input") and view has effective visibility <VISIBLE>)
11-10 14:33:38.074 12385 12385 I ViewInteraction: Checking 'MatchesViewAssertion(Detox){viewMatcher=(view has effective visibility <VISIBLE> and view.getGlobalVisibleRect() covers at least <75> percent of the view's area)}' assertion on view ((view.getContentDescription() is "login-email-input" or an instance of android.widget.TextView and view.getText() with or without transformation to match: is "login-email-input") and view has effective visibility <VISIBLE>)
11-10 14:33:38.119 12385 12385 I ViewInteraction: Checking 'MatchesViewAssertion(Detox){viewMatcher=(view has effective visibility <VISIBLE> and view.getGlobalVisibleRect() covers at least <75> percent of the view's area)}' assertion on view ((view.getContentDescription() is "login-email-input" or an instance of android.widget.TextView and view.getText() with or without transformation to match: is "login-email-input") and view has effective visibility <VISIBLE>)
11-10 14:33:38.150 12385 12385 I ViewInteraction: Checking 'MatchesViewAssertion(Detox){viewMatcher=(view has effective visibility <VISIBLE> and view.getGlobalVisibleRect() covers at least <75> percent of the view's area)}' assertion on view ((view.getContentDescription() is "login-email-input" or an instance of android.widget.TextView and view.getText() with or without transformation to match: is "login-email-input") and view has effective visibility <VISIBLE>)
11-10 14:33:38.181 12385 12385 I ViewInteraction: Checking 'MatchesViewAssertion(Detox){viewMatcher=(view has effective visibility <VISIBLE> and view.getGlobalVisibleRect() covers at least <75> percent of the view's area)}' assertion on view ((view.getContentDescription() is "login-email-input" or an instance of android.widget.TextView and view.getText() with or without transformation to match: is "login-email-input") and view has effective visibility <VISIBLE>)
11-10 14:33:38.211 12385 12385 I ViewInteraction: Checking 'MatchesViewAssertion(Detox){viewMatcher=(view has effective visibility <VISIBLE> and view.getGlobalVisibleRect() covers at least <75> percent of the view's area)}' assertion on view ((view.getContentDescription() is "login-email-input" or an instance of android.widget.TextView and view.getText() with or without transformation to match: is "login-email-input") and view has effective visibility <VISIBLE>)
11-10 14:33:38.241 12385 12385 I ViewInteraction: Checking 'MatchesViewAssertion(Detox){viewMatcher=(view has effective visibility <VISIBLE> and view.getGlobalVisibleRect() covers at least <75> percent of the view's area)}' assertion on view ((view.getContentDescription() is "login-email-input" or an instance of android.widget.TextView and view.getText() with or without transformation to match: is "login-email-input") and view has effective visibility <VISIBLE>)
11-10 14:33:38.271 12385 12385 I ViewInteraction: Checking 'MatchesViewAssertion(Detox){viewMatcher=(view has effective visibility <VISIBLE> and view.getGlobalVisibleRect() covers at least <75> percent of the view's area)}' assertion on view ((view.getContentDescription() is "login-email-input" or an instance of android.widget.TextView and view.getText() with or without transformation to match: is "login-email-input") and view has effective visibility <VISIBLE>)
11-10 14:33:38.302 12385 12385 I ViewInteraction: Checking 'MatchesViewAssertion(Detox){viewMatcher=(view has effective visibility <VISIBLE> and view.getGlobalVisibleRect() covers at least <75> percent of the view's area)}' assertion on view ((view.getContentDescription() is "login-email-input" or an instance of android.widget.TextView and view.getText() with or without transformation to match: is "login-email-input") and view has effective visibility <VISIBLE>)
11-10 14:33:38.333 12385 12385 I ViewInteraction: Checking 'MatchesViewAssertion(Detox){viewMatcher=(view has effective visibility <VISIBLE> and view.getGlobalVisibleRect() covers at least <75> percent of the view's area)}' assertion on view ((view.getContentDescription() is "login-email-input" or an instance of android.widget.TextView and view.getText() with or without transformation to match: is "login-email-input") and view has effective visibility <VISIBLE>)
11-10 14:33:38.365 12385 12385 I ViewInteraction: Checking 'MatchesViewAssertion(Detox){viewMatcher=(view has effective visibility <VISIBLE> and view.getGlobalVisibleRect() covers at least <75> percent of the view's area)}' assertion on view ((view.getContentDescription() is "login-email-input" or an instance of android.widget.TextView and view.getText() with or without transformation to match: is "login-email-input") and view has effective visibility <VISIBLE>)
11-10 14:33:38.396 12385 12385 I ViewInteraction: Checking 'MatchesViewAssertion(Detox){viewMatcher=(view has effective visibility <VISIBLE> and view.getGlobalVisibleRect() covers at least <75> percent of the view's area)}' assertion on view ((view.getContentDescription() is "login-email-input" or an instance of android.widget.TextView and view.getText() with or without transformation to match: is "login-email-input") and view has effective visibility <VISIBLE>)
11-10 14:33:38.427 12385 12385 I ViewInteraction: Checking 'MatchesViewAssertion(Detox){viewMatcher=(view has effective visibility <VISIBLE> and view.getGlobalVisibleRect() covers at least <75> percent of the view's area)}' assertion on view ((view.getContentDescription() is "login-email-input" or an instance of android.widget.TextView and view.getText() with or without transformation to match: is "login-email-input") and view has effective visibility <VISIBLE>)
11-10 14:33:38.457 12385 12385 I ViewInteraction: Checking 'MatchesViewAssertion(Detox){viewMatcher=(view has effective visibility <VISIBLE> and view.getGlobalVisibleRect() covers at least <75> percent of the view's area)}' assertion on view ((view.getContentDescription() is "login-email-input" or an instance of android.widget.TextView and view.getText() with or without transformation to match: is "login-email-input") and view has effective visibility <VISIBLE>)
11-10 14:33:38.490 12385 12385 I ViewInteraction: Checking 'MatchesViewAssertion(Detox){viewMatcher=(view has effective visibility <VISIBLE> and view.getGlobalVisibleRect() covers at least <75> percent of the view's area)}' assertion on view ((view.getContentDescription() is "login-email-input" or an instance of android.widget.TextView and view.getText() with or without transformation to match: is "login-email-input") and view has effective visibility <VISIBLE>)
11-10 14:33:38.533 12385 12385 I ViewInteraction: Checking 'MatchesViewAssertion(Detox){viewMatcher=(view has effective visibility <VISIBLE> and view.getGlobalVisibleRect() covers at least <75> percent of the view's area)}' assertion on view ((view.getContentDescription() is "login-email-input" or an instance of android.widget.TextView and view.getText() with or without transformation to match: is "login-email-input") and view has effective visibility <VISIBLE>)
11-10 14:33:38.567 12385 12385 I ViewInteraction: Checking 'MatchesViewAssertion(Detox){viewMatcher=(view has effective visibility <VISIBLE> and view.getGlobalVisibleRect() covers at least <75> percent of the view's area)}' assertion on view ((view.getContentDescription() is "login-email-input" or an instance of android.widget.TextView and view.getText() with or without transformation to match: is "login-email-input") and view has effective visibility <VISIBLE>)
11-10 14:33:38.599 12385 12385 I ViewInteraction: Checking 'MatchesViewAssertion(Detox){viewMatcher=(view has effective visibility <VISIBLE> and view.getGlobalVisibleRect() covers at least <75> percent of the view's area)}' assertion on view ((view.getContentDescription() is "login-email-input" or an instance of android.widget.TextView and view.getText() with or without transformation to match: is "login-email-input") and view has effective visibility <VISIBLE>)
11-10 14:33:38.630 12385 12385 I ViewInteraction: Checking 'MatchesViewAssertion(Detox){viewMatcher=(view has effective visibility <VISIBLE> and view.getGlobalVisibleRect() covers at least <75> percent of the view's area)}' assertion on view ((view.getContentDescription() is "login-email-input" or an instance of android.widget.TextView and view.getText() with or without transformation to match: is "login-email-input") and view has effective visibility <VISIBLE>)
11-10 14:33:38.659 12385 12385 I ViewInteraction: Checking 'MatchesViewAssertion(Detox){viewMatcher=(view has effective visibility <VISIBLE> and view.getGlobalVisibleRect() covers at least <75> percent of the view's area)}' assertion on view ((view.getContentDescription() is "login-email-input" or an instance of android.widget.TextView and view.getText() with or without transformation to match: is "login-email-input") and view has effective visibility <VISIBLE>)
11-10 14:33:38.690 12385 12385 I ViewInteraction: Checking 'MatchesViewAssertion(Detox){viewMatcher=(view has effective visibility <VISIBLE> and view.getGlobalVisibleRect() covers at least <75> percent of the view's area)}' assertion on view ((view.getContentDescription() is "login-email-input" or an instance of android.widget.TextView and view.getText() with or without transformation to match: is "login-email-input") and view has effective visibility <VISIBLE>)
11-10 14:33:38.720 12385 12385 I ViewInteraction: Checking 'MatchesViewAssertion(Detox){viewMatcher=(view has effective visibility <VISIBLE> and view.getGlobalVisibleRect() covers at least <75> percent of the view's area)}' assertion on view ((view.getContentDescription() is "login-email-input" or an instance of android.widget.TextView and view.getText() with or without transformation to match: is "login-email-input") and view has effective visibility <VISIBLE>)
11-10 14:33:38.750 12385 12385 I ViewInteraction: Checking 'MatchesViewAssertion(Detox){viewMatcher=(view has effective visibility <VISIBLE> and view.getGlobalVisibleRect() covers at least <75> percent of the view's area)}' assertion on view ((view.getContentDescription() is "login-email-input" or an instance of android.widget.TextView and view.getText() with or without transformation to match: is "login-email-input") and view has effective visibility <VISIBLE>)
11-10 14:33:38.781 12385 12385 I ViewInteraction: Checking 'MatchesViewAssertion(Detox){viewMatcher=(view has effective visibility <VISIBLE> and view.getGlobalVisibleRect() covers at least <75> percent of the view's area)}' assertion on view ((view.getContentDescription() is "login-email-input" or an instance of android.widget.TextView and view.getText() with or without transformation to match: is "login-email-input") and view has effective visibility <VISIBLE>)
11-10 14:33:38.811 12385 12385 I ViewInteraction: Checking 'MatchesViewAssertion(Detox){viewMatcher=(view has effective visibility <VISIBLE> and view.getGlobalVisibleRect() covers at least <75> percent of the view's area)}' assertion on view ((view.getContentDescription() is "login-email-input" or an instance of android.widget.TextView and view.getText() with or without transformation to match: is "login-email-input") and view has effective visibility <VISIBLE>)
11-10 14:33:38.840 12385 12385 I ViewInteraction: Checking 'MatchesViewAssertion(Detox){viewMatcher=(view has effective visibility <VISIBLE> and view.getGlobalVisibleRect() covers at least <75> percent of the view's area)}' assertion on view ((view.getContentDescription() is "login-email-input" or an instance of android.widget.TextView and view.getText() with or without transformation to match: is "login-email-input") and view has effective visibility <VISIBLE>)
11-10 14:33:38.869 12385 12385 I ViewInteraction: Checking 'MatchesViewAssertion(Detox){viewMatcher=(view has effective visibility <VISIBLE> and view.getGlobalVisibleRect() covers at least <75> percent of the view's area)}' assertion on view ((view.getContentDescription() is "login-email-input" or an instance of android.widget.TextView and view.getText() with or without transformation to match: is "login-email-input") and view has effective visibility <VISIBLE>)
11-10 14:33:38.899 12385 12385 I ViewInteraction: Checking 'MatchesViewAssertion(Detox){viewMatcher=(view has effective visibility <VISIBLE> and view.getGlobalVisibleRect() covers at least <75> percent of the view's area)}' assertion on view ((view.getContentDescription() is "login-email-input" or an instance of android.widget.TextView and view.getText() with or without transformation to match: is "login-email-input") and view has effective visibility <VISIBLE>)
11-10 14:33:38.936 12385 12385 I ViewInteraction: Checking 'MatchesViewAssertion(Detox){viewMatcher=(view has effective visibility <VISIBLE> and view.getGlobalVisibleRect() covers at least <75> percent of the view's area)}' assertion on view ((view.getContentDescription() is "login-email-input" or an instance of android.widget.TextView and view.getText() with or without transformation to match: is "login-email-input") and view has effective visibility <VISIBLE>)
11-10 14:33:38.972 12385 12385 I ViewInteraction: Checking 'MatchesViewAssertion(Detox){viewMatcher=(view has effective visibility <VISIBLE> and view.getGlobalVisibleRect() covers at least <75> percent of the view's area)}' assertion on view ((view.getContentDescription() is "login-email-input" or an instance of android.widget.TextView and view.getText() with or without transformation to match: is "login-email-input") and view has effective visibility <VISIBLE>)
11-10 14:33:39.001 12385 12385 I ViewInteraction: Checking 'MatchesViewAssertion(Detox){viewMatcher=(view has effective visibility <VISIBLE> and view.getGlobalVisibleRect() covers at least <75> percent of the view's area)}' assertion on view ((view.getContentDescription() is "login-email-input" or an instance of android.widget.TextView and view.getText() with or without transformation to match: is "login-email-input") and view has effective visibility <VISIBLE>)
11-10 14:33:39.032 12385 12385 I ViewInteraction: Checking 'MatchesViewAssertion(Detox){viewMatcher=(view has effective visibility <VISIBLE> and view.getGlobalVisibleRect() covers at least <75> percent of the view's area)}' assertion on view ((view.getContentDescription() is "login-email-input" or an instance of android.widget.TextView and view.getText() with or without transformation to match: is "login-email-input") and view has effective visibility <VISIBLE>)
11-10 14:33:39.062 12385 12385 I ViewInteraction: Checking 'MatchesViewAssertion(Detox){viewMatcher=(view has effective visibility <VISIBLE> and view.getGlobalVisibleRect() covers at least <75> percent of the view's area)}' assertion on view ((view.getContentDescription() is "login-email-input" or an instance of android.widget.TextView and view.getText() with or without transformation to match: is "login-email-input") and view has effective visibility <VISIBLE>)
11-10 14:33:39.090 12385 12385 I ViewInteraction: Checking 'MatchesViewAssertion(Detox){viewMatcher=(view has effective visibility <VISIBLE> and view.getGlobalVisibleRect() covers at least <75> percent of the view's area)}' assertion on view ((view.getContentDescription() is "login-email-input" or an instance of android.widget.TextView and view.getText() with or without transformation to match: is "login-email-input") and view has effective visibility <VISIBLE>)
11-10 14:33:39.120 12385 12385 I ViewInteraction: Checking 'MatchesViewAssertion(Detox){viewMatcher=(view has effective visibility <VISIBLE> and view.getGlobalVisibleRect() covers at least <75> percent of the view's area)}' assertion on view ((view.getContentDescription() is "login-email-input" or an instance of android.widget.TextView and view.getText() with or without transformation to match: is "login-email-input") and view has effective visibility <VISIBLE>)
11-10 14:33:39.151 12385 12385 I ViewInteraction: Checking 'MatchesViewAssertion(Detox){viewMatcher=(view has effective visibility <VISIBLE> and view.getGlobalVisibleRect() covers at least <75> percent of the view's area)}' assertion on view ((view.getContentDescription() is "login-email-input" or an instance of android.widget.TextView and view.getText() with or without transformation to match: is "login-email-input") and view has effective visibility <VISIBLE>)
11-10 14:33:39.181 12385 12385 I ViewInteraction: Checking 'MatchesViewAssertion(Detox){viewMatcher=(view has effective visibility <VISIBLE> and view.getGlobalVisibleRect() covers at least <75> percent of the view's area)}' assertion on view ((view.getContentDescription() is "login-email-input" or an instance of android.widget.TextView and view.getText() with or without transformation to match: is "login-email-input") and view has effective visibility <VISIBLE>)
11-10 14:33:39.211 12385 12385 I ViewInteraction: Checking 'MatchesViewAssertion(Detox){viewMatcher=(view has effective visibility <VISIBLE> and view.getGlobalVisibleRect() covers at least <75> percent of the view's area)}' assertion on view ((view.getContentDescription() is "login-email-input" or an instance of android.widget.TextView and view.getText() with or without transformation to match: is "login-email-input") and view has effective visibility <VISIBLE>)
11-10 14:33:39.240 12385 12385 I ViewInteraction: Checking 'MatchesViewAssertion(Detox){viewMatcher=(view has effective visibility <VISIBLE> and view.getGlobalVisibleRect() covers at least <75> percent of the view's area)}' assertion on view ((view.getContentDescription() is "login-email-input" or an instance of android.widget.TextView and view.getText() with or without transformation to match: is "login-email-input") and view has effective visibility <VISIBLE>)
11-10 14:33:39.269 12385 12385 I ViewInteraction: Checking 'MatchesViewAssertion(Detox){viewMatcher=(view has effective visibility <VISIBLE> and view.getGlobalVisibleRect() covers at least <75> percent of the view's area)}' assertion on view ((view.getContentDescription() is "login-email-input" or an instance of android.widget.TextView and view.getText() with or without transformation to match: is "login-email-input") and view has effective visibility <VISIBLE>)
11-10 14:33:39.301 12385 12385 I ViewInteraction: Checking 'MatchesViewAssertion(Detox){viewMatcher=(view has effective visibility <VISIBLE> and view.getGlobalVisibleRect() covers at least <75> percent of the view's area)}' assertion on view ((view.getContentDescription() is "login-email-input" or an instance of android.widget.TextView and view.getText() with or without transformation to match: is "login-email-input") and view has effective visibility <VISIBLE>)
11-10 14:33:39.342 12385 12385 I ViewInteraction: Checking 'MatchesViewAssertion(Detox){viewMatcher=(view has effective visibility <VISIBLE> and view.getGlobalVisibleRect() covers at least <75> percent of the view's area)}' assertion on view ((view.getContentDescription() is "login-email-input" or an instance of android.widget.TextView and view.getText() with or without transformation to match: is "login-email-input") and view has effective visibility <VISIBLE>)
