11-14 16:11:49.764  9254  9395 D Detox.RNMarker: NATIVE_MODULE_SETUP_START (BlobModule)
11-14 16:11:49.765  9254  9395 D Detox.RNMarker: CREATE_MODULE_START (BlobModule)
11-14 16:11:49.767  9254  9395 D Detox.RNMarker: CREATE_MODULE_END (BlobModule)
11-14 16:11:49.769  9254  9422 D Detox.RNMarker: CREATE_MODULE_END (UIManager)
11-14 16:11:49.771  9254  9422 D Detox.RNMarker: REACT_BRIDGE_LOADING_END (null)
11-14 16:11:49.776  9254  9395 D Detox.RNMarker: NATIVE_MODULE_SETUP_END (BlobModule)
11-14 16:11:49.788  9254  9395 D Detox.RNMarker: NATIVE_MODULE_SETUP_START (WebSocketModule)
11-14 16:11:49.788  9254  9395 D Detox.RNMarker: CREATE_MODULE_START (WebSocketModule)
11-14 16:11:49.790  9254  9395 D Detox.RNMarker: CREATE_MODULE_END (WebSocketModule)
11-14 16:11:49.791  9254  9395 D Detox.RNMarker: NATIVE_MODULE_SETUP_END (WebSocketModule)
11-14 16:11:49.839  9254  9395 D Detox.RNMarker: NATIVE_MODULE_SETUP_START (Networking)
11-14 16:11:49.839  9254  9395 D Detox.RNMarker: CREATE_MODULE_START (Networking)
11-14 16:11:49.849  9254  9395 D Detox.RNMarker: CREATE_MODULE_END (Networking)
11-14 16:11:49.851  9254  9395 D Detox.RNMarker: NATIVE_MODULE_SETUP_END (Networking)
11-14 16:11:49.852  9254  9396 I WebViewFactory: Loading com.google.android.webview version 113.0.5672.136 (code 567263637)
11-14 16:11:49.862  9254  9421 D Detox.RNMarker: NATIVE_MODULE_SETUP_START (NativePerformanceCxx)
11-14 16:11:49.864  9254  9396 W ziparchive: Unable to open '/data/app/~~bhUVnFOAnuGoWQ9w6zmW3Q==/com.google.android.trichromelibrary_567263637--OyXGzkvsKMHQm4_eeFJMQ==/TrichromeLibrary.dm': No such file or directory
11-14 16:11:49.864  9254  9396 W ziparchive: Unable to open '/data/app/~~bhUVnFOAnuGoWQ9w6zmW3Q==/com.google.android.trichromelibrary_567263637--OyXGzkvsKMHQm4_eeFJMQ==/TrichromeLibrary.dm': No such file or directory
11-14 16:11:49.865  9254  9396 W pp.seguritacapp: Entry not found
11-14 16:11:49.867  9254  9395 D Detox.RNMarker: NATIVE_MODULE_SETUP_START (RedBox)
11-14 16:11:49.870  9254  9396 D nativeloader: Configuring clns-10 for other apk /data/app/~~bhUVnFOAnuGoWQ9w6zmW3Q==/com.google.android.trichromelibrary_567263637--OyXGzkvsKMHQm4_eeFJMQ==/TrichromeLibrary.apk. target_sdk_version=34, uses_libraries=ALL, library_path=/data/app/~~jUQqhEaB6XRvePmQJVz5IQ==/com.google.android.webview-eGVsrZR5Ul84j39ZyjNL0A==/lib/x86_64:/data/app/~~jUQqhEaB6XRvePmQJVz5IQ==/com.google.android.webview-eGVsrZR5Ul84j39ZyjNL0A==/WebViewGoogle.apk!/lib/x86_64:/data/app/~~bhUVnFOAnuGoWQ9w6zmW3Q==/com.google.android.trichromelibrary_567263637--OyXGzkvsKMHQm4_eeFJMQ==/TrichromeLibrary.apk!/lib/x86_64, permitted_path=/data:/mnt/expand
11-14 16:11:49.885  9254  9421 D Detox.RNMarker: NATIVE_MODULE_SETUP_START (NativeReactNativeFeatureFlagsCxx)
11-14 16:11:49.896  9254  9421 D Detox.RNMarker: NATIVE_MODULE_SETUP_START (RedBox)
11-14 16:11:49.898  9254  9421 D Detox.RNMarker: NATIVE_MODULE_SETUP_START (BugReporting)
11-14 16:11:49.902  9254  9421 D Detox.RNMarker: NATIVE_MODULE_SETUP_START (HeadlessJsTaskSupport)
11-14 16:11:49.902  9254  9421 D Detox.RNMarker: CREATE_MODULE_START (HeadlessJsTaskSupport)
11-14 16:11:49.903  9254  9396 D nativeloader: Configuring clns-11 for other apk /data/app/~~jUQqhEaB6XRvePmQJVz5IQ==/com.google.android.webview-eGVsrZR5Ul84j39ZyjNL0A==/WebViewGoogle.apk. target_sdk_version=34, uses_libraries=, library_path=/data/app/~~jUQqhEaB6XRvePmQJVz5IQ==/com.google.android.webview-eGVsrZR5Ul84j39ZyjNL0A==/lib/x86_64:/data/app/~~jUQqhEaB6XRvePmQJVz5IQ==/com.google.android.webview-eGVsrZR5Ul84j39ZyjNL0A==/WebViewGoogle.apk!/lib/x86_64:/data/app/~~bhUVnFOAnuGoWQ9w6zmW3Q==/com.google.android.trichromelibrary_567263637--OyXGzkvsKMHQm4_eeFJMQ==/TrichromeLibrary.apk!/lib/x86_64, permitted_path=/data:/mnt/expand
11-14 16:11:49.903  9254  9421 D Detox.RNMarker: CREATE_MODULE_END (HeadlessJsTaskSupport)
11-14 16:11:49.905  9254  9421 D Detox.RNMarker: NATIVE_MODULE_SETUP_END (HeadlessJsTaskSupport)
11-14 16:11:49.915  9254  9395 D Detox.RNMarker: NATIVE_MODULE_SETUP_START (DevLoadingView)
11-14 16:11:49.915  9254  9395 D Detox.RNMarker: CREATE_MODULE_START (DevLoadingView)
11-14 16:11:49.916  9254  9395 D Detox.RNMarker: CREATE_MODULE_END (DevLoadingView)
11-14 16:11:49.918  9254  9395 D Detox.RNMarker: NATIVE_MODULE_SETUP_END (DevLoadingView)
11-14 16:11:49.935  9254  9395 D Detox.RNMarker: NATIVE_MODULE_SETUP_START (BugReporting)
11-14 16:11:49.937  9254  9421 D Detox.RNMarker: NATIVE_MODULE_SETUP_START (PlatformConstants)
11-14 16:11:49.938  9254  9421 D Detox.RNMarker: CREATE_MODULE_START (PlatformConstants)
11-14 16:11:49.939  9254  9421 D Detox.RNMarker: CREATE_MODULE_END (PlatformConstants)
11-14 16:11:49.944  9254  9421 D Detox.RNMarker: NATIVE_MODULE_SETUP_END (PlatformConstants)
11-14 16:11:49.949  9254  9395 D Detox.RNMarker: NATIVE_MODULE_SETUP_START (HeadlessJsTaskSupport)
11-14 16:11:49.949  9254  9395 D Detox.RNMarker: CREATE_MODULE_START (HeadlessJsTaskSupport)
11-14 16:11:49.949  9254  9395 D Detox.RNMarker: CREATE_MODULE_END (HeadlessJsTaskSupport)
11-14 16:11:49.950  9254  9395 D Detox.RNMarker: NATIVE_MODULE_SETUP_END (HeadlessJsTaskSupport)
11-14 16:11:49.955  9254  9421 D Detox.RNMarker: NATIVE_MODULE_SETUP_START (SourceCode)
11-14 16:11:49.955  9254  9421 D Detox.RNMarker: CREATE_MODULE_START (SourceCode)
11-14 16:11:49.956  9254  9421 D Detox.RNMarker: CREATE_MODULE_END (SourceCode)
11-14 16:11:49.956  9254  9421 D Detox.RNMarker: NATIVE_MODULE_SETUP_END (SourceCode)
11-14 16:11:49.959  9254  9421 D Detox.RNMarker: NATIVE_MODULE_SETUP_START (DeviceInfo)
11-14 16:11:49.963  9254  9421 D Detox.RNMarker: NATIVE_MODULE_SETUP_END (DeviceInfo)
11-14 16:11:49.972  9254  9395 D Detox.RNMarker: NATIVE_MODULE_SETUP_START (DeviceInfo)
11-14 16:11:49.972  9254  9421 D Detox.RNMarker: NATIVE_MODULE_SETUP_START (UIManager)
11-14 16:11:49.972  9254  9395 D Detox.RNMarker: CREATE_MODULE_START (DeviceInfo)
11-14 16:11:49.972  9254  9395 D Detox.RNMarker: CREATE_MODULE_END (DeviceInfo)
11-14 16:11:49.978  9254  9395 D Detox.RNMarker: NATIVE_MODULE_SETUP_END (DeviceInfo)
11-14 16:11:49.990  9254  9395 D Detox.RNMarker: NATIVE_MODULE_SETUP_START (UIManager)
11-14 16:11:50.038  9254  9396 W pp.seguritacapp: Accessing hidden method Landroid/os/Trace;->isTagEnabled(J)Z (unsupported, reflection, allowed)
11-14 16:11:50.038  9254  9396 W pp.seguritacapp: Accessing hidden method Landroid/os/Trace;->traceBegin(JLjava/lang/String;)V (unsupported, reflection, allowed)
11-14 16:11:50.038  9254  9396 W pp.seguritacapp: Accessing hidden method Landroid/os/Trace;->traceEnd(J)V (unsupported, reflection, allowed)
11-14 16:11:50.038  9254  9396 W pp.seguritacapp: Accessing hidden method Landroid/os/Trace;->asyncTraceBegin(JLjava/lang/String;I)V (unsupported, reflection, allowed)
11-14 16:11:50.039  9254  9396 W pp.seguritacapp: Accessing hidden method Landroid/os/Trace;->asyncTraceEnd(JLjava/lang/String;I)V (unsupported, reflection, allowed)
11-14 16:11:50.054  9254  9396 I cr_WVCFactoryProvider: Loaded version=113.0.5672.136 minSdkVersion=29 isBundle=false multiprocess=true packageId=2
11-14 16:11:50.111  9254  9433 I cr_VariationsUtils: Failed reading seed file "/data/user/0/com.tuapp.seguritacapp/app_webview/variations_seed_new"
11-14 16:11:50.111  9254  9433 I cr_VariationsUtils: Failed reading seed file "/data/user/0/com.tuapp.seguritacapp/app_webview/variations_seed"
11-14 16:11:50.112  9254  9433 I cr_VariationsUtils: Requesting new seed from IVariationsSeedServer
11-14 16:11:50.137  9254  9421 D Detox.RNMarker: NATIVE_MODULE_SETUP_END (UIManager)
11-14 16:11:50.151  9254  9396 I cr_LibraryLoader: Successfully loaded native library
11-14 16:11:50.152  9254  9421 D Detox.RNMarker: NATIVE_MODULE_SETUP_START (DeviceEventManager)
11-14 16:11:50.152  9254  9421 D Detox.RNMarker: CREATE_MODULE_START (DeviceEventManager)
11-14 16:11:50.153  9254  9421 D Detox.RNMarker: CREATE_MODULE_END (DeviceEventManager)
11-14 16:11:50.153  9254  9421 D Detox.RNMarker: NATIVE_MODULE_SETUP_END (DeviceEventManager)
11-14 16:11:50.155  9254  9396 I cr_CachingUmaRecorder: Flushed 9 samples from 9 histograms.
11-14 16:11:50.165  9254  9421 D Detox.RNMarker: NATIVE_MODULE_SETUP_START (RNSModule)
11-14 16:11:50.180  9254  9421 D Detox.RNMarker: NATIVE_MODULE_SETUP_START (NativeAnimatedModule)
11-14 16:11:50.180  9254  9421 D Detox.RNMarker: CREATE_MODULE_START (NativeAnimatedModule)
11-14 16:11:50.183  9254  9421 D Detox.RNMarker: CREATE_MODULE_END (NativeAnimatedModule)
11-14 16:11:50.186  9254  9421 D Detox.RNMarker: NATIVE_MODULE_SETUP_END (NativeAnimatedModule)
11-14 16:11:50.242  9254  9396 D CompatibilityChangeReporter: Compat change id reported: 289878283; UID 10202; state: ENABLED
11-14 16:11:50.247  9254  9440 D TrafficStats: tagSocket(159) with statsTag=0xffffffff, statsUid=-1
11-14 16:11:50.283  9254  9421 D Detox.RNMarker: NATIVE_MODULE_SETUP_START (SoundManager)
11-14 16:11:50.284  9254  9421 D Detox.RNMarker: CREATE_MODULE_START (SoundManager)
11-14 16:11:50.284  9254  9421 D Detox.RNMarker: CREATE_MODULE_END (SoundManager)
11-14 16:11:50.285  9254  9421 D Detox.RNMarker: NATIVE_MODULE_SETUP_END (SoundManager)
11-14 16:11:50.551  9254  9421 D Detox.RNMarker: NATIVE_MODULE_SETUP_START (ImageLoader)
11-14 16:11:50.551  9254  9421 D Detox.RNMarker: CREATE_MODULE_START (ImageLoader)
11-14 16:11:50.553  9254  9421 D Detox.RNMarker: CREATE_MODULE_END (ImageLoader)
11-14 16:11:50.555  9254  9421 D Detox.RNMarker: NATIVE_MODULE_SETUP_END (ImageLoader)
11-14 16:11:50.642  9254  9421 D Detox.RNMarker: NATIVE_MODULE_SETUP_START (EXDevLauncherExtension)
11-14 16:11:50.644  9254  9421 D Detox.RNMarker: NATIVE_MODULE_SETUP_END (EXDevLauncherExtension)
11-14 16:11:50.649  9254  9421 D Detox.RNMarker: NATIVE_MODULE_SETUP_START (NativeUnimoduleProxy)
11-14 16:11:50.691  9254  9421 I ExpoModulesCore: ✅ JSI interop was installed
11-14 16:11:50.691  9254  9421 I ExpoModulesCore: ✅ Constants were exported
11-14 16:11:50.693  9254  9421 D Detox.RNMarker: NATIVE_MODULE_SETUP_END (NativeUnimoduleProxy)
11-14 16:11:50.710  9254  9421 D Detox.RNMarker: RUN_JS_BUNDLE_END (EXDevMenuApp.android.js)
11-14 16:11:50.711  9254  9421 I ReactNativeJS: Running "main"
11-14 16:11:50.727  9254  9421 D Detox.RNMarker: NATIVE_MODULE_SETUP_START (Timing)
11-14 16:11:50.727  9254  9421 D Detox.RNMarker: CREATE_MODULE_START (Timing)
11-14 16:11:50.727  9254  9421 D Detox.RNMarker: CREATE_MODULE_END (Timing)
11-14 16:11:50.728  9254  9421 D Detox.RNMarker: NATIVE_MODULE_SETUP_END (Timing)
11-14 16:11:50.742  9254  9421 D Detox.RNMarker: NATIVE_MODULE_SETUP_START (Appearance)
11-14 16:11:50.742  9254  9421 D Detox.RNMarker: CREATE_MODULE_START (Appearance)
11-14 16:11:50.742  9254  9421 D Detox.RNMarker: CREATE_MODULE_END (Appearance)
11-14 16:11:50.743  9254  9421 D Detox.RNMarker: NATIVE_MODULE_SETUP_END (Appearance)
11-14 16:11:50.765  9254  9395 D Detox.RNMarker: NATIVE_MODULE_SETUP_END (UIManager)
11-14 16:11:50.797  9254  9395 D Detox.RNMarker: NATIVE_MODULE_SETUP_START (SoundManager)
11-14 16:11:50.797  9254  9395 D Detox.RNMarker: CREATE_MODULE_START (SoundManager)
11-14 16:11:50.798  9254  9395 D Detox.RNMarker: CREATE_MODULE_END (SoundManager)
11-14 16:11:50.800  9254  9395 D Detox.RNMarker: NATIVE_MODULE_SETUP_END (SoundManager)
11-14 16:11:50.812  9254  9254 D Detox.RNMarker: CONTENT_APPEARED (main)
11-14 16:11:50.817  9254  9320 D EGL_emulation: app_time_stats: avg=47.29ms min=12.59ms max=689.58ms count=22
11-14 16:11:50.832  9254  9395 D Detox.RNMarker: NATIVE_MODULE_SETUP_START (ImageLoader)
11-14 16:11:50.832  9254  9395 D Detox.RNMarker: CREATE_MODULE_START (ImageLoader)
11-14 16:11:50.832  9254  9395 D Detox.RNMarker: CREATE_MODULE_END (ImageLoader)
11-14 16:11:50.833  9254  9395 D Detox.RNMarker: NATIVE_MODULE_SETUP_END (ImageLoader)
11-14 16:11:50.836  9254  9395 D Detox.RNMarker: NATIVE_MODULE_SETUP_START (IntentAndroid)
11-14 16:11:50.836  9254  9395 D Detox.RNMarker: CREATE_MODULE_START (IntentAndroid)
11-14 16:11:50.836  9254  9395 D Detox.RNMarker: CREATE_MODULE_END (IntentAndroid)
11-14 16:11:50.837  9254  9395 D Detox.RNMarker: NATIVE_MODULE_SETUP_END (IntentAndroid)
11-14 16:11:50.838  9254  9395 D Detox.RNMarker: NATIVE_MODULE_SETUP_START (LinkingManager)
11-14 16:11:50.845  9254  9395 D Detox.RNMarker: NATIVE_MODULE_SETUP_START (DeviceEventManager)
11-14 16:11:50.845  9254  9395 D Detox.RNMarker: CREATE_MODULE_START (DeviceEventManager)
11-14 16:11:50.846  9254  9395 D Detox.RNMarker: CREATE_MODULE_END (DeviceEventManager)
11-14 16:11:50.846  9254  9395 D Detox.RNMarker: NATIVE_MODULE_SETUP_END (DeviceEventManager)
11-14 16:11:50.847  9254  9421 D Detox.RNMarker: NATIVE_MODULE_SETUP_START (FrameRateLogger)
11-14 16:11:50.848  9254  9421 D Detox.RNMarker: NATIVE_MODULE_SETUP_START (KeyboardObserver)
11-14 16:11:50.866  9254  9395 D Detox.RNMarker: NATIVE_MODULE_SETUP_START (ReanimatedModule)
11-14 16:11:50.866  9254  9395 D Detox.RNMarker: CREATE_MODULE_START (ReanimatedModule)
11-14 16:11:50.866  9254  9395 D Detox.RNMarker: CREATE_MODULE_END (ReanimatedModule)
11-14 16:11:50.867  9254  9395 D Detox.RNMarker: NATIVE_MODULE_SETUP_END (ReanimatedModule)
11-14 16:11:50.897  9254  9395 W pp.seguritacapp: CheckJNI: method to register "installJSIBindings" not in the given class. This is slow, consider changing your RegisterNatives calls.
11-14 16:11:50.899  9254  9395 D Detox.RNMarker: CREATE_MODULE_START (RNGestureHandlerModule)
11-14 16:11:50.900  9254  9395 D Detox.RNMarker: CREATE_MODULE_END (RNGestureHandlerModule)
11-14 16:11:51.039  9254  9254 D CompatibilityChangeReporter: Compat change id reported: 171228096; UID 10202; state: ENABLED
11-14 16:11:51.040  9254  9254 W pp.seguritacapp: Accessing hidden field Landroid/widget/ScrollView;->mScroller:Landroid/widget/OverScroller; (unsupported, reflection, allowed)
11-14 16:11:51.059  9254  9445 D OpenGLRenderer: --- Failed to create image decoder with message 'unimplemented'
11-14 16:11:51.059  9254  9445 D OpenGLRenderer: --- Failed to create image decoder with message 'unimplemented'
11-14 16:11:51.059  9254  9445 D OpenGLRenderer: --- Failed to create image decoder with message 'unimplemented'
11-14 16:11:51.059  9254  9445 D OpenGLRenderer: --- Failed to create image decoder with message 'unimplemented'
11-14 16:11:51.060  9254  9445 D OpenGLRenderer: --- Failed to create image decoder with message 'unimplemented'
11-14 16:11:51.061  9254  9445 D OpenGLRenderer: --- Failed to create image decoder with message 'unimplemented'
11-14 16:11:51.061  9254  9445 D OpenGLRenderer: --- Failed to create image decoder with message 'unimplemented'
11-14 16:11:51.061  9254  9445 D OpenGLRenderer: --- Failed to create image decoder with message 'unimplemented'
11-14 16:11:51.062  9254  9445 D OpenGLRenderer: --- Failed to create image decoder with message 'unimplemented'
11-14 16:11:51.063  9254  9445 D OpenGLRenderer: --- Failed to create image decoder with message 'unimplemented'
11-14 16:11:51.063  9254  9445 D OpenGLRenderer: --- Failed to create image decoder with message 'unimplemented'
11-14 16:11:51.063  9254  9445 D OpenGLRenderer: --- Failed to create image decoder with message 'unimplemented'
11-14 16:11:51.063  9254  9443 D OpenGLRenderer: --- Failed to create image decoder with message 'unimplemented'
11-14 16:11:51.064  9254  9443 D OpenGLRenderer: --- Failed to create image decoder with message 'unimplemented'
11-14 16:11:51.064  9254  9443 D OpenGLRenderer: --- Failed to create image decoder with message 'unimplemented'
11-14 16:11:51.064  9254  9443 D OpenGLRenderer: --- Failed to create image decoder with message 'unimplemented'
11-14 16:11:51.064  9254  9443 D OpenGLRenderer: --- Failed to create image decoder with message 'unimplemented'
11-14 16:11:51.065  9254  9443 D OpenGLRenderer: --- Failed to create image decoder with message 'unimplemented'
11-14 16:11:51.065  9254  9443 D OpenGLRenderer: --- Failed to create image decoder with message 'unimplemented'
11-14 16:11:51.065  9254  9443 D OpenGLRenderer: --- Failed to create image decoder with message 'unimplemented'
11-14 16:11:51.067  9254  9443 W unknown:ProgressiveDecoder: unknown image format, {uri: res:/2131623938, firstEncodedBytes: 03000800C00100000100, length: 448}
11-14 16:11:51.086  9254  9254 D AutofillManager: notifyViewEnteredForFillDialog:1073741825
11-14 16:11:51.090  9254  9395 D Detox.RNMarker: NATIVE_MODULE_SETUP_START (NativeAnimatedModule)
11-14 16:11:51.091  9254  9395 D Detox.RNMarker: CREATE_MODULE_START (NativeAnimatedModule)
11-14 16:11:51.091  9254  9395 D Detox.RNMarker: CREATE_MODULE_END (NativeAnimatedModule)
11-14 16:11:51.092  9254  9395 D Detox.RNMarker: NATIVE_MODULE_SETUP_END (NativeAnimatedModule)
11-14 16:11:51.109  9254  9395 D Detox.RNMarker: NATIVE_MODULE_SETUP_START (FrameRateLogger)
11-14 16:11:51.114  9254  9395 D Detox.RNMarker: NATIVE_MODULE_SETUP_START (KeyboardObserver)
11-14 16:11:51.167  9254  9395 D Detox.RNMarker: NATIVE_MODULE_SETUP_START (ExpoModulesCore)
11-14 16:11:51.167  9254  9395 D Detox.RNMarker: NATIVE_MODULE_SETUP_END (ExpoModulesCore)
11-14 16:11:51.169  9254  9395 I ExpoModulesCore: ✅ JSI interop was installed
11-14 16:11:51.169  9254  9395 D Detox.RNMarker: NATIVE_MODULE_SETUP_START (NativeUnimoduleProxy)
11-14 16:11:51.170  9254  9395 W ExpoModulesCore: ⚠️ JSI interop was already installed
11-14 16:11:51.178  9254  9395 I expo-notifications: NotificationsEmitter.onNotificationResponseIntentReceived:
11-14 16:11:51.178  9254  9395 I expo-notifications: actionIdentifier: expo.modules.notifications.actions.DEFAULT
11-14 16:11:51.178  9254  9395 I expo-notifications: notification
11-14 16:11:51.178  9254  9395 I expo-notifications:   date: 0
11-14 16:11:51.178  9254  9395 I expo-notifications:   request
11-14 16:11:51.178  9254  9395 I expo-notifications:     identifier: (null)
11-14 16:11:51.178  9254  9395 I expo-notifications:     trigger
11-14 16:11:51.178  9254  9395 I expo-notifications:       type: push
11-14 16:11:51.178  9254  9395 I expo-notifications:       channelId: (null)
11-14 16:11:51.178  9254  9395 I expo-notifications:     content
11-14 16:11:51.178  9254  9395 I expo-notifications:       data
11-14 16:11:51.178  9254  9395 I expo-notifications:         launchArgs
11-14 16:11:51.178  9254  9395 I expo-notifications:           detoxURLOverride: seguridadciudadanaapp://expo-development-client/?url=http%3A%2F%2F10.0.2.2%3A8081&role=ciudadano&disableBypass=1
11-14 16:11:51.178  9254  9395 I expo-notifications:           detoxServer: ws://localhost:64908
11-14 16:11:51.178  9254  9395 I expo-notifications:           detoxSessionId: 0fad6b6e-339b-1116-7a07-23498c92b46a
11-14 16:11:51.178  9254  9395 I expo-notifications:           detoxEnableSynchronization: 0
11-14 16:11:51.178  9254  9395 I expo-notifications:       title: (null)
11-14 16:11:51.181  9254  9395 I ExpoModulesCore: ✅ Constants were exported
11-14 16:11:51.183  9254  9395 D Detox.RNMarker: NATIVE_MODULE_SETUP_END (NativeUnimoduleProxy)
11-14 16:11:51.193  9254  9395 D Detox.RNMarker: NATIVE_MODULE_SETUP_START (EXDevLauncher)
11-14 16:11:51.198  9254  9395 D Detox.RNMarker: NATIVE_MODULE_SETUP_END (EXDevLauncher)
11-14 16:11:51.271  9254  9395 D Detox.RNMarker: NATIVE_MODULE_SETUP_START (RNCSafeAreaContext)
11-14 16:11:51.271  9254  9395 D Detox.RNMarker: CREATE_MODULE_START (RNCSafeAreaContext)
11-14 16:11:51.272  9254  9395 D Detox.RNMarker: CREATE_MODULE_END (RNCSafeAreaContext)
11-14 16:11:51.272  9254  9395 D Detox.RNMarker: NATIVE_MODULE_SETUP_END (RNCSafeAreaContext)
11-14 16:11:51.285  9254  9395 D Detox.RNMarker: NATIVE_MODULE_SETUP_START (RNSModule)
11-14 16:11:51.286  9254  9395 D Detox.RNMarker: CREATE_MODULE_START (RNSModule)
11-14 16:11:51.289  9254  9395 D Detox.RNMarker: CREATE_MODULE_END (RNSModule)
11-14 16:11:51.502  9254  9395 D Detox.RNMarker: NATIVE_MODULE_SETUP_START (RNCNetInfo)
11-14 16:11:51.503  9254  9395 D Detox.RNMarker: NATIVE_MODULE_SETUP_END (RNCNetInfo)
11-14 16:11:51.511  9254  9395 W ReactNativeJS: '[2025-11-14T16:11:51.506Z]  @firebase/auth:', 'Auth (11.9.0): \nYou are initializing Firebase Auth for React Native without providing\nAsyncStorage. Auth state will default to memory persistence and will not\npersist between sessions. In order to persist auth state, install the package\n"@react-native-async-storage/async-storage" and provide it to\ninitializeAuth:\n\nimport { initializeAuth, getReactNativePersistence } from \'firebase/auth\';\nimport ReactNativeAsyncStorage from \'@react-native-async-storage/async-storage\';\nconst auth = initializeAuth(app, {\n  persistence: getReactNativePersistence(ReactNativeAsyncStorage)\n});\n'
11-14 16:11:51.524  9254  9395 I ReactNativeJS: ✅ Firestore inicializado con configuración básica
11-14 16:11:51.527  9254  9395 I ReactNativeJS: ✅ Firebase inicializado correctamente
11-14 16:11:51.528  9254  9395 I ReactNativeJS: '📱 Proyecto:', 'seguritacapp'
11-14 16:11:51.532  9254  9395 D Detox.RNMarker: NATIVE_MODULE_SETUP_START (PlatformLocalStorage)
11-14 16:11:51.532  9254  9395 D Detox.RNMarker: NATIVE_MODULE_SETUP_START (RNC_AsyncSQLiteDBStorage)
11-14 16:11:51.532  9254  9395 D Detox.RNMarker: NATIVE_MODULE_SETUP_START (RNCAsyncStorage)
11-14 16:11:51.533  9254  9395 D Detox.RNMarker: CREATE_MODULE_START (RNCAsyncStorage)
11-14 16:11:51.533  9254  9395 V AsyncStorageExpoMigration: No scoped database found
11-14 16:11:51.534  9254  9395 D Detox.RNMarker: CREATE_MODULE_END (RNCAsyncStorage)
11-14 16:11:51.534  9254  9395 D Detox.RNMarker: NATIVE_MODULE_SETUP_END (RNCAsyncStorage)
11-14 16:11:51.603  9254  9395 D Detox.RNMarker: NATIVE_MODULE_SETUP_START (RNVectorIconsManager)
11-14 16:11:51.603  9254  9395 D Detox.RNMarker: NATIVE_MODULE_SETUP_START (RNVectorIconsModule)
11-14 16:11:51.607  9254  9395 D Detox.RNMarker: NATIVE_MODULE_SETUP_START (RNVectorIconsManager)
11-14 16:11:51.607  9254  9395 D Detox.RNMarker: NATIVE_MODULE_SETUP_START (RNVectorIconsModule)
11-14 16:11:51.662  9254  9451 D ProfileInstaller: Installing profile for com.tuapp.seguritacapp
11-14 16:11:51.732  9254  9395 D Detox.RNMarker: NATIVE_MODULE_SETUP_START (I18nManager)
11-14 16:11:51.733  9254  9395 D Detox.RNMarker: CREATE_MODULE_START (I18nManager)
11-14 16:11:51.733  9254  9395 D Detox.RNMarker: CREATE_MODULE_END (I18nManager)
11-14 16:11:51.734  9254  9395 D Detox.RNMarker: NATIVE_MODULE_SETUP_END (I18nManager)
11-14 16:11:51.879  9254  9395 D Detox.RNMarker: NATIVE_MODULE_SETUP_START (RNViewShot)
11-14 16:11:51.879  9254  9395 D Detox.RNMarker: CREATE_MODULE_START (RNViewShot)
11-14 16:11:51.879  9254  9395 D Detox.RNMarker: CREATE_MODULE_END (RNViewShot)
11-14 16:11:51.880  9254  9395 D Detox.RNMarker: NATIVE_MODULE_SETUP_END (RNViewShot)
11-14 16:11:51.922  9254  9395 D Detox.RNMarker: NATIVE_MODULE_SETUP_START (RNCWebViewModule)
11-14 16:11:51.922  9254  9395 D Detox.RNMarker: CREATE_MODULE_START (RNCWebViewModule)
11-14 16:11:51.923  9254  9395 D Detox.RNMarker: CREATE_MODULE_END (RNCWebViewModule)
11-14 16:11:51.923  9254  9395 D Detox.RNMarker: NATIVE_MODULE_SETUP_END (RNCWebViewModule)
11-14 16:11:52.217  9254  9395 W ReactNativeJS: [Reanimated] Reduced motion setting is enabled on this device. This warning is visible only in the development mode. Some animations will be disabled by default. You can override the behavior for individual animations, see https://docs.swmansion.com/react-native-reanimated/docs/guides/troubleshooting#reduced-motion-setting-is-enabled-on-this-device.
11-14 16:11:52.220  9254  9395 D Detox.RNMarker: RUN_JS_BUNDLE_END (/index.ts.bundle?platform=android&dev=true&hot=false&transform.engine=hermes&transform.bytecode=1&transform.routerRoot=app&unstable_transformProfile=hermes-stable)
11-14 16:11:52.226  9254  9395 I ReactNativeJS: Running "main" with {"rootTag":11}
11-14 16:11:52.228  9254  9452 D TrafficStats: tagSocket(139) with statsTag=0xffffffff, statsUid=-1
11-14 16:11:52.289  9254  9395 D Detox.RNMarker: NATIVE_MODULE_SETUP_START (Appearance)
11-14 16:11:52.289  9254  9395 D Detox.RNMarker: NATIVE_MODULE_SETUP_END (Appearance)
11-14 16:11:52.336  9254  9395 D Detox.RNMarker: NATIVE_MODULE_SETUP_START (StatusBarManager)
11-14 16:11:52.336  9254  9395 D Detox.RNMarker: CREATE_MODULE_START (StatusBarManager)
11-14 16:11:52.336  9254  9395 D Detox.RNMarker: CREATE_MODULE_END (StatusBarManager)
11-14 16:11:52.338  9254  9395 D Detox.RNMarker: NATIVE_MODULE_SETUP_END (StatusBarManager)
11-14 16:11:52.435  9254  9396 D AutofillManager: Fill dialog is enabled:false, hints=[password, passwordAuto, creditCardNumber, creditCardSecurityCode, creditCardExpirationDate]
11-14 16:11:52.441  9254  9318 W SurfaceComposerClient: Sync transaction timed out waiting for commit callback.
11-14 16:11:52.443  9254  9254 D DetoxRNLoading: Got new RN-context directly and immediately
11-14 16:11:52.444  9254  9309 W pp.seguritacapp: Long monitor contention with owner Instr: com.wix.detox.DetoxJUnitRunner (9301) at void com.wix.detox.DetoxMain.launchActivityOnCue(android.content.Context, com.wix.detox.ActivityLaunchHelper)(DetoxMain.kt:53) waiters=0 in void com.wix.detox.DetoxMain$setupActionHandlers$SynchronizedActionHandler.handle(java.lang.String, long) for 5.497s
11-14 16:11:52.445  9254  9254 W pp.seguritacapp: Accessing hidden method Landroid/os/MessageQueue;->next()Landroid/os/Message; (unsupported, reflection, allowed)
11-14 16:11:52.445  9254  9254 W pp.seguritacapp: Accessing hidden field Landroid/os/MessageQueue;->mMessages:Landroid/os/Message; (unsupported, reflection, allowed)
11-14 16:11:52.445  9254  9254 W pp.seguritacapp: Accessing hidden method Landroid/os/Message;->recycleUnchecked()V (unsupported, reflection, allowed)
11-14 16:11:52.446  9254  9254 I Detox   : Wait is over: App is now idle!
11-14 16:11:52.446  9254  9309 I DetoxWSClient: Sending out action 'ready' (ID #-1000)
11-14 16:11:52.447  9254  9309 I DetoxDispatcher: Done with action 'isReady'
11-14 16:11:52.472  9254  9396 W unknown:ViewManagerPropertyUpdater: Could not find generated setter for class com.swmansion.rnscreens.ScreenStackHeaderConfigShadowNode
11-14 16:11:52.479  9254  9396 W unknown:ViewManagerPropertyUpdater: Could not find generated setter for class com.swmansion.rnscreens.ScreensShadowNode
11-14 16:11:52.524  9254  9325 D TrafficStats: tagSocket(192) with statsTag=0xffffffff, statsUid=-1
11-14 16:11:52.599  9254  9395 I ReactNativeJS: [METRIC] navigation_ready_ms=385ms {"initialRoute":"AuthLoading"}
11-14 16:11:52.603  9254  9395 D Detox.RNMarker: NATIVE_MODULE_SETUP_START (AccessibilityInfo)
11-14 16:11:52.603  9254  9395 D Detox.RNMarker: CREATE_MODULE_START (AccessibilityInfo)
11-14 16:11:52.604  9254  9395 D Detox.RNMarker: CREATE_MODULE_END (AccessibilityInfo)
11-14 16:11:52.605  9254  9395 D Detox.RNMarker: NATIVE_MODULE_SETUP_END (AccessibilityInfo)
11-14 16:11:52.606  9254  9395 D Detox.RNMarker: NATIVE_MODULE_SETUP_START (AccessibilityManager)
11-14 16:11:52.607  9254  9395 I ReactNativeJS: [METRIC] cold_start_first_render_ms=393ms {"platform":"android"}
11-14 16:11:52.611  9254  9320 D EGL_emulation: app_time_stats: avg=250.80ms min=1.27ms max=1417.76ms count=7
11-14 16:11:52.693  9254  9395 I ReactNativeJS: 📱 Dispositivo conectado - sincronizando datos
11-14 16:11:52.732  9254  9395 I ReactNativeJS: ✅ Red de Firestore habilitada
11-14 16:11:52.732  9254  9395 I ReactNativeJS: ✅ Red de Firestore habilitada
11-14 16:11:52.733  9254  9395 I ReactNativeJS: 📱 Dispositivo conectado - sincronizando datos
11-14 16:11:52.734  9254  9395 I ReactNativeJS: 📱 Dispositivo conectado - sincronizando datos
11-14 16:11:52.734  9254  9395 I ReactNativeJS: ✅ Red de Firestore habilitada
11-14 16:11:52.734  9254  9395 I ReactNativeJS: ✅ Red de Firestore habilitada
11-14 16:11:52.735  9254  9395 I ReactNativ