11-10 14:33:32.366 12385 12473 W ReactNativeJNI: Component property map contains multiple entries for 'borderStartColor'. Ensure all calls to convertRawProp use a consistent prefix, name and suffix.
11-10 14:33:32.366 12385 12473 W ReactNativeJNI: Component property map contains multiple entries for 'borderBottomColor'. Ensure all calls to convertRawProp use a consistent prefix, name and suffix.
11-10 14:33:32.366 12385 12473 W ReactNativeJNI: Component property map contains multiple entries for 'borderEndEndRadius'. Ensure all calls to convertRawProp use a consistent prefix, name and suffix.
11-10 14:33:32.366 12385 12473 W ReactNativeJNI: Component property map contains multiple entries for 'borderTopEndRadius'. Ensure all calls to convertRawProp use a consistent prefix, name and suffix.
11-10 14:33:32.366 12385 12473 W ReactNativeJNI: Component property map contains multiple entries for 'borderBlockEndColor'. Ensure all calls to convertRawProp use a consistent prefix, name and suffix.
11-10 14:33:32.366 12385 12473 W ReactNativeJNI: Component property map contains multiple entries for 'borderTopLeftRadius'. Ensure all calls to convertRawProp use a consistent prefix, name and suffix.
11-10 14:33:32.366 12385 12473 W ReactNativeJNI: Component property map contains multiple entries for 'borderEndStartRadius'. Ensure all calls to convertRawProp use a consistent prefix, name and suffix.
11-10 14:33:32.366 12385 12473 W ReactNativeJNI: Component property map contains multiple entries for 'borderStartEndRadius'. Ensure all calls to convertRawProp use a consistent prefix, name and suffix.
11-10 14:33:32.366 12385 12473 W ReactNativeJNI: Component property map contains multiple entries for 'borderTopRightRadius'. Ensure all calls to convertRawProp use a consistent prefix, name and suffix.
11-10 14:33:32.366 12385 12473 W ReactNativeJNI: Component property map contains multiple entries for 'borderTopStartRadius'. Ensure all calls to convertRawProp use a consistent prefix, name and suffix.
11-10 14:33:32.366 12385 12473 W ReactNativeJNI: Component property map contains multiple entries for 'borderBlockStartColor'. Ensure all calls to convertRawProp use a consistent prefix, name and suffix.
11-10 14:33:32.367 12385 12473 W ReactNativeJNI: Component property map contains multiple entries for 'borderBottomEndRadius'. Ensure all calls to convertRawProp use a consistent prefix, name and suffix.
11-10 14:33:32.367 12385 12473 W ReactNativeJNI: Component property map contains multiple entries for 'borderBottomLeftRadius'. Ensure all calls to convertRawProp use a consistent prefix, name and suffix.
11-10 14:33:32.367 12385 12473 W ReactNativeJNI: Component property map contains multiple entries for 'borderStartStartRadius'. Ensure all calls to convertRawProp use a consistent prefix, name and suffix.
11-10 14:33:32.367 12385 12473 W ReactNativeJNI: Component property map contains multiple entries for 'borderBottomRightRadius'. Ensure all calls to convertRawProp use a consistent prefix, name and suffix.
11-10 14:33:32.367 12385 12473 W ReactNativeJNI: Component property map contains multiple entries for 'borderBottomStartRadius'. Ensure all calls to convertRawProp use a consistent prefix, name and suffix.
11-10 14:33:32.388 12385 12473 W unknown:BridgelessReact: ReactHost{1}.getOrCreateReactInstanceTask(): Loading JS Bundle
11-10 14:33:32.406 12385 12385 I Detox   : Wait is over: App is now idle!
11-10 14:33:32.406 12385 12431 I DetoxWSClient: Sending out action 'ready' (ID #-1000)
11-10 14:33:32.409 12385 12431 I DetoxDispatcher: Done with action 'isReady'
11-10 14:33:32.424 12385 12474 D Detox.RNMarker: RUN_JS_BUNDLE_START (EXDevMenuApp.android.js)
11-10 14:33:32.425 12385 12473 W unknown:BridgelessReact: ReactHost{1}.getOrCreateReactInstanceTask(): Calling DevSupportManagerBase.onNewReactContextCreated(reactContext)
11-10 14:33:32.426 12385 12473 W unknown:BridgelessReact: ReactHost{1}.getOrCreateReactInstanceTask()
11-10 14:33:32.428 12385 12385 W unknown:BridgelessReact: ReactContext.onHostResume()
11-10 14:33:32.429 12385 12385 W unknown:BridgelessReact: ReactHost{1}.getOrCreateReactInstanceTask(): Executing ReactInstanceEventListeners
11-10 14:33:32.429 12385 12473 W unknown:BridgelessReact: ReactHost{1}.startSurface(surfaceId = 0): Execute
11-10 14:33:32.445 12385 12385 D InsetsController: hide(ime(), fromIme=false)
11-10 14:33:32.445 12385 12385 I ImeTracker: com.tuapp.seguritacapp:cff952b2: onCancelled at PHASE_CLIENT_ALREADY_HIDDEN
11-10 14:33:32.573 12385 12474 D nativeloader: Load /data/app/~~HhcoA-g6Zvged_v0032zgg==/com.tuapp.seguritacapp-rlcXY0UGVc30IkaQO5G5mg==/base.apk!/lib/x86_64/libexpo-modules-core.so using class loader ns clns-9 (caller=/data/app/~~HhcoA-g6Zvged_v0032zgg==/com.tuapp.seguritacapp-rlcXY0UGVc30IkaQO5G5mg==/base.apk!classes5.dex): ok
11-10 14:33:32.590 12385 12474 W unknown:ViewManagerPropertyUpdater: Could not find generated setter for class expo.modules.kotlin.views.GroupViewManagerWrapper
11-10 14:33:32.595 12385 12474 W unknown:ViewManagerPropertyUpdater: Could not find generated setter for class com.facebook.react.uimanager.LayoutShadowNode
11-10 14:33:32.612 12385 12474 W unknown:ViewManagerPropertyUpdater: Could not find generated setter for class com.facebook.react.views.safeareaview.ReactSafeAreaViewManager
11-10 14:33:32.613 12385 12474 W unknown:ViewManagerPropertyUpdater: Could not find generated setter for class com.facebook.react.views.safeareaview.ReactSafeAreaViewShadowNode
11-10 14:33:32.627 12385 12474 W unknown:ViewManagerPropertyUpdater: Could not find generated setter for class com.facebook.react.views.modal.ReactModalHostManager
11-10 14:33:32.640 12385 12474 W unknown:ViewManagerPropertyUpdater: Could not find generated setter for class com.facebook.react.views.text.frescosupport.FrescoBasedReactTextInlineImageViewManager
11-10 14:33:32.641 12385 12474 W unknown:ViewManagerPropertyUpdater: Could not find generated setter for class com.facebook.react.views.text.frescosupport.FrescoBasedReactTextInlineImageShadowNode
11-10 14:33:32.651 12385 12474 W unknown:ViewManagerPropertyUpdater: Could not find generated setter for class com.facebook.react.views.progressbar.ReactProgressBarViewManager
11-10 14:33:32.651 12385 12474 W unknown:ViewManagerPropertyUpdater: Could not find generated setter for class com.facebook.react.views.progressbar.ProgressBarShadowNode
11-10 14:33:32.659 12385 12474 W unknown:ViewManagerPropertyUpdater: Could not find generated setter for class com.facebook.react.views.scroll.ReactHorizontalScrollViewManager
11-10 14:33:32.680 12385 12474 W unknown:ViewManagerPropertyUpdater: Could not find generated setter for class com.facebook.react.views.image.ReactImageManager
11-10 14:33:32.699 12385 12474 W unknown:ViewManagerPropertyUpdater: Could not find generated setter for class com.facebook.react.views.text.ReactTextViewManager
11-10 14:33:32.702 12385 12474 W unknown:ViewManagerPropertyUpdater: Could not find generated setter for class com.facebook.react.views.text.ReactTextShadowNode
11-10 14:33:32.710 12385 12474 W unknown:ViewManagerPropertyUpdater: Could not find generated setter for class com.facebook.react.views.scroll.ReactHorizontalScrollContainerViewManager
11-10 14:33:32.713 12385 12474 W unknown:ViewManagerPropertyUpdater: Could not find generated setter for class com.facebook.react.views.unimplementedview.ReactUnimplementedViewManager
11-10 14:33:32.720 12385 12474 W unknown:ViewManagerPropertyUpdater: Could not find generated setter for class com.facebook.react.views.scroll.ReactScrollViewManager
11-10 14:33:32.727 12385 12474 W unknown:ViewManagerPropertyUpdater: Could not find generated setter for class com.facebook.react.views.view.ReactViewManager
11-10 14:33:32.735 12385 12474 W unknown:ViewManagerPropertyUpdater: Could not find generated setter for class com.facebook.react.views.drawer.ReactDrawerLayoutManager
11-10 14:33:32.742 12385 12474 W unknown:ViewManagerPropertyUpdater: Could not find generated setter for class com.facebook.react.views.switchview.ReactSwitchManager
11-10 14:33:32.743 12385 12474 W unknown:ViewManagerPropertyUpdater: Could not find generated setter for class com.facebook.react.views.switchview.ReactSwitchManager$ReactSwitchShadowNode
11-10 14:33:32.746 12385 12474 W unknown:ViewManagerPropertyUpdater: Could not find generated setter for class com.facebook.react.views.text.ReactVirtualTextViewManager
11-10 14:33:32.746 12385 12474 W unknown:ViewManagerPropertyUpdater: Could not find generated setter for class com.facebook.react.views.text.ReactVirtualTextShadowNode
11-10 14:33:32.753 12385 12474 W unknown:ViewManagerPropertyUpdater: Could not find generated setter for class com.facebook.react.views.swiperefresh.SwipeRefreshLayoutManager
11-10 14:33:32.758 12385 12474 W unknown:ViewManagerPropertyUpdater: Could not find generated setter for class com.facebook.react.views.text.ReactRawTextManager
11-10 14:33:32.758 12385 12465 D CompatChangeReporter: Compat change id reported: 289878283; UID 10223; state: ENABLED
11-10 14:33:32.759 12385 12474 W unknown:ViewManagerPropertyUpdater: Could not find generated setter for class com.facebook.react.views.text.ReactRawTextShadowNode
11-10 14:33:32.779 12385 12466 I pp.seguritacapp: AssetManager2(0x70d3768c1a78) locale list changing from [] to [en-US]
11-10 14:33:32.779 12385 12466 I WebViewFactory: Loading com.google.android.webview version 133.0.6943.137 (code 694313738)
11-10 14:33:32.780 12385 12466 I pp.seguritacapp: AssetManager2(0x70d3768c6258) locale list changing from [] to [en-US]
11-10 14:33:32.780 12385 12466 I pp.seguritacapp: AssetManager2(0x70d3768c3ff8) locale list changing from [] to [en-US]
11-10 14:33:32.781 12385 12466 I pp.seguritacapp: AssetManager2(0x70d3768c5c18) locale list changing from [] to [en-US]
11-10 14:33:32.781 12385 12466 I pp.seguritacapp: AssetManager2(0x70d3768c3378) locale list changing from [] to [en-US]
11-10 14:33:32.781 12385 12466 I pp.seguritacapp: AssetManager2(0x70d3768ce8b8) locale list changing from [] to [en-US]
11-10 14:33:32.782 12385 12466 V ResourcesManager: The following library key has been added: ResourcesKey{ mHash=3e131997 mResDir=null mSplitDirs=[] mOverlayDirs=[] mLibDirs=[/data/app/~~nxIzNTNk-9juzieP2H14bw==/com.google.android.webview-8Ofj1MShe1sfVlVeR-7jYw==/WebViewGoogle.apk,/data/app/~~NUV24JfAbMsvCZ3y-B3LCQ==/com.google.android.trichromelibrary_694313738-b-_y91Ev7XotJG5HsxpYGA==/TrichromeLibrary.apk,/system_ext/framework/androidx.window.extensions.jar] mDisplayId=0 mOverrideConfig=v36 mCompatInfo={440dpi always-compat} mLoaders=[]}
11-10 14:33:32.784 12385 12466 W pp.seguritacapp: Failed to find entry 'classes.dex': Entry not found
11-10 14:33:32.790 12385 12390 W pp.seguritacapp: Suspending all threads took: 7.079ms
11-10 14:33:32.797 12385 12466 D nativeloader: Configuring clns-12 for other apk /data/app/~~NUV24JfAbMsvCZ3y-B3LCQ==/com.google.android.trichromelibrary_694313738-b-_y91Ev7XotJG5HsxpYGA==/TrichromeLibrary.apk. target_sdk_version=34, uses_libraries=ALL, library_path=/data/app/~~nxIzNTNk-9juzieP2H14bw==/com.google.android.webview-8Ofj1MShe1sfVlVeR-7jYw==/lib/x86_64:/data/app/~~nxIzNTNk-9juzieP2H14bw==/com.google.android.webview-8Ofj1MShe1sfVlVeR-7jYw==/WebViewGoogle.apk!/lib/x86_64:/data/app/~~NUV24JfAbMsvCZ3y-B3LCQ==/com.google.android.trichromelibrary_694313738-b-_y91Ev7XotJG5HsxpYGA==/TrichromeLibrary.apk!/lib/x86_64, permitted_path=/data:/mnt/expand
11-10 14:33:32.808 12385 12466 D ApplicationLoaders: Returning zygote-cached class loader: /system_ext/framework/androidx.window.extensions.jar
11-10 14:33:32.817 12385 12474 W unknown:ViewManagerPropertyUpdater: Could not find generated setter for class com.facebook.react.views.textinput.ReactTextInputManager
11-10 14:33:32.820 12385 12474 W unknown:ViewManagerPropertyUpdater: Could not find generated setter for class com.facebook.react.views.textinput.ReactTextInputShadowNode
11-10 14:33:32.822 12385 12466 D nativeloader: Configuring clns-13 for other apk /data/app/~~nxIzNTNk-9juzieP2H14bw==/com.google.android.webview-8Ofj1MShe1sfVlVeR-7jYw==/WebViewGoogle.apk. target_sdk_version=34, uses_libraries=, library_path=/data/app/~~nxIzNTNk-9juzieP2H14bw==/com.google.android.webview-8Ofj1MShe1sfVlVeR-7jYw==/lib/x86_64:/data/app/~~nxIzNTNk-9juzieP2H14bw==/com.google.android.webview-8Ofj1MShe1sfVlVeR-7jYw==/WebViewGoogle.apk!/lib/x86_64:/data/app/~~NUV24JfAbMsvCZ3y-B3LCQ==/com.google.android.trichromelibrary_694313738-b-_y91Ev7XotJG5HsxpYGA==/TrichromeLibrary.apk!/lib/x86_64, permitted_path=/data:/mnt/expand
11-10 14:33:32.823 12385 12390 I pp.seguritacapp: Background concurrent mark compact GC freed 4702KB AllocSpace bytes, 8(400KB) LOS objects, 49% free, 9329KB/18MB, paused 8.718ms,3.753ms total 66.687ms
11-10 14:33:32.904 12385 12466 I cr_WVCFactoryProvider: version=133.0.6943.137 (694313738) minSdkVersion=29 isBundle=false multiprocess=true packageId=2
11-10 14:33:32.916 12385 12466 D nativeloader: Load /data/app/~~NUV24JfAbMsvCZ3y-B3LCQ==/com.google.android.trichromelibrary_694313738-b-_y91Ev7XotJG5HsxpYGA==/TrichromeLibrary.apk!/lib/x86_64/libmonochrome_64.so using class loader ns clns-13 (caller=/data/app/~~nxIzNTNk-9juzieP2H14bw==/com.google.android.webview-8Ofj1MShe1sfVlVeR-7jYw==/WebViewGoogle.apk): ok
11-10 14:33:32.926 12385 12466 D nativeloader: Load /system/lib64/libwebviewchromium_plat_support.so using class loader ns clns-13 (caller=/data/app/~~nxIzNTNk-9juzieP2H14bw==/com.google.android.webview-8Ofj1MShe1sfVlVeR-7jYw==/WebViewGoogle.apk): ok
11-10 14:33:32.942 12385 12483 I chromium: [1110/143332.938324:INFO:variations_seed_loader.cc(67)] Failed to open file for reading.: No such file or directory (2)
11-10 14:33:32.942 12385 12483 I chromium: [1110/143332.942668:INFO:variations_seed_loader.cc(67)] Failed to open file for reading.: No such file or directory (2)
11-10 14:33:32.962 12385 12466 I cr_LibraryLoader: Successfully loaded native library
11-10 14:33:32.966 12385 12466 I cr_CachingUmaRecorder: Flushed 6 samples from 6 histograms, 0 samples were dropped.
11-10 14:33:33.011 12385 12465 W unknown:ViewManagerPropertyUpdater: Could not find generated setter for class com.rnmaps.maps.MapUrlTileManager
11-10 14:33:33.012 12385 12465 W unknown:ViewManagerPropertyUpdater: Could not find generated setter for class com.swmansion.rnscreens.ScreenFooterManager
11-10 14:33:33.013 12385 12465 W unknown:ViewManagerPropertyUpdater: Could not find generated setter for class com.rnmaps.maps.MapManager
11-10 14:33:33.014 12385 12465 W unknown:ViewManagerPropertyUpdater: Could not find generated setter for class com.swmansion.rnscreens.ScreenContainerViewManager
11-10 14:33:33.014 12385 12465 W unknown:ViewManagerPropertyUpdater: Could not find generated setter for class com.rnmaps.maps.MapMarkerManager
11-10 14:33:33.015 12385 12465 W unknown:ViewManagerPropertyUpdater: Could not find generated setter for class com.rnmaps.maps.MapLocalTileManager
11-10 14:33:33.016 12385 12465 W unknown:ViewManagerPropertyUpdater: Could not find generated setter for class com.swmansion.rnscreens.ModalScreenViewManager
11-10 14:33:33.017 12385 12465 W unknown:ViewManagerPropertyUpdater: Could not find generated setter for class com.rnmaps.maps.MapPolylineManager
11-10 14:33:33.018 12385 12465 W unknown:ViewManagerPropertyUpdater: Could not find generated setter for class com.rnmaps.maps.MapCircleManager
11-10 14:33:33.018 12385 12465 W unknown:ViewManagerPropertyUpdater: Could not find generated setter for class com.th3rdwave.safeareacontext.SafeAreaViewManager
11-10 14:33:33.019 12385 12465 W unknown:ViewManagerPropertyUpdater: Could not find generated setter for class com.th3rdwave.safeareacontext.SafeAreaViewShadowNode
11-10 14:33:33.019 12385 12465 W unknown:ViewManagerPropertyUpdater: Could not find generated setter for class com.swmansion.rnscreens.ScreenViewManager
11-10 14:33:33.021 12385 12465 W unknown:ViewManagerPropertyUpdater: Could not find generated setter for class expo.modules.kotlin.views.SimpleViewManagerWrapper
11-10 14:33:33.022 12385 12465 W unknown:ViewManagerPropertyUpdater: Could not find generated setter for class com.swmansion.rnscreens.ScreenStackViewManager
11-10 14:33:33.028 12385 12465 W unknown:ViewManagerPropertyUpdater: Could not find generated setter for class com.airbnb.android.react.lottie.LottieAnimationViewManager
11-10 14:33:33.029 12385 12465 W unknown:ViewManagerPropertyUpdater: Could not find generated setter for class com.rnmaps.maps.MapCalloutManager
11-10 14:33:33.029 12385 12465 W unknown:ViewManagerPropertyUpdater: Could not find generated setter for class com.th3rdwave.safeareacontext.SafeAreaProviderManager
11-10 14:33:33.030 12385 12465 W unknown:ViewManagerPropertyUpdater: Could not find generated setter for class com.swmansion.rnscreens.SearchBarManager
11-10 14:33:33.031 12385 12465 W unknown:ViewManagerPropertyUpdater: Could not find generated setter for class com.rnmaps.maps.MapGradientPolylineManager
11-10 14:33:33.031 12385 12465 W unknown:ViewManagerPropertyUpdater: Could not find generated setter for class com.rnmaps.maps.MapHeatmapManager
11-10 14:33:33.031 12385 12465 W unknown:ViewManagerPropertyUpdater: Could not find generated setter for class com.reactnativecommunity.webview.RNCWebViewManager
11-10 14:33:33.034 12385 12465 W unknown:ViewManagerPropertyUpdater: Could not find generated setter for class org.reactnative.maskedview.RNCMaskedViewManager
11-10 14:33:33.034 12385 12465 W unknown:ViewManagerPropertyUpdater: Could not find generated setter for class com.rnmaps.maps.MapWMSTileManager
11-10 14:33:33.035 12385 12465 W unknown:ViewManagerPropertyUpdater: Could not find generated setter for class com.swmansion.rnscreens.ScreenStackHeaderConfigViewManager
11-10 14:33:33.035 12385 12465 W unknown:ViewManagerPropertyUpdater: Could not find generated setter for class com.swmansion.rnscreens.ScreenContentWrapperManager
11-10 14:33:33.036 12385 12465 W unknown:ViewManagerPropertyUpdater: Could not find generated setter for class com.rnmaps.maps.MapPolygonManager
11-10 14:33:33.036 12385 12465 W unknown:ViewManagerPropertyUpdater: Could not find generated setter for class com.swmansion.rnscreens.ScreenStackHeaderSubviewManager
11-10 14:33:33.037 12385 12465 W unknown:ViewManagerPropertyUpdater: Could not find generated setter for class com.reactnativecommunity.picker.ReactDialogPickerManager
11-10 14:33:33.038 12385 12465 W unknown:ViewManagerPropertyUpdater: Could not find generated setter for class com.reactnativecommunity.picker.ReactPickerShadowNode
11-10 14:33:33.038 12385 12465 W unknown:ViewManagerPropertyUpdater: Could not find generated setter for class com.rnmaps.maps.MapOverlayManager
11-10 14:33:33.039 12385 12465 W unknown:ViewManagerPropertyUpdater: Could not find generated setter for class com.reactnativecommunity.picker.ReactDropdownPickerManager
11-10 14:33:33.158 12385 12474 W BridgelessReactContext: [WARNING] Bridgeless doesn't support CatalystInstance. Accessing an API that's not part of the new architecture is not encouraged usage.
11-10 14:33:33.161 12385 12465 W unknown:ViewManagerPropertyUpdater: Could not find generated setter for class com.horcrux.svg.RenderableViewManager$DefsViewManager
11-10 14:33:33.161 12385 12465 W unknown:ViewManagerPropertyUpdater: Could not find generated setter for class com.horcrux.svg.VirtualViewManager$RenderableShadowNode
11-10 14:33:33.166 12385 12465 W unknown:ViewManagerPropertyUpdater: Could not find generated setter for class com.facebook.react.views.debuggingoverlay.DebuggingOverlayManager
11-10 14:33:33.169 12385 12465 W unknown:ViewManagerPropertyUpdater: Could not find generated setter for class com.horcrux.svg.RenderableViewManager$FeMergeManager
11-10 14:33:33.175 12385 12465 W unknown:ViewManagerPropertyUpdater: Could not find generated setter for class com.horcrux.svg.RenderableViewManager$LinearGradientManager
11-10 14:33:33.177 12385 12474 I ExpoModulesCore: ✅ JSI interop was installed
11-10 14:33:33.177 12385 12474 I ExpoModulesCore: ✅ Constants were exported
11-10 14:33:33.180 12385 12465 W unknown:ViewManagerPropertyUpdater: Could not find generated setter for class com.horcrux.svg.RenderableViewManager$FeGaussianBlurManager
11-10 14:33:33.194 12385 12465 W unknown:ViewManagerPropertyUpdater: Could not find generated setter for class com.horcrux.svg.RenderableViewManager$FeColorMatrixManager
11-10 14:33:33.197 12385 12474 D Detox.RNMarker: RUN_JS_BUNDLE_END (EXDevMenuApp.android.js)
11-10 14:33:33.197 12385 12474 I ReactNativeJS: Running "main"
11-10 14:33:33.204 12385 12465 W unknown:ViewManagerPropertyUpdater: Could not find generated setter for class com.horcrux.svg.RenderableViewManager$ClipPathViewManager
11-10 14:33:33.210 12385 12465 W unknown:ViewManagerPropertyUpdater: Could not find generated setter for class com.horcrux.svg.RenderableViewManager$SymbolManager
11-10 14:33:33.216 12385 12465 W unknown:ViewManagerPropertyUpdater: Could not find generated setter for class com.horcrux.svg.RenderableViewManager$PatternManager
11-10 14:33:33.221 12385 12465 W unknown:ViewManagerPropertyUpdater: Could not find generated setter for class com.horcrux.svg.RenderableViewManager$FeBlendManager
11-10 14:33:33.230 12385 12465 W unknown:ViewManagerPropertyUpdater: Could not find generated setter for class com.horcrux.svg.SvgViewManager
11-10 14:33:33.238 12385 12465 W unknown:ViewManagerPropertyUpdater: Could not find generated setter for class com.horcrux.svg.RenderableViewManager$UseViewManager
11-10 14:33:33.243 12385 12465 W unknown:ViewManagerPropertyUpdater: Could not find generated setter for class com.horcrux.svg.RenderableViewManager$CircleViewManager
11-10 14:33:33.250 12385 12465 W unknown:ViewManagerPropertyUpdater: Could not find generated setter for class com.horcrux.svg.RenderableViewManager$TSpanViewManager
11-10 14:33:33.255 12385 12465 W unknown:ViewManagerPropertyUpdater: Could not find generated setter for class com.horcrux.svg.RenderableViewManager$FilterManager
11-10 14:33:33.260 12385 12465 W unknown:ViewManagerPropertyUpdater: Could not find generated setter for class com.horcrux.svg.RenderableViewManager$MarkerManager
11-10 14:33:33.267 12385 12465 W unknown:ViewManagerPropertyUpdater: Could not find generated setter for class com.swmansion.gesturehandler.react.RNGestureHandlerButtonViewManager
11-10 14:33:33.276 12385 12474 D Detox.RNMarker: REACT_BRIDGELESS_LOADING_END (null)
11-10 14:33:33.277 12385 12465 W unknown:ViewManagerPropertyUpdater: Could not find generated setter for class com.horcrux.svg.RenderableViewManager$ForeignObjectManager
11-10 14:33:33.283 12385 12465 W unknown:ViewManagerPropertyUpdater: Could not find generated setter for class com.horcrux.svg.RenderableViewManager$EllipseViewManager
11-10 14:33:33.289 12385 12465 W unknown:ViewManagerPropertyUpdater: Could not find generated setter for class com.horcrux.svg.RenderableViewManager$LineViewManager
11-10 14:33:33.297 12385 12465 W unknown:ViewManagerPropertyUpdater: Could not find generated setter for class com.horcrux.svg.RenderableViewManager$FeFloodManager
11-10 14:33:33.303 12385 12465 W unknown:ViewManagerPropertyUpdater: Could not find generated setter for class com.horcrux.svg.RenderableViewManager$GroupViewManager
11-10 14:33:33.311 12385 12465 W unknown:ViewManagerPropertyUpdater: Could not find generated setter for class com.horcrux.svg.RenderableViewManager$TextViewManager
11-10 14:33:33.316 12385 12465 W unknown:ViewManagerPropertyUpdater: Could not find generated setter for class com.horcrux.svg.RenderableViewManager$ImageViewManager
11-10 14:33:33.325 12385 12465 W unknown:ViewManagerPropertyUpdater: Could not find generated setter for class com.horcrux.svg.RenderableViewManager$RadialGradientManager
11-10 14:33:33.330 12385 12465 W unknown:ViewManagerPropertyUpdater: Could not find generated setter for class com.horcrux.svg.RenderableViewManager$MaskManager
11-10 14:33:33.337 12385 12385 D Detox.RNMarker: CONTENT_APPEARED (main)
11-10 14:33:33.341 12385 12465 W unknown:ViewManagerPropertyUpdater: Could not find generated setter for class com.horcrux.svg.RenderableViewManager$RectViewManager
11-10 14:33:33.346 12385 12465 W unknown:ViewManagerPropertyUpdater: Could not find generated setter for class com.horcrux.svg.RenderableViewManager$TextPathViewManager
11-10 14:33:33.354 12385 12465 W unknown:ViewManagerPropertyUpdater: Could not find generated setter for class com.horcrux.svg.RenderableViewManager$FeOffsetManager
11-10 14:33:33.358 12385 12465 W unknown:ViewManagerPropertyUpdater: Could not find generated setter for class com.horcrux.svg.RenderableViewManager$PathViewManager
11-10 14:33:33.381 12385 12465 W unknown:ViewManagerPropertyUpdater: Could not find generated setter for class com.swmansion.gesturehandler.react.RNGestureHandlerRootViewManager
11-10 14:33:33.382 12385 12385 W unknown:ViewManagerPropertyUpdater: Could not find generated setter for class com.facebook.react.uimanager.RootViewManager
11-10 14:33:33.387 12385 12492 D nativeloader: Load /data/app/~~HhcoA-g6Zvged_v0032zgg==/com.tuapp.seguritacapp-rlcXY0UGVc30IkaQO5G5mg==/base.apk!/lib/x86_64/libimagepipeline.so using class loader ns clns-9 (caller=/data/app/~~HhcoA-g6Zvged_v0032zgg==/com.tuapp.seguritacapp-rlcXY0UGVc30IkaQO5G5mg==/base.apk!classes5.dex): ok
11-10 14:33:33.416 12385 12493 W HWUI    : Image decoding logging dropped!
11-10 14:33:33.470 12385 12474 W HWUI    : Image decoding logging dropped!
11-10 14:33:33.470 12385 12474 W HWUI    : Image decoding logging dropped!
11-10 14:33:33.477 12385 12474 W HWUI    : Image decoding logging dropped!
11-10 14:33:33.494 12385 12465 I ReactNativeJS: Bridgeless mode is enabled
11-10 14:33:33.509 12385 12465 W BridgelessReactContext: [WARNING] Bridgeless doesn't support CatalystInstance. Accessing an API that's not part of the new architecture is not encouraged usage.
11-10 14:33:33.510 12385 12465 I ExpoModulesCore: ✅ JSI interop was installed
11-10 14:33:33.512 12385 12465 W ExpoModulesCore: ⚠️ JSI interop was already installed
11-10 14:33:33.529 12385 12385 I pp.seguritacapp: hiddenapi: Accessing hidden field Landroid/widget/ScrollView;->mScroller:Landroid/widget/OverScroller; (runtime_flags=0, domain=platform, api=unsupported) from Lcom/facebook/react/views/scroll/ReactScrollView; (domain=app) using reflection: allowed
11-10 14:33:33.544 12385 12496 W HWUI    : Image decoding logging dropped!
11-10 14:33:33.547 12385 12494 D HWUI    : --- Failed to create image decoder with message 'unimplemented'
11-10 14:33:33.548 12385 12494 D HWUI    : --- Failed to create image decoder with message 'unimplemented'
11-10 14:33:33.549 12385 12494 D HWUI    : --- Failed to create image decoder with message 'unimplemented'
11-10 14:33:33.549 12385 12497 W HWUI    : Image decoding logging dropped!
11-10 14:33:33.550 12385 12494 D HWUI    : --- Failed to create image decoder with message 'unimplemented'
11-10 14:33:33.550 12385 12494 D HWUI    : --- Failed to create image decoder with message 'unimplemented'
11-10 14:33:33.550 12385 12494 D HWUI    : --- Failed to create image decoder with message 'unimplemented'
11-10 14:33:33.550 12385 12497 W HWUI    : Image decoding logging dropped!
11-10 14:33:33.550 12385 12494 D HWUI    : --- Failed to create image decoder with message 'unimplemented'
11-10 14:33:33.551 12385 12494 D HWUI    : --- Failed to create image decoder with message 'unimplemented'
11-10 14:33:33.551 12385 12494 D HWUI    : --- Failed to create image decoder with message 'unimplemented'
11-10 14:33:33.551 12385 12494 D HWUI    : --- Failed to create image decoder with message 'unimplemented'
11-10 14:33:33.551 12385 12494 D HWUI    : --- Failed to create image decoder with message 'unimplemented'
11-10 14:33:33.551 12385 12494 D HWUI    : --- Failed to create image decoder with message 'unimplemented'
11-10 14:33:33.553 12385 12497 W HWUI    : Image decoding logging dropped!
11-10 14:33:33.555 12385 12497 D HWUI    : --- Failed to create image decoder with message 'unimplemented'
11-10 14:33:33.556 12385 12497 D HWUI    : --- Failed to create image decoder with message 'unimplemented'
11-10 14:33:33.557 12385 12497 D HWUI    : --- Failed to create image decoder with message 'unimplemented'
11-10 14:33:33.557 12385 12497 D HWUI    : --- Failed to create image decoder with message 'unimplemented'
11-10 14:33:33.557 12385 12497 D HWUI    : --- Failed to create image decoder with message 'unimplemented'
11-10 14:33:33.557 12385 12497 D HWUI    : --- Failed to create image decoder with message 'unimplemented'
11-10 14:33:33.562 12385 12497 D HWUI    : --- Failed to create image decoder with message 'unimplemented'
11-10 14:33:33.562 12385 12465 I expo-notifications: NotificationsEmitter.onNotificationResponseIntentReceived:
11-10 14:33:33.562 12385 12465 I expo-notifications: actionIdentifier: expo.modules.notifications.actions.DEFAULT
11-10 14:33:33.562 12385 12465 I expo-notifications: notification
11-10 14:33:33.562 12385 12465 I expo-notifications:   date: 0
11-10 14:33:33.562 12385 12465 I expo-notifications:   request
11-10 14:33:33.562 12385 12465 I expo-notifications:     identifier: (null)
11-10 14:33:33.562 12385 12465 I expo-notifications:     trigger
11-10 14:33:33.562 12385 12465 I expo-notifications:       type: push
11-10 14:33:33.562 12385 12465 I expo-notifications:       channelId: (null)
11-10 14:33:33.562 12385 12465 I expo-notifications:     content
11-10 14:33:33.562 12385 12465 I expo-notifications:       data
11-10 14:33:33.562 12385 12465 I expo-notifications:         launchArgs
11-10 14:33:33.562 12385 12465 I expo-notifications:           detoxURLOverride: exp+seguridadciudadanaapp://expo-development-client/?url=http%3A%2F%2F10.0.2.2%3A8081
11-10 14:33:33.562 12385 12465 I expo-notifications:           detoxServer: ws://localhost:54702
11-10 14:33:33.562 12385 12465 I expo-notifications:           detoxSessionId: f965ed91-fdef-ddcd-6523-8e3004610b2b
11-10 14:33:33.562 12385 12465 I expo-notifications:           detoxEnableSynchronization: 0
11-10 14:33:33.562 12385 12465 I expo-notifications:       title: (null)
11-10 14:33:33.562 12385 12497 D HWUI    : --- Failed to create image decoder with message 'unimplemented'
11-10 14:33:33.563 12385 12497 W unknown:ProgressiveDecoder: unknown image format, {uri: res:/2131623936, firstEncodedBytes: 03000800C00100000100, length: 448}
11-10 14:33:33.564 12385 12497 W HWUI    : Image decoding logging dropped!
11-10 14:33:33.564 12385 12493 W HWUI    : Image decoding logging dropped!
11-10 14:33:33.564 12385 12498 W HWUI    : Image decoding logging dropped!
11-10 14:33:33.564 12385 12496 W HWUI    : Image decoding logging dropped!
11-10 14:33:33.569 12385 12497 W HWUI    : Image decoding logging dropped!
11-10 14:33:33.573 12385 12465 I ExpoModulesCore: ✅ Constants were exported
11-10 14:33:33.749 12385 12465 D nativeloader: Load /data/app/~~HhcoA-g6Zvged_v0032zgg==/com.tuapp.seguritacapp-rlcXY0UGVc30IkaQO5G5mg==/base.apk!/lib/x86_64/librnscreens.so using class loader ns clns-9 (caller=/data/app/~~HhcoA-g6Zvged_v0032zgg==/com.tuapp.seguritacapp-rlcXY0UGVc30IkaQO5G5mg==/base.apk!classes2.dex): ok
11-10 14:33:33.804 12385 12465 D nativeloader: Load /data/app/~~HhcoA-g6Zvged_v0032zgg==/com.tuapp.seguritacapp-rlcXY0UGVc30IkaQO5G5mg==/base.apk!/lib/x86_64/libworklets.so using class loader ns clns-9 (caller=/data/app/~~HhcoA-g6Zvged_v0032zgg==/com.tuapp.seguritacapp-rlcXY0UGVc30IkaQO5G5mg==/base.apk!classes5.dex): ok
11-10 14:33:33.810 12385 12465 D nativeloader: Load /data/app/~~HhcoA-g6Zvged_v0032zgg==/com.tuapp.seguritacapp-rlcXY0UGVc30IkaQO5G5mg==/base.apk!/lib/x86_64/libreanimated.so using class loader ns clns-9 (caller=/data/app/~~HhcoA-g6Zvged_v0032zgg==/com.tuapp.seguritacapp-rlcXY0UGVc30IkaQO5G5mg==/base.apk!classes5.dex): ok
11-10 14:33:33.814 12385 12465 W pp.seguritacapp: CheckJNI: method to register "installJSIBindings" not in the given class. This is slow, consider changing your RegisterNatives calls.
11-10 14:33:33.830 12385 12465 W BridgelessReactContext: [WARNING] Bridgeless doesn't support CatalystInstance. Accessing an API that's not part of the new architecture is not encouraged usage.
11-10 14:33:34.259 12385 12465 W ReactNativeJS: '[2025-11-10T14:33:34.255Z]  @firebase/auth:', 'Auth (11.9.0): \nYou are initializing Firebase Auth for React Native without providing\nAsyncStorage. Auth state will default to memory persistence and will not\npersist between sessions. In order to persist auth state, install the package\n"@react-native-async-storage/async-storage" and provide it to\ninitializeAuth:\n\nimport { initializeAuth, getReactNativePersistence } from \'firebase/auth\';\nimport ReactNativeAsyncStorage from \'@react-native-async-storage/async-storage\';\nconst auth = initializeAuth(app, {\n  persistence: getReactNativePersistence(ReactNativeAsyncStorage)\n});\n'
11-10 14:33:34.285 12385 12465 I ReactNativeJS: ✅ Firestore inicializado con configuración básica
11-10 14:33:34.289 12385 12465 I ReactNativeJS: ✅ Firebase inicializado correctamente
11-10 14:33:34.291 12385 12465 I ReactNativeJS: '📱 Proyecto:', 'seguritacapp'
11-10 14:33:34.304 12385 12465 V AsyncStorageExpoMigration: No scoped database found
11-10 14:33:34.419 12385 12435 D DetoxWSClient: Received action 'invoke' (ID #1, params={"target":{"type":"Class","value":"com.wix.detox.Detox"},"method":"startActivityFromUrl","args":["exp+seguridadciudadanaapp:\/\/login"]})
11-10 14:33:34.420 12385 12431 I DetoxDispatcher: Handling action 'invoke' (ID #1)...
11-10 14:33:34.441 12385 12431 D Detox   : class com.wix.detox.Detox, startActivityFromUrl, [exp+seguridadciudadanaapp://login]
11-10 14:33:34.456 12385 12431 W ActivityTestRule: Activity wasn't created yet or already stopped
11-10 14:33:34.456 12385 12431 I DetoxActionHandlers: Test exception
11-10 14:33:34.456 12385 12431 I DetoxActionHandlers: java.lang.reflect.InvocationTargetException
11-10 14:33:34.456 12385 12431 I DetoxActionHandlers: 	at java.lang.reflect.Method.invoke(Native Method)
11-10 14:33:34.456 12385 12431 I DetoxActionHandlers: 	at org.apache.commons.lang3.reflect.MethodUtils.invokeStaticMethod(MethodUtils.java:443)
11-10 14:33:34.456 12385 12431 I DetoxActionHandlers: 	at org.apache.commons.lang3.reflect.MethodUtils.invokeStaticMethod(MethodUtils.java:405)
11-10 14:33:34.456 12385 12431 I DetoxActionHandlers: 	at com.wix.invoke.types.ClassTarget.execute(ClassTarget.java:23)
11-10 14:33:34.456 12385 12431 I DetoxActionHandlers: 	at com.wix.invoke.types.Target.invoke(Target.java:59)
11-10 14:33:34.456 12385 12431 I DetoxActionHandlers: 	at com.wix.invoke.MethodInvocation.invoke(MethodInvocation.java:35)
11-10 14:33:34.456 12385 12431 I DetoxActionHandlers: 	at com.wix.invoke.MethodInvocation.invoke(MethodInvocation.java:26)
11-10 14:33:34.456 12385 12431 I DetoxActionHandlers: 	at com.wix.invoke.MethodInvocation.invoke(MethodInvocation.java:20)
11-10 14:33:34.456 12385 12431 I DetoxActionHandlers: 	at com.wix.detox.adapters.server.InvokeActionHandler.handle(DetoxActionHandlers.kt:54)
11-10 14:33:34.456 12385 12431 I DetoxActionHandlers: 	at com.wix.detox.adapters.server.ActionsExecutor.executeAction$lambda$2$lambda$1(DetoxActionsDispatcher.kt:76)
11-10 14:33:34.456 12385 12431 I DetoxActionHandlers: 	at com.wix.detox.adapters.server.ActionsExecutor.$r8$lambda$GVbB7LHtBHxNHGbgYnHJ6YrwCqs(Unknown Source:0)
11-10 14:33:34.456 12385 12431 I DetoxActionHandlers: 	at com.wix.detox.adapters.server.ActionsExecutor$$ExternalSyntheticLambda0.run(D8$$SyntheticClass:0)
11-10 14:33:34.456 12385 12431 I DetoxActionHandlers: 	at android.os.Handler.handleCallback(Handler.java:995)
11-10 14:33:34.456 12385 12431 I DetoxActionHandlers: 	at android.os.Handler.dispatchMessage(Handler.java:103)
11-10 14:33:34.456 12385 12431 I DetoxActionHandlers: 	at android.os.Looper.loopOnce(Looper.java:248)
11-10 14:33:34.456 12385 12431 I DetoxActionHandlers: 	at android.os.Looper.loop(Looper.java:338)
11-10 14:33:34.456 12385 12431 I DetoxActionHandlers: 	at com.wix.detox.adapters.server.ActionsExecutor._init_$lambda$0(