11-10 14:29:26.964 10915 11004 W ReactNativeJNI: Component property map contains multiple entries for 'borderTopStartRadius'. Ensure all calls to convertRawProp use a consistent prefix, name and suffix.
11-10 14:29:26.965 10915 11004 W ReactNativeJNI: Component property map contains multiple entries for 'borderBlockStartColor'. Ensure all calls to convertRawProp use a consistent prefix, name and suffix.
11-10 14:29:26.965 10915 11004 W ReactNativeJNI: Component property map contains multiple entries for 'borderBottomEndRadius'. Ensure all calls to convertRawProp use a consistent prefix, name and suffix.
11-10 14:29:26.965 10915 11004 W ReactNativeJNI: Component property map contains multiple entries for 'borderBottomLeftRadius'. Ensure all calls to convertRawProp use a consistent prefix, name and suffix.
11-10 14:29:26.965 10915 11004 W ReactNativeJNI: Component property map contains multiple entries for 'borderStartStartRadius'. Ensure all calls to convertRawProp use a consistent prefix, name and suffix.
11-10 14:29:26.965 10915 11004 W ReactNativeJNI: Component property map contains multiple entries for 'borderBottomRightRadius'. Ensure all calls to convertRawProp use a consistent prefix, name and suffix.
11-10 14:29:26.965 10915 11004 W ReactNativeJNI: Component property map contains multiple entries for 'borderBottomStartRadius'. Ensure all calls to convertRawProp use a consistent prefix, name and suffix.
11-10 14:29:26.968 10915 10915 I pp.seguritacapp: AssetManager2(0x70d3768b6b78) locale list changing from [] to [en-US]
11-10 14:29:26.969 10915 10915 D LifecycleMonitor: Lifecycle status change: expo.modules.devmenu.DevMenuActivity@f8d2ae6 in: PRE_ON_CREATE
11-10 14:29:26.976 10915 10915 W unknown:BridgelessReact: ReactHost{1}.startSurface(surfaceId = 0): Schedule
11-10 14:29:26.976 10915 10915 W unknown:BridgelessReact: ReactHost{1}.attachSurface(surfaceId = 0)
11-10 14:29:26.990 10915 11004 W ReactNativeJNI: Component property map contains multiple entries for 'borderColor'. Ensure all calls to convertRawProp use a consistent prefix, name and suffix.
11-10 14:29:26.990 10915 11004 W ReactNativeJNI: Component property map contains multiple entries for 'borderStyle'. Ensure all calls to convertRawProp use a consistent prefix, name and suffix.
11-10 14:29:27.006 10915 10915 D LifecycleMonitor: Lifecycle status change: expo.modules.devmenu.DevMenuActivity@f8d2ae6 in: CREATED
11-10 14:29:27.007 10915 10915 W unknown:ReactNative: Packager connection already open, nooping.
11-10 14:29:27.007 10915 10915 D LifecycleMonitor: Lifecycle status change: expo.modules.devmenu.DevMenuActivity@f8d2ae6 in: STARTED
11-10 14:29:27.008 10915 10915 W unknown:BridgelessReact: ReactHost{1}.onHostResume(activity)
11-10 14:29:27.008 10915 10915 W unknown:BridgelessReact: ReactContext.onHostResume()
11-10 14:29:27.009 10915 10915 D LifecycleMonitor: Lifecycle status change: expo.modules.devmenu.DevMenuActivity@f8d2ae6 in: RESUMED
11-10 14:29:27.025 10915 11004 W unknown:BridgelessReact: ReactHost{1}.getOrCreateReactInstanceTask(): Loading JS Bundle
11-10 14:29:27.048 10915 11004 W unknown:BridgelessReact: ReactHost{1}.getOrCreateReactInstanceTask(): Calling DevSupportManagerBase.onNewReactContextCreated(reactContext)
11-10 14:29:27.054 10915 11005 D Detox.RNMarker: RUN_JS_BUNDLE_START (EXDevMenuApp.android.js)
11-10 14:29:27.058 10915 11004 W unknown:BridgelessReact: ReactHost{1}.getOrCreateReactInstanceTask()
11-10 14:29:27.073 10915 10915 W unknown:BridgelessReact: ReactContext.onHostResume()
11-10 14:29:27.074 10915 10915 W unknown:BridgelessReact: ReactHost{1}.getOrCreateReactInstanceTask(): Executing ReactInstanceEventListeners
11-10 14:29:27.074 10915 10915 I Detox   : Wait is over: App is now idle!
11-10 14:29:27.075 10915 11004 W unknown:BridgelessReact: ReactHost{1}.startSurface(surfaceId = 0): Execute
11-10 14:29:27.075 10915 10962 I DetoxWSClient: Sending out action 'ready' (ID #-1000)
11-10 14:29:27.076 10915 10962 I DetoxDispatcher: Done with action 'isReady'
11-10 14:29:27.080 10915 11011 D ProfileInstaller: Installing profile for com.tuapp.seguritacapp
11-10 14:29:27.094 10915 10915 D InsetsController: hide(ime(), fromIme=false)
11-10 14:29:27.094 10915 10915 I ImeTracker: com.tuapp.seguritacapp:56031155: onCancelled at PHASE_CLIENT_ALREADY_HIDDEN
11-10 14:29:27.228 10915 11005 D nativeloader: Load /data/app/~~wKKbVNfjIzJpyuI2LanTUw==/com.tuapp.seguritacapp-XReUhkfEfihnItkITGudPg==/base.apk!/lib/x86_64/libexpo-modules-core.so using class loader ns clns-9 (caller=/data/app/~~wKKbVNfjIzJpyuI2LanTUw==/com.tuapp.seguritacapp-XReUhkfEfihnItkITGudPg==/base.apk!classes5.dex): ok
11-10 14:29:27.260 10915 11005 W unknown:ViewManagerPropertyUpdater: Could not find generated setter for class expo.modules.kotlin.views.GroupViewManagerWrapper
11-10 14:29:27.269 10915 11005 W unknown:ViewManagerPropertyUpdater: Could not find generated setter for class com.facebook.react.uimanager.LayoutShadowNode
11-10 14:29:27.292 10915 11005 W unknown:ViewManagerPropertyUpdater: Could not find generated setter for class com.facebook.react.views.safeareaview.ReactSafeAreaViewManager
11-10 14:29:27.292 10915 11005 W unknown:ViewManagerPropertyUpdater: Could not find generated setter for class com.facebook.react.views.safeareaview.ReactSafeAreaViewShadowNode
11-10 14:29:27.306 10915 11005 W unknown:ViewManagerPropertyUpdater: Could not find generated setter for class com.facebook.react.views.modal.ReactModalHostManager
11-10 14:29:27.317 10915 11005 W unknown:ViewManagerPropertyUpdater: Could not find generated setter for class com.facebook.react.views.text.frescosupport.FrescoBasedReactTextInlineImageViewManager
11-10 14:29:27.318 10915 11005 W unknown:ViewManagerPropertyUpdater: Could not find generated setter for class com.facebook.react.views.text.frescosupport.FrescoBasedReactTextInlineImageShadowNode
11-10 14:29:27.330 10915 11005 W unknown:ViewManagerPropertyUpdater: Could not find generated setter for class com.facebook.react.views.progressbar.ReactProgressBarViewManager
11-10 14:29:27.332 10915 11005 W unknown:ViewManagerPropertyUpdater: Could not find generated setter for class com.facebook.react.views.progressbar.ProgressBarShadowNode
11-10 14:29:27.346 10915 11005 W unknown:ViewManagerPropertyUpdater: Could not find generated setter for class com.facebook.react.views.scroll.ReactHorizontalScrollViewManager
11-10 14:29:27.359 10915 11005 W unknown:ViewManagerPropertyUpdater: Could not find generated setter for class com.facebook.react.views.image.ReactImageManager
11-10 14:29:27.367 10915 11005 W unknown:ViewManagerPropertyUpdater: Could not find generated setter for class com.facebook.react.views.text.ReactTextViewManager
11-10 14:29:27.368 10915 11005 W unknown:ViewManagerPropertyUpdater: Could not find generated setter for class com.facebook.react.views.text.ReactTextShadowNode
11-10 14:29:27.373 10915 11005 W unknown:ViewManagerPropertyUpdater: Could not find generated setter for class com.facebook.react.views.scroll.ReactHorizontalScrollContainerViewManager
11-10 14:29:27.377 10915 11005 W unknown:ViewManagerPropertyUpdater: Could not find generated setter for class com.facebook.react.views.unimplementedview.ReactUnimplementedViewManager
11-10 14:29:27.383 10915 11005 W unknown:ViewManagerPropertyUpdater: Could not find generated setter for class com.facebook.react.views.scroll.ReactScrollViewManager
11-10 14:29:27.390 10915 11005 W unknown:ViewManagerPropertyUpdater: Could not find generated setter for class com.facebook.react.views.view.ReactViewManager
11-10 14:29:27.392 10915 10997 D CompatChangeReporter: Compat change id reported: 289878283; UID 10219; state: ENABLED
11-10 14:29:27.399 10915 11005 W unknown:ViewManagerPropertyUpdater: Could not find generated setter for class com.facebook.react.views.drawer.ReactDrawerLayoutManager
11-10 14:29:27.412 10915 11005 W unknown:ViewManagerPropertyUpdater: Could not find generated setter for class com.facebook.react.views.switchview.ReactSwitchManager
11-10 14:29:27.414 10915 11005 W unknown:ViewManagerPropertyUpdater: Could not find generated setter for class com.facebook.react.views.switchview.ReactSwitchManager$ReactSwitchShadowNode
11-10 14:29:27.422 10915 10998 I pp.seguritacapp: AssetManager2(0x70d3768d07f8) locale list changing from [] to [en-US]
11-10 14:29:27.422 10915 10998 I WebViewFactory: Loading com.google.android.webview version 133.0.6943.137 (code 694313738)
11-10 14:29:27.423 10915 11005 W unknown:ViewManagerPropertyUpdater: Could not find generated setter for class com.facebook.react.views.text.ReactVirtualTextViewManager
11-10 14:29:27.423 10915 10998 I pp.seguritacapp: AssetManager2(0x70d3768b9d78) locale list changing from [] to [en-US]
11-10 14:29:27.424 10915 11005 W unknown:ViewManagerPropertyUpdater: Could not find generated setter for class com.facebook.react.views.text.ReactVirtualTextShadowNode
11-10 14:29:27.424 10915 10998 I pp.seguritacapp: AssetManager2(0x70d3768bd8d8) locale list changing from [] to [en-US]
11-10 14:29:27.425 10915 10998 I pp.seguritacapp: AssetManager2(0x70d3768bc938) locale list changing from [] to [en-US]
11-10 14:29:27.426 10915 10998 I pp.seguritacapp: AssetManager2(0x70d3768be558) locale list changing from [] to [en-US]
11-10 14:29:27.427 10915 10998 I pp.seguritacapp: AssetManager2(0x70d3768d0b18) locale list changing from [] to [en-US]
11-10 14:29:27.427 10915 10998 V ResourcesManager: The following library key has been added: ResourcesKey{ mHash=3e131997 mResDir=null mSplitDirs=[] mOverlayDirs=[] mLibDirs=[/data/app/~~nxIzNTNk-9juzieP2H14bw==/com.google.android.webview-8Ofj1MShe1sfVlVeR-7jYw==/WebViewGoogle.apk,/data/app/~~NUV24JfAbMsvCZ3y-B3LCQ==/com.google.android.trichromelibrary_694313738-b-_y91Ev7XotJG5HsxpYGA==/TrichromeLibrary.apk,/system_ext/framework/androidx.window.extensions.jar] mDisplayId=0 mOverrideConfig=v36 mCompatInfo={440dpi always-compat} mLoaders=[]}
11-10 14:29:27.436 10915 11005 W unknown:ViewManagerPropertyUpdater: Could not find generated setter for class com.facebook.react.views.swiperefresh.SwipeRefreshLayoutManager
11-10 14:29:27.436 10915 10998 W pp.seguritacapp: Failed to find entry 'classes.dex': Entry not found
11-10 14:29:27.445 10915 11005 W unknown:ViewManagerPropertyUpdater: Could not find generated setter for class com.facebook.react.views.text.ReactRawTextManager
11-10 14:29:27.445 10915 10998 D nativeloader: Configuring clns-12 for other apk /data/app/~~NUV24JfAbMsvCZ3y-B3LCQ==/com.google.android.trichromelibrary_694313738-b-_y91Ev7XotJG5HsxpYGA==/TrichromeLibrary.apk. target_sdk_version=34, uses_libraries=ALL, library_path=/data/app/~~nxIzNTNk-9juzieP2H14bw==/com.google.android.webview-8Ofj1MShe1sfVlVeR-7jYw==/lib/x86_64:/data/app/~~nxIzNTNk-9juzieP2H14bw==/com.google.android.webview-8Ofj1MShe1sfVlVeR-7jYw==/WebViewGoogle.apk!/lib/x86_64:/data/app/~~NUV24JfAbMsvCZ3y-B3LCQ==/com.google.android.trichromelibrary_694313738-b-_y91Ev7XotJG5HsxpYGA==/TrichromeLibrary.apk!/lib/x86_64, permitted_path=/data:/mnt/expand
11-10 14:29:27.446 10915 11005 W unknown:ViewManagerPropertyUpdater: Could not find generated setter for class com.facebook.react.views.text.ReactRawTextShadowNode
11-10 14:29:27.455 10915 10998 D ApplicationLoaders: Returning zygote-cached class loader: /system_ext/framework/androidx.window.extensions.jar
11-10 14:29:27.460 10915 11005 W unknown:ViewManagerPropertyUpdater: Could not find generated setter for class com.facebook.react.views.textinput.ReactTextInputManager
11-10 14:29:27.463 10915 11005 W unknown:ViewManagerPropertyUpdater: Could not find generated setter for class com.facebook.react.views.textinput.ReactTextInputShadowNode
11-10 14:29:27.475 10915 10998 D nativeloader: Configuring clns-13 for other apk /data/app/~~nxIzNTNk-9juzieP2H14bw==/com.google.android.webview-8Ofj1MShe1sfVlVeR-7jYw==/WebViewGoogle.apk. target_sdk_version=34, uses_libraries=, library_path=/data/app/~~nxIzNTNk-9juzieP2H14bw==/com.google.android.webview-8Ofj1MShe1sfVlVeR-7jYw==/lib/x86_64:/data/app/~~nxIzNTNk-9juzieP2H14bw==/com.google.android.webview-8Ofj1MShe1sfVlVeR-7jYw==/WebViewGoogle.apk!/lib/x86_64:/data/app/~~NUV24JfAbMsvCZ3y-B3LCQ==/com.google.android.trichromelibrary_694313738-b-_y91Ev7XotJG5HsxpYGA==/TrichromeLibrary.apk!/lib/x86_64, permitted_path=/data:/mnt/expand
11-10 14:29:27.555 10915 10998 I pp.seguritacapp: Waiting for a blocking GC ClassLinker
11-10 14:29:27.594 10915 10998 I pp.seguritacapp: WaitForGcToComplete blocked ClassLinker on Background for 39.225ms
11-10 14:29:27.632 10915 10998 I cr_WVCFactoryProvider: version=133.0.6943.137 (694313738) minSdkVersion=29 isBundle=false multiprocess=true packageId=2
11-10 14:29:27.661 10915 10998 D nativeloader: Load /data/app/~~NUV24JfAbMsvCZ3y-B3LCQ==/com.google.android.trichromelibrary_694313738-b-_y91Ev7XotJG5HsxpYGA==/TrichromeLibrary.apk!/lib/x86_64/libmonochrome_64.so using class loader ns clns-13 (caller=/data/app/~~nxIzNTNk-9juzieP2H14bw==/com.google.android.webview-8Ofj1MShe1sfVlVeR-7jYw==/WebViewGoogle.apk): ok
11-10 14:29:27.674 10915 10998 D nativeloader: Load /system/lib64/libwebviewchromium_plat_support.so using class loader ns clns-13 (caller=/data/app/~~nxIzNTNk-9juzieP2H14bw==/com.google.android.webview-8Ofj1MShe1sfVlVeR-7jYw==/WebViewGoogle.apk): ok
11-10 14:29:27.687 10915 11015 I chromium: [1110/142927.682336:INFO:variations_seed_loader.cc(67)] Failed to open file for reading.: No such file or directory (2)
11-10 14:29:27.689 10915 11015 I chromium: [1110/142927.689622:INFO:variations_seed_loader.cc(67)] Failed to open file for reading.: No such file or directory (2)
11-10 14:29:27.715 10915 10998 I cr_LibraryLoader: Successfully loaded native library
11-10 14:29:27.721 10915 10998 I cr_CachingUmaRecorder: Flushed 6 samples from 6 histograms, 0 samples were dropped.
11-10 14:29:27.755 10915 10997 W unknown:ViewManagerPropertyUpdater: Could not find generated setter for class com.rnmaps.maps.MapUrlTileManager
11-10 14:29:27.759 10915 10997 W unknown:ViewManagerPropertyUpdater: Could not find generated setter for class com.swmansion.rnscreens.ScreenFooterManager
11-10 14:29:27.761 10915 10997 W unknown:ViewManagerPropertyUpdater: Could not find generated setter for class com.rnmaps.maps.MapManager
11-10 14:29:27.763 10915 10997 W unknown:ViewManagerPropertyUpdater: Could not find generated setter for class com.swmansion.rnscreens.ScreenContainerViewManager
11-10 14:29:27.764 10915 10997 W unknown:ViewManagerPropertyUpdater: Could not find generated setter for class com.rnmaps.maps.MapMarkerManager
11-10 14:29:27.767 10915 10997 W unknown:ViewManagerPropertyUpdater: Could not find generated setter for class com.rnmaps.maps.MapLocalTileManager
11-10 14:29:27.770 10915 10997 W unknown:ViewManagerPropertyUpdater: Could not find generated setter for class com.swmansion.rnscreens.ModalScreenViewManager
11-10 14:29:27.771 10915 10997 W unknown:ViewManagerPropertyUpdater: Could not find generated setter for class com.rnmaps.maps.MapPolylineManager
11-10 14:29:27.775 10915 10997 W unknown:ViewManagerPropertyUpdater: Could not find generated setter for class com.rnmaps.maps.MapCircleManager
11-10 14:29:27.777 10915 10997 W unknown:ViewManagerPropertyUpdater: Could not find generated setter for class com.th3rdwave.safeareacontext.SafeAreaViewManager
11-10 14:29:27.778 10915 10997 W unknown:ViewManagerPropertyUpdater: Could not find generated setter for class com.th3rdwave.safeareacontext.SafeAreaViewShadowNode
11-10 14:29:27.778 10915 10997 W unknown:ViewManagerPropertyUpdater: Could not find generated setter for class com.swmansion.rnscreens.ScreenViewManager
11-10 14:29:27.779 10915 10997 W unknown:ViewManagerPropertyUpdater: Could not find generated setter for class expo.modules.kotlin.views.SimpleViewManagerWrapper
11-10 14:29:27.783 10915 10997 W unknown:ViewManagerPropertyUpdater: Could not find generated setter for class com.swmansion.rnscreens.ScreenStackViewManager
11-10 14:29:27.786 10915 10997 W unknown:ViewManagerPropertyUpdater: Could not find generated setter for class com.airbnb.android.react.lottie.LottieAnimationViewManager
11-10 14:29:27.788 10915 10997 W unknown:ViewManagerPropertyUpdater: Could not find generated setter for class com.rnmaps.maps.MapCalloutManager
11-10 14:29:27.789 10915 10997 W unknown:ViewManagerPropertyUpdater: Could not find generated setter for class com.th3rdwave.safeareacontext.SafeAreaProviderManager
11-10 14:29:27.789 10915 10997 W unknown:ViewManagerPropertyUpdater: Could not find generated setter for class com.swmansion.rnscreens.SearchBarManager
11-10 14:29:27.790 10915 10997 W unknown:ViewManagerPropertyUpdater: Could not find generated setter for class com.rnmaps.maps.MapGradientPolylineManager
11-10 14:29:27.790 10915 10997 W unknown:ViewManagerPropertyUpdater: Could not find generated setter for class com.rnmaps.maps.MapHeatmapManager
11-10 14:29:27.791 10915 10997 W unknown:ViewManagerPropertyUpdater: Could not find generated setter for class com.reactnativecommunity.webview.RNCWebViewManager
11-10 14:29:27.794 10915 10997 W unknown:ViewManagerPropertyUpdater: Could not find generated setter for class org.reactnative.maskedview.RNCMaskedViewManager
11-10 14:29:27.796 10915 10997 W unknown:ViewManagerPropertyUpdater: Could not find generated setter for class com.rnmaps.maps.MapWMSTileManager
11-10 14:29:27.797 10915 10997 W unknown:ViewManagerPropertyUpdater: Could not find generated setter for class com.swmansion.rnscreens.ScreenStackHeaderConfigViewManager
11-10 14:29:27.798 10915 10997 W unknown:ViewManagerPropertyUpdater: Could not find generated setter for class com.swmansion.rnscreens.ScreenContentWrapperManager
11-10 14:29:27.798 10915 10997 W unknown:ViewManagerPropertyUpdater: Could not find generated setter for class com.rnmaps.maps.MapPolygonManager
11-10 14:29:27.799 10915 10997 W unknown:ViewManagerPropertyUpdater: Could not find generated setter for class com.swmansion.rnscreens.ScreenStackHeaderSubviewManager
11-10 14:29:27.799 10915 10997 W unknown:ViewManagerPropertyUpdater: Could not find generated setter for class com.reactnativecommunity.picker.ReactDialogPickerManager
11-10 14:29:27.801 10915 10997 W unknown:ViewManagerPropertyUpdater: Could not find generated setter for class com.reactnativecommunity.picker.ReactPickerShadowNode
11-10 14:29:27.802 10915 10997 W unknown:ViewManagerPropertyUpdater: Could not find generated setter for class com.rnmaps.maps.MapOverlayManager
11-10 14:29:27.803 10915 10997 W unknown:ViewManagerPropertyUpdater: Could not find generated setter for class com.reactnativecommunity.picker.ReactDropdownPickerManager
11-10 14:29:27.842 10915 11005 W BridgelessReactContext: [WARNING] Bridgeless doesn't support CatalystInstance. Accessing an API that's not part of the new architecture is not encouraged usage.
11-10 14:29:27.865 10915 11005 I ExpoModulesCore: ✅ JSI interop was installed
11-10 14:29:27.866 10915 11005 I ExpoModulesCore: ✅ Constants were exported
11-10 14:29:27.879 10915 11005 D Detox.RNMarker: RUN_JS_BUNDLE_END (EXDevMenuApp.android.js)
11-10 14:29:27.880 10915 11005 I ReactNativeJS: Running "main"
11-10 14:29:27.906 10915 10997 W unknown:ViewManagerPropertyUpdater: Could not find generated setter for class com.horcrux.svg.RenderableViewManager$DefsViewManager
11-10 14:29:27.907 10915 10997 W unknown:ViewManagerPropertyUpdater: Could not find generated setter for class com.horcrux.svg.VirtualViewManager$RenderableShadowNode
11-10 14:29:27.911 10915 10997 W unknown:ViewManagerPropertyUpdater: Could not find generated setter for class com.facebook.react.views.debuggingoverlay.DebuggingOverlayManager
11-10 14:29:27.914 10915 10997 W unknown:ViewManagerPropertyUpdater: Could not find generated setter for class com.horcrux.svg.RenderableViewManager$FeMergeManager
11-10 14:29:27.921 10915 10997 W unknown:ViewManagerPropertyUpdater: Could not find generated setter for class com.horcrux.svg.RenderableViewManager$LinearGradientManager
11-10 14:29:27.925 10915 10997 W unknown:ViewManagerPropertyUpdater: Could not find generated setter for class com.horcrux.svg.RenderableViewManager$FeGaussianBlurManager
11-10 14:29:27.937 10915 10997 W unknown:ViewManagerPropertyUpdater: Could not find generated setter for class com.horcrux.svg.RenderableViewManager$FeColorMatrixManager
11-10 14:29:27.942 10915 11005 D Detox.RNMarker: REACT_BRIDGELESS_LOADING_END (null)
11-10 14:29:27.945 10915 10997 W unknown:ViewManagerPropertyUpdater: Could not find generated setter for class com.horcrux.svg.RenderableViewManager$ClipPathViewManager
11-10 14:29:27.951 10915 10997 W unknown:ViewManagerPropertyUpdater: Could not find generated setter for class com.horcrux.svg.RenderableViewManager$SymbolManager
11-10 14:29:27.981 10915 10997 W unknown:ViewManagerPropertyUpdater: Could not find generated setter for class com.horcrux.svg.RenderableViewManager$PatternManager
11-10 14:29:28.003 10915 10997 W unknown:ViewManagerPropertyUpdater: Could not find generated setter for class com.horcrux.svg.RenderableViewManager$FeBlendManager
11-10 14:29:28.026 10915 10915 D Detox.RNMarker: CONTENT_APPEARED (main)
11-10 14:29:28.026 10915 10997 W unknown:ViewManagerPropertyUpdater: Could not find generated setter for class com.horcrux.svg.SvgViewManager
11-10 14:29:28.035 10915 10997 W unknown:ViewManagerPropertyUpdater: Could not find generated setter for class com.horcrux.svg.RenderableViewManager$UseViewManager
11-10 14:29:28.039 10915 10997 W unknown:ViewManagerPropertyUpdater: Could not find generated setter for class com.horcrux.svg.RenderableViewManager$CircleViewManager
11-10 14:29:28.045 10915 10997 W unknown:ViewManagerPropertyUpdater: Could not find generated setter for class com.horcrux.svg.RenderableViewManager$TSpanViewManager
11-10 14:29:28.050 10915 10997 W unknown:ViewManagerPropertyUpdater: Could not find generated setter for class com.horcrux.svg.RenderableViewManager$FilterManager
11-10 14:29:28.058 10915 10997 W unknown:ViewManagerPropertyUpdater: Could not find generated setter for class com.horcrux.svg.RenderableViewManager$MarkerManager
11-10 14:29:28.065 10915 10997 W unknown:ViewManagerPropertyUpdater: Could not find generated setter for class com.swmansion.gesturehandler.react.RNGestureHandlerButtonViewManager
11-10 14:29:28.074 10915 10997 W unknown:ViewManagerPropertyUpdater: Could not find generated setter for class com.horcrux.svg.RenderableViewManager$ForeignObjectManager
11-10 14:29:28.081 10915 10997 W unknown:ViewManagerPropertyUpdater: Could not find generated setter for class com.horcrux.svg.RenderableViewManager$EllipseViewManager
11-10 14:29:28.082 10915 10915 W HWUI    : Image decoding logging dropped!
11-10 14:29:28.083 10915 10915 W HWUI    : Image decoding logging dropped!
11-10 14:29:28.089 10915 10997 W unknown:ViewManagerPropertyUpdater: Could not find generated setter for class com.horcrux.svg.RenderableViewManager$LineViewManager
11-10 14:29:28.092 10915 10915 W HWUI    : Image decoding logging dropped!
11-10 14:29:28.097 10915 11024 D nativeloader: Load /data/app/~~wKKbVNfjIzJpyuI2LanTUw==/com.tuapp.seguritacapp-XReUhkfEfihnItkITGudPg==/base.apk!/lib/x86_64/libimagepipeline.so using class loader ns clns-9 (caller=/data/app/~~wKKbVNfjIzJpyuI2LanTUw==/com.tuapp.seguritacapp-XReUhkfEfihnItkITGudPg==/base.apk!classes5.dex): ok
11-10 14:29:28.099 10915 10997 W unknown:ViewManagerPropertyUpdater: Could not find generated setter for class com.horcrux.svg.RenderableViewManager$FeFloodManager
11-10 14:29:28.103 10915 10997 W unknown:ViewManagerPropertyUpdater: Could not find generated setter for class com.horcrux.svg.RenderableViewManager$GroupViewManager
11-10 14:29:28.111 10915 10997 W unknown:ViewManagerPropertyUpdater: Could not find generated setter for class com.horcrux.svg.RenderableViewManager$TextViewManager
11-10 14:29:28.116 10915 10997 W unknown:ViewManagerPropertyUpdater: Could not find generated setter for class com.horcrux.svg.RenderableViewManager$ImageViewManager
11-10 14:29:28.128 10915 10915 I pp.seguritacapp: hiddenapi: Accessing hidden field Landroid/widget/ScrollView;->mScroller:Landroid/widget/OverScroller; (runtime_flags=0, domain=platform, api=unsupported) from Lcom/facebook/react/views/scroll/ReactScrollView; (domain=app) using reflection: allowed
11-10 14:29:28.128 10915 11025 W HWUI    : Image decoding logging dropped!
11-10 14:29:28.132 10915 10915 W unknown:ViewManagerPropertyUpdater: Could not find generated setter for class com.facebook.react.uimanager.RootViewManager
11-10 14:29:28.162 10915 10997 W unknown:ViewManagerPropertyUpdater: Could not find generated setter for class com.horcrux.svg.RenderableViewManager$RadialGradientManager
11-10 14:29:28.167 10915 11026 D HWUI    : --- Failed to create image decoder with message 'unimplemented'
11-10 14:29:28.167 10915 11026 D HWUI    : --- Failed to create image decoder with message 'unimplemented'
11-10 14:29:28.167 10915 11026 D HWUI    : --- Failed to create image decoder with message 'unimplemented'
11-10 14:29:28.168 10915 11026 D HWUI    : --- Failed to create image decoder with message 'unimplemented'
11-10 14:29:28.168 10915 11026 D HWUI    : --- Failed to create image decoder with message 'unimplemented'
11-10 14:29:28.168 10915 11026 D HWUI    : --- Failed to create image decoder with message 'unimplemented'
11-10 14:29:28.168 10915 11026 D HWUI    : --- Failed to create image decoder with message 'unimplemented'
11-10 14:29:28.168 10915 11026 D HWUI    : --- Failed to create image decoder with message 'unimplemented'
11-10 14:29:28.168 10915 11026 D HWUI    : --- Failed to create image decoder with message 'unimplemented'
11-10 14:29:28.169 10915 11026 D HWUI    : --- Failed to create image decoder with message 'unimplemented'
11-10 14:29:28.169 10915 11026 D HWUI    : --- Failed to create image decoder with message 'unimplemented'
11-10 14:29:28.169 10915 11026 D HWUI    : --- Failed to create image decoder with message 'unimplemented'
11-10 14:29:28.173 10915 11028 D HWUI    : --- Failed to create image decoder with message 'unimplemented'
11-10 14:29:28.173 10915 11028 D HWUI    : --- Failed to create image decoder with message 'unimplemented'
11-10 14:29:28.174 10915 11028 D HWUI    : --- Failed to create image decoder with message 'unimplemented'
11-10 14:29:28.174 10915 11028 D HWUI    : --- Failed to create image decoder with message 'unimplemented'
11-10 14:29:28.174 10915 11028 D HWUI    : --- Failed to create image decoder with message 'unimplemented'
11-10 14:29:28.174 10915 11028 D HWUI    : --- Failed to create image decoder with message 'unimplemented'
11-10 14:29:28.175 10915 11028 D HWUI    : --- Failed to create image decoder with message 'unimplemented'
11-10 14:29:28.175 10915 11028 D HWUI    : --- Failed to create image decoder with message 'unimplemented'
11-10 14:29:28.176 10915 11028 W unknown:ProgressiveDecoder: unknown image format, {uri: res:/2131623936, firstEncodedBytes: 03000800C00100000100, length: 448}
11-10 14:29:28.178 10915 11025 W HWUI    : Image decoding logging dropped!
11-10 14:29:28.180 10915 11029 W HWUI    : Image decoding logging dropped!
11-10 14:29:28.181 10915 11025 W HWUI    : Image decoding logging dropped!
11-10 14:29:28.181 10915 11028 W HWUI    : Image decoding logging dropped!
11-10 14:29:28.181 10915 11025 W HWUI    : Image decoding logging dropped!
11-10 14:29:28.183 10915 11028 W HWUI    : Image decoding logging dropped!
11-10 14:29:28.184 10915 11025 W HWUI    : Image decoding logging dropped!
11-10 14:29:28.185 10915 11027 W HWUI    : Image decoding logging dropped!
11-10 14:29:28.188 10915 11028 W HWUI    : Image decoding logging dropped!
11-10 14:29:28.193 10915 10997 W unknown:ViewManagerPropertyUpdater: Could not find generated setter for class com.horcrux.svg.RenderableViewManager$MaskManager
11-10 14:29:28.208 10915 10997 W unknown:ViewManagerPropertyUpdater: Could not find generated setter for class com.horcrux.svg.RenderableViewManager$RectViewManager
11-10 14:29:28.216 10915 10997 W unknown:ViewManagerPropertyUpdater: Could not find generated setter for class com.horcrux.svg.RenderableViewManager$TextPathViewManager
11-10 14:29:28.233 10915 10997 W unknown:ViewManagerPropertyUpdater: Could not find generated setter for class com.horcrux.svg.RenderableViewManager$FeOffsetManager
11-10 14:29:28.249 10915 10997 W unknown:ViewManagerPropertyUpdater: Could not find generated setter for class com.horcrux.svg.RenderableViewManager$PathViewManager
11-10 14:29:28.268 10915 10997 W unknown:ViewManagerPropertyUpdater: Could not find generated setter for class com.swmansion.gesturehandler.react.RNGestureHandlerRootViewManager
11-10 14:29:28.323 10915 10997 I ReactNativeJS: Bridgeless mode is enabled
11-10 14:29:28.331 10915 10997 W BridgelessReactContext: [WARNING] Bridgeless doesn't support CatalystInstance. Accessing an API that's not part of the new architecture is not encouraged usage.
11-10 14:29:28.332 10915 10997 I ExpoModulesCore: ✅ JSI interop was installed
11-10 14:29:28.334 10915 10997 W ExpoModulesCore: ⚠️ JSI interop was already installed
11-10 14:29:28.378 10915 10997 I expo-notifications: NotificationsEmitter.onNotificationResponseIntentReceived:
11-10 14:29:28.378 10915 10997 I expo-notifications: actionIdentifier: expo.modules.notifications.actions.DEFAULT
11-10 14:29:28.378 10915 10997 I expo-notifications: notification
11-10 14:29:28.378 10915 10997 I expo-notifications:   date: 0
11-10 14:29:28.378 10915 10997 I expo-notifications:   request
11-10 14:29:28.378 10915 10997 I expo-notifications:     identifier: (null)
11-10 14:29:28.378 10915 10997 I expo-notifications:     trigger
11-10 14:29:28.378 10915 10997 I expo-notifications:       type: push
11-10 14:29:28.378 10915 10997 I expo-notifications:       channelId: (null)
11-10 14:29:28.378 10915 10997 I expo-notifications:     content
11-10 14:29:28.378 10915 10997 I expo-notifications:       data
11-10 14:29:28.378 10915 10997 I expo-notifications:         launchArgs
11-10 14:29:28.378 10915 10997 I expo-notifications:           detoxURLOverride: exp+seguridadciudadanaapp://expo-development-client/?url=http%3A%2F%2F10.0.2.2%3A8081
11-10 14:29:28.378 10915 10997 I expo-notifications:           detoxServer: ws://localhost:57533
11-10 14:29:28.378 10915 10997 I expo-notifications:           detoxSessionId: 082c382a-fd57-4c3d-6aa2-f416eb5ebb3a
11-10 14:29:28.378 10915 10997 I expo-notifications:           detoxEnableSynchronization: 0
11-10 14:29:28.378 10915 10997 I expo-notifications:       title: (null)
11-10 14:29:28.386 10915 10997 I ExpoModulesCore: ✅ Constants were exported
11-10 14:29:28.520 10915 10997 D nativeloader: Load /data/app/~~wKKbVNfjIzJpyuI2LanTUw==/com.tuapp.seguritacapp-XReUhkfEfihnItkITGudPg==/base.apk!/lib/x86_64/librnscreens.so using class loader ns clns-9 (caller=/data/app/~~wKKbVNfjIzJpyuI2LanTUw==/com.tuapp.seguritacapp-XReUhkfEfihnItkITGudPg==/base.apk!classes2.dex): ok
11-10 14:29:28.572 10915 10997 D nativeloader: Load /data/app/~~wKKbVNfjIzJpyuI2LanTUw==/com.tuapp.seguritacapp-XReUhkfEfihnItkITGudPg==/base.apk!/lib/x86_64/libworklets.so using class loader ns clns-9 (caller=/data/app/~~wKKbVNfjIzJpyuI2LanTUw==/com.tuapp.seguritacapp-XReUhkfEfihnItkITGudPg==/base.apk!classes5.dex): ok
11-10 14:29:28.578 10915 10997 D nativeloader: Load /data/app/~~wKKbVNfjIzJpyuI2LanTUw==/com.tuapp.seguritacapp-XReUhkfEfihnItkITGudPg==/base.apk!/lib/x86_64/libreanimated.so using class loader ns clns-9 (caller=/data/app/~~wKKbVNfjIzJpyuI2LanTUw==/com.tuapp.seguritacapp-XReUhkfEfihnItkITGudPg==/base.apk!classes5.dex): ok
11-10 14:29:28.582 10915 10997 W pp.seguritacapp: CheckJNI: method to register "installJSIBindings" not in the given class. This is slow, consider changing your RegisterNatives calls.
11-10 14:29:28.605 10915 10997 W BridgelessReactContext: [WARNING] Bridgeless doesn't suppo