--------- beginning of main
11-10 14:29:19.123 10915 10915 I pp.seguritacapp: Late-enabling -Xcheck:jni
11-10 14:29:19.163 10915 10915 I pp.seguritacapp: Using CollectorTypeCMC GC.
11-10 14:29:19.163 10915 10915 W pp.seguritacapp: Unexpected CPU variant for x86: x86_64.
11-10 14:29:19.163 10915 10915 W pp.seguritacapp: Known variants: atom, sandybridge, silvermont, goldmont, goldmont-plus, goldmont-without-sha-xsaves, tremont, kabylake, alderlake, default
11-10 14:29:19.184 10915 10915 D nativeloader: Load libframework-connectivity-tiramisu-jni.so using APEX ns com_android_tethering for caller /apex/com.android.tethering/javalib/framework-connectivity-t.jar: ok
11-10 14:29:19.229 10915 10915 D CompatChangeReporter: Compat change id reported: 242716250; UID 10219; state: ENABLED
--------- beginning of system
11-10 14:29:19.256 10915 10915 W ActivityThread: Package uses different ABI(s) than its instrumentation: package[com.tuapp.seguritacapp]: x86_64, null instrumentation[com.tuapp.seguritacapp.test]: null, null
11-10 14:29:19.259 10915 10915 D ApplicationLoaders: Returning zygote-cached class loader: /system/framework/org.apache.http.legacy.jar
11-10 14:29:19.265 10915 10915 W pp.seguritacapp: ClassLoaderContext shared library size mismatch. Expected=2, found=1 (PCL[]{PCL[/system/framework/android.test.base.jar*2789897741]#PCL[/system/framework/android.test.mock.jar*3361312393]} | PCL[]{PCL[/system/framework/org.apache.http.legacy.jar*4247870504]})
11-10 14:29:19.271 10915 10915 W pp.seguritacapp: ClassLoaderContext classpath size mismatch. expected=0, found=1 (PCL[] | PCL[/system/framework/android.test.runner.jar*895143020]{PCL[/system/framework/org.apache.http.legacy.jar*4247870504]})
11-10 14:29:19.276 10915 10915 W pp.seguritacapp: ClassLoaderContext classpath size mismatch. expected=0, found=2 (PCL[] | PCL[/system/framework/android.test.runner.jar*895143020:/system/framework/android.test.mock.jar*3361312393]{PCL[/system/framework/org.apache.http.legacy.jar*4247870504]})
11-10 14:29:19.714 10915 10915 D nativeloader: Configuring clns-9 for other apk /system/framework/android.test.runner.jar:/system/framework/android.test.mock.jar:/system/framework/android.test.base.jar:/data/app/~~Bx59OcdSQa0snBUx5Jis8A==/com.tuapp.seguritacapp.test-USnovxxScKjkEQ1f9jeiww==/base.apk:/data/app/~~wKKbVNfjIzJpyuI2LanTUw==/com.tuapp.seguritacapp-XReUhkfEfihnItkITGudPg==/base.apk. target_sdk_version=34, uses_libraries=, library_path=/data/app/~~Bx59OcdSQa0snBUx5Jis8A==/com.tuapp.seguritacapp.test-USnovxxScKjkEQ1f9jeiww==/lib/x86_64:/data/app/~~wKKbVNfjIzJpyuI2LanTUw==/com.tuapp.seguritacapp-XReUhkfEfihnItkITGudPg==/lib/x86_64:/data/app/~~Bx59OcdSQa0snBUx5Jis8A==/com.tuapp.seguritacapp.test-USnovxxScKjkEQ1f9jeiww==/base.apk!/lib/x86_64:/data/app/~~wKKbVNfjIzJpyuI2LanTUw==/com.tuapp.seguritacapp-XReUhkfEfihnItkITGudPg==/base.apk!/lib/x86_64, permitted_path=/data:/mnt/expand:/data/user/0/com.tuapp.seguritacapp
11-10 14:29:19.731 10915 10915 I pp.seguritacapp: AssetManager2(0x70d3768adbb8) locale list changing from [] to [en-US]
11-10 14:29:19.754 10915 10915 V GraphicsEnvironment: Currently set values for:
11-10 14:29:19.754 10915 10915 V GraphicsEnvironment:   angle_gl_driver_selection_pkgs=[]
11-10 14:29:19.754 10915 10915 V GraphicsEnvironment:   angle_gl_driver_selection_values=[]
11-10 14:29:19.754 10915 10915 V GraphicsEnvironment: com.tuapp.seguritacapp is not listed in per-application setting
11-10 14:29:19.754 10915 10915 V GraphicsEnvironment: ANGLE allowlist from config: com.dreamgames.royalmatch com.dts.freefiremax com.dxx.firenow com.gramgames.mergedragons com.ludo.king com.mojang.minecraftpe com.my.defense com.nintendo.zaka com.os.airforce com.playrix.fishdomdd.gplay io.teslatech.callbreak jp.konami.prospia net.peakgames.toonblast
11-10 14:29:19.755 10915 10915 V GraphicsEnvironment: com.tuapp.seguritacapp is not listed in ANGLE allowlist or settings, returning default
11-10 14:29:19.755 10915 10915 V GraphicsEnvironment: Neither updatable production driver nor prerelease driver is supported.
11-10 14:29:19.764 10915 10915 D ApplicationLoaders: Returning zygote-cached class loader: /system/framework/android.test.base.jar
11-10 14:29:19.769 10915 10915 D nativeloader: Configuring clns-10 for other apk /system/framework/android.test.mock.jar. target_sdk_version=34, uses_libraries=ALL, library_path=/data/app/~~Bx59OcdSQa0snBUx5Jis8A==/com.tuapp.seguritacapp.test-USnovxxScKjkEQ1f9jeiww==/lib/x86_64:/data/app/~~wKKbVNfjIzJpyuI2LanTUw==/com.tuapp.seguritacapp-XReUhkfEfihnItkITGudPg==/lib/x86_64, permitted_path=/data:/mnt/expand
11-10 14:29:19.775 10915 10915 D ApplicationLoaders: Returning zygote-cached class loader: /system/framework/android.test.base.jar
11-10 14:29:19.779 10915 10915 D nativeloader: Configuring clns-11 for other apk /system/framework/android.test.runner.jar. target_sdk_version=34, uses_libraries=ALL, library_path=/data/app/~~Bx59OcdSQa0snBUx5Jis8A==/com.tuapp.seguritacapp.test-USnovxxScKjkEQ1f9jeiww==/lib/x86_64:/data/app/~~wKKbVNfjIzJpyuI2LanTUw==/com.tuapp.seguritacapp-XReUhkfEfihnItkITGudPg==/lib/x86_64, permitted_path=/data:/mnt/expand
11-10 14:29:19.784 10915 10915 W pp.seguritacapp: ClassLoaderContext shared library size mismatch. Expected=2, found=3 (PCL[]{PCL[/system/framework/android.test.base.jar*2789897741]#PCL[/system/framework/android.test.mock.jar*3361312393]} | PCL[]{PCL[/system/framework/android.test.base.jar*2789897741]#PCL[/system/framework/android.test.mock.jar*3361312393]#PCL[/system/framework/android.test.runner.jar*895143020]{PCL[/system/framework/android.test.base.jar*2789897741]#PCL[/system/framework/android.test.mock.jar*3361312393]}};PCL[/system/framework/android.test.runner.jar*895143020:/system/framework/android.test.mock.jar*3361312393:/system/framework/android.test.base.jar*2789897741:/data/app/~~Bx59OcdSQa0snBUx5Jis8A==/com.tuapp.seguritacapp.test-USnovxxScKjkEQ1f9jeiww==/base.apk*3771997839:/data/app/~~wKKbVNfjIzJpyuI2LanTUw==/com.tuapp.seguritacapp-XReUhkfEfihnItkITGudPg==/base.apk*1520878972]{PCL[/system/framework/org.apache.http.legacy.jar*4247870504]})
11-10 14:29:19.789 10915 10915 W pp.seguritacapp: ClassLoaderContext classpath size mismatch. expected=0, found=1 (PCL[] | PCL[/system/framework/android.test.runner.jar*895143020]{PCL[/system/framework/android.test.base.jar*2789897741]#PCL[/system/framework/android.test.mock.jar*3361312393]#PCL[/system/framework/android.test.runner.jar*895143020]{PCL[/system/framework/android.test.base.jar*2789897741]#PCL[/system/framework/android.test.mock.jar*3361312393]}};PCL[/system/framework/android.test.runner.jar*895143020:/system/framework/android.test.mock.jar*3361312393:/system/framework/android.test.base.jar*2789897741:/data/app/~~Bx59OcdSQa0snBUx5Jis8A==/com.tuapp.seguritacapp.test-USnovxxScKjkEQ1f9jeiww==/base.apk*3771997839:/data/app/~~wKKbVNfjIzJpyuI2LanTUw==/com.tuapp.seguritacapp-XReUhkfEfihnItkITGudPg==/base.apk*1520878972]{PCL[/system/framework/org.apache.http.legacy.jar*4247870504]})
11-10 14:29:19.793 10915 10915 W pp.seguritacapp: ClassLoaderContext classpath size mismatch. expected=0, found=2 (PCL[] | PCL[/system/framework/android.test.runner.jar*895143020:/system/framework/android.test.mock.jar*3361312393]{PCL[/system/framework/android.test.base.jar*2789897741]#PCL[/system/framework/android.test.mock.jar*3361312393]#PCL[/system/framework/android.test.runner.jar*895143020]{PCL[/system/framework/android.test.base.jar*2789897741]#PCL[/system/framework/android.test.mock.jar*3361312393]}};PCL[/system/framework/android.test.runner.jar*895143020:/system/framework/android.test.mock.jar*3361312393:/system/framework/android.test.base.jar*2789897741:/data/app/~~Bx59OcdSQa0snBUx5Jis8A==/com.tuapp.seguritacapp.test-USnovxxScKjkEQ1f9jeiww==/base.apk*3771997839:/data/app/~~wKKbVNfjIzJpyuI2LanTUw==/com.tuapp.seguritacapp-XReUhkfEfihnItkITGudPg==/base.apk*1520878972]{PCL[/system/framework/org.apache.http.legacy.jar*4247870504]})
11-10 14:29:20.113 10915 10915 I pp.seguritacapp: AssetManager2(0x70d3768b0458) locale list changing from [] to [en-US]
11-10 14:29:20.133 10915 10915 I AndroidJUnitRunner: newApplication com.tuapp.seguritacapp.MainApplication
11-10 14:29:20.447 10915 10915 I FirebaseApp: Device unlocked: initializing all Firebase APIs for app [DEFAULT]
11-10 14:29:20.485 10915 10915 I FirebaseInitProvider: FirebaseApp initialization successful
11-10 14:29:20.524 10915 10915 D WM-WrkMgrInitializer: Initializing WorkManager with default configuration.
11-10 14:29:20.587 10915 10950 E ashmem  : Pinning is deprecated since Android Q. Please use trim or other methods.
11-10 14:29:20.619 10915 10915 I AndroidJUnitRunner: onCreate Bundle[mParcelledData.dataSize=532]
11-10 14:29:20.622 10915 10915 D AndroidJUnitRunner: Use the raw file system for managing file I/O.
11-10 14:29:20.680 10915 10915 V TestEventClient: No service name argument was given (testDiscoveryService, testRunEventService or orchestratorService)
11-10 14:29:20.681 10915 10952 D AndroidJUnitRunner: onStart is called.
11-10 14:29:20.688 10915 10915 W SoLoader: Initializing SoLoader: 0
11-10 14:29:20.691 10915 10915 W SoLoader: Recording new base apk path: /data/app/~~wKKbVNfjIzJpyuI2LanTUw==/com.tuapp.seguritacapp-XReUhkfEfihnItkITGudPg==/base.apk
11-10 14:29:20.691 10915 10915 W SoLoader: Previously recorded 0 base apk paths.
11-10 14:29:20.694 10915 10915 I SoLoader: Preparing SO source: DirectorySoSource[root = /vendor/lib64 flags = 2]
11-10 14:29:20.695 10915 10915 I SoLoader: Preparing SO source: DirectorySoSource[root = /system/lib64 flags = 2]
11-10 14:29:20.695 10915 10915 I SoLoader: Preparing SO source: DirectApkSoSource[root = [/data/app/~~wKKbVNfjIzJpyuI2LanTUw==/com.tuapp.seguritacapp-XReUhkfEfihnItkITGudPg==/base.apk!/lib/x86_64]]
11-10 14:29:20.745 10915 10915 I SoLoader: Preparing SO source: ApplicationSoSource[DirectorySoSource[root = /data/app/~~wKKbVNfjIzJpyuI2LanTUw==/com.tuapp.seguritacapp-XReUhkfEfihnItkITGudPg==/lib/x86_64 flags = 0]]
11-10 14:29:20.745 10915 10915 I SoLoader: init finish: 4 SO sources prepared
11-10 14:29:20.746 10915 10915 W SoLoader: SoLoader initialized: 8
11-10 14:29:20.834 10915 10915 D nativeloader: Load /data/app/~~wKKbVNfjIzJpyuI2LanTUw==/com.tuapp.seguritacapp-XReUhkfEfihnItkITGudPg==/base.apk!/lib/x86_64/libc++_shared.so using class loader ns clns-9 (caller=/data/app/~~wKKbVNfjIzJpyuI2LanTUw==/com.tuapp.seguritacapp-XReUhkfEfihnItkITGudPg==/base.apk!classes5.dex): ok
11-10 14:29:20.857 10915 10915 D nativeloader: Load /data/app/~~wKKbVNfjIzJpyuI2LanTUw==/com.tuapp.seguritacapp-XReUhkfEfihnItkITGudPg==/base.apk!/lib/x86_64/libjsi.so using class loader ns clns-9 (caller=/data/app/~~wKKbVNfjIzJpyuI2LanTUw==/com.tuapp.seguritacapp-XReUhkfEfihnItkITGudPg==/base.apk!classes5.dex): ok
11-10 14:29:20.870 10915 10915 D nativeloader: Load /data/app/~~wKKbVNfjIzJpyuI2LanTUw==/com.tuapp.seguritacapp-XReUhkfEfihnItkITGudPg==/base.apk!/lib/x86_64/libfbjni.so using class loader ns clns-9 (caller=/data/app/~~wKKbVNfjIzJpyuI2LanTUw==/com.tuapp.seguritacapp-XReUhkfEfihnItkITGudPg==/base.apk!classes5.dex): ok
11-10 14:29:20.931 10915 10915 D nativeloader: Load /data/app/~~wKKbVNfjIzJpyuI2LanTUw==/com.tuapp.seguritacapp-XReUhkfEfihnItkITGudPg==/base.apk!/lib/x86_64/libreactnative.so using class loader ns clns-9 (caller=/data/app/~~wKKbVNfjIzJpyuI2LanTUw==/com.tuapp.seguritacapp-XReUhkfEfihnItkITGudPg==/base.apk!classes5.dex): ok
11-10 14:29:20.932 10915 10915 D jni_lib_merge: Entering merged library JNI_OnLoad.
11-10 14:29:20.932 10915 10915 D jni_lib_merge: Preparing 12 pre-merged libs (including stub)
11-10 14:29:20.932 10915 10915 D jni_lib_merge: Preparing to register libfabricjni_so.  onload_func: 0x70d2dd44fa60
11-10 14:29:20.932 10915 10915 D jni_lib_merge: Preparing to register libmapbufferjni_so.  onload_func: 0x70d2dd52abb0
11-10 14:29:20.933 10915 10915 D jni_lib_merge: Preparing to register libreact_devsupportjni_so.  onload_func: 0x70d2dd67cfe0
11-10 14:29:20.933 10915 10915 D jni_lib_merge: Preparing to register libreact_featureflagsjni_so.  onload_func: 0x70d2dd688b90
11-10 14:29:20.933 10915 10915 D jni_lib_merge: Preparing to register libreact_newarchdefaults_so.  onload_func: 0x70d2dd6f9b00
11-10 14:29:20.933 10915 10915 D jni_lib_merge: Preparing to register libreactnativeblob_so.  onload_func: 0x70d2dd904460
11-10 14:29:20.933 10915 10915 D jni_lib_merge: Preparing to register libreactnativejni_so.  onload_func: 0x70d2dd960750
11-10 14:29:20.933 10915 10915 D jni_lib_merge: Preparing to register librninstance_so.  onload_func: 0x70d2dd9adeb0
11-10 14:29:20.933 10915 10915 D jni_lib_merge: Preparing to register libturbomodulejsijni_so.  onload_func: 0x70d2dda7c410
11-10 14:29:20.933 10915 10915 D jni_lib_merge: Preparing to register libuimanagerjni_so.  onload_func: 0x70d2dda96bd0
11-10 14:29:20.933 10915 10915 D jni_lib_merge: Preparing to register libyoga_so.  onload_func: 0x70d2ddaa4950
11-10 14:29:20.933 10915 10915 D jni_lib_merge: About to register 11 actual methods.
11-10 14:29:20.954 10915 10915 D nativeloader: Load /data/app/~~wKKbVNfjIzJpyuI2LanTUw==/com.tuapp.seguritacapp-XReUhkfEfihnItkITGudPg==/base.apk!/lib/x86_64/libreact_codegen_rnscreens.so using class loader ns clns-9 (caller=/data/app/~~wKKbVNfjIzJpyuI2LanTUw==/com.tuapp.seguritacapp-XReUhkfEfihnItkITGudPg==/base.apk!classes5.dex): ok
11-10 14:29:20.954 10915 10915 D jni_lib_merge: Entering merged library JNI_OnLoad.
11-10 14:29:20.954 10915 10915 D jni_lib_merge: Preparing 12 pre-merged libs (including stub)
11-10 14:29:20.954 10915 10915 D jni_lib_merge: Preparing to register libfabricjni_so.  onload_func: 0x70d2dd44fa60
11-10 14:29:20.954 10915 10915 D jni_lib_merge: Preparing to register libmapbufferjni_so.  onload_func: 0x70d2dd52abb0
11-10 14:29:20.954 10915 10915 D jni_lib_merge: Preparing to register libreact_devsupportjni_so.  onload_func: 0x70d2dd67cfe0
11-10 14:29:20.954 10915 10915 D jni_lib_merge: Preparing to register libreact_featureflagsjni_so.  onload_func: 0x70d2dd688b90
11-10 14:29:20.954 10915 10915 D jni_lib_merge: Preparing to register libreact_newarchdefaults_so.  onload_func: 0x70d2dd6f9b00
11-10 14:29:20.954 10915 10915 D jni_lib_merge: Preparing to register libreactnativeblob_so.  onload_func: 0x70d2dd904460
11-10 14:29:20.954 10915 10915 D jni_lib_merge: Preparing to register libreactnativejni_so.  onload_func: 0x70d2dd960750
11-10 14:29:20.954 10915 10915 D jni_lib_merge: Preparing to register librninstance_so.  onload_func: 0x70d2dd9adeb0
11-10 14:29:20.954 10915 10915 D jni_lib_merge: Preparing to register libturbomodulejsijni_so.  onload_func: 0x70d2dda7c410
11-10 14:29:20.954 10915 10915 D jni_lib_merge: Preparing to register libuimanagerjni_so.  onload_func: 0x70d2dda96bd0
11-10 14:29:20.954 10915 10915 D jni_lib_merge: Preparing to register libyoga_so.  onload_func: 0x70d2ddaa4950
11-10 14:29:20.954 10915 10915 D jni_lib_merge: About to register 11 actual methods.
11-10 14:29:20.972 10915 10915 D nativeloader: Load /data/app/~~wKKbVNfjIzJpyuI2LanTUw==/com.tuapp.seguritacapp-XReUhkfEfihnItkITGudPg==/base.apk!/lib/x86_64/libreact_codegen_rnsvg.so using class loader ns clns-9 (caller=/data/app/~~wKKbVNfjIzJpyuI2LanTUw==/com.tuapp.seguritacapp-XReUhkfEfihnItkITGudPg==/base.apk!classes5.dex): ok
11-10 14:29:20.972 10915 10915 D jni_lib_merge: Entering merged library JNI_OnLoad.
11-10 14:29:20.972 10915 10915 D jni_lib_merge: Preparing 12 pre-merged libs (including stub)
11-10 14:29:20.972 10915 10915 D jni_lib_merge: Preparing to register libfabricjni_so.  onload_func: 0x70d2dd44fa60
11-10 14:29:20.972 10915 10915 D jni_lib_merge: Preparing to register libmapbufferjni_so.  onload_func: 0x70d2dd52abb0
11-10 14:29:20.972 10915 10915 D jni_lib_merge: Preparing to register libreact_devsupportjni_so.  onload_func: 0x70d2dd67cfe0
11-10 14:29:20.972 10915 10915 D jni_lib_merge: Preparing to register libreact_featureflagsjni_so.  onload_func: 0x70d2dd688b90
11-10 14:29:20.972 10915 10915 D jni_lib_merge: Preparing to register libreact_newarchdefaults_so.  onload_func: 0x70d2dd6f9b00
11-10 14:29:20.972 10915 10915 D jni_lib_merge: Preparing to register libreactnativeblob_so.  onload_func: 0x70d2dd904460
11-10 14:29:20.972 10915 10915 D jni_lib_merge: Preparing to register libreactnativejni_so.  onload_func: 0x70d2dd960750
11-10 14:29:20.972 10915 10915 D jni_lib_merge: Preparing to register librninstance_so.  onload_func: 0x70d2dd9adeb0
11-10 14:29:20.972 10915 10915 D jni_lib_merge: Preparing to register libturbomodulejsijni_so.  onload_func: 0x70d2dda7c410
11-10 14:29:20.972 10915 10915 D jni_lib_merge: Preparing to register libuimanagerjni_so.  onload_func: 0x70d2dda96bd0
11-10 14:29:20.972 10915 10915 D jni_lib_merge: Preparing to register libyoga_so.  onload_func: 0x70d2ddaa4950
11-10 14:29:20.972 10915 10915 D jni_lib_merge: About to register 11 actual methods.
11-10 14:29:20.977 10915 10915 D nativeloader: Load /data/app/~~wKKbVNfjIzJpyuI2LanTUw==/com.tuapp.seguritacapp-XReUhkfEfihnItkITGudPg==/base.apk!/lib/x86_64/libreact_codegen_safeareacontext.so using class loader ns clns-9 (caller=/data/app/~~wKKbVNfjIzJpyuI2LanTUw==/com.tuapp.seguritacapp-XReUhkfEfihnItkITGudPg==/base.apk!classes5.dex): ok
11-10 14:29:20.985 10915 10915 D nativeloader: Load /data/app/~~wKKbVNfjIzJpyuI2LanTUw==/com.tuapp.seguritacapp-XReUhkfEfihnItkITGudPg==/base.apk!/lib/x86_64/libreact_codegen_rnpicker.so using class loader ns clns-9 (caller=/data/app/~~wKKbVNfjIzJpyuI2LanTUw==/com.tuapp.seguritacapp-XReUhkfEfihnItkITGudPg==/base.apk!classes5.dex): ok
11-10 14:29:20.985 10915 10915 D jni_lib_merge: Entering merged library JNI_OnLoad.
11-10 14:29:20.985 10915 10915 D jni_lib_merge: Preparing 12 pre-merged libs (including stub)
11-10 14:29:20.985 10915 10915 D jni_lib_merge: Preparing to register libfabricjni_so.  onload_func: 0x70d2dd44fa60
11-10 14:29:20.985 10915 10915 D jni_lib_merge: Preparing to register libmapbufferjni_so.  onload_func: 0x70d2dd52abb0
11-10 14:29:20.985 10915 10915 D jni_lib_merge: Preparing to register libreact_devsupportjni_so.  onload_func: 0x70d2dd67cfe0
11-10 14:29:20.985 10915 10915 D jni_lib_merge: Preparing to register libreact_featureflagsjni_so.  onload_func: 0x70d2dd688b90
11-10 14:29:20.985 10915 10915 D jni_lib_merge: Preparing to register libreact_newarchdefaults_so.  onload_func: 0x70d2dd6f9b00
11-10 14:29:20.985 10915 10915 D jni_lib_merge: Preparing to register libreactnativeblob_so.  onload_func: 0x70d2dd904460
11-10 14:29:20.985 10915 10915 D jni_lib_merge: Preparing to register libreactnativejni_so.  onload_func: 0x70d2dd960750
11-10 14:29:20.985 10915 10915 D jni_lib_merge: Preparing to register librninstance_so.  onload_func: 0x70d2dd9adeb0
11-10 14:29:20.985 10915 10915 D jni_lib_merge: Preparing to register libturbomodulejsijni_so.  onload_func: 0x70d2dda7c410
11-10 14:29:20.985 10915 10915 D jni_lib_merge: Preparing to register libuimanagerjni_so.  onload_func: 0x70d2dda96bd0
11-10 14:29:20.985 10915 10915 D jni_lib_merge: Preparing to register libyoga_so.  onload_func: 0x70d2ddaa4950
11-10 14:29:20.985 10915 10915 D jni_lib_merge: About to register 11 actual methods.
11-10 14:29:21.006 10915 10915 D nativeloader: Load /data/app/~~wKKbVNfjIzJpyuI2LanTUw==/com.tuapp.seguritacapp-XReUhkfEfihnItkITGudPg==/base.apk!/lib/x86_64/libappmodules.so using class loader ns clns-9 (caller=/data/app/~~wKKbVNfjIzJpyuI2LanTUw==/com.tuapp.seguritacapp-XReUhkfEfihnItkITGudPg==/base.apk!classes5.dex): ok
11-10 14:29:21.263 10915 10915 I Choreographer: Skipped 38 frames!  The application may be doing too much work on its main thread.
11-10 14:29:21.292 10915 10952 I InstrConnection: Could not send broadcast or register receiver (isolatedProcess?)
11-10 14:29:21.307 10915 10952 D TestRequestBuilder: Using class path scanning to discover tests
11-10 14:29:21.307 10915 10952 I TestRequestBuilder: Scanning classpath to find tests in paths [/data/app/~~Bx59OcdSQa0snBUx5Jis8A==/com.tuapp.seguritacapp.test-USnovxxScKjkEQ1f9jeiww==/base.apk]
11-10 14:29:21.308 10915 10952 W pp.seguritacapp: Opening an oat file without a class loader. Are you using the deprecated DexFile APIs?
11-10 14:29:21.813 10915 10952 I TestRunner: run started: 1 tests
11-10 14:29:21.815 10915 10952 I TestRunner: started: runDetoxTests(com.tuapp.seguritacapp.DetoxTest)
11-10 14:29:21.826 10915 10952 I Detox   : Detox server connection details: url=ws://localhost:57533, sessionId=082c382a-fd57-4c3d-6aa2-f416eb5ebb3a
11-10 14:29:21.842 10915 10952 W FileTestStorage: Output properties is not supported.
11-10 14:29:21.843 10915 10952 I Tracing : Tracer added: class androidx.test.platform.tracing.AndroidXTracer
11-10 14:29:21.869 10915 10952 D EventInjectionStrategy: Creating injection strategy with input manager.
11-10 14:29:21.871 10915 10952 I pp.seguritacapp: hiddenapi: Accessing hidden method Landroid/hardware/input/InputManager;->getInstance()Landroid/hardware/input/InputManager; (runtime_flags=0, domain=platform, api=unsupported) from Landroidx/test/espresso/base/InputManagerEventInjectionStrategy; (domain=app) using reflection: allowed
11-10 14:29:21.874 10915 10952 I pp.seguritacapp: hiddenapi: Accessing hidden method Landroid/hardware/input/InputManager;->injectInputEvent(Landroid/view/InputEvent;I)Z (runtime_flags=0, domain=platform, api=unsupported) from Landroidx/test/espresso/base/InputManagerEventInjectionStrategy; (domain=app) using reflection: allowed
11-10 14:29:21.874 10915 10952 I pp.seguritacapp: hiddenapi: Accessing hidden field Landroid/hardware/input/InputManager;->INJECT_INPUT_EVENT_MODE_WAIT_FOR_FINISH:I (runtime_flags=0, domain=platform, api=unsupported) from Landroidx/test/espresso/base/InputManagerEventInjectionStrategy; (domain=app) using reflection: allowed
11-10 14:29:21.888 10915 10952 I pp.seguritacapp: hiddenapi: Accessing hidden field Ljava/lang/reflect/Field;->accessFlags:I (runtime_flags=0, domain=core-platform, api=unsupported) from Lorg/joor/Reflect; (domain=app) using reflection: allowed
11-10 14:29:21.893 10915 10952 I Detox   : Connecting to server...
11-10 14:29:21.893 10915 10952 I DetoxWSClient: At connectToServer
11-10 14:29:21.911 10915 10966 D DetoxWSClient: At onOpen
11-10 14:29:21.911 10915 10966 I DetoxWSClient: Sending out action 'login' (ID #0)
11-10 14:29:21.911 10915 10966 I Detox   : Connected to server!
11-10 14:29:21.915 10915 10966 D DetoxWSClient: Received action 'loginSuccess' (ID #0, params={"testerConnected":true,"appConnected":true})
11-10 14:29:21.915 10915 10962 I DetoxDispatcher: Handling action 'loginSuccess' (ID #0)...
11-10 14:29:21.915 10915 10962 I DetoxDispatcher: Done with action 'loginSuccess'
11-10 14:29:21.915 10915 10952 I Detox   : Launching the tested activity!
11-10 14:29:21.961 10915 10966 D DetoxWSClient: Received action 'isReady' (ID #-1000, params={})
11-10 14:29:21.961 10915 10962 I DetoxDispatcher: Handling action 'isReady' (ID #-1000)...
11-10 14:29:22.058 10915 10971 I DisplayManager: Choreographer implicitly registered for the refresh rate.
11-10 14:29:22.071 10915 10915 I pp.seguritacapp: AssetManager2(0x70d3768b0a98) locale list changing from [] to [en-US]
11-10 14:29:22.224 10915 10915 D AppCompatDelegate: Checking for metadata for AppLocalesMetadataHolderService : Service not found
11-10 14:29:22.225 10915 10915 I pp.seguritacapp: AssetManager2(0x70d3768aaff8) locale list changing from [] to [en-US]
11-10 14:29:22.240 10915 10915 D LifecycleMonitor: Lifecycle status change: com.tuapp.seguritacapp.MainActivity@33817a8 in: PRE_ON_CREATE
11-10 14:29:22.245 10915 10971 I EGL_emulation: Opening libGLESv1_CM_emulation.so
11-10 14:29:22.246 10915 10971 I EGL_emulation: Opening libGLESv2_emulation.so
11-10 14:29:22.257 10915 10971 W HWUI    : Failed to choose config with EGL_SWAP_BEHAVIOR_PRESERVED, retrying without...
11-10 14:29:22.258 10915 10971 W HWUI    : Failed to initialize 101010-2 format, error = EGL_SUCCESS
11-10 14:29:22.301 10915 10915 D DesktopModeFlags: Toggle override initialized to: OVERRIDE_UNSET
11-10 14:29:22.326 10915 10915 I pp.seguritacapp: hiddenapi: Accessing hidden method Landroid/view/View;->computeFitSystemWindows(Landroid/graphics/Rect;Landroid/graphics/Rect;)Z (runtime_flags=0, domain=platform, api=unsupported) from Landroidx/appcompat/widget/ViewUtils; (domain=app) using reflection: allowed
11-10 14:29:22.326 10915 10915 I pp.seguritacapp: hiddenapi: Accessing hidden method Landroid/view/ViewGroup;->makeOptionalFitsSystemWindows()V (runtime_flags=0, domain=platform, api=unsupported) from Landroidx/appcompat/widget/ViewUtils; (domain=app) using reflection: allowed
11-10 14:29:22.338 10915 10915 W HWUI    : Image decoding logging dropped!
11-10 14:29:22.348 10915 10915 I ExpoDevMenu: Set new dev-menu delegate: class expo.modules.devmenu.DevMenuDefaultDelegate
11-10 14:29:22.355 10915 10915 I expo-notifications: ExpoNotificationLifeCycleListener.onCreate::
11-10 14:29:22.355 10915 10915 I expo-notifications: launchArgs
11-10 14:29:22.355 10915 10915 I expo-notifications:   detoxURLOverride: exp+seguridadciudadanaapp://expo-development-client/?url=http%3A%2F%2F10.0.2.2%3A8081
11-10 14:29:22.355 10915 10915 I expo-notifications:   detoxServer: ws://localhost:57533
11-10 14:29:22.355 10915 10915 I expo-notifications:   detoxSessionId: 082c382a-fd57-4c3d-6aa2-f416eb5ebb3a
11-10 14:29:22.355 10915 10915 I expo-notifications:   detoxEnableSynchronization: 0
11-10 14:29:22.359 10915 10915 D LifecycleMonitor: Lifecycle status change: com.tuapp.seguritacapp.MainActivity@33817a8 in: CREATED
11-10 14:29:22.360 10915 10915 D LifecycleMonitor: Lifecycle status change: com.tuapp.seguritacapp.MainActivity@33817a8 in: STARTED
11-10 14:29:22.366 10915 10915 D LifecycleMonitor: Lifecycle status change: com.tuapp.seguritacapp.MainActivity@33817a8 in: RESUMED
11-10 14:29:22.387 10915 10915 W HWUI    : Unknown dataspace 0
11-10 14:29:22.555 10915 10915 I ExpoDevMenu: Set new dev-menu delegate: class expo.modules.devmenu.DevMenuDefaultDelegate
11-10 14:29:22.591 10915 10915 D LifecycleMonitor: Lifecycle status change: com.tuapp.seguritacapp.MainActivity@33817a8 in: PAUSED
11-10 14:29:22.602 10915 10915 D InsetsController: hide(ime(), fromIme=false)
11-10 14:29:22.602 10915 10915 I ImeTracker: com.tuapp.seguritacapp:426795c1: onCancelled at PHASE_CLIENT_ALREADY_HIDDEN
11-10 14:29:22.616 10915 10915 I pp.seguritacapp: AssetManager2(0x70d3768b4918) locale list changing from [] to [en-US]
11-10 14:29:22.618 10915 10915 D LifecycleMonitor: Lifecycle status change: com.tuapp.seguritacapp.MainActivity@6f3d575 in: PRE_ON_CREATE
11-10 14:29:22.688 10915 10915 W unknown:BridgelessReact: ReactHost{0}.startSurface(surfaceId = 0): Schedule
11-10 14:29:22.688 10915 10915 W unknown:BridgelessReact: ReactHost{0}.attachSurface(surfaceId = 0)
11-10 14:29:22.691 10915 10988 W unknown:BridgelessReact: ReactHost{0}.getOrCreateReactInstanceTask()
11-10 14:29:22.692 10915 10988 W unknown:BridgelessReact: ReactHost{0}.getOrCreateReactInstanceTask(): Start
11-10 14:29:22.694 10915 10988 D Detox.RNMarker: REACT_BRIDGELESS_LOADING_START (null)
11-10 14:29:22.694 10915 10988 W unknown:BridgelessReact: ReactHost{0}.getJSBundleLoader()
11-10 14:29:22.694 10915 10988 W unknown:BridgelessReact: ReactHost{0}.isMetroRunning()
11-10 14:29:22.697 10915 10915 D LifecycleMonitor: Lifecycle status change: com.tuapp.seguritacapp.MainActivity@6f3d575 in: CREATED
11-10 14:29:22.698 10915 10915 D LifecycleMonitor: Lifecycle status change: com.tuapp.seguritacapp.MainActivity@6f3d575 in: STARTED
11-10 14:29:22.700 10915 10915 W unknown:BridgelessReact: ReactHost{0}.onHostResume(activity)
11-10 14:29:22.700 10915 10915 D LifecycleMonitor: Lifecycle status change: com.tuapp.seguritacapp.MainActivity@6f3d575 in: RESUMED
11-10 14:29:22.709 10915 10915 D VRI[MainActivity]: visibilityChanged oldVisibility=true newVisibility=false
11-10 14:29:22.737 10915 10989 W unknown:BridgelessReact: ReactHost{0}.isMetroRunning(): Async result = true
11-10 14:29:22.746 10915 10988 W unknown:BridgelessReact: ReactHost{0}.loadJSBundleFromMetro()
11-10 14:29:22.746 10915 10988 D Detox.RNMarker: DOWNLOAD_START (null)
11-10 14:29:22.816 10915 10915 D LifecycleMonitor: Lifecycle status change: com.tuapp.seguritacapp.MainActivity@33817a8 in: STOPPED
11-10 14:29:22.818 10915 10915 D LifecycleMonitor: Lifecycle status change: com.tuapp.seguritacapp.MainActivity@33817a8 in: DESTROYED
11-10 14:29:22.821 10915 10915 W WindowOnBackDispatcher: sendCancelIfRunning: isInProgress=false callback=android.view.ViewRootImpl$$ExternalSyntheticLambda13@a668538
11-10 14:29:22.823 10915 10915 D ViewRootImpl: Skipping stats log for color mode
11-10 14:29:22.907 10915 10915 W unknown:BridgelessReact: ReactHost{0}.raiseSoftException(onWindowFocusChange(hasFocus = "true")): Tried to access onWindowFocusChange while context is not ready
11-10 14:29:22.911 10915 10915 E unknown:ReactHost: Unhandled SoftException
11-10 14:29:22.911 10915 10915 E unknown:ReactHost: com.facebook.react.bridge.ReactNoCrashSoftException: raiseSoftException(onWindowFocusChange(hasFocus = "true")): Tried to access onWindowFocusChange while context is not ready
11-10 14:29:22.911 10915 10915 E unknown:ReactHost: 	at com.facebook.react.runtime.ReactHostImpl.raiseSoftException(ReactHostImpl.java:942)
11-10 14:29:22.911 10915 10915 E unknown:ReactHost: 	at com.facebook.react.runtime.ReactHostImpl.raiseSoftException(ReactHostImpl.java:935)
11-10 14:29:22.911 10915 10915 E unknown:ReactHost: 	at com.facebook.react.runtime.ReactHostImpl.onWindowFocusChange(ReactHostImpl.java:716)
11-10 14:29:22.911 10915 10915 E unknown:ReactHost: 	at com.facebook.react.ReactDelegate.onWindowFocusChanged(ReactDelegate.java:204)
11-10 14:29:22.911 10915 10915 E unknown:ReactHost: 	at com.facebook.react.ReactActivityDelegate.onWindowFocusChanged(ReactActivityDelegate.java:189)
11-10 14:29:22.911 10915 10915 E unknown:ReactHost: 	at expo.modules.ReactActivityDelegateWrapper.onWindowFocusChanged(ReactActivityDelegateWrapper.kt:298)
11-10 14:29:22.911 10915 10915 E unknown:ReactHost: 	at com.facebook.react.ReactActivity.onWindowFocusChanged(ReactActivity.java:138)
11-10 14:29:22.911 10915 10915 E unknown:ReactHost: 	at androidx.appcompat.view.WindowCallbackWrapper.onWindowFocusChanged(WindowCallbackWrapper.java:125)
11-10 14:29:22.911 10915 10915 E unknown:ReactHost: 	at com.android.internal.policy.DecorView.onWindowFocusChanged(DecorView.java:1818)
11-10 14:29:22.911 10915 10915 E unknown:ReactHost: 	at android.view.View.dispatchWindowFocusChanged(View.java:16952)
11-10 14:29:22.911 10915 10915 E unknown:ReactHost: 	at android.view.ViewGroup.dispatchWindowFocusChanged(ViewGroup.java:1530)
11-10 14:29:22.911 10915 10915 E unknown:ReactHost: 	at android.view.ViewRootImpl.dispatchFocusEvent(ViewRootImpl.java:4872)
11-10 14:29:22.911 10915 10915 E unknown:ReactHost: 	at android.view.ViewRootImpl.handleWindowFocusChanged(ViewRootImpl.java:4776)
11-10 14:29:22.911 10915 10915 E unknown:ReactHost: 	at android.view.ViewRootImpl.-$$Nest$mhandleWindowFocusChanged(Unknown Source:0)
11-10 14:29:22.911 10915 10915 E unknown:ReactHost: 	at android.view.ViewRootImpl$ViewRootHandler.handleMessageImpl(ViewRootImpl.java:7016)
11-10 14:29:22.911 10915 10915 E unknown:ReactHost: 	at android.view.ViewRootImpl$ViewRootHandler.handleMessage(ViewRootImpl.java:6926)
11-10 14:29:22.911 10915 10915 E unknown:ReactHost: 	at android.os.Handler.dispatchMessage(Handler.java:110)
11-10 14:29:22.911 10915 10915 E unknown:ReactHost: 	at android.os.Looper.loopOnce(Looper.java:248)
11-10 14:29:22.911 10915 10915 E unknown:ReactHost: 	at android.os.Looper.loop(Looper.java:338)
11-10 14:29:22.911 10915 10915 E unknown:ReactHost: 	at android.app.ActivityThread.main(ActivityThread.java:9067)
11-10 14:29:22.911 10915 10915 E unknown:ReactHost: 	at java.lang.reflect.Method.invoke(Native Method)
11-10 14:29:22.911 10915 10915 E unknown:ReactHost: 	at com.android.internal.os.RuntimeInit$MethodAndArgsCaller.run(RuntimeInit.java:593)
11-10 14:29:22.911 10915 10915 E unknown:ReactHost: 	at com.android.internal.os.ZygoteInit.main(ZygoteInit.java:932)
11-10 14:29:22.923 10915 10915 D InsetsController: hide(ime(), fromIme=false)
11-10 14:29:22.924 10915 10915 I ImeTracker: com.tuapp.seguritacapp:14a086c4: onCancelled at PHASE_CLIENT_ALREADY_HIDDEN
11-10 14:29:23.303 10915 10919 I pp.seguritacapp: Compiler allocated 5042KB to compile void android.view.ViewRootImpl.performTraversals()
11-10 14:29:25.930 10915 10992 D Detox.RNMarker: DOWNLOAD_END ({"url":"http:\/\/10.0.2.2:8081\/index.ts.bundle?platform=android&dev=true&hot=false&transform.engine=hermes&transform.bytecode=1&transform.routerRoot=app&unstable_transformProfile=hermes-stable","filesChangedCount":0})
11-10 14:29:25.931 10915 10992 W unknown:BridgelessReact: ReactHost{0}.loadJSBundleFromMetro(): Creating BundleLoader
11-10 14:29:25.931 10915 10915 W WindowOnBackDispatcher: sendCancelIfRunning: isInProgress=false callback=android.view.ViewRootImpl$$ExternalSyntheticLambda13@a9cdc1a
11-10 14:29:25.933 10915 10988 W unknown:BridgelessReact: ReactHost{0}.getOrCreateReactContext(): Creating BridgelessReactContext
11-10 14:29:25.938 10915 10988 W unknown:BridgelessReact: ReactHost{0}.getOrCreateReactInstanceTask(): Creating ReactInstance
11-10 14:29:25.979 10915 10988 D nativeloader: Load /data/app/~~wKKbVNfjIzJpyuI2LanTUw==/com.tuapp.seguritacapp-XReUhkfEfihnItkITGudPg==/base.apk!/lib/x86_64/libhermes.so using class loader ns clns-9 (caller=/data/app/~~wKKbVNfjIzJpyuI2LanTUw==/com.tuapp.seguritacapp-XReUhkfEfihnItkITGudPg==/base.apk!classes5.dex): ok
11-10 14:29:25.986 10915 10988 D nativeloader: Load /data/app/~~wKKbVNfjIzJpyuI2LanTUw==/com.tuapp.seguritacapp-XReUhkfEfihnItkITGudPg==/base.apk!/lib/x86_64/libhermestooling.so using class loader ns clns-9 (caller=/data/app/~~wKKbVNfjIzJpyuI2LanTUw==/com.tuapp.seguritacapp-XReUhkfEfihnItkITGudPg==/base.apk!classes5.dex): ok
11-10 14:29:25.986 10915 10988 D jni_lib_merge: Entering merged library JNI_OnLoad.
11-10 14:29:25.986 10915 10988 D jni_lib_merge: Preparing 4 pre-merged libs (including stub)
11-10 14:29:25.986 10915 10988 D jni_lib_merge: Preparing to register libhermes_executor_so.  onload_func: 0x70d2d1baa2a0
11-10 14:29:25.986 10915 10988 D jni_lib_merge: Preparing to register libhermesinstancejni_so.  onload_func: 0x70d2d1bdc190
11-10 14:29:25.986 10915 10988 D jni_lib_merge: Preparing to register libjsijniprofiler_so.  onload_func: 0x70d2d1bde150
11-10 14:29:25.986 10915 10988 D jni_lib_merge: About to register 3 actual methods.
11-10 14:29:26.443 10915 10920 W pp.seguritacapp: Cleared Reference was only reachable from finalizer (only reported once)
11-10 14:29:26.711 10915 10988 I ExpoModulesCore: ✅ AppContext was initialized
11-10 14:29:26.769 10915 10988 W ReactNativeJNI: Component property map contains multiple entries for 'borderColor'. Ensure all calls to convertRawProp use a consistent prefix, name and suffix.
11-10 14:29:26.769 10915 10988 W ReactNativeJNI: Component property map contains multiple entries for 'borderStyle'. Ensure all calls to convertRawProp use a consistent prefix, name and suffix.
11-10 14:29:26.770 10915 10988 W ReactNativeJNI: Component property map contains multiple entries for 'borderRadius'. Ensure all calls to convertRawProp use a consistent prefix, name and suffix.
11-10 14:29:26.770 10915 10988 W ReactNativeJNI: Component property map contains multiple entries for 'borderEndColor'. Ensure all calls to convertRawProp use a consistent prefix, name and suffix.
11-10 14:29:26.770 10915 10988 W ReactNativeJNI: Component property map contains multiple entries for 'borderTopColor'. Ensure all calls to convertRawProp use a consistent prefix, name and suffix.
11-10 14:29:26.770 10915 10988 W ReactNativeJNI: Component property map contains multiple entries for 'borderLeftColor'. Ensure all calls to convertRawProp use a consistent prefix, name and suffix.
11-10 14:29:26.770 10915 10988 W ReactNativeJNI: Component property map contains multiple entries for 'borderBlockColor'. Ensure all calls to convertRawProp use a consistent prefix, name and suffix.
11-10 14:29:26.770 10915 10988 W ReactNativeJNI: Component property map contains multiple entries for 'borderRightColor'. Ensure all calls to convertRawProp use a consistent prefix, name and suffix.
11-10 14:29:26.770 10915 10988 W ReactNativeJNI: Component property map contains multiple entries for 'borderStartColor'. Ensure all calls to convertRawProp use a consistent prefix, name and suffix.
11-10 14:29:26.770 10915 10988 W ReactNativeJNI: Component property map contains multiple entries for 'borderBottomColor'. Ensure all calls to convertRawProp use a consistent prefix, name and suffix.
11-10 14:29:26.770 10915 10988 W ReactNativeJNI: Component property map contains multiple entries for 'borderEndEndRadius'. Ensure all calls to convertRawProp use a consistent prefix, name and suffix.
11-10 14:29:26.770 10915 10988 W ReactNativeJNI: Component property map contains multiple entries for 'borderTopEndRadius'. Ensure all calls to convertRawProp use a consistent prefix, name and suffix.
11-10 14:29:26.770 10915 10988 W ReactNativeJNI: Component property map contains multiple entries for 'borderBlockEndColor'. Ensure all calls to convertRawProp use a consistent prefix, name and suffix.
11-10 14:29:26.770 10915 10988 W ReactNativeJNI: Component property map contains multiple entries for 'borderTopLeftRadius'. Ensure all calls to convertRawProp use a consistent prefix, name and suffix.
11-10 14:29:26.770 10915 10988 W ReactNativeJNI: Component property map contains multiple entries for 'borderEndStartRadius'. Ensure all calls to convertRawProp use a consistent prefix, name and suffix.
11-10 14:29:26.770 10915 10988 W ReactNativeJNI: Component property map contains multiple entries for 'borderStartEndRadius'. Ensure all calls to convertRawProp use a consistent prefix, name and suffix.
11-10 14:29:26.770 10915 10988 W ReactNativeJNI: Component property map contains multiple entries for 'borderTopRightRadius'. Ensure all calls to convertRawProp use a consistent prefix, name and suffix.
11-10 14:29:26.770 10915 10988 W ReactNativeJNI: Component property map contains multiple entries for 'borderTopStartRadius'. Ensure all calls to convertRawProp use a consistent prefix, name and suffix.
11-10 14:29:26.770 10915 10988 W ReactNativeJNI: Component property map contains multiple entries for 'borderBlockStartColor'. Ensure all calls to convertRawProp use a consistent prefix, name and suffix.
11-10 14:29:26.770 10915 10988 W ReactNativeJNI: Component property map contains multiple entries for 'borderBottomEndRadius'. Ensure all calls to convertRawProp use a consistent prefix, name and suffix.
11-10 14:29:26.770 10915 10988 W ReactNativeJNI: Component property map contains multiple entries for 'borderBottomLeftRadius'. Ensure all calls to convertRawProp use a consistent prefix, name and suffix.
11-10 14:29:26.770 10915 10988 W ReactNativeJNI: Component property map contains multiple entries for 'borderStartStartRadius'. Ensure all calls to convertRawProp use a consistent prefix, name and suffix.
11-10 14:29:26.770 10915 10988 W ReactNativeJNI: Component property map contains multiple entries for 'borderBottomRightRadius'. Ensure all calls to convertRawProp use a consistent prefix, name and suffix.
11-10 14:29:26.770 10915 10988 W ReactNativeJNI: Component property map contains multiple entries for 'borderBottomStartRadius'. Ensure all calls to convertRawProp use a consistent prefix, name and suffix.
11-10 14:29:26.793 10915 10988 W ReactNativeJNI: Component property map contains multiple entries for 'borderColor'. Ensure all calls to convertRawProp use a consistent prefix, name and suffix.
11-10 14:29:26.793 10915 10988 W ReactNativeJNI: Component property map contains multiple entries for 'borderStyle'. Ensure all calls to convertRawProp use a consistent prefix, name and suffix.
11-10 14:29:26.898 10915 10988 W unknown:BridgelessReact: ReactHost{0}.getOrCreateReactInstanceTask(): Loading JS Bundle
11-10 14:29:26.900 10915 10988 W unknown:BridgelessReact: ReactHost{0}.getOrCreateReactInstanceTask(): Calling DevSupportManagerBase.onNewReactContextCreated(reactContext)
11-10 14:29:26.900 10915 10997 D Detox.RNMarker: RUN_JS_BUNDLE_START (/index.ts.bundle?platform=android&dev=true&hot=false&transform.engine=hermes&transform.bytecode=1&transform.routerRoot=app&unstable_transformProfile=hermes-stable)
11-10 14:29:26.904 10915 10915 W unknown:BridgelessReact: ReactContext.onHostResume()
11-10 14:29:26.907 10915 10915 W unknown:BridgelessReact: ReactHost{0}.getOrCreateReactInstanceTask(): Executing ReactInstanceEventListeners
11-10 14:29:26.908 10915 10915 I ExpoDevMenu: Delegate's context was loaded.
11-10 14:29:26.911 10915 10915 W SoLoader: SoLoader already initialized
11-10 14:29:26.920 10915 10915 I DetoxRNLoading: Got new RN-context through listener
11-10 14:29:26.926 10915 10915 W DevLauncher: java.lang.NoSuchFieldException: No field mOverrideColorScheme in class Lcom/facebook/react/modules/appearance/AppearanceModule; (declaration of 'com.facebook.react.modules.appearance.AppearanceModule' appears in /data/app/~~wKKbVNfjIzJpyuI2LanTUw==/com.tuapp.seguritacapp-XReUhkfEfihnItkITGudPg==/base.apk!classes5.dex)
11-10 14:29:26.926 10915 10915 W DevLauncher: 	at java.lang.Class.getDeclaredField(Native Method)
11-10 14:29:26.926 10915 10915 W DevLauncher: 	at expo.modules.devlauncher.helpers.DevLauncherReflectionExtensionsKt.setProtectedDeclaredField(DevLauncherReflectionExtensions.kt:21)
11-10 14:29:26.926 10915 10915 W DevLauncher: 	at expo.modules.devlauncher.launcher.loaders.DevLauncherExpoAppLoader.applyUserInterfaceStyle(DevLauncherExpoAppLoader.kt:51)
11-10 14:29:26.926 10915 10915 W DevLauncher: 	at expo.modules.devlauncher.launcher.loaders.DevLauncherExpoAppLoader.onReactContext(DevLauncherExpoAppLoader.kt:39)
11-10 14:29:26.926 10915 10915 W DevLauncher: 	at expo.modules.devlauncher.launcher.loaders.DevLauncherAppLoader$createOnDelegateWillBeCreatedListener$1$2.onReactContextInitialized(DevLauncherAppLoader.kt:57)
11-10 14:29:26.926 10915 10915 W DevLauncher: 	at com.facebook.react.runtime.ReactHostImpl.lambda$getOrCreateReactInstanceTask$23(ReactHostImpl.java:1199)
11-10 14:29:26.926 10915 10915 W DevLauncher: 	at com.facebook.react.runtime.ReactHostImpl.$r8$lambda$_DltxGexC_ZtRzEC625dZXiL8zo(Unknown Source:0)
11-10 14:29:26.926 10915 10915 W DevLauncher: 	at com.facebook.react.runtime.ReactHostImpl$$ExternalSyntheticLambda44.then(D8$$SyntheticClass:0)
11-10 14:29:26.926 10915 10915 W DevLauncher: 	at com.facebook.react.runtime.internal.bolts.Task$7.run(Task.java:423)
11-10 14:29:26.926 10915 10915 W DevLauncher: 	at com.facebook.react.runtime.internal.bolts.Executors$ImmediateExecutor.execute(Executors.kt:41)
11-10 14:29:26.926 10915 10915 W DevLauncher: 	at com.facebook.react.runtime.internal.bolts.Task.completeImmediately(Task.java:418)
11-10 14:29:26.926 10915 10915 W DevLauncher: 	at com.facebook.react.runtime.internal.bolts.Task.continueWith(Task.java:288)
11-10 14:29:26.926 10915 10915 W DevLauncher: 	at com.facebook.react.runtime.internal.bolts.Task.continueWith(Task.java:299)
11-10 14:29:26.926 10915 10915 W DevLauncher: 	at com.facebook.react.runtime.internal.bolts.Task$5.then(Task.java:354)
11-10 14:29:26.926 10915 10915 W DevLauncher: 	at com.facebook.react.runtime.internal.bolts.Task$5.then(Task.java:346)
11-10 14:29:26.926 10915 10915 W DevLauncher: 	at com.facebook.react.runtime.internal.bolts.Task$8.run(Task.java:460)
11-10 14:29:26.926 10915 10915 W DevLauncher: 	at android.os.Handler.handleCallback(Handler.java:995)
11-10 14:29:26.926 10915 10915 W DevLauncher: 	at android.os.Handler.dispatchMessage(Handler.java:103)
11-10 14:29:26.926 10915 10915 W DevLauncher: 	at android.os.Looper.loopOnce(Looper.java:248)
11-10 14:29:26.926 10915 10915 W DevLauncher: 	at android.os.Looper.loop(Looper.java:338)
11-10 14:29:26.926 10915 10915 W DevLauncher: 	at android.app.ActivityThread.main(ActivityThread.java:9067)
11-10 14:29:26.926 10915 10915 W DevLauncher: 	at java.lang.reflect.Method.invoke(Native Method)
11-10 14:29:26.926 10915 10915 W DevLauncher: 	at com.android.internal.os.RuntimeInit$MethodAndArgsCaller.run(RuntimeInit.java:593)
11-10 14:29:26.926 10915 10915 W DevLauncher: 	at com.android.internal.os.ZygoteInit.main(ZygoteInit.java:932)
11-10 14:29:26.928 10915 10988 W unknown:BridgelessReact: ReactHost{0}.startSurface(surfaceId = 0): Execute
11-10 14:29:26.930 10915 11004 W unknown:BridgelessReact: ReactHost{1}.getOrCreateStartTask(): Schedule
11-10 14:29:26.930 10915 11004 W unknown:BridgelessReact: ReactHost{1}.getOrCreateReactInstanceTask()
11-10 14:29:26.930 10915 11004 W unknown:BridgelessReact: ReactHost{1}.getOrCreateReactInstanceTask(): Start
11-10 14:29:26.930 10915 11004 D Detox.RNMarker: REACT_BRIDGELESS_LOADING_START (null)
11-10 14:29:26.931 10915 11004 W unknown:BridgelessReact: ReactHost{1}.getJSBundleLoader()
11-10 14:29:26.931 10915 11004 W unknown:BridgelessReact: ReactHost{1}.getOrCreateReactContext(): Creating BridgelessReactContext
11-10 14:29:26.931 10915 11004 W unknown:BridgelessReact: ReactHost{1}.getOrCreateReactInstanceTask(): Creating ReactInstance
11-10 14:29:26.943 10915 10915 I pp.seguritacapp: hiddenapi: Accessing hidden method Landroid/os/MessageQueue;->next()Landroid/os/Message; (runtime_flags=0, domain=platform, api=unsupported) from Landroidx/test/espresso/base/Interrogator; (domain=app) using reflection: allowed
11-10 14:29:26.943 10915 10915 I pp.seguritacapp: hiddenapi: Accessing hidden field Landroid/os/MessageQueue;->mMessages:Landroid/os/Message; (runtime_flags=0, domain=platform, api=unsupported) from Landroidx/test/espresso/base/Interrogator; (domain=app) using reflection: allowed
11-10 14:29:26.943 10915 10915 I pp.seguritacapp: hiddenapi: Accessing hidden method Landroid/os/Message;->recycleUnchecked()V (runtime_flags=0, domain=platform, api=unsupported) from Landroidx/test/espresso/base/Interrogator; (domain=app) using reflection: allowed
11-10 14:29:26.948 10915 10915 W unknown:BridgelessReact: ReactHost{0}.onUserLeaveHint(activity)
11-10 14:29:26.949 10915 10915 W unknown:BridgelessReact: ReactHost{0}.onHostPause(activity)
11-10 14:29:26.949 10915 10915 W unknown:BridgelessReact: ReactContext.onHostPause()
11-10 14:29:26.949 10915 10915 D LifecycleMonitor: Lifecycle status change: com.tuapp.seguritacapp.MainActivity@6f3d575 in: PAUSED
11-10 14:29:26.953 10915 11004 I ExpoModulesCore: ✅ AppContext was initialized
11-10 14:29:26.960 10915 11004 W ReactNativeJNI: Component property map contains multiple entries for 'borderColor'. Ensure all calls to convertRawProp use a consistent prefix, name and suffix.
11-10 14:29:26.960 10915 11004 W ReactNativeJNI: Component property map contains multiple entries for 'borderStyle'. Ensure all calls to convertRawProp use a consistent prefix, name and suffix.
11-10 14:29:26.960 10915 11004 W ReactNativeJNI: Component property map contains multiple entries for 'borderRadius'. Ensure all calls to convertRawProp use a consistent prefix, name and suffix.
11-10 14:29:26.960 10915 11004 W ReactNativeJNI: Component property map contains multiple entries for 'borderEndColor'. Ensure all calls to convertRawProp use a consistent prefix, name and suffix.
11-10 14:29:26.960 10915 11004 W ReactNativeJNI: Component property map contains multiple entries for 'borderTopColor'. Ensure all calls to convertRawProp use a consistent prefix, name and suffix.
11-10 14:29:26.960 10915 11004 W ReactNativeJNI: Component property map contains multiple entries for 'borderLeftColor'. Ensure all calls to convertRawProp use a consistent prefix, name and suffix.
11-10 14:29:26.960 10915 11004 W ReactNativeJNI: Component property map contains multiple entries for 'borderBlockColor'. Ensure all calls to convertRawProp use a consistent prefix, name and suffix.
11-10 14:29:26.960 10915 11004 W ReactNativeJNI: Component property map contains multiple entries for 'borderRightColor'. Ensure all calls to convertRawProp use a consistent prefix, name and suffix.
11-10 14:29:26.960 10915 11004 W ReactNativeJNI: Component property map contains multiple entries for 'borderStartColor'. Ensure all calls to convertRawProp use a consistent prefix, name and suffix.
11-10 14:29:26.960 10915 11004 W ReactNativeJNI: Component property map contains multiple entries for 'borderBottomColor'. Ensure all calls to convertRawProp use a consistent prefix, name and suffix.
11-10 14:29:26.960 10915 11004 W ReactNativeJNI: Component property map contains multiple entries for 'borderEndEndRadius'. Ensure all calls to convertRawProp use a consistent prefix, name and suffix.
11-10 14:29:26.960 10915 11004 W ReactNativeJNI: Component property map contains multiple entries for 'borderTopEndRadius'. Ensure all calls to convertRawProp use a consistent prefix, name and suffix.
11-10 14:29:26.960 10915 11004 W ReactNativeJNI: Component property map contains multiple entries for 'borderBlockEndColor'. Ensure all calls to convertRawProp use a consistent prefix, name and suffix.
11-10 14:29:26.960 10915 11004 W ReactNativeJNI: Component property map contains multiple entries for 'borderTopLeftRadius'. Ensure all calls to convertRawProp use a consistent prefix, name and suffix.
11-10 14:29:26.960 10915 11004 W ReactNativeJNI: Component property map contains multiple entries for 'borderEndStartRadius'. Ensure all calls to convertRawProp use a consistent prefix, name and suffix.
11-10 14:29:26.960 10915 11004 W ReactNativeJNI: Component property map contains multiple entries for 'borderStartEndRadius'. Ensure all calls to convertRawProp use a consistent prefix, name and suffix.
11-10 14:29:26.960 10915 11004 W ReactNativeJNI: Component property map contains multiple entries for 'borderTopRightRadius'. Ensure all calls to convertRawProp use a consistent prefix, name and suffix.
