11-14 15:58:48.400  7172  7299 D Detox.RNMarker: REACT_BRIDGE_LOADING_END (null)
11-14 15:58:48.402  7172  7283 D Detox.RNMarker: NATIVE_MODULE_SETUP_END (AppState)
11-14 15:58:48.407  7172  7283 D Detox.RNMarker: NATIVE_MODULE_SETUP_START (BlobModule)
11-14 15:58:48.407  7172  7283 D Detox.RNMarker: CREATE_MODULE_START (BlobModule)
11-14 15:58:48.413  7172  7283 D Detox.RNMarker: CREATE_MODULE_END (BlobModule)
11-14 15:58:48.414  7172  7283 D Detox.RNMarker: NATIVE_MODULE_SETUP_END (BlobModule)
11-14 15:58:48.416  7172  7283 D Detox.RNMarker: NATIVE_MODULE_SETUP_START (WebSocketModule)
11-14 15:58:48.416  7172  7283 D Detox.RNMarker: CREATE_MODULE_START (WebSocketModule)
11-14 15:58:48.417  7172  7283 D Detox.RNMarker: CREATE_MODULE_END (WebSocketModule)
11-14 15:58:48.417  7172  7283 D Detox.RNMarker: NATIVE_MODULE_SETUP_END (WebSocketModule)
11-14 15:58:48.427  7172  7283 D Detox.RNMarker: NATIVE_MODULE_SETUP_START (Networking)
11-14 15:58:48.428  7172  7283 D Detox.RNMarker: CREATE_MODULE_START (Networking)
11-14 15:58:48.431  7172  7283 D Detox.RNMarker: CREATE_MODULE_END (Networking)
11-14 15:58:48.432  7172  7283 D Detox.RNMarker: NATIVE_MODULE_SETUP_END (Networking)
11-14 15:58:48.436  7172  7283 D Detox.RNMarker: NATIVE_MODULE_SETUP_START (RedBox)
11-14 15:58:48.452  7172  7284 I WebViewFactory: Loading com.google.android.webview version 113.0.5672.136 (code 567263637)
11-14 15:58:48.453  7172  7283 D Detox.RNMarker: NATIVE_MODULE_SETUP_START (DevLoadingView)
11-14 15:58:48.453  7172  7283 D Detox.RNMarker: CREATE_MODULE_START (DevLoadingView)
11-14 15:58:48.453  7172  7283 D Detox.RNMarker: CREATE_MODULE_END (DevLoadingView)
11-14 15:58:48.454  7172  7283 D Detox.RNMarker: NATIVE_MODULE_SETUP_END (DevLoadingView)
11-14 15:58:48.457  7172  7283 D Detox.RNMarker: NATIVE_MODULE_SETUP_START (BugReporting)
11-14 15:58:48.457  7172  7298 D Detox.RNMarker: NATIVE_MODULE_SETUP_START (NativePerformanceCxx)
11-14 15:58:48.462  7172  7284 W ziparchive: Unable to open '/data/app/~~bhUVnFOAnuGoWQ9w6zmW3Q==/com.google.android.trichromelibrary_567263637--OyXGzkvsKMHQm4_eeFJMQ==/TrichromeLibrary.dm': No such file or directory
11-14 15:58:48.462  7172  7284 W ziparchive: Unable to open '/data/app/~~bhUVnFOAnuGoWQ9w6zmW3Q==/com.google.android.trichromelibrary_567263637--OyXGzkvsKMHQm4_eeFJMQ==/TrichromeLibrary.dm': No such file or directory
11-14 15:58:48.462  7172  7284 W pp.seguritacapp: Entry not found
11-14 15:58:48.463  7172  7283 D Detox.RNMarker: NATIVE_MODULE_SETUP_START (HeadlessJsTaskSupport)
11-14 15:58:48.463  7172  7283 D Detox.RNMarker: CREATE_MODULE_START (HeadlessJsTaskSupport)
11-14 15:58:48.464  7172  7283 D Detox.RNMarker: CREATE_MODULE_END (HeadlessJsTaskSupport)
11-14 15:58:48.464  7172  7283 D Detox.RNMarker: NATIVE_MODULE_SETUP_END (HeadlessJsTaskSupport)
11-14 15:58:48.468  7172  7298 D Detox.RNMarker: NATIVE_MODULE_SETUP_START (NativeReactNativeFeatureFlagsCxx)
11-14 15:58:48.468  7172  7284 D nativeloader: Configuring clns-10 for other apk /data/app/~~bhUVnFOAnuGoWQ9w6zmW3Q==/com.google.android.trichromelibrary_567263637--OyXGzkvsKMHQm4_eeFJMQ==/TrichromeLibrary.apk. target_sdk_version=34, uses_libraries=ALL, library_path=/data/app/~~jUQqhEaB6XRvePmQJVz5IQ==/com.google.android.webview-eGVsrZR5Ul84j39ZyjNL0A==/lib/x86_64:/data/app/~~jUQqhEaB6XRvePmQJVz5IQ==/com.google.android.webview-eGVsrZR5Ul84j39ZyjNL0A==/WebViewGoogle.apk!/lib/x86_64:/data/app/~~bhUVnFOAnuGoWQ9w6zmW3Q==/com.google.android.trichromelibrary_567263637--OyXGzkvsKMHQm4_eeFJMQ==/TrichromeLibrary.apk!/lib/x86_64, permitted_path=/data:/mnt/expand
11-14 15:58:48.477  7172  7181 I pp.seguritacapp: NativeAlloc concurrent copying GC freed 340280(34MB) AllocSpace objects, 17(724KB) LOS objects, 49% free, 11MB/22MB, paused 250us,17us total 137.697ms
11-14 15:58:48.485  7172  7283 D Detox.RNMarker: NATIVE_MODULE_SETUP_START (DeviceInfo)
11-14 15:58:48.485  7172  7283 D Detox.RNMarker: CREATE_MODULE_START (DeviceInfo)
11-14 15:58:48.486  7172  7283 D Detox.RNMarker: CREATE_MODULE_END (DeviceInfo)
11-14 15:58:48.487  7172  7298 D Detox.RNMarker: NATIVE_MODULE_SETUP_START (RedBox)
11-14 15:58:48.488  7172  7298 D Detox.RNMarker: NATIVE_MODULE_SETUP_START (BugReporting)
11-14 15:58:48.488  7172  7283 D Detox.RNMarker: NATIVE_MODULE_SETUP_END (DeviceInfo)
11-14 15:58:48.494  7172  7283 D Detox.RNMarker: NATIVE_MODULE_SETUP_START (UIManager)
11-14 15:58:48.495  7172  7298 D Detox.RNMarker: NATIVE_MODULE_SETUP_START (HeadlessJsTaskSupport)
11-14 15:58:48.495  7172  7298 D Detox.RNMarker: CREATE_MODULE_START (HeadlessJsTaskSupport)
11-14 15:58:48.495  7172  7298 D Detox.RNMarker: CREATE_MODULE_END (HeadlessJsTaskSupport)
11-14 15:58:48.496  7172  7284 D nativeloader: Configuring clns-11 for other apk /data/app/~~jUQqhEaB6XRvePmQJVz5IQ==/com.google.android.webview-eGVsrZR5Ul84j39ZyjNL0A==/WebViewGoogle.apk. target_sdk_version=34, uses_libraries=, library_path=/data/app/~~jUQqhEaB6XRvePmQJVz5IQ==/com.google.android.webview-eGVsrZR5Ul84j39ZyjNL0A==/lib/x86_64:/data/app/~~jUQqhEaB6XRvePmQJVz5IQ==/com.google.android.webview-eGVsrZR5Ul84j39ZyjNL0A==/WebViewGoogle.apk!/lib/x86_64:/data/app/~~bhUVnFOAnuGoWQ9w6zmW3Q==/com.google.android.trichromelibrary_567263637--OyXGzkvsKMHQm4_eeFJMQ==/TrichromeLibrary.apk!/lib/x86_64, permitted_path=/data:/mnt/expand
11-14 15:58:48.499  7172  7298 D Detox.RNMarker: NATIVE_MODULE_SETUP_END (HeadlessJsTaskSupport)
11-14 15:58:48.518  7172  7298 D Detox.RNMarker: NATIVE_MODULE_SETUP_START (PlatformConstants)
11-14 15:58:48.519  7172  7298 D Detox.RNMarker: CREATE_MODULE_START (PlatformConstants)
11-14 15:58:48.520  7172  7298 D Detox.RNMarker: CREATE_MODULE_END (PlatformConstants)
11-14 15:58:48.523  7172  7298 D Detox.RNMarker: NATIVE_MODULE_SETUP_END (PlatformConstants)
11-14 15:58:48.531  7172  7298 D Detox.RNMarker: NATIVE_MODULE_SETUP_START (SourceCode)
11-14 15:58:48.531  7172  7298 D Detox.RNMarker: CREATE_MODULE_START (SourceCode)
11-14 15:58:48.531  7172  7298 D Detox.RNMarker: CREATE_MODULE_END (SourceCode)
11-14 15:58:48.531  7172  7298 D Detox.RNMarker: NATIVE_MODULE_SETUP_END (SourceCode)
11-14 15:58:48.533  7172  7298 D Detox.RNMarker: NATIVE_MODULE_SETUP_START (DeviceInfo)
11-14 15:58:48.533  7172  7298 D Detox.RNMarker: CREATE_MODULE_START (DeviceInfo)
11-14 15:58:48.533  7172  7298 D Detox.RNMarker: CREATE_MODULE_END (DeviceInfo)
11-14 15:58:48.535  7172  7298 D Detox.RNMarker: NATIVE_MODULE_SETUP_END (DeviceInfo)
11-14 15:58:48.538  7172  7298 D Detox.RNMarker: NATIVE_MODULE_SETUP_START (UIManager)
11-14 15:58:48.608  7172  7298 D Detox.RNMarker: NATIVE_MODULE_SETUP_END (UIManager)
11-14 15:58:48.629  7172  7298 D Detox.RNMarker: NATIVE_MODULE_SETUP_START (DeviceEventManager)
11-14 15:58:48.630  7172  7298 D Detox.RNMarker: CREATE_MODULE_START (DeviceEventManager)
11-14 15:58:48.631  7172  7298 D Detox.RNMarker: CREATE_MODULE_END (DeviceEventManager)
11-14 15:58:48.632  7172  7298 D Detox.RNMarker: NATIVE_MODULE_SETUP_END (DeviceEventManager)
11-14 15:58:48.640  7172  7298 D Detox.RNMarker: NATIVE_MODULE_SETUP_START (RNSModule)
11-14 15:58:48.640  7172  7284 W pp.seguritacapp: Accessing hidden method Landroid/os/Trace;->isTagEnabled(J)Z (unsupported, reflection, allowed)
11-14 15:58:48.640  7172  7284 W pp.seguritacapp: Accessing hidden method Landroid/os/Trace;->traceBegin(JLjava/lang/String;)V (unsupported, reflection, allowed)
11-14 15:58:48.640  7172  7284 W pp.seguritacapp: Accessing hidden method Landroid/os/Trace;->traceEnd(J)V (unsupported, reflection, allowed)
11-14 15:58:48.640  7172  7284 W pp.seguritacapp: Accessing hidden method Landroid/os/Trace;->asyncTraceBegin(JLjava/lang/String;I)V (unsupported, reflection, allowed)
11-14 15:58:48.640  7172  7284 W pp.seguritacapp: Accessing hidden method Landroid/os/Trace;->asyncTraceEnd(JLjava/lang/String;I)V (unsupported, reflection, allowed)
11-14 15:58:48.650  7172  7284 I cr_WVCFactoryProvider: Loaded version=113.0.5672.136 minSdkVersion=29 isBundle=false multiprocess=true packageId=2
11-14 15:58:48.652  7172  7298 D Detox.RNMarker: NATIVE_MODULE_SETUP_START (NativeAnimatedModule)
11-14 15:58:48.654  7172  7298 D Detox.RNMarker: CREATE_MODULE_START (NativeAnimatedModule)
11-14 15:58:48.658  7172  7298 D Detox.RNMarker: CREATE_MODULE_END (NativeAnimatedModule)
11-14 15:58:48.664  7172  7298 D Detox.RNMarker: NATIVE_MODULE_SETUP_END (NativeAnimatedModule)
11-14 15:58:48.685  7172  7309 I cr_VariationsUtils: Failed reading seed file "/data/user/0/com.tuapp.seguritacapp/app_webview/variations_seed_new"
11-14 15:58:48.686  7172  7309 I cr_VariationsUtils: Failed reading seed file "/data/user/0/com.tuapp.seguritacapp/app_webview/variations_seed"
11-14 15:58:48.686  7172  7309 I cr_VariationsUtils: Requesting new seed from IVariationsSeedServer
11-14 15:58:48.720  7172  7284 I cr_LibraryLoader: Successfully loaded native library
11-14 15:58:48.723  7172  7284 I cr_CachingUmaRecorder: Flushed 9 samples from 9 histograms.
11-14 15:58:48.754  7172  7298 D Detox.RNMarker: NATIVE_MODULE_SETUP_START (SoundManager)
11-14 15:58:48.755  7172  7298 D Detox.RNMarker: CREATE_MODULE_START (SoundManager)
11-14 15:58:48.755  7172  7298 D Detox.RNMarker: CREATE_MODULE_END (SoundManager)
11-14 15:58:48.756  7172  7298 D Detox.RNMarker: NATIVE_MODULE_SETUP_END (SoundManager)
11-14 15:58:48.764  7172  7283 D Detox.RNMarker: NATIVE_MODULE_SETUP_END (UIManager)
11-14 15:58:48.791  7172  7283 D Detox.RNMarker: NATIVE_MODULE_SETUP_START (SoundManager)
11-14 15:58:48.791  7172  7283 D Detox.RNMarker: CREATE_MODULE_START (SoundManager)
11-14 15:58:48.791  7172  7283 D Detox.RNMarker: CREATE_MODULE_END (SoundManager)
11-14 15:58:48.792  7172  7283 D Detox.RNMarker: NATIVE_MODULE_SETUP_END (SoundManager)
11-14 15:58:48.798  7172  7284 D CompatibilityChangeReporter: Compat change id reported: 289878283; UID 10194; state: ENABLED
11-14 15:58:48.801  7172  7315 D TrafficStats: tagSocket(164) with statsTag=0xffffffff, statsUid=-1
11-14 15:58:48.808  7172  7283 D Detox.RNMarker: NATIVE_MODULE_SETUP_START (ImageLoader)
11-14 15:58:48.808  7172  7283 D Detox.RNMarker: CREATE_MODULE_START (ImageLoader)
11-14 15:58:48.809  7172  7283 D Detox.RNMarker: CREATE_MODULE_END (ImageLoader)
11-14 15:58:48.809  7172  7283 D Detox.RNMarker: NATIVE_MODULE_SETUP_END (ImageLoader)
11-14 15:58:48.812  7172  7283 D Detox.RNMarker: NATIVE_MODULE_SETUP_START (IntentAndroid)
11-14 15:58:48.813  7172  7283 D Detox.RNMarker: CREATE_MODULE_START (IntentAndroid)
11-14 15:58:48.813  7172  7283 D Detox.RNMarker: CREATE_MODULE_END (IntentAndroid)
11-14 15:58:48.813  7172  7283 D Detox.RNMarker: NATIVE_MODULE_SETUP_END (IntentAndroid)
11-14 15:58:48.814  7172  7283 D Detox.RNMarker: NATIVE_MODULE_SETUP_START (LinkingManager)
11-14 15:58:48.819  7172  7283 D Detox.RNMarker: NATIVE_MODULE_SETUP_START (DeviceEventManager)
11-14 15:58:48.820  7172  7283 D Detox.RNMarker: CREATE_MODULE_START (DeviceEventManager)
11-14 15:58:48.820  7172  7283 D Detox.RNMarker: CREATE_MODULE_END (DeviceEventManager)
11-14 15:58:48.820  7172  7283 D Detox.RNMarker: NATIVE_MODULE_SETUP_END (DeviceEventManager)
11-14 15:58:48.839  7172  7283 D Detox.RNMarker: NATIVE_MODULE_SETUP_START (ReanimatedModule)
11-14 15:58:48.839  7172  7283 D Detox.RNMarker: CREATE_MODULE_START (ReanimatedModule)
11-14 15:58:48.840  7172  7283 D Detox.RNMarker: CREATE_MODULE_END (ReanimatedModule)
11-14 15:58:48.840  7172  7283 D Detox.RNMarker: NATIVE_MODULE_SETUP_END (ReanimatedModule)
11-14 15:58:48.873  7172  7298 D Detox.RNMarker: NATIVE_MODULE_SETUP_START (ImageLoader)
11-14 15:58:48.874  7172  7298 D Detox.RNMarker: CREATE_MODULE_START (ImageLoader)
11-14 15:58:48.874  7172  7298 D Detox.RNMarker: CREATE_MODULE_END (ImageLoader)
11-14 15:58:48.875  7172  7283 W pp.seguritacapp: CheckJNI: method to register "installJSIBindings" not in the given class. This is slow, consider changing your RegisterNatives calls.
11-14 15:58:48.875  7172  7298 D Detox.RNMarker: NATIVE_MODULE_SETUP_END (ImageLoader)
11-14 15:58:48.876  7172  7283 D Detox.RNMarker: CREATE_MODULE_START (RNGestureHandlerModule)
11-14 15:58:48.877  7172  7283 D Detox.RNMarker: CREATE_MODULE_END (RNGestureHandlerModule)
11-14 15:58:48.908  7172  7298 D Detox.RNMarker: NATIVE_MODULE_SETUP_START (EXDevLauncherExtension)
11-14 15:58:48.908  7172  7298 D Detox.RNMarker: NATIVE_MODULE_SETUP_END (EXDevLauncherExtension)
11-14 15:58:48.910  7172  7298 D Detox.RNMarker: NATIVE_MODULE_SETUP_START (NativeUnimoduleProxy)
11-14 15:58:48.933  7172  7298 I ExpoModulesCore: ✅ JSI interop was installed
11-14 15:58:48.933  7172  7298 I ExpoModulesCore: ✅ Constants were exported
11-14 15:58:48.934  7172  7298 D Detox.RNMarker: NATIVE_MODULE_SETUP_END (NativeUnimoduleProxy)
11-14 15:58:48.952  7172  7298 D Detox.RNMarker: RUN_JS_BUNDLE_END (EXDevMenuApp.android.js)
11-14 15:58:48.953  7172  7298 I ReactNativeJS: Running "main"
11-14 15:58:48.982  7172  7298 D Detox.RNMarker: NATIVE_MODULE_SETUP_START (Timing)
11-14 15:58:48.983  7172  7298 D Detox.RNMarker: CREATE_MODULE_START (Timing)
11-14 15:58:48.983  7172  7298 D Detox.RNMarker: CREATE_MODULE_END (Timing)
11-14 15:58:48.983  7172  7298 D Detox.RNMarker: NATIVE_MODULE_SETUP_END (Timing)
11-14 15:58:49.002  7172  7298 D Detox.RNMarker: NATIVE_MODULE_SETUP_START (Appearance)
11-14 15:58:49.002  7172  7298 D Detox.RNMarker: CREATE_MODULE_START (Appearance)
11-14 15:58:49.003  7172  7298 D Detox.RNMarker: CREATE_MODULE_END (Appearance)
11-14 15:58:49.003  7172  7298 D Detox.RNMarker: NATIVE_MODULE_SETUP_END (Appearance)
11-14 15:58:49.057  7172  7172 D Detox.RNMarker: CONTENT_APPEARED (main)
11-14 15:58:49.088  7172  7298 D Detox.RNMarker: NATIVE_MODULE_SETUP_START (FrameRateLogger)
11-14 15:58:49.090  7172  7298 D Detox.RNMarker: NATIVE_MODULE_SETUP_START (KeyboardObserver)
11-14 15:58:49.112  7172  7283 D Detox.RNMarker: NATIVE_MODULE_SETUP_START (NativeAnimatedModule)
11-14 15:58:49.112  7172  7283 D Detox.RNMarker: CREATE_MODULE_START (NativeAnimatedModule)
11-14 15:58:49.113  7172  7283 D Detox.RNMarker: CREATE_MODULE_END (NativeAnimatedModule)
11-14 15:58:49.114  7172  7283 D Detox.RNMarker: NATIVE_MODULE_SETUP_END (NativeAnimatedModule)
11-14 15:58:49.152  7172  7283 D Detox.RNMarker: NATIVE_MODULE_SETUP_START (FrameRateLogger)
11-14 15:58:49.157  7172  7283 D Detox.RNMarker: NATIVE_MODULE_SETUP_START (KeyboardObserver)
11-14 15:58:49.197  7172  7283 D Detox.RNMarker: NATIVE_MODULE_SETUP_START (ExpoModulesCore)
11-14 15:58:49.198  7172  7283 D Detox.RNMarker: NATIVE_MODULE_SETUP_END (ExpoModulesCore)
11-14 15:58:49.201  7172  7283 I ExpoModulesCore: ✅ JSI interop was installed
11-14 15:58:49.202  7172  7283 D Detox.RNMarker: NATIVE_MODULE_SETUP_START (NativeUnimoduleProxy)
11-14 15:58:49.202  7172  7283 W ExpoModulesCore: ⚠️ JSI interop was already installed
11-14 15:58:49.214  7172  7283 I expo-notifications: NotificationsEmitter.onNotificationResponseIntentReceived:
11-14 15:58:49.214  7172  7283 I expo-notifications: actionIdentifier: expo.modules.notifications.actions.DEFAULT
11-14 15:58:49.214  7172  7283 I expo-notifications: notification
11-14 15:58:49.214  7172  7283 I expo-notifications:   date: 0
11-14 15:58:49.214  7172  7283 I expo-notifications:   request
11-14 15:58:49.214  7172  7283 I expo-notifications:     identifier: (null)
11-14 15:58:49.214  7172  7283 I expo-notifications:     trigger
11-14 15:58:49.214  7172  7283 I expo-notifications:       type: push
11-14 15:58:49.214  7172  7283 I expo-notifications:       channelId: (null)
11-14 15:58:49.214  7172  7283 I expo-notifications:     content
11-14 15:58:49.214  7172  7283 I expo-notifications:       data
11-14 15:58:49.214  7172  7283 I expo-notifications:         launchArgs
11-14 15:58:49.214  7172  7283 I expo-notifications:           detoxURLOverride: seguridadciudadanaapp://expo-development-client/?url=http%3A%2F%2F127.0.0.1%3A8081&role=ciudadano&disableBypass=1
11-14 15:58:49.214  7172  7283 I expo-notifications:           detoxServer: ws://localhost:63466
11-14 15:58:49.214  7172  7283 I expo-notifications:           detoxSessionId: e2eec906-7867-4409-1fc3-ba5699e41760
11-14 15:58:49.214  7172  7283 I expo-notifications:           detoxEnableSynchronization: 0
11-14 15:58:49.214  7172  7283 I expo-notifications:       title: (null)
11-14 15:58:49.219  7172  7283 I ExpoModulesCore: ✅ Constants were exported
11-14 15:58:49.220  7172  7283 D Detox.RNMarker: NATIVE_MODULE_SETUP_END (NativeUnimoduleProxy)
11-14 15:58:49.232  7172  7283 D Detox.RNMarker: NATIVE_MODULE_SETUP_START (EXDevLauncher)
11-14 15:58:49.240  7172  7283 D Detox.RNMarker: NATIVE_MODULE_SETUP_END (EXDevLauncher)
11-14 15:58:49.272  7172  7172 D CompatibilityChangeReporter: Compat change id reported: 171228096; UID 10194; state: ENABLED
11-14 15:58:49.273  7172  7172 W pp.seguritacapp: Accessing hidden field Landroid/widget/ScrollView;->mScroller:Landroid/widget/OverScroller; (unsupported, reflection, allowed)
11-14 15:58:49.286  7172  7322 D OpenGLRenderer: --- Failed to create image decoder with message 'unimplemented'
11-14 15:58:49.286  7172  7322 D OpenGLRenderer: --- Failed to create image decoder with message 'unimplemented'
11-14 15:58:49.287  7172  7322 D OpenGLRenderer: --- Failed to create image decoder with message 'unimplemented'
11-14 15:58:49.287  7172  7322 D OpenGLRenderer: --- Failed to create image decoder with message 'unimplemented'
11-14 15:58:49.287  7172  7322 D OpenGLRenderer: --- Failed to create image decoder with message 'unimplemented'
11-14 15:58:49.287  7172  7322 D OpenGLRenderer: --- Failed to create image decoder with message 'unimplemented'
11-14 15:58:49.288  7172  7322 D OpenGLRenderer: --- Failed to create image decoder with message 'unimplemented'
11-14 15:58:49.288  7172  7322 D OpenGLRenderer: --- Failed to create image decoder with message 'unimplemented'
11-14 15:58:49.288  7172  7322 D OpenGLRenderer: --- Failed to create image decoder with message 'unimplemented'
11-14 15:58:49.288  7172  7322 D OpenGLRenderer: --- Failed to create image decoder with message 'unimplemented'
11-14 15:58:49.289  7172  7322 D OpenGLRenderer: --- Failed to create image decoder with message 'unimplemented'
11-14 15:58:49.289  7172  7322 D OpenGLRenderer: --- Failed to create image decoder with message 'unimplemented'
11-14 15:58:49.299  7172  7323 D OpenGLRenderer: --- Failed to create image decoder with message 'unimplemented'
11-14 15:58:49.299  7172  7323 D OpenGLRenderer: --- Failed to create image decoder with message 'unimplemented'
11-14 15:58:49.299  7172  7323 D OpenGLRenderer: --- Failed to create image decoder with message 'unimplemented'
11-14 15:58:49.300  7172  7323 D OpenGLRenderer: --- Failed to create image decoder with message 'unimplemented'
11-14 15:58:49.300  7172  7323 D OpenGLRenderer: --- Failed to create image decoder with message 'unimplemented'
11-14 15:58:49.300  7172  7323 D OpenGLRenderer: --- Failed to create image decoder with message 'unimplemented'
11-14 15:58:49.301  7172  7323 D OpenGLRenderer: --- Failed to create image decoder with message 'unimplemented'
11-14 15:58:49.301  7172  7323 D OpenGLRenderer: --- Failed to create image decoder with message 'unimplemented'
11-14 15:58:49.303  7172  7323 W unknown:ProgressiveDecoder: unknown image format, {uri: res:/2131623938, firstEncodedBytes: 03000800C00100000100, length: 448}
11-14 15:58:49.321  7172  7172 D AutofillManager: notifyViewEnteredForFillDialog:1073741825
11-14 15:58:49.342  7172  7283 D Detox.RNMarker: NATIVE_MODULE_SETUP_START (RNCSafeAreaContext)
11-14 15:58:49.342  7172  7283 D Detox.RNMarker: CREATE_MODULE_START (RNCSafeAreaContext)
11-14 15:58:49.343  7172  7283 D Detox.RNMarker: CREATE_MODULE_END (RNCSafeAreaContext)
11-14 15:58:49.344  7172  7283 D Detox.RNMarker: NATIVE_MODULE_SETUP_END (RNCSafeAreaContext)
11-14 15:58:49.379  7172  7241 D EGL_emulation: app_time_stats: avg=46.58ms min=5.83ms max=375.81ms count=22
11-14 15:58:49.384  7172  7283 D Detox.RNMarker: NATIVE_MODULE_SETUP_START (RNSModule)
11-14 15:58:49.384  7172  7283 D Detox.RNMarker: CREATE_MODULE_START (RNSModule)
11-14 15:58:49.387  7172  7283 D Detox.RNMarker: CREATE_MODULE_END (RNSModule)
11-14 15:58:49.626  7172  7283 D Detox.RNMarker: NATIVE_MODULE_SETUP_START (RNCNetInfo)
11-14 15:58:49.626  7172  7283 D Detox.RNMarker: NATIVE_MODULE_SETUP_END (RNCNetInfo)
11-14 15:58:49.638  7172  7283 W ReactNativeJS: '[2025-11-14T15:58:49.630Z]  @firebase/auth:', 'Auth (11.9.0): \nYou are initializing Firebase Auth for React Native without providing\nAsyncStorage. Auth state will default to memory persistence and will not\npersist between sessions. In order to persist auth state, install the package\n"@react-native-async-storage/async-storage" and provide it to\ninitializeAuth:\n\nimport { initializeAuth, getReactNativePersistence } from \'firebase/auth\';\nimport ReactNativeAsyncStorage from \'@react-native-async-storage/async-storage\';\nconst auth = initializeAuth(app, {\n  persistence: getReactNativePersistence(ReactNativeAsyncStorage)\n});\n'
11-14 15:58:49.653  7172  7283 I ReactNativeJS: ✅ Firestore inicializado con configuración básica
11-14 15:58:49.656  7172  7283 I ReactNativeJS: ✅ Firebase inicializado correctamente
11-14 15:58:49.657  7172  7283 I ReactNativeJS: '📱 Proyecto:', 'seguritacapp'
11-14 15:58:49.661  7172  7283 D Detox.RNMarker: NATIVE_MODULE_SETUP_START (PlatformLocalStorage)
11-14 15:58:49.662  7172  7283 D Detox.RNMarker: NATIVE_MODULE_SETUP_START (RNC_AsyncSQLiteDBStorage)
11-14 15:58:49.662  7172  7283 D Detox.RNMarker: NATIVE_MODULE_SETUP_START (RNCAsyncStorage)
11-14 15:58:49.662  7172  7283 D Detox.RNMarker: CREATE_MODULE_START (RNCAsyncStorage)
11-14 15:58:49.663  7172  7283 V AsyncStorageExpoMigration: No scoped database found
11-14 15:58:49.663  7172  7283 D Detox.RNMarker: CREATE_MODULE_END (RNCAsyncStorage)
11-14 15:58:49.664  7172  7283 D Detox.RNMarker: NATIVE_MODULE_SETUP_END (RNCAsyncStorage)
11-14 15:58:49.673  7172  7326 D ProfileInstaller: Installing profile for com.tuapp.seguritacapp
11-14 15:58:49.739  7172  7283 D Detox.RNMarker: NATIVE_MODULE_SETUP_START (RNVectorIconsManager)
11-14 15:58:49.739  7172  7283 D Detox.RNMarker: NATIVE_MODULE_SETUP_START (RNVectorIconsModule)
11-14 15:58:49.743  7172  7283 D Detox.RNMarker: NATIVE_MODULE_SETUP_START (RNVectorIconsManager)
11-14 15:58:49.743  7172  7283 D Detox.RNMarker: NATIVE_MODULE_SETUP_START (RNVectorIconsModule)
11-14 15:58:49.873  7172  7283 D Detox.RNMarker: NATIVE_MODULE_SETUP_START (I18nManager)
11-14 15:58:49.873  7172  7283 D Detox.RNMarker: CREATE_MODULE_START (I18nManager)
11-14 15:58:49.874  7172  7283 D Detox.RNMarker: CREATE_MODULE_END (I18nManager)
11-14 15:58:49.875  7172  7283 D Detox.RNMarker: NATIVE_MODULE_SETUP_END (I18nManager)
11-14 15:58:50.031  7172  7283 D Detox.RNMarker: NATIVE_MODULE_SETUP_START (RNViewShot)
11-14 15:58:50.031  7172  7283 D Detox.RNMarker: CREATE_MODULE_START (RNViewShot)
11-14 15:58:50.032  7172  7283 D Detox.RNMarker: CREATE_MODULE_END (RNViewShot)
11-14 15:58:50.032  7172  7283 D Detox.RNMarker: NATIVE_MODULE_SETUP_END (RNViewShot)
11-14 15:58:50.076  7172  7283 D Detox.RNMarker: NATIVE_MODULE_SETUP_START (RNCWebViewModule)
11-14 15:58:50.077  7172  7283 D Detox.RNMarker: CREATE_MODULE_START (RNCWebViewModule)
11-14 15:58:50.077  7172  7283 D Detox.RNMarker: CREATE_MODULE_END (RNCWebViewModule)
11-14 15:58:50.078  7172  7283 D Detox.RNMarker: NATIVE_MODULE_SETUP_END (RNCWebViewModule)
11-14 15:58:50.369  7172  7283 W ReactNativeJS: [Reanimated] Reduced motion setting is enabled on this device. This warning is visible only in the development mode. Some animations will be disabled by default. You can override the behavior for individual animations, see https://docs.swmansion.com/react-native-reanimated/docs/guides/troubleshooting#reduced-motion-setting-is-enabled-on-this-device.
11-14 15:58:50.372  7172  7283 D Detox.RNMarker: RUN_JS_BUNDLE_END (/index.ts.bundle?platform=android&dev=true&hot=false&transform.engine=hermes&transform.bytecode=1&transform.routerRoot=app&unstable_transformProfile=hermes-stable)
11-14 15:58:50.376  7172  7283 I ReactNativeJS: Running "main" with {"rootTag":11}
11-14 15:58:50.380  7172  7327 D TrafficStats: tagSocket(139) with statsTag=0xffffffff, statsUid=-1
11-14 15:58:50.438  7172  7283 D Detox.RNMarker: NATIVE_MODULE_SETUP_START (Appearance)
11-14 15:58:50.439  7172  7283 D Detox.RNMarker: NATIVE_MODULE_SETUP_END (Appearance)
11-14 15:58:50.485  7172  7283 D Detox.RNMarker: NATIVE_MODULE_SETUP_START (StatusBarManager)
11-14 15:58:50.485  7172  7283 D Detox.RNMarker: CREATE_MODULE_START (StatusBarManager)
11-14 15:58:50.486  7172  7283 D Detox.RNMarker: CREATE_MODULE_END (StatusBarManager)
11-14 15:58:50.487  7172  7283 D Detox.RNMarker: NATIVE_MODULE_SETUP_END (StatusBarManager)
11-14 15:58:50.579  7172  7284 D AutofillManager: Fill dialog is enabled:false, hints=[password, passwordAuto, creditCardNumber, creditCardSecurityCode, creditCardExpirationDate]
11-14 15:58:50.608  7172  7284 W unknown:ViewManagerPropertyUpdater: Could not find generated setter for class com.swmansion.rnscreens.ScreenStackHeaderConfigShadowNode
11-14 15:58:50.609  7172  7284 W unknown:ViewManagerPropertyUpdater: Could not find generated setter for class com.swmansion.rnscreens.ScreensShadowNode
11-14 15:58:50.657  7172  7265 D TrafficStats: tagSocket(182) with statsTag=0xffffffff, statsUid=-1
11-14 15:58:50.719  7172  7283 I ReactNativeJS: [METRIC] navigation_ready_ms=352ms {"initialRoute":"AuthLoading"}
11-14 15:58:50.722  7172  7283 D Detox.RNMarker: NATIVE_MODULE_SETUP_START (AccessibilityInfo)
11-14 15:58:50.722  7172  7283 D Detox.RNMarker: CREATE_MODULE_START (AccessibilityInfo)
11-14 15:58:50.724  7172  7283 D Detox.RNMarker: CREATE_MODULE_END (AccessibilityInfo)
11-14 15:58:50.726  7172  7283 D Detox.RNMarker: NATIVE_MODULE_SETUP_END (AccessibilityInfo)
11-14 15:58:50.729  7172  7283 D Detox.RNMarker: NATIVE_MODULE_SETUP_START (AccessibilityManager)
11-14 15:58:50.732  7172  7283 I ReactNativeJS: [METRIC] cold_start_first_render_ms=365ms {"platform":"android"}
11-14 15:58:50.741  7172  7240 W SurfaceComposerClient: Sync transaction timed out waiting for commit callback.
11-14 15:58:50.759  7172  7172 D DetoxRNLoading: Got new RN-context directly and immediately
11-14 15:58:50.759  7172  7231 W pp.seguritacapp: Long monitor contention with owner Instr: com.wix.detox.DetoxJUnitRunner (7207) at void com.wix.detox.DetoxMain.launchActivityOnCue(android.content.Context, com.wix.detox.ActivityLaunchHelper)(DetoxMain.kt:53) waiters=0 in void com.wix.detox.DetoxMain$setupActionHandlers$SynchronizedActionHandler.handle(java.lang.String, long) for 5.667s
11-14 15:58:50.762  7172  7172 W pp.seguritacapp: Accessing hidden method Landroid/os/MessageQueue;->next()Landroid/os/Message; (unsupported, reflection, allowed)
11-14 15:58:50.763  7172  7172 W pp.seguritacapp: Accessing hidden field Landroid/os/MessageQueue;->mMessages:Landroid/os/Message; (unsupported, reflection, allowed)
11-14 15:58:50.764  7172  7172 W pp.seguritacapp: Accessing hidden method Landroid/os/Message;->recycleUnchecked()V (unsupported, reflection, allowed)
11-14 15:58:50.765  7172  7172 I Detox   : Wait is over: App is now idle!
11-14 15:58:50.765  7172  7231 I DetoxWSClient: Sending out action 'ready' (ID #-1000)
11-14 15:58:50.765  7172  7231 I DetoxDispatcher: Done with action 'isReady'
11-14 15:58:50.824  7172  7283 I ReactNativeJS: 📱 Dispositivo conectado - sincronizando datos
11-14 15:58:50.855  7172  7283 I ReactNativeJS: ✅ Red de Firestore habilitada
11-14 15:58:50.855  7172  7283 I ReactNativeJS: ✅ Red de Firestore habilitada
11-14 15:58:50.856  7172  7283 I ReactNativeJS: 📱 Dispositivo conectado - sincronizando datos
11-14 15:58:50.856  7172  7283 I ReactNativeJS: 📱 Dispositivo conectado - sincronizando d