11-14 17:06:14.994  4358  4942 D Detox.RNMarker: NATIVE_MODULE_SETUP_END (Timing)
11-14 17:06:14.997  4358  4977 D Detox.RNMarker: NATIVE_MODULE_SETUP_START (HeadlessJsTaskSupport)
11-14 17:06:14.997  4358  4977 D Detox.RNMarker: CREATE_MODULE_START (HeadlessJsTaskSupport)
11-14 17:06:14.998  4358  4977 D Detox.RNMarker: CREATE_MODULE_END (HeadlessJsTaskSupport)
11-14 17:06:15.000  4358  4977 D Detox.RNMarker: NATIVE_MODULE_SETUP_END (HeadlessJsTaskSupport)
11-14 17:06:15.009  4358  4977 D Detox.RNMarker: NATIVE_MODULE_SETUP_START (PlatformConstants)
11-14 17:06:15.010  4358  4977 D Detox.RNMarker: CREATE_MODULE_START (PlatformConstants)
11-14 17:06:15.010  4358  4977 D Detox.RNMarker: CREATE_MODULE_END (PlatformConstants)
11-14 17:06:15.016  4358  4977 D Detox.RNMarker: NATIVE_MODULE_SETUP_END (PlatformConstants)
11-14 17:06:15.024  4358  4977 D Detox.RNMarker: NATIVE_MODULE_SETUP_START (SourceCode)
11-14 17:06:15.024  4358  4977 D Detox.RNMarker: CREATE_MODULE_START (SourceCode)
11-14 17:06:15.024  4358  4977 D Detox.RNMarker: CREATE_MODULE_END (SourceCode)
11-14 17:06:15.026  4358  4977 D Detox.RNMarker: NATIVE_MODULE_SETUP_END (SourceCode)
11-14 17:06:15.028  4358  4977 D Detox.RNMarker: NATIVE_MODULE_SETUP_START (DeviceInfo)
11-14 17:06:15.033  4358  4977 D Detox.RNMarker: NATIVE_MODULE_SETUP_END (DeviceInfo)
11-14 17:06:15.041  4358  4977 D Detox.RNMarker: NATIVE_MODULE_SETUP_START (UIManager)
11-14 17:06:15.076  4358  4942 D Detox.RNMarker: NATIVE_MODULE_SETUP_START (DevToolsSettingsManager)
11-14 17:06:15.078  4358  4942 D Detox.RNMarker: CREATE_MODULE_START (DevToolsSettingsManager)
11-14 17:06:15.079  4358  4942 D Detox.RNMarker: CREATE_MODULE_END (DevToolsSettingsManager)
11-14 17:06:15.080  4358  4942 D Detox.RNMarker: NATIVE_MODULE_SETUP_END (DevToolsSettingsManager)
11-14 17:06:15.082  4358  4942 D Detox.RNMarker: NATIVE_MODULE_SETUP_START (AppState)
11-14 17:06:15.085  4358  4942 D Detox.RNMarker: CREATE_MODULE_START (AppState)
11-14 17:06:15.086  4358  4942 D Detox.RNMarker: CREATE_MODULE_END (AppState)
11-14 17:06:15.087  4358  4942 D Detox.RNMarker: NATIVE_MODULE_SETUP_END (AppState)
11-14 17:06:15.093  4358  4942 D Detox.RNMarker: NATIVE_MODULE_SETUP_START (BlobModule)
11-14 17:06:15.094  4358  4942 D Detox.RNMarker: CREATE_MODULE_START (BlobModule)
11-14 17:06:15.095  4358  4942 D Detox.RNMarker: CREATE_MODULE_END (BlobModule)
11-14 17:06:15.096  4358  4942 D Detox.RNMarker: NATIVE_MODULE_SETUP_END (BlobModule)
11-14 17:06:15.104  4358  4942 D Detox.RNMarker: NATIVE_MODULE_SETUP_START (WebSocketModule)
11-14 17:06:15.104  4358  4942 D Detox.RNMarker: CREATE_MODULE_START (WebSocketModule)
11-14 17:06:15.105  4358  4942 D Detox.RNMarker: CREATE_MODULE_END (WebSocketModule)
11-14 17:06:15.106  4358  4942 D Detox.RNMarker: NATIVE_MODULE_SETUP_END (WebSocketModule)
11-14 17:06:15.120  4358  4942 D Detox.RNMarker: NATIVE_MODULE_SETUP_START (Networking)
11-14 17:06:15.120  4358  4942 D Detox.RNMarker: CREATE_MODULE_START (Networking)
11-14 17:06:15.131  4358  4942 D Detox.RNMarker: CREATE_MODULE_END (Networking)
11-14 17:06:15.132  4358  4942 D Detox.RNMarker: NATIVE_MODULE_SETUP_END (Networking)
11-14 17:06:15.133  4358  4977 D Detox.RNMarker: NATIVE_MODULE_SETUP_END (UIManager)
11-14 17:06:15.139  4358  4943 I WebViewFactory: Loading com.google.android.webview version 113.0.5672.136 (code 567263637)
11-14 17:06:15.141  4358  4942 D Detox.RNMarker: NATIVE_MODULE_SETUP_START (RedBox)
11-14 17:06:15.152  4358  4977 D Detox.RNMarker: NATIVE_MODULE_SETUP_START (DeviceEventManager)
11-14 17:06:15.152  4358  4977 D Detox.RNMarker: CREATE_MODULE_START (DeviceEventManager)
11-14 17:06:15.152  4358  4977 D Detox.RNMarker: CREATE_MODULE_END (DeviceEventManager)
11-14 17:06:15.153  4358  4977 D Detox.RNMarker: NATIVE_MODULE_SETUP_END (DeviceEventManager)
11-14 17:06:15.156  4358  4977 D Detox.RNMarker: NATIVE_MODULE_SETUP_START (RNSModule)
11-14 17:06:15.175  4358  4977 D Detox.RNMarker: NATIVE_MODULE_SETUP_START (NativeAnimatedModule)
11-14 17:06:15.175  4358  4977 D Detox.RNMarker: CREATE_MODULE_START (NativeAnimatedModule)
11-14 17:06:15.176  4358  4943 W ziparchive: Unable to open '/data/app/~~GF3sgbtUPPVPvlD-HIHEbA==/com.google.android.trichromelibrary_567263637-22iZ0w3MreuMLf5gql85aw==/TrichromeLibrary.dm': No such file or directory
11-14 17:06:15.177  4358  4943 W ziparchive: Unable to open '/data/app/~~GF3sgbtUPPVPvlD-HIHEbA==/com.google.android.trichromelibrary_567263637-22iZ0w3MreuMLf5gql85aw==/TrichromeLibrary.dm': No such file or directory
11-14 17:06:15.177  4358  4943 W pp.seguritacapp: Entry not found
11-14 17:06:15.178  4358  4977 D Detox.RNMarker: CREATE_MODULE_END (NativeAnimatedModule)
11-14 17:06:15.179  4358  4977 D Detox.RNMarker: NATIVE_MODULE_SETUP_END (NativeAnimatedModule)
11-14 17:06:15.193  4358  4943 D nativeloader: Configuring clns-10 for other apk /data/app/~~GF3sgbtUPPVPvlD-HIHEbA==/com.google.android.trichromelibrary_567263637-22iZ0w3MreuMLf5gql85aw==/TrichromeLibrary.apk. target_sdk_version=34, uses_libraries=ALL, library_path=/data/app/~~P0eE4KJGnEnI49AjPTtYDw==/com.google.android.webview-hBNshucvQHotKu2d2ABm3g==/lib/x86_64:/data/app/~~P0eE4KJGnEnI49AjPTtYDw==/com.google.android.webview-hBNshucvQHotKu2d2ABm3g==/WebViewGoogle.apk!/lib/x86_64:/data/app/~~GF3sgbtUPPVPvlD-HIHEbA==/com.google.android.trichromelibrary_567263637-22iZ0w3MreuMLf5gql85aw==/TrichromeLibrary.apk!/lib/x86_64, permitted_path=/data:/mnt/expand
11-14 17:06:15.196  4358  4942 D Detox.RNMarker: NATIVE_MODULE_SETUP_START (DevLoadingView)
11-14 17:06:15.196  4358  4942 D Detox.RNMarker: CREATE_MODULE_START (DevLoadingView)
11-14 17:06:15.197  4358  4942 D Detox.RNMarker: CREATE_MODULE_END (DevLoadingView)
11-14 17:06:15.212  4358  4942 D Detox.RNMarker: NATIVE_MODULE_SETUP_END (DevLoadingView)
11-14 17:06:15.232  4358  4942 D Detox.RNMarker: NATIVE_MODULE_SETUP_START (BugReporting)
11-14 17:06:15.237  4358  4942 D Detox.RNMarker: NATIVE_MODULE_SETUP_START (HeadlessJsTaskSupport)
11-14 17:06:15.237  4358  4942 D Detox.RNMarker: CREATE_MODULE_START (HeadlessJsTaskSupport)
11-14 17:06:15.238  4358  4942 D Detox.RNMarker: CREATE_MODULE_END (HeadlessJsTaskSupport)
11-14 17:06:15.239  4358  4942 D Detox.RNMarker: NATIVE_MODULE_SETUP_END (HeadlessJsTaskSupport)
11-14 17:06:15.241  4358  4943 D nativeloader: Configuring clns-11 for other apk /data/app/~~P0eE4KJGnEnI49AjPTtYDw==/com.google.android.webview-hBNshucvQHotKu2d2ABm3g==/WebViewGoogle.apk. target_sdk_version=34, uses_libraries=, library_path=/data/app/~~P0eE4KJGnEnI49AjPTtYDw==/com.google.android.webview-hBNshucvQHotKu2d2ABm3g==/lib/x86_64:/data/app/~~P0eE4KJGnEnI49AjPTtYDw==/com.google.android.webview-hBNshucvQHotKu2d2ABm3g==/WebViewGoogle.apk!/lib/x86_64:/data/app/~~GF3sgbtUPPVPvlD-HIHEbA==/com.google.android.trichromelibrary_567263637-22iZ0w3MreuMLf5gql85aw==/TrichromeLibrary.apk!/lib/x86_64, permitted_path=/data:/mnt/expand
11-14 17:06:15.268  4358  4942 D Detox.RNMarker: NATIVE_MODULE_SETUP_START (DeviceInfo)
11-14 17:06:15.268  4358  4942 D Detox.RNMarker: CREATE_MODULE_START (DeviceInfo)
11-14 17:06:15.269  4358  4942 D Detox.RNMarker: CREATE_MODULE_END (DeviceInfo)
11-14 17:06:15.278  4358  4942 D Detox.RNMarker: NATIVE_MODULE_SETUP_END (DeviceInfo)
11-14 17:06:15.295  4358  4942 D Detox.RNMarker: NATIVE_MODULE_SETUP_START (UIManager)
11-14 17:06:15.345  4358  4977 D Detox.RNMarker: NATIVE_MODULE_SETUP_START (SoundManager)
11-14 17:06:15.346  4358  4977 D Detox.RNMarker: CREATE_MODULE_START (SoundManager)
11-14 17:06:15.349  4358  4977 D Detox.RNMarker: CREATE_MODULE_END (SoundManager)
11-14 17:06:15.351  4358  4977 D Detox.RNMarker: NATIVE_MODULE_SETUP_END (SoundManager)
11-14 17:06:15.442  4358  4943 W pp.seguritacapp: Accessing hidden method Landroid/os/Trace;->isTagEnabled(J)Z (unsupported, reflection, allowed)
11-14 17:06:15.442  4358  4943 W pp.seguritacapp: Accessing hidden method Landroid/os/Trace;->traceBegin(JLjava/lang/String;)V (unsupported, reflection, allowed)
11-14 17:06:15.442  4358  4943 W pp.seguritacapp: Accessing hidden method Landroid/os/Trace;->traceEnd(J)V (unsupported, reflection, allowed)
11-14 17:06:15.442  4358  4943 W pp.seguritacapp: Accessing hidden method Landroid/os/Trace;->asyncTraceBegin(JLjava/lang/String;I)V (unsupported, reflection, allowed)
11-14 17:06:15.442  4358  4943 W pp.seguritacapp: Accessing hidden method Landroid/os/Trace;->asyncTraceEnd(JLjava/lang/String;I)V (unsupported, reflection, allowed)
11-14 17:06:15.469  4358  4943 I cr_WVCFactoryProvider: Loaded version=113.0.5672.136 minSdkVersion=29 isBundle=false multiprocess=true packageId=2
11-14 17:06:15.541  4358  5005 I cr_VariationsUtils: Failed reading seed file "/data/user/0/com.tuapp.seguritacapp/app_webview/variations_seed_new"
11-14 17:06:15.541  4358  5005 I cr_VariationsUtils: Failed reading seed file "/data/user/0/com.tuapp.seguritacapp/app_webview/variations_seed"
11-14 17:06:15.543  4358  5005 I cr_VariationsUtils: Requesting new seed from IVariationsSeedServer
11-14 17:06:15.604  4358  4977 D Detox.RNMarker: NATIVE_MODULE_SETUP_START (ImageLoader)
11-14 17:06:15.604  4358  4943 I cr_LibraryLoader: Successfully loaded native library
11-14 17:06:15.604  4358  4977 D Detox.RNMarker: CREATE_MODULE_START (ImageLoader)
11-14 17:06:15.605  4358  4977 D Detox.RNMarker: CREATE_MODULE_END (ImageLoader)
11-14 17:06:15.606  4358  4943 I cr_CachingUmaRecorder: Flushed 9 samples from 9 histograms.
11-14 17:06:15.607  4358  4977 D Detox.RNMarker: NATIVE_MODULE_SETUP_END (ImageLoader)
11-14 17:06:15.657  4358  4977 D Detox.RNMarker: NATIVE_MODULE_SETUP_START (EXDevLauncherExtension)
11-14 17:06:15.658  4358  4977 D Detox.RNMarker: NATIVE_MODULE_SETUP_END (EXDevLauncherExtension)
11-14 17:06:15.659  4358  4977 D Detox.RNMarker: NATIVE_MODULE_SETUP_START (NativeUnimoduleProxy)
11-14 17:06:15.715  4358  4977 I ExpoModulesCore: ✅ JSI interop was installed
11-14 17:06:15.716  4358  4977 I ExpoModulesCore: ✅ Constants were exported
11-14 17:06:15.717  4358  4977 D Detox.RNMarker: NATIVE_MODULE_SETUP_END (NativeUnimoduleProxy)
11-14 17:06:15.744  4358  4943 D CompatibilityChangeReporter: Compat change id reported: 289878283; UID 10192; state: ENABLED
11-14 17:06:15.747  4358  4977 D Detox.RNMarker: RUN_JS_BUNDLE_END (EXDevMenuApp.android.js)
11-14 17:06:15.755  4358  5011 D TrafficStats: tagSocket(178) with statsTag=0xffffffff, statsUid=-1
11-14 17:06:15.760  4358  4977 I ReactNativeJS: Running "main"
11-14 17:06:15.800  4358  4942 D Detox.RNMarker: NATIVE_MODULE_SETUP_END (UIManager)
11-14 17:06:15.820  4358  4977 D Detox.RNMarker: NATIVE_MODULE_SETUP_START (Timing)
11-14 17:06:15.820  4358  4977 D Detox.RNMarker: CREATE_MODULE_START (Timing)
11-14 17:06:15.821  4358  4977 D Detox.RNMarker: CREATE_MODULE_END (Timing)
11-14 17:06:15.821  4358  4977 D Detox.RNMarker: NATIVE_MODULE_SETUP_END (Timing)
11-14 17:06:15.832  4358  4942 D Detox.RNMarker: NATIVE_MODULE_SETUP_START (SoundManager)
11-14 17:06:15.833  4358  4942 D Detox.RNMarker: CREATE_MODULE_START (SoundManager)
11-14 17:06:15.833  4358  4942 D Detox.RNMarker: CREATE_MODULE_END (SoundManager)
11-14 17:06:15.833  4358  4942 D Detox.RNMarker: NATIVE_MODULE_SETUP_END (SoundManager)
11-14 17:06:15.842  4358  4977 D Detox.RNMarker: NATIVE_MODULE_SETUP_START (Appearance)
11-14 17:06:15.842  4358  4977 D Detox.RNMarker: CREATE_MODULE_START (Appearance)
11-14 17:06:15.842  4358  4977 D Detox.RNMarker: CREATE_MODULE_END (Appearance)
11-14 17:06:15.843  4358  4977 D Detox.RNMarker: NATIVE_MODULE_SETUP_END (Appearance)
11-14 17:06:15.851  4358  4942 D Detox.RNMarker: NATIVE_MODULE_SETUP_START (ImageLoader)
11-14 17:06:15.851  4358  4942 D Detox.RNMarker: CREATE_MODULE_START (ImageLoader)
11-14 17:06:15.851  4358  4942 D Detox.RNMarker: CREATE_MODULE_END (ImageLoader)
11-14 17:06:15.852  4358  4942 D Detox.RNMarker: NATIVE_MODULE_SETUP_END (ImageLoader)
11-14 17:06:15.855  4358  4942 D Detox.RNMarker: NATIVE_MODULE_SETUP_START (IntentAndroid)
11-14 17:06:15.856  4358  4942 D Detox.RNMarker: CREATE_MODULE_START (IntentAndroid)
11-14 17:06:15.856  4358  4942 D Detox.RNMarker: CREATE_MODULE_END (IntentAndroid)
11-14 17:06:15.857  4358  4942 D Detox.RNMarker: NATIVE_MODULE_SETUP_END (IntentAndroid)
11-14 17:06:15.858  4358  4942 D Detox.RNMarker: NATIVE_MODULE_SETUP_START (LinkingManager)
11-14 17:06:15.866  4358  4942 D Detox.RNMarker: NATIVE_MODULE_SETUP_START (DeviceEventManager)
11-14 17:06:15.866  4358  4942 D Detox.RNMarker: CREATE_MODULE_START (DeviceEventManager)
11-14 17:06:15.866  4358  4942 D Detox.RNMarker: CREATE_MODULE_END (DeviceEventManager)
11-14 17:06:15.867  4358  4942 D Detox.RNMarker: NATIVE_MODULE_SETUP_END (DeviceEventManager)
11-14 17:06:15.926  4358  4358 D Detox.RNMarker: CONTENT_APPEARED (main)
11-14 17:06:15.927  4358  4942 D Detox.RNMarker: NATIVE_MODULE_SETUP_START (ReanimatedModule)
11-14 17:06:15.927  4358  4942 D Detox.RNMarker: CREATE_MODULE_START (ReanimatedModule)
11-14 17:06:15.927  4358  4942 D Detox.RNMarker: CREATE_MODULE_END (ReanimatedModule)
11-14 17:06:15.929  4358  4942 D Detox.RNMarker: NATIVE_MODULE_SETUP_END (ReanimatedModule)
11-14 17:06:15.990  4358  4942 W pp.seguritacapp: CheckJNI: method to register "installJSIBindings" not in the given class. This is slow, consider changing your RegisterNatives calls.
11-14 17:06:15.992  4358  4942 D Detox.RNMarker: CREATE_MODULE_START (RNGestureHandlerModule)
11-14 17:06:15.994  4358  4942 D Detox.RNMarker: CREATE_MODULE_END (RNGestureHandlerModule)
11-14 17:06:16.037  4358  4800 D EGL_emulation: app_time_stats: avg=46.84ms min=5.56ms max=656.14ms count=23
11-14 17:06:16.052  4358  4977 D Detox.RNMarker: NATIVE_MODULE_SETUP_START (FrameRateLogger)
11-14 17:06:16.056  4358  4977 D Detox.RNMarker: NATIVE_MODULE_SETUP_START (KeyboardObserver)
11-14 17:06:16.253  4358  4792 W SurfaceComposerClient: Sync transaction timed out waiting for commit callback.
11-14 17:06:16.262  4358  4358 D DetoxRNLoading: Got new RN-context directly and immediately
11-14 17:06:16.263  4358  4780 W pp.seguritacapp: Long monitor contention with owner Instr: com.wix.detox.DetoxJUnitRunner (4538) at void com.wix.detox.DetoxMain.launchActivityOnCue(android.content.Context, com.wix.detox.ActivityLaunchHelper)(DetoxMain.kt:53) waiters=0 in void com.wix.detox.DetoxMain$setupActionHandlers$SynchronizedActionHandler.handle(java.lang.String, long) for 6.862s
11-14 17:06:16.271  4358  4358 W pp.seguritacapp: Accessing hidden method Landroid/os/MessageQueue;->next()Landroid/os/Message; (unsupported, reflection, allowed)
11-14 17:06:16.275  4358  4358 W pp.seguritacapp: Accessing hidden field Landroid/os/MessageQueue;->mMessages:Landroid/os/Message; (unsupported, reflection, allowed)
11-14 17:06:16.276  4358  4358 W pp.seguritacapp: Accessing hidden method Landroid/os/Message;->recycleUnchecked()V (unsupported, reflection, allowed)
11-14 17:06:16.279  4358  4358 I Detox   : Wait is over: App is now idle!
11-14 17:06:16.279  4358  4780 I DetoxWSClient: Sending out action 'ready' (ID #-1000)
11-14 17:06:16.280  4358  4780 I DetoxDispatcher: Done with action 'isReady'
11-14 17:06:16.342  4358  4369 I pp.seguritacapp: NativeAlloc concurrent copying GC freed 57159(2425KB) AllocSpace objects, 10(392KB) LOS objects, 49% free, 14MB/28MB, paused 4.142ms,853us total 195.723ms
11-14 17:06:16.523  4358  4358 D CompatibilityChangeReporter: Compat change id reported: 171228096; UID 10192; state: ENABLED
11-14 17:06:16.527  4358  4358 W pp.seguritacapp: Accessing hidden field Landroid/widget/ScrollView;->mScroller:Landroid/widget/OverScroller; (unsupported, reflection, allowed)
11-14 17:06:16.540  4358  4942 D Detox.RNMarker: NATIVE_MODULE_SETUP_START (NativeAnimatedModule)
11-14 17:06:16.540  4358  4942 D Detox.RNMarker: CREATE_MODULE_START (NativeAnimatedModule)
11-14 17:06:16.540  4358  4942 D Detox.RNMarker: CREATE_MODULE_END (NativeAnimatedModule)
11-14 17:06:16.543  4358  4942 D Detox.RNMarker: NATIVE_MODULE_SETUP_END (NativeAnimatedModule)
11-14 17:06:16.579  4358  4942 D Detox.RNMarker: NATIVE_MODULE_SETUP_START (FrameRateLogger)
11-14 17:06:16.584  4358  4942 D Detox.RNMarker: NATIVE_MODULE_SETUP_START (KeyboardObserver)
11-14 17:06:16.618  4358  4942 D Detox.RNMarker: NATIVE_MODULE_SETUP_START (ExpoModulesCore)
11-14 17:06:16.618  4358  4942 D Detox.RNMarker: NATIVE_MODULE_SETUP_END (ExpoModulesCore)
11-14 17:06:16.620  4358  4942 I ExpoModulesCore: ✅ JSI interop was installed
11-14 17:06:16.621  4358  4942 D Detox.RNMarker: NATIVE_MODULE_SETUP_START (NativeUnimoduleProxy)
11-14 17:06:16.621  4358  4942 W ExpoModulesCore: ⚠️ JSI interop was already installed
11-14 17:06:16.633  4358  4942 I expo-notifications: NotificationsEmitter.onNotificationResponseIntentReceived:
11-14 17:06:16.633  4358  4942 I expo-notifications: actionIdentifier: expo.modules.notifications.actions.DEFAULT
11-14 17:06:16.633  4358  4942 I expo-notifications: notification
11-14 17:06:16.633  4358  4942 I expo-notifications:   date: 0
11-14 17:06:16.633  4358  4942 I expo-notifications:   request
11-14 17:06:16.633  4358  4942 I expo-notifications:     identifier: (null)
11-14 17:06:16.633  4358  4942 I expo-notifications:     trigger
11-14 17:06:16.633  4358  4942 I expo-notifications:       type: push
11-14 17:06:16.633  4358  4942 I expo-notifications:       channelId: (null)
11-14 17:06:16.633  4358  4942 I expo-notifications:     content
11-14 17:06:16.633  4358  4942 I expo-notifications:       data
11-14 17:06:16.633  4358  4942 I expo-notifications:         launchArgs
11-14 17:06:16.633  4358  4942 I expo-notifications:           detoxURLOverride: seguridadciudadanaapp://expo-development-client/?url=http%3A%2F%2F10.0.2.2%3A8081&role=ciudadano&disableBypass=1
11-14 17:06:16.633  4358  4942 I expo-notifications:           detoxServer: ws://localhost:61669
11-14 17:06:16.633  4358  4942 I expo-notifications:           detoxSessionId: 1841dcf5-5d6f-9463-606e-921dae315ac9
11-14 17:06:16.633  4358  4942 I expo-notifications:           detoxEnableSynchronization: 0
11-14 17:06:16.633  4358  4942 I expo-notifications:       title: (null)
11-14 17:06:16.643  4358  4942 I ExpoModulesCore: ✅ Constants were exported
11-14 17:06:16.644  4358  4942 D Detox.RNMarker: NATIVE_MODULE_SETUP_END (NativeUnimoduleProxy)
11-14 17:06:16.653  4358  4942 D Detox.RNMarker: NATIVE_MODULE_SETUP_START (EXDevLauncher)
11-14 17:06:16.660  4358  4942 D Detox.RNMarker: NATIVE_MODULE_SETUP_END (EXDevLauncher)
11-14 17:06:16.737  4358  5025 D OpenGLRenderer: --- Failed to create image decoder with message 'unimplemented'
11-14 17:06:16.740  4358  5025 D OpenGLRenderer: --- Failed to create image decoder with message 'unimplemented'
11-14 17:06:16.748  4358  5025 D OpenGLRenderer: --- Failed to create image decoder with message 'unimplemented'
11-14 17:06:16.749  4358  5025 D OpenGLRenderer: --- Failed to create image decoder with message 'unimplemented'
11-14 17:06:16.749  4358  5025 D OpenGLRenderer: --- Failed to create image decoder with message 'unimplemented'
11-14 17:06:16.749  4358  5025 D OpenGLRenderer: --- Failed to create image decoder with message 'unimplemented'
11-14 17:06:16.750  4358  5025 D OpenGLRenderer: --- Failed to create image decoder with message 'unimplemented'
11-14 17:06:16.750  4358  5025 D OpenGLRenderer: --- Failed to create image decoder with message 'unimplemented'
11-14 17:06:16.750  4358  5025 D OpenGLRenderer: --- Failed to create image decoder with message 'unimplemented'
11-14 17:06:16.750  4358  5025 D OpenGLRenderer: --- Failed to create image decoder with message 'unimplemented'
11-14 17:06:16.750  4358  5025 D OpenGLRenderer: --- Failed to create image decoder with message 'unimplemented'
11-14 17:06:16.751  4358  5025 D OpenGLRenderer: --- Failed to create image decoder with message 'unimplemented'
11-14 17:06:16.751  4358  5016 D OpenGLRenderer: --- Failed to create image decoder with message 'unimplemented'
11-14 17:06:16.751  4358  5016 D OpenGLRenderer: --- Failed to create image decoder with message 'unimplemented'
11-14 17:06:16.752  4358  5016 D OpenGLRenderer: --- Failed to create image decoder with message 'unimplemented'
11-14 17:06:16.752  4358  5016 D OpenGLRenderer: --- Failed to create image decoder with message 'unimplemented'
11-14 17:06:16.752  4358  5016 D OpenGLRenderer: --- Failed to create image decoder with message 'unimplemented'
11-14 17:06:16.752  4358  5016 D OpenGLRenderer: --- Failed to create image decoder with message 'unimplemented'
11-14 17:06:16.753  4358  5016 D OpenGLRenderer: --- Failed to create image decoder with message 'unimplemented'
11-14 17:06:16.753  4358  5016 D OpenGLRenderer: --- Failed to create image decoder with message 'unimplemented'
11-14 17:06:16.754  4358  5016 W unknown:ProgressiveDecoder: unknown image format, {uri: res:/2131623938, firstEncodedBytes: 03000800C00100000100, length: 448}
11-14 17:06:16.757  4358  4358 D AutofillManager: notifyViewEnteredForFillDialog:1073741825
11-14 17:06:16.761  4358  4942 D Detox.RNMarker: NATIVE_MODULE_SETUP_START (RNCSafeAreaContext)
11-14 17:06:16.762  4358  4942 D Detox.RNMarker: CREATE_MODULE_START (RNCSafeAreaContext)
11-14 17:06:16.762  4358  4942 D Detox.RNMarker: CREATE_MODULE_END (RNCSafeAreaContext)
11-14 17:06:16.763  4358  4942 D Detox.RNMarker: NATIVE_MODULE_SETUP_END (RNCSafeAreaContext)
11-14 17:06:16.798  4358  4942 D Detox.RNMarker: NATIVE_MODULE_SETUP_START (RNSModule)
11-14 17:06:16.799  4358  4942 D Detox.RNMarker: CREATE_MODULE_START (RNSModule)
11-14 17:06:16.811  4358  4942 D Detox.RNMarker: CREATE_MODULE_END (RNSModule)
11-14 17:06:17.144  4358  4942 D Detox.RNMarker: NATIVE_MODULE_SETUP_START (RNCNetInfo)
11-14 17:06:17.144  4358  4942 D Detox.RNMarker: NATIVE_MODULE_SETUP_END (RNCNetInfo)
11-14 17:06:17.152  4358  4942 W ReactNativeJS: '[2025-11-14T17:06:17.148Z]  @firebase/auth:', 'Auth (11.9.0): \nYou are initializing Firebase Auth for React Native without providing\nAsyncStorage. Auth state will default to memory persistence and will not\npersist between sessions. In order to persist auth state, install the package\n"@react-native-async-storage/async-storage" and provide it to\ninitializeAuth:\n\nimport { initializeAuth, getReactNativePersistence } from \'firebase/auth\';\nimport ReactNativeAsyncStorage from \'@react-native-async-storage/async-storage\';\nconst auth = initializeAuth(app, {\n  persistence: getReactNativePersistence(ReactNativeAsyncStorage)\n});\n'
11-14 17:06:17.172  4358  4942 I ReactNativeJS: ✅ Firestore inicializado con configuración básica
11-14 17:06:17.180  4358  4942 I ReactNativeJS: ✅ Firebase inicializado correctamente
11-14 17:06:17.181  4358  4942 I ReactNativeJS: '📱 Proyecto:', 'seguritacapp'
11-14 17:06:17.188  4358  4942 D Detox.RNMarker: NATIVE_MODULE_SETUP_START (PlatformLocalStorage)
11-14 17:06:17.188  4358  4942 D Detox.RNMarker: NATIVE_MODULE_SETUP_START (RNC_AsyncSQLiteDBStorage)
11-14 17:06:17.188  4358  4942 D Detox.RNMarker: NATIVE_MODULE_SETUP_START (RNCAsyncStorage)
11-14 17:06:17.189  4358  4942 D Detox.RNMarker: CREATE_MODULE_START (RNCAsyncStorage)
11-14 17:06:17.190  4358  4942 V AsyncStorageExpoMigration: No scoped database found
11-14 17:06:17.191  4358  4942 D Detox.RNMarker: CREATE_MODULE_END (RNCAsyncStorage)
11-14 17:06:17.192  4358  4942 D Detox.RNMarker: NATIVE_MODULE_SETUP_END (RNCAsyncStorage)
11-14 17:06:17.284  4358  4942 D Detox.RNMarker: NATIVE_MODULE_SETUP_START (RNVectorIconsManager)
11-14 17:06:17.284  4358  4942 D Detox.RNMarker: NATIVE_MODULE_SETUP_START (RNVectorIconsModule)
11-14 17:06:17.288  4358  4942 D Detox.RNMarker: NATIVE_MODULE_SETUP_START (RNVectorIconsManager)
11-14 17:06:17.288  4358  4942 D Detox.RNMarker: NATIVE_MODULE_SETUP_START (RNVectorIconsModule)
11-14 17:06:17.432  4358  4942 D Detox.RNMarker: NATIVE_MODULE_SETUP_START (I18nManager)
11-14 17:06:17.433  4358  4942 D Detox.RNMarker: CREATE_MODULE_START (I18nManager)
11-14 17:06:17.433  4358  4942 D Detox.RNMarker: CREATE_MODULE_END (I18nManager)
11-14 17:06:17.435  4358  4942 D Detox.RNMarker: NATIVE_MODULE_SETUP_END (I18nManager)
11-14 17:06:17.605  4358  4942 D Detox.RNMarker: NATIVE_MODULE_SETUP_START (RNViewShot)
11-14 17:06:17.605  4358  4942 D Detox.RNMarker: CREATE_MODULE_START (RNViewShot)
11-14 17:06:17.607  4358  4942 D Detox.RNMarker: CREATE_MODULE_END (RNViewShot)
11-14 17:06:17.608  4358  4942 D Detox.RNMarker: NATIVE_MODULE_SETUP_END (RNViewShot)
11-14 17:06:17.732  4358  4942 D Detox.RNMarker: NATIVE_MODULE_SETUP_START (RNCWebViewModule)
11-14 17:06:17.732  4358  4942 D Detox.RNMarker: CREATE_MODULE_START (RNCWebViewModule)
11-14 17:06:17.735  4358  4942 D Detox.RNMarker: CREATE_MODULE_END (RNCWebViewModule)
11-14 17:06:17.735  4358  4942 D Detox.RNMarker: NATIVE_MODULE_SETUP_END (RNCWebViewModule)
11-14 17:06:18.232  4358  4942 W ReactNativeJS: [Reanimated] Reduced motion setting is enabled on this device. This warning is visible only in the development mode. Some animations will be disabled by default. You can override the behavior for individual animations, see https://docs.swmansion.com/react-native-reanimated/docs/guides/troubleshooting#reduced-motion-setting-is-enabled-on-this-device.
11-14 17:06:18.238  4358  4942 D Detox.RNMarker: RUN_JS_BUNDLE_END (/index.ts.bundle?platform=android&dev=true&hot=false&transform.engine=hermes&transform.bytecode=1&transform.routerRoot=app&unstable_transformProfile=hermes-stable)
11-14 17:06:18.245  4358  4942 I ReactNativeJS: Running "main" with {"rootTag":11}
11-14 17:06:18.246  4358  5041 D TrafficStats: tagSocket(138) with statsTag=0xffffffff, statsUid=-1
11-14 17:06:18.302  4358  4800 D EGL_emulation: app_time_stats: avg=372.00ms min=3.61ms max=1363.41ms count=6
11-14 17:06:18.337  4358  4942 D Detox.RNMarker: NATIVE_MODULE_SETUP_START (Appearance)
11-14 17:06:18.338  4358  4942 D Detox.RNMarker: NATIVE_MODULE_SETUP_END (Appearance)
11-14 17:06:18.414  4358  4942 D Detox.RNMarker: NATIVE_MODULE_SETUP_START (StatusBarManager)
11-14 17:06:18.414  4358  4942 D Detox.RNMarker: CREATE_MODULE_START (StatusBarManager)
11-14 17:06:18.415  4358  4942 D Detox.RNMarker: CREATE_MODULE_END (StatusBarManager)
11-14 17:06:18.419  4358  4942 D Detox.RNMarker: NATIVE_MODULE_SETUP_END (StatusBarManager)
11-14 17:06:18.606  4358  4943 D AutofillManager: Fill dialog is enabled:false, hints=[]
11-14 17:06:18.684  4358  4943 W unknown:ViewManagerPropertyUpdater: Could not find generated setter for class com.swmansion.rnscreens.ScreenStackHeaderConfigShadowNode
11-14 17:06:18.692  4358  4943 W unknown:ViewManagerPropertyUpdater: Could not find generated setter for class com.swmansion.rnscreens.ScreensShadowNode
11-14 17:06:18.697  4358  4808 D TrafficStats: tagSocket(166) with statsTag=0xffffffff, statsUid=-1
11-14 17:06:18.773  4358  4942 I ReactNativeJS: [METRIC] navigation_ready_ms=549ms {"initialRoute":"AuthLoading"}
11-14 17:06:18.776  4358  4942 D Detox.RNMarker: NATIVE_MODULE_SETUP_START (AccessibilityInfo)
11-14 17:06:18.776  4358  4942 D Detox.RNMarker: CREATE_MODULE_START (AccessibilityInfo)
11-14 17:06:18.777  4358  4942 D Detox.RNMarker: CREATE_MODULE_END (AccessibilityInfo)
11-14 17:06:18.777  4358  4942 D Detox.RNMarker: NATIVE_MODULE_SETUP_END (AccessibilityInfo)
11-14 17:06:18.778  4358  4942 D Detox.RNMarker: NATIVE_MODULE_SETUP_START (AccessibilityManager)
11-14 17:06:18.780  4358  4942 I ReactNativeJS: [METRIC] cold_start_first_render_ms=556ms {"platform":"android"}
11-14 17:06:19.013  4358  4942 I ReactNativeJS: 📱 Dispositivo conectado - sincronizando datos
11-14 17:06:19.019  4358  4369 I pp.seguritacapp: NativeAlloc concurrent copying GC freed 63426(2653KB) AllocSpace objects, 12(240KB) LOS objects, 49% free, 14MB/29MB, paused 25us,18us total 199.393ms
11-14 17:06:19.076  4358  4942 I ReactNativeJS: ✅ Red de Firestore habilitada
11-14 17:06:19.108  4358  