--------- beginning of main
11-14 17:19:40.001  3805  4118 D DetoxWSClient: Received action 'invoke' (ID #2, params={"target":{"type":"Class","value":"com.wix.detox.espresso.DetoxAssertion"},"method":"waitForAssertMatcher","args":[{"type":"Invocation","value":{"target":{"type":"Class","value":"androidx.test.espresso.Espresso"},"method":"onView","args":[{"type":"Invocation","value":{"target":{"type":"Class","value":"com.wix.detox.espresso.DetoxMatcher"},"method":"matcherForTestId","args":["login-email",{"type":"boolean","value":false}]}}]}},{"type":"Invocation","value":{"target":{"type":"Class","value":"com.wix.detox.espresso.DetoxMatcher"},"method":"matcherForSufficientlyVisible","args":[{"type":"Integer","value":75}]}},{"type":"Double","value":90}]})
11-14 17:19:40.003  3805  4113 I DetoxDispatcher: Handling action 'invoke' (ID #2)...
11-14 17:19:40.021  3805  4113 D Detox   : class com.wix.detox.espresso.DetoxMatcher, matcherForTestId, [login-email, false]
11-14 17:19:40.056  3805  4113 D Detox   : class androidx.test.espresso.Espresso, onView, [(view.getTag() is "login-email" and view has effective visibility <VISIBLE>)]
11-14 17:19:40.060  3805  4113 D CompatibilityChangeReporter: Compat change id reported: 247079863; UID 10192; state: ENABLED
11-14 17:19:40.062  3805  4113 D Detox   : class com.wix.detox.espresso.DetoxMatcher, matcherForSufficientlyVisible, [75]
11-14 17:19:40.064  3805  4113 D Detox   : class com.wix.detox.espresso.DetoxAssertion, waitForAssertMatcher, [androidx.test.espresso.ViewInteraction@3148255, (view has effective visibility <VISIBLE> and view.getGlobalVisibleRect() covers at least <75> percent of the view's area), 90.0]
11-14 17:19:40.186  3805  3805 I ViewInteraction: Checking 'MatchesViewAssertion(Detox){viewMatcher=(view has effective visibility <VISIBLE> and view.getGlobalVisibleRect() covers at least <75> percent of the view's area)}' assertion on view (view.getTag() is "login-email" and view has effective visibility <VISIBLE>)
11-14 17:19:40.315  3805  3805 I ViewInteraction: Checking 'MatchesViewAssertion(Detox){viewMatcher=(view has effective visibility <VISIBLE> and view.getGlobalVisibleRect() covers at least <75> percent of the view's area)}' assertion on view (view.getTag() is "login-email" and view has effective visibility <VISIBLE>)
11-14 17:19:40.469  3805  3805 I ViewInteraction: Checking 'MatchesViewAssertion(Detox){viewMatcher=(view has effective visibility <VISIBLE> and view.getGlobalVisibleRect() covers at least <75> percent of the view's area)}' assertion on view (view.getTag() is "login-email" and view has effective visibility <VISIBLE>)
11-14 17:19:40.590  3805  3805 I ViewInteraction: Checking 'MatchesViewAssertion(Detox){viewMatcher=(view has effective visibility <VISIBLE> and view.getGlobalVisibleRect() covers at least <75> percent of the view's area)}' assertion on view (view.getTag() is "login-email" and view has effective visibility <VISIBLE>)
11-14 17:19:40.717  3805  3805 I ViewInteraction: Checking 'MatchesViewAssertion(Detox){viewMatcher=(view has effective visibility <VISIBLE> and view.getGlobalVisibleRect() covers at least <75> percent of the view's area)}' assertion on view (view.getTag() is "login-email" and view has effective visibility <VISIBLE>)
11-14 17:19:40.807  3805  3805 I ViewInteraction: Checking 'MatchesViewAssertion(Detox){viewMatcher=(view has effective visibility <VISIBLE> and view.getGlobalVisibleRect() covers at least <75> percent of the view's area)}' assertion on view (view.getTag() is "login-email" and view has effective visibility <VISIBLE>)
11-14 17:19:40.907  3805  3805 I ViewInteraction: Checking 'MatchesViewAssertion(Detox){viewMatcher=(view has effective visibility <VISIBLE> and view.getGlobalVisibleRect() covers at least <75> percent of the view's area)}' assertion on view (view.getTag() is "login-email" and view has effective visibility <VISIBLE>)
11-14 17:19:41.018  3805  3805 I ViewInteraction: Checking 'MatchesViewAssertion(Detox){viewMatcher=(view has effective visibility <VISIBLE> and view.getGlobalVisibleRect() covers at least <75> percent of the view's area)}' assertion on view (view.getTag() is "login-email" and view has effective visibility <VISIBLE>)
11-14 17:19:41.132  3805  3805 I ViewInteraction: Checking 'MatchesViewAssertion(Detox){viewMatcher=(view has effective visibility <VISIBLE> and view.getGlobalVisibleRect() covers at least <75> percent of the view's area)}' assertion on view (view.getTag() is "login-email" and view has effective visibility <VISIBLE>)
11-14 17:19:41.265  3805  3805 I ViewInteraction: Checking 'MatchesViewAssertion(Detox){viewMatcher=(view has effective visibility <VISIBLE> and view.getGlobalVisibleRect() covers at least <75> percent of the view's area)}' assertion on view (view.getTag() is "login-email" and view has effective visibility <VISIBLE>)
11-14 17:19:41.344  3805  3805 I ViewInteraction: Checking 'MatchesViewAssertion(Detox){viewMatcher=(view has effective visibility <VISIBLE> and view.getGlobalVisibleRect() covers at least <75> percent of the view's area)}' assertion on view (view.getTag() is "login-email" and view has effective visibility <VISIBLE>)
11-14 17:19:41.415  3805  3816 I pp.seguritacapp: Background young concurrent copying GC freed 295020(13MB) AllocSpace objects, 49(1700KB) LOS objects, 42% free, 17MB/31MB, paused 4.122ms,80us total 182.414ms
11-14 17:19:41.440  3805  3805 I ViewInteraction: Checking 'MatchesViewAssertion(Detox){viewMatcher=(view has effective visibility <VISIBLE> and view.getGlobalVisibleRect() covers at least <75> percent of the view's area)}' assertion on view (view.getTag() is "login-email" and view has effective visibility <VISIBLE>)
11-14 17:19:41.568  3805  3805 I ViewInteraction: Checking 'MatchesViewAssertion(Detox){viewMatcher=(view has effective visibility <VISIBLE> and view.getGlobalVisibleRect() covers at least <75> percent of the view's area)}' assertion on view (view.getTag() is "login-email" and view has effective visibility <VISIBLE>)
11-14 17:19:41.672  3805  3805 I ViewInteraction: Checking 'MatchesViewAssertion(Detox){viewMatcher=(view has effective visibility <VISIBLE> and view.getGlobalVisibleRect() covers at least <75> percent of the view's area)}' assertion on view (view.getTag() is "login-email" and view has effective visibility <VISIBLE>)
11-14 17:19:41.772  3805  3805 I ViewInteraction: Checking 'MatchesViewAssertion(Detox){viewMatcher=(view has effective visibility <VISIBLE> and view.getGlobalVisibleRect() covers at least <75> percent of the view's area)}' assertion on view (view.getTag() is "login-email" and view has effective visibility <VISIBLE>)
11-14 17:19:41.867  3805  3805 I ViewInteraction: Checking 'MatchesViewAssertion(Detox){viewMatcher=(view has effective visibility <VISIBLE> and view.getGlobalVisibleRect() covers at least <75> percent of the view's area)}' assertion on view (view.getTag() is "login-email" and view has effective visibility <VISIBLE>)
11-14 17:19:41.954  3805  3805 I ViewInteraction: Checking 'MatchesViewAssertion(Detox){viewMatcher=(view has effective visibility <VISIBLE> and view.getGlobalVisibleRect() covers at least <75> percent of the view's area)}' assertion on view (view.getTag() is "login-email" and view has effective visibility <VISIBLE>)
11-14 17:19:42.022  3805  3805 I ViewInteraction: Checking 'MatchesViewAssertion(Detox){viewMatcher=(view has effective visibility <VISIBLE> and view.getGlobalVisibleRect() covers at least <75> percent of the view's area)}' assertion on view (view.getTag() is "login-email" and view has effective visibility <VISIBLE>)
11-14 17:19:42.095  3805  3805 I ViewInteraction: Checking 'MatchesViewAssertion(Detox){viewMatcher=(view has effective visibility <VISIBLE> and view.getGlobalVisibleRect() covers at least <75> percent of the view's area)}' assertion on view (view.getTag() is "login-email" and view has effective visibility <VISIBLE>)
11-14 17:19:42.171  3805  3805 I ViewInteraction: Checking 'MatchesViewAssertion(Detox){viewMatcher=(view has effective visibility <VISIBLE> and view.getGlobalVisibleRect() covers at least <75> percent of the view's area)}' assertion on view (view.getTag() is "login-email" and view has effective visibility <VISIBLE>)
11-14 17:19:42.249  3805  3805 I ViewInteraction: Checking 'MatchesViewAssertion(Detox){viewMatcher=(view has effective visibility <VISIBLE> and view.getGlobalVisibleRect() covers at least <75> percent of the view's area)}' assertion on view (view.getTag() is "login-email" and view has effective visibility <VISIBLE>)
11-14 17:19:42.331  3805  3805 I ViewInteraction: Checking 'MatchesViewAssertion(Detox){viewMatcher=(view has effective visibility <VISIBLE> and view.getGlobalVisibleRect() covers at least <75> percent of the view's area)}' assertion on view (view.getTag() is "login-email" and view has effective visibility <VISIBLE>)
11-14 17:19:42.431  3805  3805 I ViewInteraction: Checking 'MatchesViewAssertion(Detox){viewMatcher=(view has effective visibility <VISIBLE> and view.getGlobalVisibleRect() covers at least <75> percent of the view's area)}' assertion on view (view.getTag() is "login-email" and view has effective visibility <VISIBLE>)
11-14 17:19:42.520  3805  3805 I ViewInteraction: Checking 'MatchesViewAssertion(Detox){viewMatcher=(view has effective visibility <VISIBLE> and view.getGlobalVisibleRect() covers at least <75> percent of the view's area)}' assertion on view (view.getTag() is "login-email" and view has effective visibility <VISIBLE>)
11-14 17:19:42.591  3805  3805 I ViewInteraction: Checking 'MatchesViewAssertion(Detox){viewMatcher=(view has effective visibility <VISIBLE> and view.getGlobalVisibleRect() covers at least <75> percent of the view's area)}' assertion on view (view.getTag() is "login-email" and view has effective visibility <VISIBLE>)
11-14 17:19:42.660  3805  3805 I ViewInteraction: Checking 'MatchesViewAssertion(Detox){viewMatcher=(view has effective visibility <VISIBLE> and view.getGlobalVisibleRect() covers at least <75> percent of the view's area)}' assertion on view (view.getTag() is "login-email" and view has effective visibility <VISIBLE>)
11-14 17:19:42.729  3805  3805 I ViewInteraction: Checking 'MatchesViewAssertion(Detox){viewMatcher=(view has effective visibility <VISIBLE> and view.getGlobalVisibleRect() covers at least <75> percent of the view's area)}' assertion on view (view.getTag() is "login-email" and view has effective visibility <VISIBLE>)
11-14 17:19:42.799  3805  3805 I ViewInteraction: Checking 'MatchesViewAssertion(Detox){viewMatcher=(view has effective visibility <VISIBLE> and view.getGlobalVisibleRect() covers at least <75> percent of the view's area)}' assertion on view (view.getTag() is "login-email" and view has effective visibility <VISIBLE>)
11-14 17:19:42.868  3805  3805 I ViewInteraction: Checking 'MatchesViewAssertion(Detox){viewMatcher=(view has effective visibility <VISIBLE> and view.getGlobalVisibleRect() covers at least <75> percent of the view's area)}' assertion on view (view.getTag() is "login-email" and view has effective visibility <VISIBLE>)
11-14 17:19:42.941  3805  3805 I ViewInteraction: Checking 'MatchesViewAssertion(Detox){viewMatcher=(view has effective visibility <VISIBLE> and view.getGlobalVisibleRect() covers at least <75> percent of the view's area)}' assertion on view (view.getTag() is "login-email" and view has effective visibility <VISIBLE>)
11-14 17:19:43.008  3805  3805 I ViewInteraction: Checking 'MatchesViewAssertion(Detox){viewMatcher=(view has effective visibility <VISIBLE> and view.getGlobalVisibleRect() covers at least <75> percent of the view's area)}' assertion on view (view.getTag() is "login-email" and view has effective visibility <VISIBLE>)
11-14 17:19:43.080  3805  3805 I ViewInteraction: Checking 'MatchesViewAssertion(Detox){viewMatcher=(view has effective visibility <VISIBLE> and view.getGlobalVisibleRect() covers at least <75> percent of the view's area)}' assertion on view (view.getTag() is "login-email" and view has effective visibility <VISIBLE>)
11-14 17:19:43.143  3805  3805 I ViewInteraction: Checking 'MatchesViewAssertion(Detox){viewMatcher=(view has effective visibility <VISIBLE> and view.getGlobalVisibleRect() covers at least <75> percent of the view's area)}' assertion on view (view.getTag() is "login-email" and view has effective visibility <VISIBLE>)
11-14 17:19:43.278  3805  3805 I ViewInteraction: Checking 'MatchesViewAssertion(Detox){viewMatcher=(view has effective visibility <VISIBLE> and view.getGlobalVisibleRect() covers at least <75> percent of the view's area)}' assertion on view (view.getTag() is "login-email" and view has effective visibility <VISIBLE>)
11-14 17:19:43.444  3805  3805 I ViewInteraction: Checking 'MatchesViewAssertion(Detox){viewMatcher=(view has effective visibility <VISIBLE> and view.getGlobalVisibleRect() covers at least <75> percent of the view's area)}' assertion on view (view.getTag() is "login-email" and view has effective visibility <VISIBLE>)
11-14 17:19:43.460  3805  3816 I pp.seguritacapp: Background young concurrent copying GC freed 259372(13MB) AllocSpace objects, 60(2160KB) LOS objects, 45% free, 16MB/31MB, paused 821us,94us total 101.564ms
11-14 17:19:43.517  3805  3805 I ViewInteraction: Checking 'MatchesViewAssertion(Detox){viewMatcher=(view has effective visibility <VISIBLE> and view.getGlobalVisibleRect() covers at least <75> percent of the view's area)}' assertion on view (view.getTag() is "login-email" and view has effective visibility <VISIBLE>)
11-14 17:19:43.588  3805  3805 I ViewInteraction: Checking 'MatchesViewAssertion(Detox){viewMatcher=(view has effective visibility <VISIBLE> and view.getGlobalVisibleRect() covers at least <75> percent of the view's area)}' assertion on view (view.getTag() is "login-email" and view has effective visibility <VISIBLE>)
11-14 17:19:43.660  3805  3805 I ViewInteraction: Checking 'MatchesViewAssertion(Detox){viewMatcher=(view has effective visibility <VISIBLE> and view.getGlobalVisibleRect() covers at least <75> percent of the view's area)}' assertion on view (view.getTag() is "login-email" and view has effective visibility <VISIBLE>)
11-14 17:19:43.740  3805  3805 I ViewInteraction: Checking 'MatchesViewAssertion(Detox){viewMatcher=(view has effective visibility <VISIBLE> and view.getGlobalVisibleRect() covers at least <75> percent of the view's area)}' assertion on view (view.getTag() is "login-email" and view has effective visibility <VISIBLE>)
11-14 17:19:43.813  3805  3805 I ViewInteraction: Checking 'MatchesViewAssertion(Detox){viewMatcher=(view has effective visibility <VISIBLE> and view.getGlobalVisibleRect() covers at least <75> percent of the view's area)}' assertion on view (view.getTag() is "login-email" and view has effective visibility <VISIBLE>)
11-14 17:19:43.886  3805  3805 I ViewInteraction: Checking 'MatchesViewAssertion(Detox){viewMatcher=(view has effective visibility <VISIBLE> and view.getGlobalVisibleRect() covers at least <75> percent of the view's area)}' assertion on view (view.getTag() is "login-email" and view has effective visibility <VISIBLE>)
11-14 17:19:43.958  3805  3805 I ViewInteraction: Checking 'MatchesViewAssertion(Detox){viewMatcher=(view has effective visibility <VISIBLE> and view.getGlobalVisibleRect() covers at least <75> percent of the view's area)}' assertion on view (view.getTag() is "login-email" and view has effective visibility <VISIBLE>)
11-14 17:19:44.055  3805  3805 I ViewInteraction: Checking 'MatchesViewAssertion(Detox){viewMatcher=(view has effective visibility <VISIBLE> and view.getGlobalVisibleRect() covers at least <75> percent of the view's area)}' assertion on view (view.getTag() is "login-email" and view has effective visibility <VISIBLE>)
11-14 17:19:44.149  3805  3805 I ViewInteraction: Checking 'MatchesViewAssertion(Detox){viewMatcher=(view has effective visibility <VISIBLE> and view.getGlobalVisibleRect() covers at least <75> percent of the view's area)}' assertion on view (view.getTag() is "login-email" and view has effective visibility <VISIBLE>)
11-14 17:19:44.227  3805  3805 I ViewInteraction: Checking 'MatchesViewAssertion(Detox){viewMatcher=(view has effective visibility <VISIBLE> and view.getGlobalVisibleRect() covers at least <75> percent of the view's area)}' assertion on view (view.getTag() is "login-email" and view has effective visibility <VISIBLE>)
11-14 17:19:44.314  3805  3805 I ViewInteraction: Checking 'MatchesViewAssertion(Detox){viewMatcher=(view has effective visibility <VISIBLE> and view.getGlobalVisibleRect() covers at least <75> percent of the view's area)}' assertion on view (view.getTag() is "login-email" and view has effective visibility <VISIBLE>)
11-14 17:19:44.430  3805  3805 I ViewInteraction: Checking 'MatchesViewAssertion(Detox){viewMatcher=(view has effective visibility <VISIBLE> and view.getGlobalVisibleRect() covers at least <75> percent of the view's area)}' assertion on view (view.getTag() is "login-email" and view has effective visibility <VISIBLE>)
11-14 17:19:44.435  3805  3816 I pp.seguritacapp: Background young concurrent copying GC freed 250423(12MB) AllocSpace objects, 58(2080KB) LOS objects, 45% free, 17MB/31MB, paused 14.030ms,291us total 75.510ms
11-14 17:19:44.509  3805  3805 I ViewInteraction: Checking 'MatchesViewAssertion(Detox){viewMatcher=(view has effective visibility <VISIBLE> and view.getGlobalVisibleRect() covers at least <75> percent of the view's area)}' assertion on view (view.getTag() is "login-email" and view has effective visibility <VISIBLE>)
11-14 17:19:44.591  3805  3805 I ViewInteraction: Checking 'MatchesViewAssertion(Detox){viewMatcher=(view has effective visibility <VISIBLE> and view.getGlobalVisibleRect() covers at least <75> percent of the view's area)}' assertion on view (view.getTag() is "login-email" and view has effective visibility <VISIBLE>)
11-14 17:19:44.677  3805  3805 I ViewInteraction: Checking 'MatchesViewAssertion(Detox){viewMatcher=(view has effective visibility <VISIBLE> and view.getGlobalVisibleRect() covers at least <75> percent of the view's area)}' assertion on view (view.getTag() is "login-email" and view has effective visibility <VISIBLE>)
11-14 17:19:44.749  3805  3805 I ViewInteraction: Checking 'MatchesViewAssertion(Detox){viewMatcher=(view has effective visibility <VISIBLE> and view.getGlobalVisibleRect() covers at least <75> percent of the view's area)}' assertion on view (view.getTag() is "login-email" and view has effective visibility <VISIBLE>)
11-14 17:19:44.810  3805  3805 I ViewInteraction: Checking 'MatchesViewAssertion(Detox){viewMatcher=(view has effective visibility <VISIBLE> and view.getGlobalVisibleRect() covers at least <75> percent of the view's area)}' assertion on view (view.getTag() is "login-email" and view has effective visibility <VISIBLE>)
11-14 17:19:44.866  3805  3805 I ViewInteraction: Checking 'MatchesViewAssertion(Detox){viewMatcher=(view has effective visibility <VISIBLE> and view.getGlobalVisibleRect() covers at least <75> percent of the view's area)}' assertion on view (view.getTag() is "login-email" and view has effective visibility <VISIBLE>)
11-14 17:19:44.923  3805  3805 I ViewInteraction: Checking 'MatchesViewAssertion(Detox){viewMatcher=(view has effective visibility <VISIBLE> and view.getGlobalVisibleRect() covers at least <75> percent of the view's area)}' assertion on view (view.getTag() is "login-email" and view has effective visibility <VISIBLE>)
11-14 17:19:44.984  3805  3805 I ViewInteraction: Checking 'MatchesViewAssertion(Detox){viewMatcher=(view has effective visibility <VISIBLE> and view.getGlobalVisibleRect() covers at least <75> percent of the view's area)}' assertion on view (view.getTag() is "login-email" and view has effective visibility <VISIBLE>)
11-14 17:19:45.052  3805  3805 I ViewInteraction: Checking 'MatchesViewAssertion(Detox){viewMatcher=(view has effective visibility <VISIBLE> and view.getGlobalVisibleRect() covers at least <75> percent of the view's area)}' assertion on view (view.getTag() is "login-email" and view has effective visibility <VISIBLE>)
11-14 17:19:45.116  3805  3805 I ViewInteraction: Checking 'MatchesViewAssertion(Detox){viewMatcher=(view has effective visibility <VISIBLE> and view.getGlobalVisibleRect() covers at least <75> percent of the view's area)}' assertion on view (view.getTag() is "login-email" and view has effective visibility <VISIBLE>)
11-14 17:19:45.175  3805  3805 I ViewInteraction: Checking 'MatchesViewAssertion(Detox){viewMatcher=(view has effective visibility <VISIBLE> and view.getGlobalVisibleRect() covers at least <75> percent of the view's area)}' assertion on view (view.getTag() is "login-email" and view has effective visibility <VISIBLE>)
11-14 17:19:45.244  3805  3805 I ViewInteraction: Checking 'MatchesViewAssertion(Detox){viewMatcher=(view has effective visibility <VISIBLE> and view.getGlobalVisibleRect() covers at least <75> percent of the view's area)}' assertion on view (view.getTag() is "login-email" and view has effective visibility <VISIBLE>)
11-14 17:19:45.309  3805  3805 I ViewInteraction: Checking 'MatchesViewAssertion(Detox){viewMatcher=(view has effective visibility <VISIBLE> and view.getGlobalVisibleRect() covers at least <75> percent of the view's area)}' assertion on view (view.getTag() is "login-email" and view has effective visibility <VISIBLE>)
11-14 17:19:45.383  3805  3805 I ViewInteraction: Checking 'MatchesViewAssertion(Detox){viewMatcher=(view has effective visibility <VISIBLE> and view.getGlobalVisibleRect() covers at least <75> percent of the view's area)}' assertion on view (view.getTag() is "login-email" and view has effective visibility <VISIBLE>)
11-14 17:19:45.441  3805  3805 I ViewInteraction: Checking 'MatchesViewAssertion(Detox){viewMatcher=(view has effective visibility <VISIBLE> and view.getGlobalVisibleRect() covers at least <75> percent of the view's area)}' assertion on view (view.getTag() is "login-email" and view has effective visibility <VISIBLE>)
11-14 17:19:45.505  3805  3805 I ViewInteraction: Checking 'MatchesViewAssertion(Detox){viewMatcher=(view has effective visibility <VISIBLE> and view.getGlobalVisibleRect() covers at least <75> percent of the view's area)}' assertion on view (view.getTag() is "login-email" and view has effective visibility <VISIBLE>)
11-14 17:19:45.572  3805  3805 I ViewInteraction: Checking 'MatchesViewAssertion(Detox){viewMatcher=(view has effective visibility <VISIBLE> and view.getGlobalVisibleRect() covers at least <75> percent of the view's area)}' assertion on view (view.getTag() is "login-email" and view has effective visibility <VISIBLE>)
11-14 17:19:45.646  3805  3805 I ViewInteraction: Checking 'MatchesViewAssertion(Detox){viewMatcher=(view has effective visibility <VISIBLE> and view.getGlobalVisibleRect() covers at least <75> percent of the view's area)}' assertion on view (view.getTag() is "login-email" and view has effective visibility <VISIBLE>)
11-14 17:19:45.728  3805  3805 I ViewInteraction: Checking 'MatchesViewAssertion(Detox){viewMatcher=(view has effective visibility <VISIBLE> and view.getGlobalVisibleRect() covers at least <75> percent of the view's area)}' assertion on view (view.getTag() is "login-email" and view has effective visibility <VISIBLE>)
11-14 17:19:45.794  3805  3805 I ViewInteraction: Checking 'MatchesViewAssertion(Detox){viewMatcher=(view has effective visibility <VISIBLE> and view.getGlobalVisibleRect() covers at least <75> percent of the view's area)}' assertion on view (view.getTag() is "login-email" and view has effective visibility <VISIBLE>)
11-14 17:19:45.862  3805  3805 I ViewInteraction: Checking 'MatchesViewAssertion(Detox){viewMatcher=(view has effective visibility <VISIBLE> and view.getGlobalVisibleRect() covers at least <75> percent of the view's area)}' assertion on view (view.getTag() is "login-email" and view has effective visibility <VISIBLE>)
11-14 17:19:45.934  3805  3805 I ViewInteraction: Checking 'MatchesViewAssertion(Detox){viewMatcher=(view has effective visibility <VISIBLE> and view.getGlobalVisibleRect() covers at least <75> percent of the view's area)}' assertion on view (view.getTag() is "login-email" and view has effective visibility <VISIBLE>)
11-14 17:19:45.997  3805  3805 I ViewInteraction: Checking 'MatchesViewAssertion(Detox){viewMatcher=(view has effective visibility <VISIBLE> and view.getGlobalVisibleRect() covers at least <75> percent of the view's area)}' assertion on view (view.getTag() is "login-email" and view has effective visibility <VISIBLE>)
11-14 17:19:46.055  3805  3805 I ViewInteraction: Checking 'MatchesViewAssertion(Detox){viewMatcher=(view has effective visibility <VISIBLE> and view.getGlobalVisibleRect() covers at least <75> percent of the view's area)}' assertion on view (view.getTag() is "login-email" and view has effective visibility <VISIBLE>)
11-14 17:19:46.127  3805  3805 I ViewInteraction: Checking 'MatchesViewAssertion(Detox){viewMatcher=(view has effective visibility <VISIBLE> and view.getGlobalVisibleRect() covers at least <75> percent of the view's area)}' assertion on view (view.getTag() is "login-email" and view has effective visibility <VISIBLE>)
11-14 17:19:46.187  3805  3805 I ViewInteraction: Checking 'MatchesViewAssertion(Detox){viewMatcher=(view has effective visibility <VISIBLE> and view.getGlobalVisibleRect() covers at least <75> percent of the view's area)}' assertion on view (view.getTag() is "login-email" and view has effective visibility <VISIBLE>)
11-14 17:19:46.261  3805  3805 I ViewInteraction: Checking 'MatchesViewAssertion(Detox){viewMatcher=(view has effective visibility <VISIBLE> and view.getGlobalVisibleRect() covers at least <75> percent of the view's area)}' assertion on view (view.getTag() is "login-email" and view has effective visibility <VISIBLE>)
11-14 17:19:46.319  3805  3805 I ViewInteraction: Checking 'MatchesViewAssertion(Detox){viewMatcher=(view has effective visibility <VISIBLE> and view.getGlobalVisibleRect() covers at least <75> percent of the view's area)}' assertion on view (view.getTag() is "login-email" and view has effective visibility <VISIBLE>)
11-14 17:19:46.377  3805  3805 I ViewInteraction: Checking 'MatchesViewAssertion(Detox){viewMatcher=(view has effective visibility <VISIBLE> and view.getGlobalVisibleRect() covers at least <75> percent of the view's area)}' assertion on view (view.getTag() is "login-email" and view has effective visibility <VISIBLE>)
11-14 17:19:46.460  3805  3805 I ViewInteraction: Checking 'MatchesViewAssertion(Detox){viewMatcher=(view has effective visibility <VISIBLE> and view.getGlobalVisibleRect() covers at least <75> percent of the view's area)}' assertion on view (view.getTag() is "login-email" and view has effective visibility <VISIBLE>)
11-14 17:19:46.530  3805  3805 I ViewInteraction: Checking 'MatchesViewAssertion(Detox){viewMatcher=(view has effective visibility <VISIBLE> and view.getGlobalVisibleRect() covers at least <75> percent of the view's area)}' assertion on view (view.getTag() is "login-email" and view has effective visibility <VISIBLE>)
11-14 17:19:46.605  3805  3805 I ViewInteraction: Checking 'MatchesViewAssertion(Detox){viewMatcher=(view has effective visibility <VISIBLE> and view.getGlobalVisibleRect() covers at least <75> percent of the view's area)}' assertion on view (view.getTag() is "login-email" and view has effective visibility <VISIBLE>)
11-14 17:19:46.676  3805  3805 I ViewInteraction: Checking 'MatchesViewAssertion(Detox){viewMatcher=(view has effective visibility <VISIBLE> and view.getGlobalVisibleRect() covers at least <75> percent of the view's area)}' assertion on view (view.getTag() is "login-email" and view has effective visibility <VISIBLE>)
11-14 17:19:46.758  3805  3805 I ViewInteraction: Checking 'MatchesViewAssertion(Detox){viewMatcher=(view has effective visibility <VISIBLE> and view.getGlobalVisibleRect() covers at least <75> percent of the view's area)}' assertion on view (view.getTag() is "login-email" and view has effective visibility <VISIBLE>)
11-14 17:19:46.849  3805  3805 I ViewInteraction: Checking 'MatchesViewAssertion(Detox){viewMatcher=(view has effective visibility <VISIBLE> and view.getGlobalVisibleRect() covers at least <75> percent of the view's area)}' assertion on view (view.getTag() is "login-email" and view has effective visibility <VISIBLE>)
11-14 17:19:46.939  3805  3805 I ViewInteraction: Checking 'MatchesViewAssertion(Detox){viewMatcher=(view has effective visibility <VISIBLE> and view.getGlobalVisibleRect() covers at least <75> percent of the view's area)}' assertion on view (view.getTag() is "login-email" and view has effective visibility <VISIBLE>)
11-14 17:19:47.006  3805  3805 I ViewInteraction: Checking 'MatchesViewAssertion(Detox){viewMatcher=(view has effective visibility <VISIBLE> and view.getGlobalVisibleRect() covers at least <75> percent of the view's area)}' assertion on view (view.getTag() is "login-email" and view has effective visibility <VISIBLE>)
11-14 17:19:47.069  3805  3805 I ViewInteraction: Checking 'MatchesViewAssertion(Detox){viewMatcher=(view has effective visibility <VISIBLE> and view.getGlobalVisibleRect() covers at least <75> percent of the view's area)}' assertion on view (view.getTag() is "login-email" and view has effective visibility <VISIBLE>)
11-14 17:19:47.121  3805  3805 I ViewInteraction: Checking 'MatchesViewAssertion(Detox){viewMatcher=(view has effective visibility <VISIBLE> and view.getGlobalVisibleRect() covers at least <75> percent of the view's area)}' assertion on view (view.getTag() is "login-email" and view has effective visibility <VISIBLE>)
11-14 17:19:47.186  3805  3805 I ViewInteraction: Checking 'MatchesViewAssertion(Detox){viewMatcher=(view has effective visibility <VISIBLE> and view.getGlobalVisibleRect() covers at least <75> percent of the view's area)}' assertion on view (view.getTag() is "login-email" and view has effective visibility <VISIBLE>)
11-14 17:19:47.279  3805  3805 I ViewInteraction: Checking 'MatchesViewAssertion(Detox){viewMatcher=(view has effective visibility <VISIBLE> and view.getGlobalVisibleRect() covers at least <75> percent of the view's area)}' assertion on view (view.getTag() is "login-email" and view has effective visibility <VISIBLE>)
11-14 17:19:47.346  3805  3805 I ViewInteraction: Checking 'MatchesViewAssertion(Detox){viewMatcher=(view has effective visibility <VISIBLE> and view.getGlobalVisibleRect() covers at least <75> percent of the view's area)}' assertion on view (view.getTag() is "login-email" and view has effective visibility <VISIBLE>)
11-14 17:19:47.408  3805  3805 I ViewInteraction: Checking 'MatchesViewAssertion(Detox){viewMatcher=(view has effective visibility <VISIBLE> and view.getGlobalVisibleRect() covers at least <75> percent of the view's area)}' assertion on view (view.getTag() is "login-email" and view has effective visibility <VISIBLE>)
11-14 17:19:47.462  3805  3805 I ViewInteraction: Checking 'MatchesViewAssertion(Detox){viewMatcher=(view has effective visibility <VISIBLE> and view.getGlobalVisibleRect() covers at least <75> percent of the view's area)}' assertion on view (view.getTag() is "login-email" and view has effective visibility <VISIBLE>)
11-14 17:19:47.514  3805  3805 I ViewInteraction: Checking 'MatchesViewAssertion(Detox){viewMatcher=(view has effective visibility <VISIBLE> and view.getGlobalVisibleRect() covers at least <75> percent of the view's area)}' assertion on view (view.getTag() is "login-email" and view has effective visibility <VISIBLE>)
11-14 17:19:47.578  3805  3805 I ViewInteraction: Checking 'MatchesViewAssertion(Detox){viewMatcher=(view has effective visibility <VISIBLE> and view.getGlobalVisibleRect() covers at least <75> percent of the view's area)}' assertion on view (view.getTag() is "login-email" and view has effective visibility <VISIBLE>)
11-14 17:19:47.592  3805  3816 I pp.seguritacapp: Background young concurrent copying GC freed 240534(12MB) AllocSpace objects, 53(1900KB) LOS objects, 44% free, 17MB/31MB, paused 10.459ms,98us total 24.588ms
11-14 17:19:47.642  3805  3805 I ViewInteraction: Checking 'MatchesViewAssertion(Detox){viewMatcher=(view has effective visibility <VISIBLE> and view.getGlobalVisibleRect() covers at least <75> percent of the view's area)}' assertion on view (view.getTag() is "login-email" and view has effective visibility <VISIBLE>)
11-14 17:19:47.730  3805  3805 I ViewInteraction: Checking 'MatchesViewAssertion(Detox){viewMatcher=(view has effective visibility <VISIBLE> and view.getGlobalVisibleRect() covers at least <75> percent of the view's area)}' assertion on view (view.getTag() is "login-email" and view has effective visibility <VISIBLE>)
11-14 17:19:47.807  3805  3805 I ViewInteraction: Checking 'MatchesViewAssertion(Detox){viewMatcher=(view has effective visibility <VISIBLE> and view.getGlobalVisibleRect() covers at least <75> percent of the view's area)}' assertion on view (view.getTag() is "login-email" and view has effective visibility <VISIBLE>)
11-14 17:19:47.865  3805  3805 I ViewInteraction: Checking 'MatchesViewAssertion(Detox){viewMatcher=(view has effective visibility <VISIBLE> and view.getGlobalVisibleRect() covers at least <75> percent of the view's area)}' assertion on view (view.getTag() is "login-email" and view has effective visibility <VISIBLE>)
11-14 17:19:47.919  3805  3805 I ViewInteraction: Checking 'MatchesViewAssertion(Detox){viewMatcher=(view has effective visibility <VISIBLE> and view.getGlobalVisibleRect() covers at least <75> percent of the view's area)}' assertion on view (view.getTag() is "login-email" and view has effective visibility <VISIBLE>)
11-14 17:19:47.971  3805  3805 I ViewInteraction: Checking 'MatchesViewAssertion(Detox){viewMatcher=(view has effective visibility <VISIBLE> and view.getGlobalVisibleRect() covers at least <75> percent of the view's area)}' assertion on view (view.getTag() is "login-email" and view has effective visibility <VISIBLE>)
11-14 17:19:48.027  3805  3805 I ViewInteraction: Checking 'MatchesViewAssertion(Detox){viewMatcher=(view has effective visibility <VISIBLE> and view.getGlobalVisibleRect() covers at least <75> percent of the view's area)}' assertion on view (view.getTag() is "login-email" and view has effective visibility <VISIBLE>)
11-14 17:19:48.092  3805  3805 I ViewInteraction: Checking 'MatchesViewAssertion(Detox){viewMatcher=(view has effective visibility <VISIBLE> and view.getGlobalVisibleRect() covers at least <75> percent of the view's area)}' assertion on view (view.getTag() is "login-email" and view has effective visibility <VISIBLE>)
11-14 17:19:48.206  3805  3805 I ViewInteraction: Checking 'MatchesViewAssertion(Detox){viewMatcher=(view has effective visibility <VISIBLE> and view.getGlobalVisibleRect() covers at least <75> percent of the view's area)}' assertion on view (view.getTag() is "login-email" and view has effective visibility <VISIBLE>)
11-14 17:19:48.265  3805  3805 I ViewInteraction: Checking 'MatchesViewAssertion(Detox){viewMatcher=(view has effective visibility <VISIBLE> and view.getGlobalVisibleRect() covers at least <75> percent of the view's area)}' assertion on view (view.getTag() is "login-email" and view has effective visibility <VISIBLE>)
11-14 17:19:48.368  3805  3805 I ViewInteraction: Checking 'MatchesViewAssertion(Detox){viewMatcher=(view has effective visibility <VISIBLE> and view.getGlobalVisibleRect() covers at least <75> percent of the view's area)}' assertion on view (view.getTag() is "login-email" and view has effective visibility <VISIBLE>)
11-14 17:19:48.430  3805  3805 I ViewInteraction: Checking 'MatchesViewAssertion(Detox){viewMatcher=(view has effective visibility <VISIBLE> and view.getGlobalVisibleRect() covers at least <75> percent of the view's area)}' assertion on view (view.getTag() is "login-email" and view has effective visibility <VISIBLE>)
11-14 17:19:48.501  3805  3805 I ViewInteraction: Checking 'MatchesViewAssertion(Detox){viewMatcher=(view has effective visibility <VISIBLE> and view.getGlobalVisibleRect() covers at least <75> percent of the view's area)}' assertion on view (view.getTag() is "login-email" and view has effective visibility <VISIBLE>)
11-14 17:19:48.575  3805  3805 I ViewInteraction: Checking 'MatchesViewAssertion(Detox){viewMatcher=(view has effective visibility <VISIBLE> and view.getGlobalVisibleRect() covers at least <75> percent of the view's area)}' assertion on view (view.getTag() is "login-email" and view has effective visibility <VISIBLE>)
11-14 17:19:48.635  3805  3805 I ViewInteraction: Checking 'MatchesViewAssertion(Detox){viewMatcher=(view has effective visibility <VISIBLE> and view.getGlobalVisibleRect() covers at least <75> percent of the view's area)}' assertion on view (view.getTag() is "login-email" and view has effective visibility <VISIBLE>)
11-14 17:19:48.691  3805  3805 I ViewInteraction: Checking 'MatchesViewAssertion(Detox){viewMatcher=(view has effective visibility <VISIBLE> and view.getGlobalVisibleRect() covers at least <75> percent of the view's area)}' assertion on view (view.getTag() is "login-email" and view has effective visibility <VISIBLE>)
11-14 17:19:48.758  3805  3805 I ViewInteraction: Checking 'MatchesViewAssertion(Detox){viewMatcher=(view has effective visibility <VISIBLE> and view.getGlobalVisibleRect() covers at least <75> percent of the view's area)}' assertion on view (view.getTag() is "login-email" and view has effective visibility <VISIBLE>)
11-14 17:19:48.840  3805  3805 I ViewInteraction: Checking 'MatchesViewAssertion(Detox){viewMatcher=(view has effective visibility <VISIBLE> and view.getGlobalVisibleRect() covers at least <75> percent of the view's area)}' assertion on view (view.getTag() is "login-email" and view has effective visibility <VISIBLE>)
11-14 17:19:48.914  3805  3805 I ViewInteraction: Checking 'MatchesViewAssertion(Detox){viewMatcher=(view has effective visibility <VISIBLE> and view.getGlobalVisibleRect() covers at least <75> percent of the view's area)}' assertion on view (view.getTag() is "login-email" and view has effective visibility <VISIBLE>)
11-14 17:19:48.986  3805  3805 I ViewInteraction: Checking 'MatchesViewAssertion(Detox){viewMatcher=(view has effective visibility <VISIBLE> and view.getGlobalVisibleRect() covers at least <75> percent of the view's area)}' assertion on view (view.getTag() is "login-email" and view has effective visibility <VISIBLE>)
11-14 17:19:49.058  3805  3805 I ViewInteraction: Checking 'MatchesViewAssertion(Detox){viewMatcher=(view has effective visibility <VISIBLE> and view.getGlobalVisibleRect() covers at least <75> percent of the view's area)}' assertion on view (view.getTag() is "login-email" and view has effective visibility <VISIBLE>)
11-14 17:19:49.129  3805  3805 I ViewInteraction: Checking 'MatchesViewAssertion(Detox){viewMatcher=(view has effective visibility <VISIBLE> and view.getGlobalVisibleRect() covers at least <75> percent of the view's area)}' assertion on view (view.getTag() is "login-email" and view has effective visibility <VISIBLE>)
11-14 17:19:49.217  3805  3816 I pp.seguritacapp: Background young concurrent copying GC freed 236698(11MB) AllocSpace objects, 55(1980KB) LOS objects, 42% free, 17MB/31MB, paused 6.227ms,427us total 44.332ms
11-14 17:19:49.226  3805  3805 I ViewInteraction: Checking 'MatchesViewAssertion(Detox){viewMatcher=(view has effective visibility <VISIBLE> and view.getGlobalVisibleRect() covers at least <75> percent of the view's area)}' assertion on view (view.getTag() is "login-email" and view has effective visibility <VISIBLE>)
11-14 17:19:49.289  3805  3805 I ViewInteraction: Checking 'MatchesViewAssertion(Detox){viewMatcher=(view has effective visibility <VISIBLE> and view.getGlobalVisibleRect() covers at least <75> percent of the view's area)}' assertion on view (view.getTag() is "login-email" and view has effective visibility <VISIBLE>)
11-14 17:19:49.354  3805  3805 I ViewInteraction: Checking 'MatchesViewAssertion(Detox){viewMatcher=(view has effective visibility <VISIBLE> and view.getGlobalVisibleRect() covers at least <75> percent of the view's area)}' assertion on view (view.getTag() is "login-email" and view has effective visibility <VISIBLE>)
11-14 17:19:49.408  3805  3805 I ViewInteraction: Checking 'MatchesViewAssertion(Detox){viewMatcher=(view has effective visibility <VISIBLE> and view.getGlobalVisibleRect() covers at least <75> percent of the view's area)}' assertion on view (view.getTag() is "login-email" and view has effective visibility <VISIBLE>)
11-14 17:19:49.459  3805  3805 I ViewInteraction: Checking 'MatchesViewAssertion(Detox){viewMatcher=(view has effective visibility <VISIBLE> and view.getGlobalVisibleRect() covers at least <75> percent of the view's area)}' assertion on view (view.getTag() is "login-email" and view has effective visibility <VISIBLE>)
11-14 17:19:49.519  3805  3805 I ViewInteraction: Checking 'MatchesViewAssertion(Detox){viewMatcher=(view has effective visibility <VISIBLE> and view.getGlobalVisibleRect() covers at least <75> percent of the view's area)}' assertion on view (view.getTag() is "login-email" and view has effective visibility <VISIBLE>)
11-14 17:19:49.578  3805  3805 I ViewInteraction: Checking 'MatchesViewAssertion(Detox){viewMatcher=(view has effective visibility <VISIBLE> and view.getGlobalVisibleRect() covers at least <75> percent of the view's area)}' assertion on view (view.getTag() is "login-email" and view has effective visibility <VISIBLE>)
11-14 17:19:49.641  3805  3805 I ViewInteraction: Checking 'MatchesViewAssertion(Detox){viewMatcher=(view has effective visibility <VISIBLE> and view.getGlobalVisibleRect() covers at least <75> percent of the view's area)}' assertion on view (view.getTag() is "login-email" and view has effective visibility <VISIBLE>)
11-14 17:19:49.703  3805  3805 I ViewInteraction: Checking 'MatchesViewAssertion(Detox){viewMatcher=(view has effective visibility <VISIBLE> and view.getGlobalVisibleRect() covers at least <75> percent of the view's area)}' assertion on view (view.getTag() is "login-email" and view has effective visibility <VISIBLE>)
11-14 17:19:49.768  3805  3805 I ViewInteraction: Checking 'MatchesViewAssertion(Detox){viewMatcher=(view has effective visibility <VISIBLE> and view.getGlobalVisibleRect() covers at least <75> percent of the view's area)}' assertion on view (view.getTag() is "login-email" and view has effective visibility <VISIBLE>)
11-14 17:19:49.851  3805  3805 I ViewInteraction: Checking 'MatchesViewAssertion(Detox){viewMatcher=(view has effective visibility <VISIBLE> and view.getGlobalVisibleRect() covers at least <75> percent of the view's area)}' assertion on view (view.getTag() is "login-email" and view has effective visibility <VISIBLE>)
11-14 17:19:49.923  3805  3816 W pp.seguritacapp: Suspending all threads took: 7.531ms
11-14 17:19:49.948  3805  3805 I ViewInteraction: Checking 'MatchesViewAssertion(Detox){viewMatcher=(view has effective visibility <VISIBLE> and view.getGlobalVisibleRect() covers at least <75> percent of the view's area)}' assertion on view (view.getTag() is "login-email" and view has effective visibility <VISIBLE>)
11-14 17:19:49.949  3805  3816 I pp.seguritacapp: Background young concurrent copying GC freed 229310(11MB) AllocSpace objects, 53(1900KB) LOS objects, 40% free, 18MB/31MB, paused 6.560ms,12.079ms total 65.305ms
11-14 17:19:49.999  3805  4118 D DetoxWSClient: Received action 'currentStatus' (ID #3, params={})
11-14 17:19:50.000  3805  4114 I DetoxDispatcher: Handling action 'currentStatus' (ID #3)...
11-14 17:19:50.023  3805  3805 I ViewInteraction: Checking 'MatchesViewAssertion(Detox){viewMatcher=(view has effective visibility <VISIBLE> and view.getGlobalVisibleRect() covers at least <75> percent of the view's area)}' assertion on view (view.getTag() is "login-email" and view has effective visibility <VISIBLE>)
11-14 17:19:50.026  3805  4114 I DetoxWSClient: Sending out action 'currentStatusResult' (ID #3)
11-14 17:19:50.026  3805  4114 I DetoxDispatcher: Done with action 'currentStatus'
11-14 17:19:50.095  3805  3805 I ViewInteraction: Checking 'MatchesViewAssertion(Detox){viewMatcher=(view has effective visibility <VISIBLE> and view.getGlobalVisibleRect() covers at least <75> percent of the view's area)}' assertion on view (view.getTag() is "login-email" and view has effective visibility <VISIBLE>)
11-14 17:19:50.161  3805  3805 I ViewInteraction: Checking 'MatchesViewAssertion(Detox){viewMatcher=(view has effective visibility <VISIBLE> and view.getGlobalVisibleRect() covers at least <75> percent of the view's area)}' assertion on view (view.getTag() is "login-email" and view has effective visibility <VISIBLE>)
11-14 17:19:50.223  3805  3805 I ViewInteraction: Checking 'MatchesViewAssertion(Detox){viewMatcher=(view has effective visibility <VISIBLE> and view.getGlobalVisibleRect() covers at least <75> percent of the view's area)}' assertion on view (view.getTag() is "login-email" and view has effective visibility <VISIBLE>)
11-14 17:19:50.278  3805  3805 I ViewInteraction: Checking 'MatchesViewAssertion(Detox){viewMatcher=(view has effective visibility <VISIBLE> and view.getGlobalVisibleRect() covers at least <75> percent of the view's area)}' assertion on view (view.getTag() is "login-email" and view has effective visibility <VISIBLE>)
11-14 17:19:50.362  3805  3805 I ViewInteraction: Checking 'MatchesViewAssertion(Detox){viewMatcher=(view has effective visibility <VISIBLE> and view.getGlobalVisibleRect() covers at least <75> percent of the view's area)}' assertion on view (view.getTag() is "login-email" and view has effective visibility <VISIBLE>)
11-14 17:19:50.418  3805  3805 I ViewInteraction: Checking 'MatchesViewAssertion(Detox){viewMatcher=(view has effective visibility <VISIBLE> and view.getGlobalVisibleRect() covers at least <75> percent of the view's area)}' assertion on view (view.getTag() is "login-email" and view has effective visibility <VISIBLE>)
11-14 17:19:50.471  3805  3805 I ViewInteraction: Checking 'MatchesViewAssertion(Detox){viewMatcher=(view has effective visibility <VISIBLE> and view.getGlobalVisibleRect() covers at least <75> percent of the view's area)}' assertion on view (view.getTag() is "login-email" and view has effective visibility <VISIBLE>)
11-14 17:19:50.519  3805  3805 I ViewInteraction: Checking 'MatchesViewAssertion(Detox){viewMatcher=(view has effective visibility <VISIBLE> and view.getGlobalVisibleRect() covers at least <75> percent of the view's area)}' assertion on view (view.getTag() is "login-email" and view has effective visibility <VISIBLE>)
11-14 17:19:50.576  3805  3805 I ViewInteraction: Checking 'MatchesViewAssertion(Detox){viewMatcher=(view has effective visibility <VISIBLE> and view.getGlobalVisibleRect() covers at least <75> percent of the view's area)}' assertion on view (view.getTag() is "login-email" and view has effective visibility <VISIBLE>)
11-14 17:19:50.603  3805  3816 I pp.seguritacapp: Background young concurrent copying GC freed 224064(11MB) AllocSpace objects, 53(1900KB) LOS objects, 43% free, 17MB/31MB, paused 6.032ms,84us total 28.063ms
11-14 17:19:50.635  3805  3805 I ViewInteraction: Checking 'MatchesViewAssertion(Detox){viewMatcher=(view has effective visibility <VISIBLE> and view.getGlobalVisibleRect() covers at least <75> percent of the view's area)}' assertion on view (view.getTag() is "login-email" and view has effective visibility <VISIBLE>)
11-14 17:19:50.681  3805  3805 I ViewInteraction: Checking 'MatchesViewAssertion(Detox){viewMatcher=(view has effective visibility <VISIBLE> and view.getGlobalVisibleRect() covers at least <75> percent of the view's area)}' assertion on view (view.getTag() is "login-email" and view has effective visibility <VISIBLE>)
11-14 17:19:50.726  3805  3805 I ViewInteraction: Checking 'MatchesViewAssertion(Detox){viewMatcher=(view has effective visibility <VISIBLE> and view.getGlobalVisibleRect() covers at least <75> percent of the view's area)}' assertion on view (view.getTag() is "login-email" and view has effective visibility <VISIBLE>)
11-14 17:19:50.775  3805  3805 I ViewInteraction: Checking 'MatchesViewAssertion(Detox){viewMatcher=(view has effective visibility <VISIBLE> and view.getGlobalVisibleRect() covers at least <75> percent of the view's area)}' assertion on view (view.getTag() is "login-email" and view has effective visibility <VISIBLE>)
11-14 17:19:50.824  3805  3805 I ViewInteraction: Checking 'MatchesViewAssertion(Detox){viewMatcher=(view has effective visibility <VISIBLE> and view.getGlobalVisibleRect() covers at least <75> percent of the view's area)}' assertion on view (view.getTag() is "login-email" and view has effective visibility <VISIBLE>)
11-14 17:19:50.877  3805  3805 I ViewInteraction: Checking 'MatchesViewAssertion(Detox){viewMatcher=(view has effective visibility <VISIBLE> and view.getGlobalVisibleRect() covers at least <75> percent of the view's area)}' assertion on view (view.getTag() is "login-email" and view has effective visibility <VISIBLE>)
11-14 17:19:50.928  3805  3805 I ViewInteraction: Checking 'MatchesViewAssertion(Detox){viewMatcher=(view has effective visibility <VISIBLE> and view.getGlobalVisibleRect() covers at least <75> percent of the view's area)}' assertion on view (view.getTag() is "login-email" and view has effective visibility <VISIBLE>)
11-14 17:19:50.975  3805  3805 I ViewInteraction: Checking 'MatchesViewAssertion(Detox){viewMatcher=(view has effective visibility <VISIBLE> and view.getGlobalVisibleRect() covers at least <75> percent of the view's area)}' assertion on view (view.getTag() is "login-email" and view has effective visibility <VISIBLE>)
